======================================
    Pre-Push CI Validation Script     
======================================
--> Step 1: Duplicate Identifier Check in appSlice.ts
✅ No duplicate identifiers.
--> Step 2: Missing Electron Mocks Check
✅ No missing electron mocks.
--> Step 3: Fast Typecheck

> indiios-monorepo@1.59.0 typecheck
> tsc -b packages/shared packages/main packages/renderer

✅ Typecheck passed.
--> Step 4: Running Sharded Tests

> indiios-monorepo@1.59.0 test
> vitest --run --reporter=dot --pool=forks --testTimeout=30000 --bail=3 --shard=3/4


> indiios-monorepo@1.59.0 test
> vitest --run --reporter=dot --pool=forks --testTimeout=30000 --bail=3 --shard=4/4


> indiios-monorepo@1.59.0 test
> vitest --run --reporter=dot --pool=forks --testTimeout=30000 --bail=3 --shard=1/4


> indiios-monorepo@1.59.0 test
> vitest --run --reporter=dot --pool=forks --testTimeout=30000 --bail=3 --shard=2/4



 RUN  v4.1.5 /Volumes/X SSD 2025/Users/narrowchannel/indiiOS-Clean
 RUN  v4.1.5 /Volumes/X SSD 2025/Users/narrowchannel/indiiOS-Clean



 RUN  v4.1.5 /Volumes/X SSD 2025/Users/narrowchannel/indiiOS-Clean


 RUN  v4.1.5 /Volumes/X SSD 2025/Users/narrowchannel/indiiOS-Clean

(node:8775) Warning: `--localstorage-file` was provided without a valid path
(Use `node --trace-warnings ...` to show where the warning was created)
(node:8777) Warning: `--localstorage-file` was provided without a valid path
(Use `node --trace-warnings ...` to show where the warning was created)
(node:8774) Warning: `--localstorage-file` was provided without a valid path
(Use `node --trace-warnings ...` to show where the warning was created)
(node:8753) Warning: `--localstorage-file` was provided without a valid path
(Use `node --trace-warnings ...` to show where the warning was created)
(node:8754) Warning: `--localstorage-file` was provided without a valid path
(Use `node --trace-warnings ...` to show where the warning was created)
(node:8749) Warning: `--localstorage-file` was provided without a valid path
(Use `node --trace-warnings ...` to show where the warning was created)
(node:8764) Warning: `--localstorage-file` was provided without a valid path
(Use `node --trace-warnings ...` to show where the warning was created)
(node:8752) Warning: `--localstorage-file` was provided without a valid path
(Use `node --trace-warnings ...` to show where the warning was created)
(node:8757) Warning: `--localstorage-file` was provided without a valid path
(Use `node --trace-warnings ...` to show where the warning was created)
(node:8773) Warning: `--localstorage-file` was provided without a valid path
(Use `node --trace-warnings ...` to show where the warning was created)
(node:8771) Warning: `--localstorage-file` was provided without a valid path
(Use `node --trace-warnings ...` to show where the warning was created)
(node:8751) Warning: `--localstorage-file` was provided without a valid path
(Use `node --trace-warnings ...` to show where the warning was created)
(node:8763) Warning: `--localstorage-file` was provided without a valid path
(Use `node --trace-warnings ...` to show where the warning was created)
(node:8778) Warning: `--localstorage-file` was provided without a valid path
(Use `node --trace-warnings ...` to show where the warning was created)
(node:8759) Warning: `--localstorage-file` was provided without a valid path
(Use `node --trace-warnings ...` to show where the warning was created)
(node:8756) Warning: `--localstorage-file` was provided without a valid path
(Use `node --trace-warnings ...` to show where the warning was created)
(node:8768) Warning: `--localstorage-file` was provided without a valid path
(Use `node --trace-warnings ...` to show where the warning was created)
(node:8770) Warning: `--localstorage-file` was provided without a valid path
(Use `node --trace-warnings ...` to show where the warning was created)
(node:8776) Warning: `--localstorage-file` was provided without a valid path
(Use `node --trace-warnings ...` to show where the warning was created)
(node:8755) Warning: `--localstorage-file` was provided without a valid path
(Use `node --trace-warnings ...` to show where the warning was created)
(node:8769) Warning: `--localstorage-file` was provided without a valid path
(Use `node --trace-warnings ...` to show where the warning was created)
(node:8788) Warning: `--localstorage-file` was provided without a valid path
(Use `node --trace-warnings ...` to show where the warning was created)
(node:8767) Warning: `--localstorage-file` was provided without a valid path
(Use `node --trace-warnings ...` to show where the warning was created)
(node:8762) Warning: `--localstorage-file` was provided without a valid path
(Use `node --trace-warnings ...` to show where the warning was created)
(node:8761) Warning: `--localstorage-file` was provided without a valid path
(Use `node --trace-warnings ...` to show where the warning was created)
(node:8760) Warning: `--localstorage-file` was provided without a valid path
(Use `node --trace-warnings ...` to show where the warning was created)
(node:8758) Warning: `--localstorage-file` was provided without a valid path
(Use `node --trace-warnings ...` to show where the warning was created)
(node:8772) Warning: `--localstorage-file` was provided without a valid path
(Use `node --trace-warnings ...` to show where the warning was created)
(node:8780) Warning: `--localstorage-file` was provided without a valid path
(Use `node --trace-warnings ...` to show where the warning was created)
(node:8779) Warning: `--localstorage-file` was provided without a valid path
(Use `node --trace-warnings ...` to show where the warning was created)
(node:8750) Warning: `--localstorage-file` was provided without a valid path
(Use `node --trace-warnings ...` to show where the warning was created)
(node:8765) Warning: `--localstorage-file` was provided without a valid path
(Use `node --trace-warnings ...` to show where the warning was created)
(node:8747) Warning: `--localstorage-file` was provided without a valid path
(Use `node --trace-warnings ...` to show where the warning was created)
(node:8766) Warning: `--localstorage-file` was provided without a valid path
(Use `node --trace-warnings ...` to show where the warning was created)
(node:8787) Warning: `--localstorage-file` was provided without a valid path
(Use `node --trace-warnings ...` to show where the warning was created)
(node:8748) Warning: `--localstorage-file` was provided without a valid path
(Use `node --trace-warnings ...` to show where the warning was created)
stdout | packages/main/src/services/BrowserAgentService.test.ts > BrowserAgentService > startSession > should initialize a browser window with correct settings
[BrowserAgent] Starting Native/Electron session...
[BrowserAgent] Session started with isolated partition.

stdout | packages/main/src/services/BrowserAgentService.test.ts > BrowserAgentService > startSession > should not initialize multiple times
[BrowserAgent] Starting Native/Electron session...
[BrowserAgent] Session started with isolated partition.

stdout | packages/main/src/services/BrowserAgentService.test.ts > BrowserAgentService > startSession > should handle start session errors gracefully
[BrowserAgent] Starting Native/Electron session...

stderr | packages/main/src/services/BrowserAgentService.test.ts > BrowserAgentService > startSession > should handle start session errors gracefully
[BrowserAgent] Failed to start session: Error: Partition error
    at Object.<anonymous> (/Volumes/X SSD 2025/Users/narrowchannel/indiiOS-Clean/packages/main/src/services/BrowserAgentService.test.ts:71:23)
    at Object.Mock [as fromPartition] (file:///Volumes/X%20SSD%202025/Users/narrowchannel/indiiOS-Clean/node_modules/@vitest/spy/dist/index.js:332:34)
    at BrowserAgentService.startSession (/Volumes/X SSD 2025/Users/narrowchannel/indiiOS-Clean/packages/main/src/services/BrowserAgentService.ts:29:33)
    at /Volumes/X SSD 2025/Users/narrowchannel/indiiOS-Clean/packages/main/src/services/BrowserAgentService.test.ts:73:34
    at file:///Volumes/X%20SSD%202025/Users/narrowchannel/indiiOS-Clean/node_modules/@vitest/runner/dist/chunk-artifact.js:302:11
    at file:///Volumes/X%20SSD%202025/Users/narrowchannel/indiiOS-Clean/node_modules/@vitest/runner/dist/chunk-artifact.js:1903:26
    at file:///Volumes/X%20SSD%202025/Users/narrowchannel/indiiOS-Clean/node_modules/@vitest/runner/dist/chunk-artifact.js:2326:20
    at new Promise (<anonymous>)
    at runWithCancel (file:///Volumes/X%20SSD%202025/Users/narrowchannel/indiiOS-Clean/node_modules/@vitest/runner/dist/chunk-artifact.js:2323:10)
    at file:///Volumes/X%20SSD%202025/Users/narrowchannel/indiiOS-Clean/node_modules/@vitest/runner/dist/chunk-artifact.js:2305:20

stdout | packages/main/src/services/BrowserAgentService.test.ts > BrowserAgentService > with active session > should navigate to URL successfully
[BrowserAgent] Starting Native/Electron session...
[BrowserAgent] Session started with isolated partition.

stdout | packages/main/src/services/BrowserAgentService.test.ts > BrowserAgentService > with active session > should navigate to URL successfully
[BrowserAgent] Navigating to: http://example.com

stdout | packages/main/src/services/BrowserAgentService.test.ts > BrowserAgentService > with active session > should navigate to URL successfully
[BrowserAgent] Closing session...

stdout | packages/main/src/services/BrowserAgentService.test.ts > BrowserAgentService > with active session > should handle navigation failure
[BrowserAgent] Starting Native/Electron session...
[BrowserAgent] Session started with isolated partition.

stdout | packages/main/src/services/BrowserAgentService.test.ts > BrowserAgentService > with active session > should handle navigation failure
[BrowserAgent] Navigating to: http://example.com

stdout | packages/main/src/services/BrowserAgentService.test.ts > BrowserAgentService > with active session > should handle navigation failure
[BrowserAgent] Closing session...

stdout | packages/main/src/services/BrowserAgentService.test.ts > BrowserAgentService > with active session > should capture snapshot
[BrowserAgent] Starting Native/Electron session...
[BrowserAgent] Session started with isolated partition.

stdout | packages/main/src/services/BrowserAgentService.test.ts > BrowserAgentService > with active session > should capture snapshot
[BrowserAgent] Closing session...

stdout | packages/main/src/services/BrowserAgentService.test.ts > BrowserAgentService > with active session > should handle capture snapshot javascript execution error
[BrowserAgent] Starting Native/Electron session...
[BrowserAgent] Session started with isolated partition.

stdout | packages/main/src/services/BrowserAgentService.test.ts > BrowserAgentService > with active session > should handle capture snapshot javascript execution error
[BrowserAgent] Closing session...

stdout | packages/main/src/services/BrowserAgentService.test.ts > BrowserAgentService > performAction > should execute click action
[BrowserAgent] Starting Native/Electron session...
[BrowserAgent] Session started with isolated partition.

stdout | packages/main/src/services/BrowserAgentService.test.ts > BrowserAgentService > performAction > should execute click action
[BrowserAgent] Closing session...

stdout | packages/main/src/services/BrowserAgentService.test.ts > BrowserAgentService > performAction > should execute type action
[BrowserAgent] Starting Native/Electron session...
[BrowserAgent] Session started with isolated partition.

stdout | packages/main/src/services/BrowserAgentService.test.ts > BrowserAgentService > performAction > should execute type action
[BrowserAgent] Closing session...

stdout | packages/main/src/services/BrowserAgentService.test.ts > BrowserAgentService > performAction > should return error if text missing for type action
[BrowserAgent] Starting Native/Electron session...
[BrowserAgent] Session started with isolated partition.

stdout | packages/main/src/services/BrowserAgentService.test.ts > BrowserAgentService > performAction > should return error if text missing for type action
[BrowserAgent] Closing session...

stdout | packages/main/src/services/BrowserAgentService.test.ts > BrowserAgentService > performAction > should execute press action
[BrowserAgent] Starting Native/Electron session...
[BrowserAgent] Session started with isolated partition.

stdout | packages/main/src/services/BrowserAgentService.test.ts > BrowserAgentService > performAction > should execute press action
[BrowserAgent] Closing session...

stdout | packages/main/src/services/BrowserAgentService.test.ts > BrowserAgentService > performAction > should execute press action with subsequent typing
[BrowserAgent] Starting Native/Electron session...
[BrowserAgent] Session started with isolated partition.

stdout | packages/main/src/services/BrowserAgentService.test.ts > BrowserAgentService > performAction > should execute press action with subsequent typing
[BrowserAgent] Closing session...

stdout | packages/main/src/services/BrowserAgentService.test.ts > BrowserAgentService > performAction > should execute scroll action default
[BrowserAgent] Starting Native/Electron session...
[BrowserAgent] Session started with isolated partition.

stdout | packages/main/src/services/BrowserAgentService.test.ts > BrowserAgentService > performAction > should execute scroll action default
[BrowserAgent] Closing session...

stdout | packages/main/src/services/BrowserAgentService.test.ts > BrowserAgentService > performAction > should execute scroll action specific (up)
[BrowserAgent] Starting Native/Electron session...
[BrowserAgent] Session started with isolated partition.

stdout | packages/main/src/services/BrowserAgentService.test.ts > BrowserAgentService > performAction > should execute scroll action specific (up)
[BrowserAgent] Closing session...

stdout | packages/main/src/services/BrowserAgentService.test.ts > BrowserAgentService > performAction > should execute scroll action specific (down)
[BrowserAgent] Starting Native/Electron session...
[BrowserAgent] Session started with isolated partition.

stdout | packages/main/src/services/BrowserAgentService.test.ts > BrowserAgentService > performAction > should execute scroll action specific (down)
[BrowserAgent] Closing session...

stdout | packages/main/src/services/BrowserAgentService.test.ts > BrowserAgentService > performAction > should execute scroll action top
[BrowserAgent] Starting Native/Electron session...
[BrowserAgent] Session started with isolated partition.

stdout | packages/main/src/services/BrowserAgentService.test.ts > BrowserAgentService > performAction > should execute scroll action top
[BrowserAgent] Closing session...

stdout | packages/main/src/services/BrowserAgentService.test.ts > BrowserAgentService > performAction > should execute scroll action bottom
[BrowserAgent] Starting Native/Electron session...
[BrowserAgent] Session started with isolated partition.

stdout | packages/main/src/services/BrowserAgentService.test.ts > BrowserAgentService > performAction > should execute scroll action bottom
[BrowserAgent] Closing session...

stdout | packages/main/src/services/BrowserAgentService.test.ts > BrowserAgentService > performAction > should execute wait action default
[BrowserAgent] Starting Native/Electron session...
[BrowserAgent] Session started with isolated partition.

································stdout | packages/renderer/src/services/image/EditingService.test.ts > EditingService > editImage > should return an image result from the Direct SDK pipeline
[EditingService] editImage called — using Direct SDK path {
  hasMask: false,
  hasReference: false,
  model: undefined,
  useSemanticMap: false
}

stdout | packages/renderer/src/services/image/EditingService.test.ts > EditingService > editImage > should propagate thought signatures from direct SDK
[EditingService] editImage called — using Direct SDK path {
  hasMask: false,
  hasReference: false,
  model: undefined,
  useSemanticMap: false
}

stdout | packages/renderer/src/services/image/EditingService.test.ts > EditingService > editImage > should return null when direct SDK returns null
[EditingService] editImage called — using Direct SDK path {
  hasMask: false,
  hasReference: false,
  model: undefined,
  useSemanticMap: false
}

stdout | packages/renderer/src/services/image/EditingService.test.ts > EditingService > editImage > should pass forceHighFidelity to direct SDK
[EditingService] editImage called — using Direct SDK path {
  hasMask: false,
  hasReference: false,
  model: undefined,
  useSemanticMap: false
}

stdout | packages/renderer/src/services/image/EditingService.test.ts > EditingService > editImage > should pass mask data to direct SDK when provided
[EditingService] editImage called — using Direct SDK path {
  hasMask: true,
  hasReference: false,
  model: undefined,
  useSemanticMap: false
}

stdout | packages/renderer/src/services/image/EditingService.test.ts > EditingService > batchEdit > should process multiple images and track progress
[EditingService] editImage called — using Direct SDK path {
  hasMask: false,
  hasReference: false,
  model: undefined,
  useSemanticMap: false
}

stdout | packages/renderer/src/services/image/EditingService.test.ts > EditingService > batchEdit > should process multiple images and track progress
[EditingService] editImage called — using Direct SDK path {
  hasMask: false,
  hasReference: false,
  model: undefined,
  useSemanticMap: false
}

stdout | packages/renderer/src/services/image/EditingService.test.ts > EditingService > batchEdit > should capture failures individually without stopping batch
[EditingService] editImage called — using Direct SDK path {
  hasMask: false,
  hasReference: false,
  model: undefined,
  useSemanticMap: false
}

stdout | packages/renderer/src/services/image/EditingService.test.ts > EditingService > batchEdit > should capture failures individually without stopping batch
[EditingService] editImage called — using Direct SDK path {
  hasMask: false,
  hasReference: false,
  model: undefined,
  useSemanticMap: false
}

stdout | packages/renderer/src/services/image/EditingService.test.ts > EditingService > withRetry > should retry on resource-exhausted errors
[EditingService] editImage called — using Direct SDK path {
  hasMask: false,
  hasReference: false,
  model: undefined,
  useSemanticMap: false
}

·······stdout | packages/main/src/services/BrowserAgentService.test.ts > BrowserAgentService > performAction > should execute wait action default
[BrowserAgent] Closing session...

stdout | packages/main/src/services/BrowserAgentService.test.ts > BrowserAgentService > performAction > should execute wait action specific
[BrowserAgent] Starting Native/Electron session...
[BrowserAgent] Session started with isolated partition.

stdout | packages/main/src/services/BrowserAgentService.test.ts > BrowserAgentService > performAction > should execute wait action specific
[BrowserAgent] Closing session...

stdout | packages/main/src/services/BrowserAgentService.test.ts > BrowserAgentService > performAction > should return error for unsupported action
[BrowserAgent] Starting Native/Electron session...
[BrowserAgent] Session started with isolated partition.

stdout | packages/main/src/services/BrowserAgentService.test.ts > BrowserAgentService > performAction > should return error for unsupported action
[BrowserAgent] Closing session...

stdout | packages/main/src/services/BrowserAgentService.test.ts > BrowserAgentService > performAction > should handle action execution errors
[BrowserAgent] Starting Native/Electron session...
[BrowserAgent] Session started with isolated partition.

stdout | packages/main/src/services/BrowserAgentService.test.ts > BrowserAgentService > performAction > should handle action execution errors
[BrowserAgent] Closing session...

stdout | packages/main/src/services/BrowserAgentService.test.ts > BrowserAgentService > closeSession > should safely close the session
[BrowserAgent] Starting Native/Electron session...
[BrowserAgent] Session started with isolated partition.

stdout | packages/main/src/services/BrowserAgentService.test.ts > BrowserAgentService > closeSession > should safely close the session
[BrowserAgent] Closing session...

········stderr | packages/renderer/src/services/image/EditingService.test.ts > EditingService > editVideo > should return deprecation error
[EditingService] editVideo is deprecated - Gemini cannot edit videos. Use VideoGenerationService instead.

·················stderr | packages/renderer/src/modules/merchandise/components/AIGenerationDialog.test.tsx > AIGenerationDialog > handles QuotaExceededError correctly
AI generation error: QuotaExceededError: Quota exceeded: images. Upgrade to Pro
    at /Volumes/X SSD 2025/Users/narrowchannel/indiiOS-Clean/packages/renderer/src/modules/merchandise/components/AIGenerationDialog.test.tsx:89:23
    at file:///Volumes/X%20SSD%202025/Users/narrowchannel/indiiOS-Clean/node_modules/@vitest/runner/dist/chunk-artifact.js:302:11
    at file:///Volumes/X%20SSD%202025/Users/narrowchannel/indiiOS-Clean/node_modules/@vitest/runner/dist/chunk-artifact.js:1903:26
    at file:///Volumes/X%20SSD%202025/Users/narrowchannel/indiiOS-Clean/node_modules/@vitest/runner/dist/chunk-artifact.js:2326:20
    at new Promise (<anonymous>)
    at runWithCancel (file:///Volumes/X%20SSD%202025/Users/narrowchannel/indiiOS-Clean/node_modules/@vitest/runner/dist/chunk-artifact.js:2323:10)
    at file:///Volumes/X%20SSD%202025/Users/narrowchannel/indiiOS-Clean/node_modules/@vitest/runner/dist/chunk-artifact.js:2305:20
    at new Promise (<anonymous>)
    at runWithTimeout (file:///Volumes/X%20SSD%202025/Users/narrowchannel/indiiOS-Clean/node_modules/@vitest/runner/dist/chunk-artifact.js:2272:10)
    at file:///Volumes/X%20SSD%202025/Users/narrowchannel/indiiOS-Clean/node_modules/@vitest/runner/dist/chunk-artifact.js:2955:64 {
  code: 'QUOTA_EXCEEDED',
  details: {
    context: {
      limitType: 'images',
      currentTier: 'free',
      currentUsage: 5,
      maxAllowed: 5
    }
  },
  limitType: 'images',
  upgradeMessage: 'Upgrade to Pro',
  currentTier: 'free',
  currentUsage: 5,
  maxAllowed: 5
}

·········stderr | packages/renderer/src/services/agent/AgentService.security.test.ts
[MemoryBank] MEM0_API_KEY is not set in environment.

stderr | packages/renderer/src/services/agent/AgentArchitecture.test.ts
[MemoryBank] MEM0_API_KEY is not set in environment.

stderr | packages/renderer/src/services/agent/AgentIntegration.test.ts
[MemoryBank] MEM0_API_KEY is not set in environment.

···stderr | packages/renderer/src/modules/merchandise/components/AIGenerationDialog.test.tsx > AIGenerationDialog > handles generic errors correctly
AI generation error: Error: Network error
    at /Volumes/X SSD 2025/Users/narrowchannel/indiiOS-Clean/packages/renderer/src/modules/merchandise/components/AIGenerationDialog.test.tsx:114:85
    at file:///Volumes/X%20SSD%202025/Users/narrowchannel/indiiOS-Clean/node_modules/@vitest/runner/dist/chunk-artifact.js:302:11
    at file:///Volumes/X%20SSD%202025/Users/narrowchannel/indiiOS-Clean/node_modules/@vitest/runner/dist/chunk-artifact.js:1903:26
    at file:///Volumes/X%20SSD%202025/Users/narrowchannel/indiiOS-Clean/node_modules/@vitest/runner/dist/chunk-artifact.js:2326:20
    at new Promise (<anonymous>)
    at runWithCancel (file:///Volumes/X%20SSD%202025/Users/narrowchannel/indiiOS-Clean/node_modules/@vitest/runner/dist/chunk-artifact.js:2323:10)
    at file:///Volumes/X%20SSD%202025/Users/narrowchannel/indiiOS-Clean/node_modules/@vitest/runner/dist/chunk-artifact.js:2305:20
    at new Promise (<anonymous>)
    at runWithTimeout (file:///Volumes/X%20SSD%202025/Users/narrowchannel/indiiOS-Clean/node_modules/@vitest/runner/dist/chunk-artifact.js:2272:10)
    at file:///Volumes/X%20SSD%202025/Users/narrowchannel/indiiOS-Clean/node_modules/@vitest/runner/dist/chunk-artifact.js:2955:64

······stderr | packages/renderer/src/components/kokonutui/file-upload.test.tsx > FileUpload > displays progress bar with role="progressbar" during upload
Warning: An update to FileUpload inside a test was not wrapped in act(...).

When testing, code that causes React state updates should be wrapped into act(...):

act(() => {
  /* fire events that update state */
});
/* assert on the output */

This ensures that you're testing the behavior the user would see in the browser. Learn more at https://reactjs.org/link/wrap-tests-with-act
    at FileUpload (/Volumes/X SSD 2025/Users/narrowchannel/indiiOS-Clean/packages/renderer/src/components/kokonutui/file-upload.tsx:428:3)

·····stdout | packages/renderer/src/services/ai/__tests__/ChaosVerification.test.ts > ChaosVerification > FirebaseAIService Race Conditions > should NOT coalesce requests with different multimodal data
[FirebaseAIService] App Check Debug: { DEV: true, debugToken: undefined, key: undefined }
[FirebaseAIService] Fallback Mode Initialization: {
  foundKey: true,
  source: 'env.VITE_API_KEY',
  keyPrefix: 'AIzaSyDa...'
}
[FirebaseAIService] Initialized with direct Gemini SDK (fallback mode)
[FirebaseAIService] App Check Debug: { DEV: true, debugToken: undefined, key: undefined }
[FirebaseAIService] Fallback Mode Initialization: {
  foundKey: true,
  source: 'env.VITE_API_KEY',
  keyPrefix: 'AIzaSyDa...'
}
[FirebaseAIService] Initialized with direct Gemini SDK (fallback mode)

stderr | packages/renderer/src/services/ai/__tests__/ChaosVerification.test.ts > ChaosVerification > FirebaseAIService Race Conditions > should NOT coalesce requests with different multimodal data
[FirebaseAIService] DEV mode detected without Debug Token. Disabling App Check.
[FirebaseAIService] App Check not configured, using direct Gemini SDK fallback
[FirebaseAIService] DEV mode detected without Debug Token. Disabling App Check.
[FirebaseAIService] App Check not configured, using direct Gemini SDK fallback

stdout | packages/renderer/src/services/ai/__tests__/ChaosVerification.test.ts > ChaosVerification > FirebaseAIService Race Conditions > should NOT coalesce requests with different multimodal data
[FallbackClient] Model "gemini-3-flash-preview" is not available on the Developer API. Using fallback model "gemini-2.5-flash" instead.
[FallbackClient] Model "gemini-3-flash-preview" is not available on the Developer API. Using fallback model "gemini-2.5-flash" instead.

···stderr | packages/renderer/src/core/components/CommandBar.a11y.test.tsx > CommandBar Accessibility > should have no accessibility violations in default state
Warning: Received `false` for a non-boolean attribute `initial`.

If you want to write it to the DOM, pass a string instead: initial="false" or initial={value.toString()}.

If you used to conditionally omit it with initial={condition && value}, pass initial={condition ? value : undefined} instead.
    at div
    at /Volumes/X SSD 2025/Users/narrowchannel/indiiOS-Clean/packages/renderer/src/core/components/CommandBar.a11y.test.tsx:62:48
    at AnimatePresence (/Volumes/X SSD 2025/Users/narrowchannel/indiiOS-Clean/packages/renderer/src/core/components/CommandBar.a11y.test.tsx:68:23)
    at CommandBar (/Volumes/X SSD 2025/Users/narrowchannel/indiiOS-Clean/packages/renderer/src/core/components/CommandBar.tsx:34:41)
Warning: Received `true` for a non-boolean attribute `drag`.

If you want to write it to the DOM, pass a string instead: drag="true" or drag={value.toString()}.
    at div
    at /Volumes/X SSD 2025/Users/narrowchannel/indiiOS-Clean/packages/renderer/src/core/components/CommandBar.a11y.test.tsx:62:48
    at AnimatePresence (/Volumes/X SSD 2025/Users/narrowchannel/indiiOS-Clean/packages/renderer/src/core/components/CommandBar.a11y.test.tsx:68:23)
    at CommandBar (/Volumes/X SSD 2025/Users/narrowchannel/indiiOS-Clean/packages/renderer/src/core/components/CommandBar.tsx:34:41)
Warning: React does not recognize the `dragMomentum` prop on a DOM element. If you intentionally want it to appear in the DOM as a custom attribute, spell it as lowercase `dragmomentum` instead. If you accidentally passed it from a parent component, remove it from the DOM element.
    at div
    at /Volumes/X SSD 2025/Users/narrowchannel/indiiOS-Clean/packages/renderer/src/core/components/CommandBar.a11y.test.tsx:62:48
    at AnimatePresence (/Volumes/X SSD 2025/Users/narrowchannel/indiiOS-Clean/packages/renderer/src/core/components/CommandBar.a11y.test.tsx:68:23)
    at CommandBar (/Volumes/X SSD 2025/Users/narrowchannel/indiiOS-Clean/packages/renderer/src/core/components/CommandBar.tsx:34:41)
Warning: React does not recognize the `dragElastic` prop on a DOM element. If you intentionally want it to appear in the DOM as a custom attribute, spell it as lowercase `dragelastic` instead. If you accidentally passed it from a parent component, remove it from the DOM element.
    at div
    at /Volumes/X SSD 2025/Users/narrowchannel/indiiOS-Clean/packages/renderer/src/core/components/CommandBar.a11y.test.tsx:62:48
    at AnimatePresence (/Volumes/X SSD 2025/Users/narrowchannel/indiiOS-Clean/packages/renderer/src/core/components/CommandBar.a11y.test.tsx:68:23)
    at CommandBar (/Volumes/X SSD 2025/Users/narrowchannel/indiiOS-Clean/packages/renderer/src/core/components/CommandBar.tsx:34:41)
Warning: React does not recognize the `dragConstraints` prop on a DOM element. If you intentionally want it to appear in the DOM as a custom attribute, spell it as lowercase `dragconstraints` instead. If you accidentally passed it from a parent component, remove it from the DOM element.
    at div
    at /Volumes/X SSD 2025/Users/narrowchannel/indiiOS-Clean/packages/renderer/src/core/components/CommandBar.a11y.test.tsx:62:48
    at AnimatePresence (/Volumes/X SSD 2025/Users/narrowchannel/indiiOS-Clean/packages/renderer/src/core/components/CommandBar.a11y.test.tsx:68:23)
    at CommandBar (/Volumes/X SSD 2025/Users/narrowchannel/indiiOS-Clean/packages/renderer/src/core/components/CommandBar.tsx:34:41)

······stdout | packages/renderer/src/core/components/MobileNav.a11y.test.tsx
[DistributorService] Registered adapter: DistroKid
[DistributorService] Registered adapter: TuneCore
[DistributorService] Registered adapter: CDBaby
[DistributorService] Registered adapter: Symphonic

stdout | packages/renderer/src/core/components/MobileNav.responsive.test.tsx
[DistributorService] Registered adapter: DistroKid
[DistributorService] Registered adapter: TuneCore
[DistributorService] Registered adapter: CDBaby
[DistributorService] Registered adapter: Symphonic

·········stderr | packages/renderer/src/core/components/Sidebar.test.tsx > Sidebar > renders Brand Manager in the Manager section
Warning: An update to ProjectList inside a test was not wrapped in act(...).

When testing, code that causes React state updates should be wrapped into act(...):

act(() => {
  /* fire events that update state */
});
/* assert on the output */

This ensures that you're testing the behavior the user would see in the browser. Learn more at https://reactjs.org/link/wrap-tests-with-act
    at ProjectList (/Volumes/X SSD 2025/Users/narrowchannel/indiiOS-Clean/packages/renderer/src/core/components/sidebar/ProjectList.tsx:12:24)
    at div
    at nav
    at MotionDOMComponent (file:///Volumes/X%20SSD%202025/Users/narrowchannel/indiiOS-Clean/node_modules/framer-motion/dist/es/motion/index.mjs:45:16)
    at Sidebar (/Volumes/X SSD 2025/Users/narrowchannel/indiiOS-Clean/packages/renderer/src/core/components/Sidebar.tsx:162:66)
Warning: An update to ProjectList inside a test was not wrapped in act(...).

When testing, code that causes React state updates should be wrapped into act(...):

act(() => {
  /* fire events that update state */
});
/* assert on the output */

This ensures that you're testing the behavior the user would see in the browser. Learn more at https://reactjs.org/link/wrap-tests-with-act
    at ProjectList (/Volumes/X SSD 2025/Users/narrowchannel/indiiOS-Clean/packages/renderer/src/core/components/sidebar/ProjectList.tsx:12:24)
    at div
    at nav
    at MotionDOMComponent (file:///Volumes/X%20SSD%202025/Users/narrowchannel/indiiOS-Clean/node_modules/framer-motion/dist/es/motion/index.mjs:45:16)
    at Sidebar (/Volumes/X SSD 2025/Users/narrowchannel/indiiOS-Clean/packages/renderer/src/core/components/Sidebar.tsx:162:66)

···stderr | packages/renderer/src/services/ai/__tests__/ChaosVerification.test.ts > ChaosVerification > FirebaseAIService Race Conditions > should handle AI Generation Timeout via AbortSignal
[CircuitBreaker] Failure 1/5 in CLOSED state. Error: AI Request timed out

·stderr | packages/renderer/src/services/ai/__tests__/ChaosVerification.test.ts > ChaosVerification > FirebaseAIService Race Conditions > should succeed after retry for transient 503 errors
[FirebaseAIService] Transient error, retrying in 1191ms... (Attempt 1/3)

··stderr | packages/renderer/src/core/components/Sidebar.test.tsx > Sidebar > Brand Manager button is clickable
Warning: An update to ProjectList inside a test was not wrapped in act(...).

When testing, code that causes React state updates should be wrapped into act(...):

act(() => {
  /* fire events that update state */
});
/* assert on the output */

This ensures that you're testing the behavior the user would see in the browser. Learn more at https://reactjs.org/link/wrap-tests-with-act
    at ProjectList (/Volumes/X SSD 2025/Users/narrowchannel/indiiOS-Clean/packages/renderer/src/core/components/sidebar/ProjectList.tsx:12:24)
    at div
    at nav
    at MotionDOMComponent (file:///Volumes/X%20SSD%202025/Users/narrowchannel/indiiOS-Clean/node_modules/framer-motion/dist/es/motion/index.mjs:45:16)
    at Sidebar (/Volumes/X SSD 2025/Users/narrowchannel/indiiOS-Clean/packages/renderer/src/core/components/Sidebar.tsx:162:66)
Warning: An update to ProjectList inside a test was not wrapped in act(...).

When testing, code that causes React state updates should be wrapped into act(...):

act(() => {
  /* fire events that update state */
});
/* assert on the output */

This ensures that you're testing the behavior the user would see in the browser. Learn more at https://reactjs.org/link/wrap-tests-with-act
    at ProjectList (/Volumes/X SSD 2025/Users/narrowchannel/indiiOS-Clean/packages/renderer/src/core/components/sidebar/ProjectList.tsx:12:24)
    at div
    at nav
    at MotionDOMComponent (file:///Volumes/X%20SSD%202025/Users/narrowchannel/indiiOS-Clean/node_modules/framer-motion/dist/es/motion/index.mjs:45:16)
    at Sidebar (/Volumes/X SSD 2025/Users/narrowchannel/indiiOS-Clean/packages/renderer/src/core/components/Sidebar.tsx:162:66)

·······stderr | packages/renderer/src/core/components/Sidebar.test.tsx > Sidebar > provides accessible labels when sidebar is collapsed
Warning: An update to ProjectList inside a test was not wrapped in act(...).

When testing, code that causes React state updates should be wrapped into act(...):

act(() => {
  /* fire events that update state */
});
/* assert on the output */

This ensures that you're testing the behavior the user would see in the browser. Learn more at https://reactjs.org/link/wrap-tests-with-act
    at ProjectList (/Volumes/X SSD 2025/Users/narrowchannel/indiiOS-Clean/packages/renderer/src/core/components/sidebar/ProjectList.tsx:12:24)
    at div
    at nav
    at MotionDOMComponent (file:///Volumes/X%20SSD%202025/Users/narrowchannel/indiiOS-Clean/node_modules/framer-motion/dist/es/motion/index.mjs:45:16)
    at Sidebar (/Volumes/X SSD 2025/Users/narrowchannel/indiiOS-Clean/packages/renderer/src/core/components/Sidebar.tsx:162:66)
Warning: An update to ProjectList inside a test was not wrapped in act(...).

When testing, code that causes React state updates should be wrapped into act(...):

act(() => {
  /* fire events that update state */
});
/* assert on the output */

This ensures that you're testing the behavior the user would see in the browser. Learn more at https://reactjs.org/link/wrap-tests-with-act
    at ProjectList (/Volumes/X SSD 2025/Users/narrowchannel/indiiOS-Clean/packages/renderer/src/core/components/sidebar/ProjectList.tsx:12:24)
    at div
    at nav
    at MotionDOMComponent (file:///Volumes/X%20SSD%202025/Users/narrowchannel/indiiOS-Clean/node_modules/framer-motion/dist/es/motion/index.mjs:45:16)
    at Sidebar (/Volumes/X SSD 2025/Users/narrowchannel/indiiOS-Clean/packages/renderer/src/core/components/Sidebar.tsx:162:66)

·stdout | packages/renderer/src/services/ai/__tests__/ChaosVerification.test.ts > ChaosVerification > FirebaseAIService Race Conditions > should succeed after retry for transient 503 errors
[FallbackClient] Model "gemini-3-flash-preview" is not available on the Developer API. Using fallback model "gemini-2.5-flash" instead.

stderr | packages/renderer/src/services/ai/__tests__/ChaosVerification.test.ts > ChaosVerification > FirebaseAIService Race Conditions > should succeed after retry for transient 503 errors
[FallbackClient] generateContent FAILED: {
  model: 'gemini-2.5-flash',
  rawMessage: '{"error":{"code":400,"message":"Unable to process input image. Please retry or report in https://developers.generativeai.google/guide/troubleshooting","status":"INVALID_ARGUMENT"}}',
  status: 400,
  code: undefined,
  stack: 'ApiError: {"error":{"code":400,"message":"Unable to process input image. Please retry or report in https://developers.generativeai.google/guide/troubleshooting","status":"INVALID_ARGUMENT"}}\n' +
    '    at throwErrorIfNotOK (file:///Volumes/X%20SSD%202025/Users/narrowchannel/indiiOS-Clean/node_modules/@google/genai/dist/node/index.mjs:13393:30)\n' +
    '    at processTicksAndRejections (node:internal/process/task_queues:104:5)'
}

stderr | packages/renderer/src/services/ai/__tests__/ChaosVerification.test.ts > ChaosVerification > FirebaseAIService Race Conditions > should succeed after retry for transient 503 errors
[CircuitBreaker] Non-recoverable error bypassing breaker (AppException(INTERNAL_ERROR, retryable=false)): AI Bad Request — invalid model or request configuration. {"error":{"code":400,"message":"Unable to process input image. Please retry or report in https://developers.generativeai.google/guide/troubleshooting","status":"INVALID_ARGUMENT"}}

stdout | packages/renderer/src/services/ai/__tests__/ChaosVerification.test.ts > ChaosVerification > FirebaseAIService Race Conditions > should succeed after retry for transient 503 errors
[FallbackClient] Model "gemini-3-flash-preview" is not available on the Developer API. Using fallback model "gemini-2.5-flash" instead.

stderr | packages/renderer/src/services/ai/__tests__/ChaosVerification.test.ts > ChaosVerification > FirebaseAIService Race Conditions > should succeed after retry for transient 503 errors
[FallbackClient] generateContent FAILED: {
  model: 'gemini-2.5-flash',
  rawMessage: '{"error":{"code":400,"message":"Unable to process input image. Please retry or report in https://developers.generativeai.google/guide/troubleshooting","status":"INVALID_ARGUMENT"}}',
  status: 400,
  code: undefined,
  stack: 'ApiError: {"error":{"code":400,"message":"Unable to process input image. Please retry or report in https://developers.generativeai.google/guide/troubleshooting","status":"INVALID_ARGUMENT"}}\n' +
    '    at throwErrorIfNotOK (file:///Volumes/X%20SSD%202025/Users/narrowchannel/indiiOS-Clean/node_modules/@google/genai/dist/node/index.mjs:13393:30)\n' +
    '    at processTicksAndRejections (node:internal/process/task_queues:104:5)'
}

stderr | packages/renderer/src/services/ai/__tests__/ChaosVerification.test.ts > ChaosVerification > FirebaseAIService Race Conditions > should succeed after retry for transient 503 errors
[CircuitBreaker] Non-recoverable error bypassing breaker (AppException(INTERNAL_ERROR, retryable=false)): AI Bad Request — invalid model or request configuration. {"error":{"code":400,"message":"Unable to process input image. Please retry or report in https://developers.generativeai.google/guide/troubleshooting","status":"INVALID_ARGUMENT"}}

········stdout | packages/renderer/src/modules/finance/components/ExpenseTracker.test.tsx
[DistributorService] Registered adapter: DistroKid
[DistributorService] Registered adapter: TuneCore
[DistributorService] Registered adapter: CDBaby
[DistributorService] Registered adapter: Symphonic

·stderr | packages/renderer/src/core/components/Sidebar.test.tsx > Sidebar > matches snapshot in expanded state
Warning: An update to ProjectList inside a test was not wrapped in act(...).

When testing, code that causes React state updates should be wrapped into act(...):

act(() => {
  /* fire events that update state */
});
/* assert on the output */

This ensures that you're testing the behavior the user would see in the browser. Learn more at https://reactjs.org/link/wrap-tests-with-act
    at ProjectList (/Volumes/X SSD 2025/Users/narrowchannel/indiiOS-Clean/packages/renderer/src/core/components/sidebar/ProjectList.tsx:12:24)
    at div
    at nav
    at MotionDOMComponent (file:///Volumes/X%20SSD%202025/Users/narrowchannel/indiiOS-Clean/node_modules/framer-motion/dist/es/motion/index.mjs:45:16)
    at Sidebar (/Volumes/X SSD 2025/Users/narrowchannel/indiiOS-Clean/packages/renderer/src/core/components/Sidebar.tsx:162:66)
Warning: An update to ProjectList inside a test was not wrapped in act(...).

When testing, code that causes React state updates should be wrapped into act(...):

act(() => {
  /* fire events that update state */
});
/* assert on the output */

This ensures that you're testing the behavior the user would see in the browser. Learn more at https://reactjs.org/link/wrap-tests-with-act
    at ProjectList (/Volumes/X SSD 2025/Users/narrowchannel/indiiOS-Clean/packages/renderer/src/core/components/sidebar/ProjectList.tsx:12:24)
    at div
    at nav
    at MotionDOMComponent (file:///Volumes/X%20SSD%202025/Users/narrowchannel/indiiOS-Clean/node_modules/framer-motion/dist/es/motion/index.mjs:45:16)
    at Sidebar (/Volumes/X SSD 2025/Users/narrowchannel/indiiOS-Clean/packages/renderer/src/core/components/Sidebar.tsx:162:66)

··stderr | packages/renderer/src/core/components/Sidebar.test.tsx > Sidebar > matches snapshot in collapsed state
Warning: An update to ProjectList inside a test was not wrapped in act(...).

When testing, code that causes React state updates should be wrapped into act(...):

act(() => {
  /* fire events that update state */
});
/* assert on the output */

This ensures that you're testing the behavior the user would see in the browser. Learn more at https://reactjs.org/link/wrap-tests-with-act
    at ProjectList (/Volumes/X SSD 2025/Users/narrowchannel/indiiOS-Clean/packages/renderer/src/core/components/sidebar/ProjectList.tsx:12:24)
    at div
    at nav
    at MotionDOMComponent (file:///Volumes/X%20SSD%202025/Users/narrowchannel/indiiOS-Clean/node_modules/framer-motion/dist/es/motion/index.mjs:45:16)
    at Sidebar (/Volumes/X SSD 2025/Users/narrowchannel/indiiOS-Clean/packages/renderer/src/core/components/Sidebar.tsx:162:66)
Warning: An update to ProjectList inside a test was not wrapped in act(...).

When testing, code that causes React state updates should be wrapped into act(...):

act(() => {
  /* fire events that update state */
});
/* assert on the output */

This ensures that you're testing the behavior the user would see in the browser. Learn more at https://reactjs.org/link/wrap-tests-with-act
    at ProjectList (/Volumes/X SSD 2025/Users/narrowchannel/indiiOS-Clean/packages/renderer/src/core/components/sidebar/ProjectList.tsx:12:24)
    at div
    at nav
    at MotionDOMComponent (file:///Volumes/X%20SSD%202025/Users/narrowchannel/indiiOS-Clean/node_modules/framer-motion/dist/es/motion/index.mjs:45:16)
    at Sidebar (/Volumes/X SSD 2025/Users/narrowchannel/indiiOS-Clean/packages/renderer/src/core/components/Sidebar.tsx:162:66)

·······stdout | packages/renderer/src/modules/publishing/PublishingDashboard.test.tsx
[DistributorService] Registered adapter: DistroKid
[DistributorService] Registered adapter: TuneCore
[DistributorService] Registered adapter: CDBaby
[DistributorService] Registered adapter: Symphonic

·······stdout | e2e_interop.test.ts > E2E Interop Fixture Generator > generates ts_to_py fixture
[E2E] Encryption initialized for agent ts-sender

(node:8836) Warning: `--localstorage-file` was provided without a valid path
(Use `node --trace-warnings ...` to show where the warning was created)
(node:8829) Warning: `--localstorage-file` was provided without a valid path
(Use `node --trace-warnings ...` to show where the warning was created)
(node:8832) Warning: `--localstorage-file` was provided without a valid path
(Use `node --trace-warnings ...` to show where the warning was created)
(node:8833) Warning: `--localstorage-file` was provided without a valid path
(Use `node --trace-warnings ...` to show where the warning was created)
·stdout | packages/renderer/src/modules/video/VideoWorkflow.pulse-error.test.tsx > Pulse: Video Workflow Error Handling > handles immediate API failures gracefully
[VideoGeneration] Prompt selection: {
  promptOverride: '(none)',
  localPrompt: '"A glitchy failure simulation..."',
  globalPrompt: '(empty)',
  selected: '"A glitchy failure simulation..."'
}
[VideoGeneration] 🔇 Audio suppression enabled — negative prompt augmented

stderr | packages/renderer/src/modules/video/VideoWorkflow.pulse-error.test.tsx > Pulse: Video Workflow Error Handling > handles immediate API failures gracefully
[VideoGeneration] handleGenerate() failed: {
  errorMessage: 'Network Error: API Unreachable',
  errorType: 'Error',
  errorStack: 'Error: Network Error: API Unreachable\n' +
    '    at /Volumes/X SSD 2025/Users/narrowchannel/indiiOS-Clean/packages/renderer/src/modules/video/VideoWorkflow.pulse-error.test.tsx:205:39\n' +
    '    at /Volumes/X SSD 2025/Users/narrowchannel/indiiOS-Clean/node_modules/@testing-library/react/dist/act-compat.js:48:24\n' +
    '    at act (/Volumes/X SSD 2025/Users/narrowchannel/indiiOS-Clean/node_modules/react/cjs/react.development.js:2512:16)\n' +
    '    at Proxy.<anonymous> (/Volumes/X SSD 2025/Users/narrowchannel/indiiOS-Clean/no'
}

(node:8834) Warning: `--localstorage-file` was provided without a valid path
(Use `node --trace-warnings ...` to show where the warning was created)
··stderr | packages/renderer/src/core/components/MobileNav.a11y.test.tsx > ♿ MobileNav Accessibility > should have no accessibility violations in open state
Warning: React does not recognize the `dragConstraints` prop on a DOM element. If you intentionally want it to appear in the DOM as a custom attribute, spell it as lowercase `dragconstraints` instead. If you accidentally passed it from a parent component, remove it from the DOM element.
    at div
    at div (/Volumes/X SSD 2025/Users/narrowchannel/indiiOS-Clean/packages/renderer/src/core/components/MobileNav.a11y.test.tsx:7:13)
    at div
    at AnimatePresence (/Volumes/X SSD 2025/Users/narrowchannel/indiiOS-Clean/packages/renderer/src/core/components/MobileNav.a11y.test.tsx:13:23)
    at MobileNav (/Volumes/X SSD 2025/Users/narrowchannel/indiiOS-Clean/packages/renderer/src/core/components/MobileNav.tsx:30:41)
Warning: React does not recognize the `dragElastic` prop on a DOM element. If you intentionally want it to appear in the DOM as a custom attribute, spell it as lowercase `dragelastic` instead. If you accidentally passed it from a parent component, remove it from the DOM element.
    at div
    at div (/Volumes/X SSD 2025/Users/narrowchannel/indiiOS-Clean/packages/renderer/src/core/components/MobileNav.a11y.test.tsx:7:13)
    at div
    at AnimatePresence (/Volumes/X SSD 2025/Users/narrowchannel/indiiOS-Clean/packages/renderer/src/core/components/MobileNav.a11y.test.tsx:13:23)
    at MobileNav (/Volumes/X SSD 2025/Users/narrowchannel/indiiOS-Clean/packages/renderer/src/core/components/MobileNav.tsx:30:41)

··stdout | packages/renderer/src/modules/video/VideoWorkflow.pulse-error.test.tsx > Pulse: Video Workflow Error Handling > handles async job failures (e.g. Out of VRAM)
[VideoGeneration] Prompt selection: {
  promptOverride: '(none)',
  localPrompt: '"A heavy render..."',
  globalPrompt: '(empty)',
  selected: '"A heavy render..."'
}
[VideoGeneration] 🔇 Audio suppression enabled — negative prompt augmented

stderr | packages/renderer/src/modules/video/VideoWorkflow.pulse-error.test.tsx > Pulse: Video Workflow Error Handling > handles async job failures (e.g. Out of VRAM)
[VideoGeneration] handleGenerate() failed: {
  errorMessage: 'CUDA Out of Memory',
  errorType: 'Error',
  errorStack: 'Error: CUDA Out of Memory\n' +
    '    at /Volumes/X SSD 2025/Users/narrowchannel/indiiOS-Clean/packages/renderer/src/modules/video/VideoWorkflow.pulse-error.test.tsx:229:72\n' +
    '    at file:///Volumes/X%20SSD%202025/Users/narrowchannel/indiiOS-Clean/node_modules/@vitest/runner/dist/chunk-artifact.js:302:11\n' +
    '    at file:///Volumes/X%20SSD%202025/Users/narrowchannel/indiiOS-Clean/node_modules/@vitest/runner/dist/chunk-artifact.js:1903:26\n' +
    '    at file:///Volumes/X%20SSD%202025/Users/narrowchannel/indiiOS-Clean/no'
}

(node:8850) Warning: `--localstorage-file` was provided without a valid path
(Use `node --trace-warnings ...` to show where the warning was created)
·stdout | packages/renderer/src/core/components/SidebarNavigation.test.tsx
[OfflineSync] IndexedDB initialized

·stderr | packages/renderer/src/core/components/ConversationHistoryList.perf.test.tsx > ConversationHistoryList Performance > should re-render items when store state changes
Warning: React does not recognize the `whileHover` prop on a DOM element. If you intentionally want it to appear in the DOM as a custom attribute, spell it as lowercase `whilehover` instead. If you accidentally passed it from a parent component, remove it from the DOM element.
    at li
    at li (/Volumes/X SSD 2025/Users/narrowchannel/indiiOS-Clean/packages/renderer/src/core/components/ConversationHistoryList.perf.test.tsx:8:20)
    at /Volumes/X SSD 2025/Users/narrowchannel/indiiOS-Clean/packages/renderer/src/core/components/ConversationHistoryList.tsx:10:3
    at ul
    at div
    at ConversationHistoryList (/Volumes/X SSD 2025/Users/narrowchannel/indiiOS-Clean/packages/renderer/src/core/components/ConversationHistoryList.tsx:238:36)
Warning: React does not recognize the `whileTap` prop on a DOM element. If you intentionally want it to appear in the DOM as a custom attribute, spell it as lowercase `whiletap` instead. If you accidentally passed it from a parent component, remove it from the DOM element.
    at li
    at li (/Volumes/X SSD 2025/Users/narrowchannel/indiiOS-Clean/packages/renderer/src/core/components/ConversationHistoryList.perf.test.tsx:8:20)
    at /Volumes/X SSD 2025/Users/narrowchannel/indiiOS-Clean/packages/renderer/src/core/components/ConversationHistoryList.tsx:10:3
    at ul
    at div
    at ConversationHistoryList (/Volumes/X SSD 2025/Users/narrowchannel/indiiOS-Clean/packages/renderer/src/core/components/ConversationHistoryList.tsx:238:36)
Warning: React does not recognize the `layoutId` prop on a DOM element. If you intentionally want it to appear in the DOM as a custom attribute, spell it as lowercase `layoutid` instead. If you accidentally passed it from a parent component, remove it from the DOM element.
    at div
    at div (/Volumes/X SSD 2025/Users/narrowchannel/indiiOS-Clean/packages/renderer/src/core/components/ConversationHistoryList.perf.test.tsx:9:13)
    at li
    at li (/Volumes/X SSD 2025/Users/narrowchannel/indiiOS-Clean/packages/renderer/src/core/components/ConversationHistoryList.perf.test.tsx:8:20)
    at /Volumes/X SSD 2025/Users/narrowchannel/indiiOS-Clean/packages/renderer/src/core/components/ConversationHistoryList.tsx:10:3
    at ul
    at div
    at ConversationHistoryList (/Volumes/X SSD 2025/Users/narrowchannel/indiiOS-Clean/packages/renderer/src/core/components/ConversationHistoryList.tsx:238:36)

·(node:8837) Warning: `--localstorage-file` was provided without a valid path
(Use `node --trace-warnings ...` to show where the warning was created)
(node:8840) Warning: `--localstorage-file` was provided without a valid path
(Use `node --trace-warnings ...` to show where the warning was created)
(node:8849) Warning: `--localstorage-file` was provided without a valid path
(Use `node --trace-warnings ...` to show where the warning was created)
(node:8853) Warning: `--localstorage-file` was provided without a valid path
(Use `node --trace-warnings ...` to show where the warning was created)
··stderr | packages/renderer/src/modules/dashboard/components/NewProjectModal.pulse.test.tsx > 💓 Pulse: NewProjectModal Feedback Loops > Scenario: The "Error" Feedback Loop - Failures are loud and clear
Operation failed: Error: Failed
    at handleCreate (/Volumes/X SSD 2025/Users/narrowchannel/indiiOS-Clean/packages/renderer/src/modules/dashboard/components/NewProjectModal.pulse.test.tsx:69:23)
    at handleCreate (/Volumes/X SSD 2025/Users/narrowchannel/indiiOS-Clean/packages/renderer/src/modules/dashboard/components/NewProjectModal.tsx:46:7)

·(node:8854) Warning: `--localstorage-file` was provided without a valid path
(Use `node --trace-warnings ...` to show where the warning was created)
(node:8856) Warning: `--localstorage-file` was provided without a valid path
(Use `node --trace-warnings ...` to show where the warning was created)
·stderr | packages/renderer/src/modules/creative/components/DirectGenerationTab.test.tsx > DirectGenerationTab > handles generation error correctly
Direct Generation Failed: Error: API Error
    at /Volumes/X SSD 2025/Users/narrowchannel/indiiOS-Clean/packages/renderer/src/modules/creative/components/DirectGenerationTab.test.tsx:142:53
    at file:///Volumes/X%20SSD%202025/Users/narrowchannel/indiiOS-Clean/node_modules/@vitest/runner/dist/chunk-artifact.js:302:11
    at file:///Volumes/X%20SSD%202025/Users/narrowchannel/indiiOS-Clean/node_modules/@vitest/runner/dist/chunk-artifact.js:1903:26
    at file:///Volumes/X%20SSD%202025/Users/narrowchannel/indiiOS-Clean/node_modules/@vitest/runner/dist/chunk-artifact.js:2326:20
    at new Promise (<anonymous>)
    at runWithCancel (file:///Volumes/X%20SSD%202025/Users/narrowchannel/indiiOS-Clean/node_modules/@vitest/runner/dist/chunk-artifact.js:2323:10)
    at file:///Volumes/X%20SSD%202025/Users/narrowchannel/indiiOS-Clean/node_modules/@vitest/runner/dist/chunk-artifact.js:2305:20
    at new Promise (<anonymous>)
    at runWithTimeout (file:///Volumes/X%20SSD%202025/Users/narrowchannel/indiiOS-Clean/node_modules/@vitest/runner/dist/chunk-artifact.js:2272:10)
    at file:///Volumes/X%20SSD%202025/Users/narrowchannel/indiiOS-Clean/node_modules/@vitest/runner/dist/chunk-artifact.js:2955:64

········(node:8855) Warning: `--localstorage-file` was provided without a valid path
(Use `node --trace-warnings ...` to show where the warning was created)
··(node:8869) Warning: `--localstorage-file` was provided without a valid path
(Use `node --trace-warnings ...` to show where the warning was created)
(node:8860) Warning: `--localstorage-file` was provided without a valid path
(Use `node --trace-warnings ...` to show where the warning was created)
Warning: A vi.mock("@/components/kokonutui/file-upload") call in "/Volumes/X SSD 2025/Users/narrowchannel/indiiOS-Clean/packages/renderer/src/modules/creative/components/CreativeGallery.test.tsx" is not at the top level of the module. Although it appears nested, it will be hoisted and executed before any tests run. Move it to the top level to reflect its actual execution order. This will become an error in a future version.
See: https://vitest.dev/guide/mocking/modules#how-it-works
··········(node:8867) Warning: `--localstorage-file` was provided without a valid path
(Use `node --trace-warnings ...` to show where the warning was created)
········(node:8864) Warning: `--localstorage-file` was provided without a valid path
(Use `node --trace-warnings ...` to show where the warning was created)
··stderr | packages/renderer/src/core/components/SidebarNavigation.test.tsx
[MemoryBank] MEM0_API_KEY is not set in environment.

···stderr | packages/renderer/src/modules/finance/components/ExpenseTracker.test.tsx > ExpenseTracker > renders correctly
Warning: React does not recognize the `whileHover` prop on a DOM element. If you intentionally want it to appear in the DOM as a custom attribute, spell it as lowercase `whilehover` instead. If you accidentally passed it from a parent component, remove it from the DOM element.
    at button
    at button (/Volumes/X SSD 2025/Users/narrowchannel/indiiOS-Clean/packages/renderer/src/modules/finance/components/ExpenseTracker.test.tsx:27:16)
    at div
    at div
    at div
    at div (/Volumes/X SSD 2025/Users/narrowchannel/indiiOS-Clean/packages/renderer/src/modules/finance/components/ExpenseTracker.test.tsx:22:13)
    at /Volumes/X SSD 2025/Users/narrowchannel/indiiOS-Clean/packages/renderer/src/modules/finance/components/ExpenseTracker.tsx:17:98
Warning: React does not recognize the `whileTap` prop on a DOM element. If you intentionally want it to appear in the DOM as a custom attribute, spell it as lowercase `whiletap` instead. If you accidentally passed it from a parent component, remove it from the DOM element.
    at button
    at button (/Volumes/X SSD 2025/Users/narrowchannel/indiiOS-Clean/packages/renderer/src/modules/finance/components/ExpenseTracker.test.tsx:27:16)
    at div
    at div
    at div
    at div (/Volumes/X SSD 2025/Users/narrowchannel/indiiOS-Clean/packages/renderer/src/modules/finance/components/ExpenseTracker.test.tsx:22:13)
    at /Volumes/X SSD 2025/Users/narrowchannel/indiiOS-Clean/packages/renderer/src/modules/finance/components/ExpenseTracker.tsx:17:98

(node:8863) Warning: `--localstorage-file` was provided without a valid path
(Use `node --trace-warnings ...` to show where the warning was created)
··stdout | packages/renderer/src/services/agent/AgentArchitecture.test.ts
[AgentRegistry] Pre-warming Generalist agent...
[AgentRegistry] Loading agent 'generalist'...

stdout | packages/renderer/src/services/agent/AgentArchitecture.test.ts > Multi-Agent Architecture Tests > 1. Context Pipeline & History > should include conversation history in the context
[AgentRegistry] Pre-warming Generalist agent...
[AgentRegistry] Loading agent 'legal'...
[AgentRegistry] Loading agent 'marketing'...
[AgentRegistry] Loading agent 'producer'...
[AgentRegistry] Loading agent 'publicist'...
[AgentRegistry] Loading agent 'brand'...
[AgentRegistry] Loading agent 'road'...
[AgentRegistry] Loading agent 'director'...
[AgentRegistry] Loading agent 'video'...
[AgentRegistry] Loading agent 'finance'...

stdout | packages/renderer/src/services/agent/AgentService.security.test.ts
[AgentRegistry] Pre-warming Generalist agent...
[AgentRegistry] Loading agent 'generalist'...

(node:8872) Warning: `--localstorage-file` was provided without a valid path
(Use `node --trace-warnings ...` to show where the warning was created)
stdout | packages/renderer/src/services/agent/AgentIntegration.test.ts > Agent Architecture Integration (Hardened) > End-to-End Execution Pipeline > should correctly orchestrate, execute, and return response for a specialist
[AgentService] sendMessage routing: { isBoardroomMode: undefined }

stdout | packages/renderer/src/services/agent/AgentIntegration.test.ts > Agent Architecture Integration (Hardened) > End-to-End Execution Pipeline > should correctly orchestrate, execute, and return response for a specialist
[AgentOrchestrator] Routing: "Analyze market trends" -> marketing (original: marketing, conf: 0.9)

stdout | packages/renderer/src/services/agent/AgentIntegration.test.ts > Agent Architecture Integration (Hardened) > End-to-End Execution Pipeline > should correctly orchestrate, execute, and return response for a specialist
[AgentService] Orchestration Path: single { reasoning: 'clear goal' }

stdout | packages/renderer/src/services/agent/AgentIntegration.test.ts > Agent Architecture Integration (Hardened) > End-to-End Execution Pipeline > should handle tool execution cycles (Thinking -> Tool -> Response)
[AgentService] sendMessage routing: { isBoardroomMode: undefined }

stderr | packages/renderer/src/services/agent/AgentIntegration.test.ts > Agent Architecture Integration (Hardened) > End-to-End Execution Pipeline > should handle tool execution cycles (Thinking -> Tool -> Response)
[AgentOrchestrator] Path determination failed, falling back to single agent. SyntaxError: Unexpected token 'I', "I have ana"... is not valid JSON
    at JSON.parse (<anonymous>)
    at AgentOrchestrator.determineOrchestrationPath (/Volumes/X SSD 2025/Users/narrowchannel/indiiOS-Clean/packages/renderer/src/services/agent/components/AgentOrchestrator.ts:296:35)
    at processTicksAndRejections (node:internal/process/task_queues:104:5)
    at AgentService.executeFlow (/Volumes/X SSD 2025/Users/narrowchannel/indiiOS-Clean/packages/renderer/src/services/agent/AgentService.ts:336:29)
    at AgentService.sendMessage (/Volumes/X SSD 2025/Users/narrowchannel/indiiOS-Clean/packages/renderer/src/services/agent/AgentService.ts:189:17)
    at /Volumes/X SSD 2025/Users/narrowchannel/indiiOS-Clean/packages/renderer/src/services/agent/AgentIntegration.test.ts:337:13
    at file:///Volumes/X%20SSD%202025/Users/narrowchannel/indiiOS-Clean/node_modules/@vitest/runner/dist/chunk-artifact.js:1903:20

stdout | packages/renderer/src/services/agent/AgentIntegration.test.ts > Agent Architecture Integration (Hardened) > End-to-End Execution Pipeline > should handle tool execution cycles (Thinking -> Tool -> Response)
[AgentOrchestrator] Routing: "Save this budget" -> generalist (original: undefined, conf: undefined)

stdout | packages/renderer/src/services/agent/AgentIntegration.test.ts > Agent Architecture Integration (Hardened) > End-to-End Execution Pipeline > should handle tool execution cycles (Thinking -> Tool -> Response)
[AgentService] Orchestration Path: single { reasoning: 'Fallback due to orchestration error' }
[AgentRegistry] Loading agent 'generalist'...

····(node:8865) Warning: `--localstorage-file` was provided without a valid path
(Use `node --trace-warnings ...` to show where the warning was created)
···(node:8871) Warning: `--localstorage-file` was provided without a valid path
(Use `node --trace-warnings ...` to show where the warning was created)
stdout | packages/renderer/src/modules/video/VideoWorkflow.pulse.test.tsx > Pulse: Video Workflow Long Form Generation > manages the "Queuing -> Processing -> Success" feedback loop
[VideoGeneration] Prompt selection: {
  promptOverride: '(none)',
  localPrompt: '"A long cinematic journey..."',
  globalPrompt: '(empty)',
  selected: '"A long cinematic journey..."'
}
[VideoGeneration] 🔇 Audio suppression enabled — negative prompt augmented

··(node:8868) Warning: `--localstorage-file` was provided without a valid path
(Use `node --trace-warnings ...` to show where the warning was created)
·stdout | packages/renderer/src/services/agent/AgentService.security.test.ts > 🛡️ Shield: Agent PII Security Test > should redact Credit Card numbers before sending to LLM
[AgentRegistry] Pre-warming Generalist agent...

stdout | packages/renderer/src/services/agent/AgentService.security.test.ts > 🛡️ Shield: Agent PII Security Test > should redact Credit Card numbers before sending to LLM
[AgentRegistry] Pre-warming Generalist agent...

··stderr | packages/renderer/src/services/agent/AgentIntegration.test.ts > Agent Architecture Integration (Hardened) > End-to-End Execution Pipeline > should handle tool execution cycles (Thinking -> Tool -> Response)
[MultiTurnAutorater] Received empty evaluation for trace a6260149-9190-4696-a954-a7565a6fc3e7

···(node:8870) Warning: `--localstorage-file` was provided without a valid path
(Use `node --trace-warnings ...` to show where the warning was created)
stdout | e2e_interop.test.ts > E2E Interop Fixture Generator > generates ts_to_py fixture
[E2E] Encryption initialized for agent py-recipient

stdout | e2e_interop.test.ts > E2E Interop Fixture Generator > generates ts_to_py fixture
[E2E] Registered public key for agent py-recipient

··stdout | e2e_interop.test.ts > E2E Interop Fixture Generator > generates ts_to_py fixture
[E2E] Encrypted message for py-recipient

stdout | e2e_interop.test.ts > E2E Interop Fixture Generator > generates ts_to_py fixture
[E2E] Decrypted message from ts-sender

stdout | e2e_interop.test.ts > E2E Interop Fixture Generator > generates ts_to_py fixture
Successfully generated ts_to_py fixtures and verified round-trip!

·stdout | e2e_interop.test.ts > E2E Interop Fixture Generator > validates py_to_ts fixture
[E2E] Decrypted message from py-sidecar

stdout | e2e_interop.test.ts > E2E Interop Fixture Generator > validates py_to_ts fixture
Py -> TS fixture decrypted perfectly!

··stderr | packages/firebase/src/__tests__/triggerLongFormVideoJob.quota.test.ts > triggerLongFormVideoJob (Ledger Quota Checks) > 💸 HALTS "Free Tier" user when daily limit is breached (The "Hard Limit")
[LongFormVideoJob] Error: HttpsError: Daily video generation limit reached for free tier (5/day).
    at /Volumes/X SSD 2025/Users/narrowchannel/indiiOS-Clean/packages/firebase/src/index.ts:523:27
    at processTicksAndRejections (node:internal/process/task_queues:104:5) {
  code: 'resource-exhausted'
}

stderr | packages/firebase/src/__tests__/triggerLongFormVideoJob.quota.test.ts > triggerLongFormVideoJob (Ledger Quota Checks) > 💸 blocks "Free Tier" users from "Pro" duration jobs (Subscription Gate)
[LongFormVideoJob] Error: HttpsError: Video duration 600s exceeds free tier limit of 480s.
    at /Volumes/X SSD 2025/Users/narrowchannel/indiiOS-Clean/packages/firebase/src/index.ts:508:23
    at processTicksAndRejections (node:internal/process/task_queues:104:5)
    at /Volumes/X SSD 2025/Users/narrowchannel/indiiOS-Clean/packages/firebase/src/__tests__/triggerLongFormVideoJob.quota.test.ts:376:9
    at file:///Volumes/X%20SSD%202025/Users/narrowchannel/indiiOS-Clean/node_modules/@vitest/runner/dist/chunk-artifact.js:1903:20 {
  code: 'resource-exhausted'
}

·······stdout | packages/renderer/src/core/components/SidebarNavigation.test.tsx
[AgentRegistry] Pre-warming Generalist agent...
[AgentRegistry] Loading agent 'generalist'...

stderr | packages/renderer/src/modules/touring/RoadManager.test.tsx
[MemoryBank] MEM0_API_KEY is not set in environment.

Not implemented: Window's getComputedStyle() method: with pseudo-elements
Not implemented: Window's getComputedStyle() method: with pseudo-elements
Not implemented: Window's getComputedStyle() method: with pseudo-elements
Not implemented: Window's getComputedStyle() method: with pseudo-elements
Not implemented: Window's getComputedStyle() method: with pseudo-elements
Not implemented: Window's getComputedStyle() method: with pseudo-elements
Not implemented: Window's getComputedStyle() method: with pseudo-elements
Not implemented: Window's getComputedStyle() method: with pseudo-elements
Not implemented: Window's getComputedStyle() method: with pseudo-elements
Not implemented: Window's getComputedStyle() method: with pseudo-elements
stdout | packages/renderer/src/services/agent/AgentArchitecture.test.ts > Multi-Agent Architecture Tests > 1. Context Pipeline & History > should include conversation history in the context
[AgentRegistry] Agent 'legal' loaded successfully
[AgentRegistry] Agent 'marketing' loaded successfully
[AgentRegistry] Agent 'producer' loaded successfully
[AgentRegistry] Agent 'publicist' loaded successfully
[AgentRegistry] Agent 'brand' loaded successfully
[AgentRegistry] Agent 'road' loaded successfully
[AgentRegistry] Agent 'director' loaded successfully
[AgentRegistry] Agent 'video' loaded successfully
[AgentRegistry] Agent 'finance' loaded successfully

stdout | packages/renderer/src/modules/creative/components/whisk/__tests__/WhiskDropZone.test.tsx
[DistributorService] Registered adapter: DistroKid
[DistributorService] Registered adapter: TuneCore
[DistributorService] Registered adapter: CDBaby
[DistributorService] Registered adapter: Symphonic

stdout | packages/renderer/src/core/components/ConversationHistoryList.test.tsx
[DistributorService] Registered adapter: DistroKid
[DistributorService] Registered adapter: TuneCore
[DistributorService] Registered adapter: CDBaby
[DistributorService] Registered adapter: Symphonic

Not implemented: Window's getComputedStyle() method: with pseudo-elements
Not implemented: Window's getComputedStyle() method: with pseudo-elements
Not implemented: Window's getComputedStyle() method: with pseudo-elements
Not implemented: Window's getComputedStyle() method: with pseudo-elements
Not implemented: Window's getComputedStyle() method: with pseudo-elements
Not implemented: Window's getComputedStyle() method: with pseudo-elements
Not implemented: Window's getComputedStyle() method: with pseudo-elements
Not implemented: Window's getComputedStyle() method: with pseudo-elements
Not implemented: Window's getComputedStyle() method: with pseudo-elements
Not implemented: Window's getComputedStyle() method: with pseudo-elements
··stderr | packages/renderer/src/modules/publishing/components/ReleaseWizard.test.tsx
[MemoryBank] MEM0_API_KEY is not set in environment.

·····(node:8880) Warning: `--localstorage-file` was provided without a valid path
(Use `node --trace-warnings ...` to show where the warning was created)
···············(node:8887) Warning: `--localstorage-file` was provided without a valid path
(Use `node --trace-warnings ...` to show where the warning was created)
stderr | packages/renderer/src/core/components/chat/__tests__/ToolOutputRenderer.test.tsx
[MemoryBank] MEM0_API_KEY is not set in environment.

····(node:8884) Warning: `--localstorage-file` was provided without a valid path
(Use `node --trace-warnings ...` to show where the warning was created)
(node:8889) Warning: `--localstorage-file` was provided without a valid path
(Use `node --trace-warnings ...` to show where the warning was created)
Not implemented: Window's getComputedStyle() method: with pseudo-elements
Not implemented: Window's getComputedStyle() method: with pseudo-elements
Not implemented: Window's getComputedStyle() method: with pseudo-elements
Not implemented: Window's getComputedStyle() method: with pseudo-elements
Not implemented: Window's getComputedStyle() method: with pseudo-elements
Not implemented: Window's getComputedStyle() method: with pseudo-elements
Not implemented: Window's getComputedStyle() method: with pseudo-elements
Not implemented: Window's getComputedStyle() method: with pseudo-elements
Not implemented: Window's getComputedStyle() method: with pseudo-elements
Not implemented: Window's getComputedStyle() method: with pseudo-elements
Not implemented: Window's getComputedStyle() method: with pseudo-elements
Not implemented: Window's getComputedStyle() method: with pseudo-elements
Not implemented: Window's getComputedStyle() method: with pseudo-elements
Not implemented: Window's getComputedStyle() method: with pseudo-elements
Not implemented: Window's getComputedStyle() method: with pseudo-elements
Not implemented: Window's getComputedStyle() method: with pseudo-elements
Not implemented: Window's getComputedStyle() method: with pseudo-elements
Not implemented: Window's getComputedStyle() method: with pseudo-elements
Not implemented: Window's getComputedStyle() method: with pseudo-elements
Not implemented: Window's getComputedStyle() method: with pseudo-elements
(node:8888) Warning: `--localstorage-file` was provided without a valid path
(Use `node --trace-warnings ...` to show where the warning was created)
(node:8892) Warning: `--localstorage-file` was provided without a valid path
(Use `node --trace-warnings ...` to show where the warning was created)
(node:8893) Warning: `--localstorage-file` was provided without a valid path
(Use `node --trace-warnings ...` to show where the warning was created)
·(node:8896) Warning: `--localstorage-file` was provided without a valid path
(Use `node --trace-warnings ...` to show where the warning was created)
·····(node:8897) Warning: `--localstorage-file` was provided without a valid path
(Use `node --trace-warnings ...` to show where the warning was created)
·(node:8894) Warning: `--localstorage-file` was provided without a valid path
(Use `node --trace-warnings ...` to show where the warning was created)
··(node:8902) Warning: `--localstorage-file` was provided without a valid path
(Use `node --trace-warnings ...` to show where the warning was created)
··(node:8895) Warning: `--localstorage-file` was provided without a valid path
(Use `node --trace-warnings ...` to show where the warning was created)
(node:8901) Warning: `--localstorage-file` was provided without a valid path
(Use `node --trace-warnings ...` to show where the warning was created)
·······(node:8903) Warning: `--localstorage-file` was provided without a valid path
(Use `node --trace-warnings ...` to show where the warning was created)
···(node:8907) Warning: `--localstorage-file` was provided without a valid path
(Use `node --trace-warnings ...` to show where the warning was created)
····(node:8939) Warning: `--localstorage-file` was provided without a valid path
(Use `node --trace-warnings ...` to show where the warning was created)
····(node:8937) Warning: `--localstorage-file` was provided without a valid path
(Use `node --trace-warnings ...` to show where the warning was created)
·(node:8938) Warning: `--localstorage-file` was provided without a valid path
(Use `node --trace-warnings ...` to show where the warning was created)
(node:8940) Warning: `--localstorage-file` was provided without a valid path
(Use `node --trace-warnings ...` to show where the warning was created)
·····(node:8943) Warning: `--localstorage-file` was provided without a valid path
(Use `node --trace-warnings ...` to show where the warning was created)
stderr | packages/renderer/src/modules/video/VideoWorkflow.loading.test.tsx > VideoWorkflow UI States > renders the Loading Overlay when status is "processing"
Warning: An update to VideoStage inside a test was not wrapped in act(...).

When testing, code that causes React state updates should be wrapped into act(...):

act(() => {
  /* fire events that update state */
});
/* assert on the output */

This ensures that you're testing the behavior the user would see in the browser. Learn more at https://reactjs.org/link/wrap-tests-with-act
    at /Volumes/X SSD 2025/Users/narrowchannel/indiiOS-Clean/packages/renderer/src/modules/video/components/VideoStage.tsx:8:3
    at div
    at div
    at div
    at VideoWorkflow (/Volumes/X SSD 2025/Users/narrowchannel/indiiOS-Clean/packages/renderer/src/modules/video/VideoWorkflow.tsx:95:78)
Warning: An update to VideoStage inside a test was not wrapped in act(...).

When testing, code that causes React state updates should be wrapped into act(...):

act(() => {
  /* fire events that update state */
});
/* assert on the output */

This ensures that you're testing the behavior the user would see in the browser. Learn more at https://reactjs.org/link/wrap-tests-with-act
    at /Volumes/X SSD 2025/Users/narrowchannel/indiiOS-Clean/packages/renderer/src/modules/video/components/VideoStage.tsx:8:3
    at div
    at div
    at div
    at VideoWorkflow (/Volumes/X SSD 2025/Users/narrowchannel/indiiOS-Clean/packages/renderer/src/modules/video/VideoWorkflow.tsx:95:78)

stderr | packages/renderer/src/modules/video/VideoWorkflow.loading.test.tsx > VideoWorkflow UI States > renders the Queued Overlay when status is "queued"
Warning: An update to VideoStage inside a test was not wrapped in act(...).

When testing, code that causes React state updates should be wrapped into act(...):

act(() => {
  /* fire events that update state */
});
/* assert on the output */

This ensures that you're testing the behavior the user would see in the browser. Learn more at https://reactjs.org/link/wrap-tests-with-act
    at /Volumes/X SSD 2025/Users/narrowchannel/indiiOS-Clean/packages/renderer/src/modules/video/components/VideoStage.tsx:8:3
    at div
    at div
    at div
    at VideoWorkflow (/Volumes/X SSD 2025/Users/narrowchannel/indiiOS-Clean/packages/renderer/src/modules/video/VideoWorkflow.tsx:95:78)
Warning: An update to VideoStage inside a test was not wrapped in act(...).

When testing, code that causes React state updates should be wrapped into act(...):

act(() => {
  /* fire events that update state */
});
/* assert on the output */

This ensures that you're testing the behavior the user would see in the browser. Learn more at https://reactjs.org/link/wrap-tests-with-act
    at /Volumes/X SSD 2025/Users/narrowchannel/indiiOS-Clean/packages/renderer/src/modules/video/components/VideoStage.tsx:8:3
    at div
    at div
    at div
    at VideoWorkflow (/Volumes/X SSD 2025/Users/narrowchannel/indiiOS-Clean/packages/renderer/src/modules/video/VideoWorkflow.tsx:95:78)

stderr | packages/renderer/src/modules/video/VideoWorkflow.loading.test.tsx > VideoWorkflow UI States > displays error toast and stops loading when job fails
Warning: An update to VideoStage inside a test was not wrapped in act(...).

When testing, code that causes React state updates should be wrapped into act(...):

act(() => {
  /* fire events that update state */
});
/* assert on the output */

This ensures that you're testing the behavior the user would see in the browser. Learn more at https://reactjs.org/link/wrap-tests-with-act
    at /Volumes/X SSD 2025/Users/narrowchannel/indiiOS-Clean/packages/renderer/src/modules/video/components/VideoStage.tsx:8:3
    at div
    at div
    at div
    at VideoWorkflow (/Volumes/X SSD 2025/Users/narrowchannel/indiiOS-Clean/packages/renderer/src/modules/video/VideoWorkflow.tsx:95:78)
Warning: An update to VideoStage inside a test was not wrapped in act(...).

When testing, code that causes React state updates should be wrapped into act(...):

act(() => {
  /* fire events that update state */
});
/* assert on the output */

This ensures that you're testing the behavior the user would see in the browser. Learn more at https://reactjs.org/link/wrap-tests-with-act
    at /Volumes/X SSD 2025/Users/narrowchannel/indiiOS-Clean/packages/renderer/src/modules/video/components/VideoStage.tsx:8:3
    at div
    at div
    at div
    at VideoWorkflow (/Volumes/X SSD 2025/Users/narrowchannel/indiiOS-Clean/packages/renderer/src/modules/video/VideoWorkflow.tsx:95:78)

stderr | packages/renderer/src/modules/video/VideoWorkflow.loading.test.tsx > VideoWorkflow UI States > displays success toast, adds to history, and stops loading when job completes
Warning: An update to VideoStage inside a test was not wrapped in act(...).

When testing, code that causes React state updates should be wrapped into act(...):

act(() => {
  /* fire events that update state */
});
/* assert on the output */

This ensures that you're testing the behavior the user would see in the browser. Learn more at https://reactjs.org/link/wrap-tests-with-act
    at /Volumes/X SSD 2025/Users/narrowchannel/indiiOS-Clean/packages/renderer/src/modules/video/components/VideoStage.tsx:8:3
    at div
    at div
    at div
    at VideoWorkflow (/Volumes/X SSD 2025/Users/narrowchannel/indiiOS-Clean/packages/renderer/src/modules/video/VideoWorkflow.tsx:95:78)

······stdout | packages/renderer/src/modules/touring/RoadManager.test.tsx
[AgentRegistry] Pre-warming Generalist agent...
[AgentRegistry] Loading agent 'generalist'...

stdout | packages/renderer/src/modules/publishing/components/ReleaseWizard.test.tsx
[AgentRegistry] Pre-warming Generalist agent...
[AgentRegistry] Loading agent 'generalist'...

(node:8949) Warning: `--localstorage-file` was provided without a valid path
(Use `node --trace-warnings ...` to show where the warning was created)
·(node:8945) Warning: `--localstorage-file` was provided without a valid path
(Use `node --trace-warnings ...` to show where the warning was created)
(node:8950) Warning: `--localstorage-file` was provided without a valid path
(Use `node --trace-warnings ...` to show where the warning was created)
······stdout | packages/renderer/src/services/agent/AgentArchitecture.test.ts > Multi-Agent Architecture Tests > 1. Context Pipeline & History > should include conversation history in the context
[AgentRegistry] Agent 'generalist' loaded successfully

stdout | packages/renderer/src/services/agent/AgentArchitecture.test.ts > Multi-Agent Architecture Tests > 1. Context Pipeline & History > should include conversation history in the context
[AgentRegistry] Generalist agent pre-warmed successfully
[AgentRegistry] Generalist agent pre-warmed successfully

stdout | packages/renderer/src/core/components/SidebarNavigation.test.tsx
[AgentRegistry] Agent 'generalist' loaded successfully

stdout | packages/renderer/src/core/components/SidebarNavigation.test.tsx
[AgentRegistry] Generalist agent pre-warmed successfully

stdout | packages/renderer/src/services/agent/AgentIntegration.test.ts > Agent Architecture Integration (Hardened) > End-to-End Execution Pipeline > should handle tool execution cycles (Thinking -> Tool -> Response)
[AgentRegistry] Agent 'generalist' loaded successfully

stdout | packages/renderer/src/core/components/SidebarNavigation.test.tsx
🌐 i18next is made possible by our own product, Locize — consider powering your project with managed localization (AI, CDN, integrations): https://locize.com 💙
i18next: languageChanged en-US
i18next: initialized {
  debug: true,
  initAsync: true,
  ns: [ 'translation' ],
  defaultNS: [ 'translation' ],
  fallbackLng: [ 'en' ],
  fallbackNS: false,
  supportedLngs: false,
  nonExplicitSupportedLngs: false,
  load: 'all',
  preload: false,
  simplifyPluralSuffix: true,
  keySeparator: '.',
  nsSeparator: ':',
  pluralSeparator: '_',
  contextSeparator: '_',
  partialBundledLanguages: false,
  saveMissing: false,
  updateMissing: false,
  saveMissingTo: 'fallback',
  saveMissingPlurals: true,
  missingKeyHandler: false,
  missingInterpolationHandler: false,
  postProcess: false,
  postProcessPassResolved: false,
  returnNull: false,
  returnEmptyString: true,
  returnObjects: false,
  joinArrays: false,
  returnedObjectHandler: false,
  parseMissingKeyHandler: false,
  appendNamespaceToMissingKey: false,
  appendNamespaceToCIMode: false,
  overloadTranslationOptionHandler: [Function: overloadTranslationOptionHandler],
  interpolation: {
    escapeValue: false,
    format: [Function: bound format],
    prefix: '{{',
    suffix: '}}',
    formatSeparator: ',',
    unescapePrefix: '-',
    nestingPrefix: '$t(',
    nestingSuffix: ')',
    nestingOptionsSeparator: ',',
    maxReplaces: 1000,
    skipOnVariables: true
  },
  cacheInBuiltFormats: true,
  resources: { en: { translation: [Object] }, es: { translation: [Object] } },
  detection: {
    order: [ 'querystring', 'localStorage', 'navigator' ],
    caches: [ 'localStorage' ],
    lookupQuerystring: 'lng',
    lookupLocalStorage: 'indiiOS_language',
    lookupCookie: 'i18next',
    lookupSessionStorage: 'i18nextLng',
    excludeCacheFor: [ 'cimode' ],
    convertDetectedLanguage: [Function: convertDetectedLanguage]
  },
  ignoreJSONStructure: true
}

·stderr | packages/renderer/src/services/agent/AgentIntegration.test.ts > Agent Architecture Integration (Hardened) > End-to-End Execution Pipeline
[MultiTurnAutorater] Received empty evaluation for trace 3a9eb0d9-985a-4ef4-bc15-97324ae3ecba

stdout | packages/renderer/src/services/agent/AgentService.security.test.ts > 🛡️ Shield: Agent PII Security Test > should redact Credit Card numbers before sending to LLM
[AgentRegistry] Agent 'generalist' loaded successfully

stdout | packages/renderer/src/services/agent/AgentService.security.test.ts > 🛡️ Shield: Agent PII Security Test > should redact Credit Card numbers before sending to LLM
[AgentRegistry] Generalist agent pre-warmed successfully
[AgentRegistry] Generalist agent pre-warmed successfully
[AgentRegistry] Generalist agent pre-warmed successfully

stderr | packages/renderer/src/services/agent/AgentIntegration.test.ts > Agent Architecture Integration (Hardened) > State & Concurrency > should prevent concurrent agent executions
[AgentService] sendMessage blocked: already processing

stdout | packages/renderer/src/services/agent/AgentIntegration.test.ts > Agent Architecture Integration (Hardened) > State & Concurrency > should prevent concurrent agent executions
[AgentService] sendMessage routing: { isBoardroomMode: undefined }

(node:8951) Warning: `--localstorage-file` was provided without a valid path
(Use `node --trace-warnings ...` to show where the warning was created)
stdout | packages/renderer/src/services/agent/AgentService.security.test.ts > 🛡️ Shield: Agent PII Security Test > should redact Credit Card numbers before sending to LLM
🔒 PII Detected and Redacted from Agent Input

stdout | packages/renderer/src/services/agent/AgentIntegration.test.ts > Agent Architecture Integration (Hardened) > State & Concurrency > should prevent concurrent agent executions
[AgentOrchestrator] Routing: "Request 1" -> generalist (original: undefined, conf: undefined)

stdout | packages/renderer/src/services/agent/AgentIntegration.test.ts > Agent Architecture Integration (Hardened) > State & Concurrency > should prevent concurrent agent executions
[AgentService] Orchestration Path: single { reasoning: undefined }

stdout | packages/renderer/src/services/agent/AgentService.security.test.ts > 🛡️ Shield: Agent PII Security Test > should redact Credit Card numbers before sending to LLM
[AgentService] sendMessage routing: { isBoardroomMode: undefined }

stdout | packages/renderer/src/services/agent/AgentArchitecture.test.ts > Multi-Agent Architecture Tests > 3. Dynamic Orchestration > should route based on user intent via LLM
[AgentOrchestrator] Routing: "Draft a contract" -> legal (original: legal, conf: 1)

stderr | packages/renderer/src/services/agent/AgentArchitecture.test.ts > Multi-Agent Architecture Tests > 3. Dynamic Orchestration > should fallback to generalist if LLM fails
[indii:Orchestrator] Routing failed, defaulting to generalist. Error: LLM Error
    at /Volumes/X SSD 2025/Users/narrowchannel/indiiOS-Clean/packages/renderer/src/services/agent/AgentArchitecture.test.ts:228:65
    at file:///Volumes/X%20SSD%202025/Users/narrowchannel/indiiOS-Clean/node_modules/@vitest/runner/dist/chunk-artifact.js:302:11
    at file:///Volumes/X%20SSD%202025/Users/narrowchannel/indiiOS-Clean/node_modules/@vitest/runner/dist/chunk-artifact.js:1903:26
    at file:///Volumes/X%20SSD%202025/Users/narrowchannel/indiiOS-Clean/node_modules/@vitest/runner/dist/chunk-artifact.js:2326:20
    at new Promise (<anonymous>)
    at runWithCancel (file:///Volumes/X%20SSD%202025/Users/narrowchannel/indiiOS-Clean/node_modules/@vitest/runner/dist/chunk-artifact.js:2323:10)
    at file:///Volumes/X%20SSD%202025/Users/narrowchannel/indiiOS-Clean/node_modules/@vitest/runner/dist/chunk-artifact.js:2305:20
    at new Promise (<anonymous>)
    at runWithTimeout (file:///Volumes/X%20SSD%202025/Users/narrowchannel/indiiOS-Clean/node_modules/@vitest/runner/dist/chunk-artifact.js:2272:10)
    at file:///Volumes/X%20SSD%202025/Users/narrowchannel/indiiOS-Clean/node_modules/@vitest/runner/dist/chunk-artifact.js:2955:64

stderr | packages/renderer/src/services/agent/AgentService.security.test.ts > 🛡️ Shield: Agent PII Security Test > should redact Credit Card numbers before sending to LLM
[AgentOrchestrator] Path determination failed, falling back to single agent. TypeError: Cannot read properties of undefined (reading 'text')
    at AgentOrchestrator.determineOrchestrationPath (/Volumes/X SSD 2025/Users/narrowchannel/indiiOS-Clean/packages/renderer/src/services/agent/components/AgentOrchestrator.ts:296:54)
    at processTicksAndRejections (node:internal/process/task_queues:104:5)
    at AgentService.executeFlow (/Volumes/X SSD 2025/Users/narrowchannel/indiiOS-Clean/packages/renderer/src/services/agent/AgentService.ts:336:29)
    at AgentService.sendMessage (/Volumes/X SSD 2025/Users/narrowchannel/indiiOS-Clean/packages/renderer/src/services/agent/AgentService.ts:189:17)
    at /Volumes/X SSD 2025/Users/narrowchannel/indiiOS-Clean/packages/renderer/src/services/agent/AgentService.security.test.ts:160:9
    at file:///Volumes/X%20SSD%202025/Users/narrowchannel/indiiOS-Clean/node_modules/@vitest/runner/dist/chunk-artifact.js:1903:20

stderr | packages/renderer/src/services/agent/AgentService.security.test.ts > 🛡️ Shield: Agent PII Security Test > should redact Credit Card numbers before sending to LLM
[indii:Orchestrator] Routing failed, defaulting to generalist. TypeError: Cannot read properties of undefined (reading 'text')
    at AgentOrchestrator.determineAgent (/Volumes/X SSD 2025/Users/narrowchannel/indiiOS-Clean/packages/renderer/src/services/agent/components/AgentOrchestrator.ts:108:47)
    at processTicksAndRejections (node:internal/process/task_queues:104:5)
    at AgentOrchestrator.determineOrchestrationPath (/Volumes/X SSD 2025/Users/narrowchannel/indiiOS-Clean/packages/renderer/src/services/agent/components/AgentOrchestrator.ts:316:29)
    at AgentService.executeFlow (/Volumes/X SSD 2025/Users/narrowchannel/indiiOS-Clean/packages/renderer/src/services/agent/AgentService.ts:336:29)
    at AgentService.sendMessage (/Volumes/X SSD 2025/Users/narrowchannel/indiiOS-Clean/packages/renderer/src/services/agent/AgentService.ts:189:17)
    at /Volumes/X SSD 2025/Users/narrowchannel/indiiOS-Clean/packages/renderer/src/services/agent/AgentService.security.test.ts:160:9
    at file:///Volumes/X%20SSD%202025/Users/narrowchannel/indiiOS-Clean/node_modules/@vitest/runner/dist/chunk-artifact.js:1903:20

stdout | packages/renderer/src/services/agent/AgentService.security.test.ts > 🛡️ Shield: Agent PII Security Test > should redact Credit Card numbers before sending to LLM
[AgentService] Orchestration Path: single { reasoning: 'Fallback due to orchestration error' }

stdout | packages/renderer/src/services/agent/AgentArchitecture.test.ts > Multi-Agent Architecture Tests > 4. Specialist Agents Verification > should pass superpower tools to AI when executing
[RAGAgent] No specific domain knowledge extracted for task.

stdout | packages/renderer/src/services/agent/AgentArchitecture.test.ts > Multi-Agent Architecture Tests > 4. Specialist Agents Verification > should pass superpower tools to AI when executing
[AgentIdentity] Minted identity for Marketing Director (marketing): instance=37911489..., fingerprint=854e3caa2847...

stderr | packages/renderer/src/services/agent/AgentIntegration.test.ts > Agent Architecture Integration (Hardened) > State & Concurrency
[MultiTurnAutorater] Received empty evaluation for trace 2a94f15d-809d-4cdb-951f-e1a4d9ad5a01

stdout | packages/renderer/src/services/agent/AgentIntegration.test.ts > Agent Architecture Integration (Hardened) > Robustness & Error Handling > should route to Generalist if Orchestrator hallucinations an invalid ID
[AgentService] sendMessage routing: { isBoardroomMode: undefined }

stderr | packages/renderer/src/services/agent/AgentIntegration.test.ts > Agent Architecture Integration (Hardened) > Robustness & Error Handling > should route to Generalist if Orchestrator hallucinations an invalid ID
[indii:Orchestrator] Failed to parse JSON response: I am generalist.

stdout | packages/renderer/src/services/agent/AgentIntegration.test.ts > Agent Architecture Integration (Hardened) > Robustness & Error Handling > should route to Generalist if Orchestrator hallucinations an invalid ID
[AgentService] Orchestration Path: single { reasoning: undefined }

·stdout | packages/renderer/src/modules/creative/components/BrandAssetsDrawer.test.tsx
[DistributorService] Registered adapter: DistroKid
[DistributorService] Registered adapter: TuneCore
[DistributorService] Registered adapter: CDBaby
[DistributorService] Registered adapter: Symphonic

·stdout | packages/renderer/src/services/agent/AgentService.security.test.ts > 🛡️ Shield: Agent PII Security Test > should redact Passwords before sending to LLM
🔒 PII Detected and Redacted from Agent Input

stdout | packages/renderer/src/services/agent/AgentService.security.test.ts > 🛡️ Shield: Agent PII Security Test > should redact Passwords before sending to LLM
[AgentService] sendMessage routing: { isBoardroomMode: undefined }

stderr | packages/renderer/src/services/agent/AgentService.security.test.ts > 🛡️ Shield: Agent PII Security Test > should redact Passwords before sending to LLM
[AgentOrchestrator] Path determination failed, falling back to single agent. TypeError: Cannot read properties of undefined (reading 'text')
    at AgentOrchestrator.determineOrchestrationPath (/Volumes/X SSD 2025/Users/narrowchannel/indiiOS-Clean/packages/renderer/src/services/agent/components/AgentOrchestrator.ts:296:54)
    at processTicksAndRejections (node:internal/process/task_queues:104:5)
    at AgentService.executeFlow (/Volumes/X SSD 2025/Users/narrowchannel/indiiOS-Clean/packages/renderer/src/services/agent/AgentService.ts:336:29)
    at AgentService.sendMessage (/Volumes/X SSD 2025/Users/narrowchannel/indiiOS-Clean/packages/renderer/src/services/agent/AgentService.ts:189:17)
    at /Volumes/X SSD 2025/Users/narrowchannel/indiiOS-Clean/packages/renderer/src/services/agent/AgentService.security.test.ts:202:9
    at file:///Volumes/X%20SSD%202025/Users/narrowchannel/indiiOS-Clean/node_modules/@vitest/runner/dist/chunk-artifact.js:1903:20

stderr | packages/renderer/src/services/agent/AgentService.security.test.ts > 🛡️ Shield: Agent PII Security Test > should redact Passwords before sending to LLM
[indii:Orchestrator] Routing failed, defaulting to generalist. TypeError: Cannot read properties of undefined (reading 'text')
    at AgentOrchestrator.determineAgent (/Volumes/X SSD 2025/Users/narrowchannel/indiiOS-Clean/packages/renderer/src/services/agent/components/AgentOrchestrator.ts:108:47)
    at processTicksAndRejections (node:internal/process/task_queues:104:5)
    at AgentOrchestrator.determineOrchestrationPath (/Volumes/X SSD 2025/Users/narrowchannel/indiiOS-Clean/packages/renderer/src/services/agent/components/AgentOrchestrator.ts:316:29)
    at AgentService.executeFlow (/Volumes/X SSD 2025/Users/narrowchannel/indiiOS-Clean/packages/renderer/src/services/agent/AgentService.ts:336:29)
    at AgentService.sendMessage (/Volumes/X SSD 2025/Users/narrowchannel/indiiOS-Clean/packages/renderer/src/services/agent/AgentService.ts:189:17)
    at /Volumes/X SSD 2025/Users/narrowchannel/indiiOS-Clean/packages/renderer/src/services/agent/AgentService.security.test.ts:202:9
    at file:///Volumes/X%20SSD%202025/Users/narrowchannel/indiiOS-Clean/node_modules/@vitest/runner/dist/chunk-artifact.js:1903:20

stdout | packages/renderer/src/services/agent/AgentService.security.test.ts > 🛡️ Shield: Agent PII Security Test > should redact Passwords before sending to LLM
[AgentService] Orchestration Path: single { reasoning: 'Fallback due to orchestration error' }

stdout | packages/renderer/src/services/agent/AgentService.security.test.ts > 🛡️ Guard Rails: Injection via sendMessage is sanitized at store layer > should complete without error when injection is in user message
[AgentService] sendMessage routing: { isBoardroomMode: undefined }

stderr | packages/renderer/src/services/agent/AgentService.security.test.ts > 🛡️ Guard Rails: Injection via sendMessage is sanitized at store layer > should complete without error when injection is in user message
[AgentOrchestrator] Path determination failed, falling back to single agent. TypeError: Cannot read properties of undefined (reading 'text')
    at AgentOrchestrator.determineOrchestrationPath (/Volumes/X SSD 2025/Users/narrowchannel/indiiOS-Clean/packages/renderer/src/services/agent/components/AgentOrchestrator.ts:296:54)
    at processTicksAndRejections (node:internal/process/task_queues:104:5)
    at AgentService.executeFlow (/Volumes/X SSD 2025/Users/narrowchannel/indiiOS-Clean/packages/renderer/src/services/agent/AgentService.ts:336:29)
    at AgentService.sendMessage (/Volumes/X SSD 2025/Users/narrowchannel/indiiOS-Clean/packages/renderer/src/services/agent/AgentService.ts:189:17)
    at /Volumes/X SSD 2025/Users/narrowchannel/indiiOS-Clean/packages/renderer/src/services/agent/AgentService.security.test.ts:485:9
    at file:///Volumes/X%20SSD%202025/Users/narrowchannel/indiiOS-Clean/node_modules/@vitest/runner/dist/chunk-artifact.js:1903:20

stderr | packages/renderer/src/services/agent/AgentService.security.test.ts > 🛡️ Guard Rails: Injection via sendMessage is sanitized at store layer > should complete without error when injection is in user message
[indii:Orchestrator] Input blocked: [ 'ignore previous instructions' ]

stderr | packages/renderer/src/services/agent/AgentService.security.test.ts > 🛡️ Guard Rails: Injection via sendMessage is sanitized at store layer > should complete without error when injection is in user message
[AgentService] Message Flow Failed: Error: Request blocked by security filter.
    at AgentOrchestrator.determineAgent (/Volumes/X SSD 2025/Users/narrowchannel/indiiOS-Clean/packages/renderer/src/services/agent/components/AgentOrchestrator.ts:39:19)
    at processTicksAndRejections (node:internal/process/task_queues:104:5)
    at AgentOrchestrator.determineOrchestrationPath (/Volumes/X SSD 2025/Users/narrowchannel/indiiOS-Clean/packages/renderer/src/services/agent/components/AgentOrchestrator.ts:316:29)
    at AgentService.executeFlow (/Volumes/X SSD 2025/Users/narrowchannel/indiiOS-Clean/packages/renderer/src/services/agent/AgentService.ts:336:29)
    at AgentService.sendMessage (/Volumes/X SSD 2025/Users/narrowchannel/indiiOS-Clean/packages/renderer/src/services/agent/AgentService.ts:189:17)
    at /Volumes/X SSD 2025/Users/narrowchannel/indiiOS-Clean/packages/renderer/src/services/agent/AgentService.security.test.ts:485:9
    at file:///Volumes/X%20SSD%202025/Users/narrowchannel/indiiOS-Clean/node_modules/@vitest/runner/dist/chunk-artifact.js:1903:20

stdout | packages/renderer/src/services/agent/AgentService.security.test.ts > 🛡️ Guard Rails: Injection via sendMessage is sanitized at store layer > should pass clean messages through without modification to history
[AgentService] sendMessage routing: { isBoardroomMode: undefined }

stderr | packages/renderer/src/services/agent/AgentService.security.test.ts > 🛡️ Guard Rails: Injection via sendMessage is sanitized at store layer > should pass clean messages through without modification to history
[AgentOrchestrator] Path determination failed, falling back to single agent. TypeError: Cannot read properties of undefined (reading 'text')
    at AgentOrchestrator.determineOrchestrationPath (/Volumes/X SSD 2025/Users/narrowchannel/indiiOS-Clean/packages/renderer/src/services/agent/components/AgentOrchestrator.ts:296:54)
    at processTicksAndRejections (node:internal/process/task_queues:104:5)
    at AgentService.executeFlow (/Volumes/X SSD 2025/Users/narrowchannel/indiiOS-Clean/packages/renderer/src/services/agent/AgentService.ts:336:29)
    at AgentService.sendMessage (/Volumes/X SSD 2025/Users/narrowchannel/indiiOS-Clean/packages/renderer/src/services/agent/AgentService.ts:189:17)
    at /Volumes/X SSD 2025/Users/narrowchannel/indiiOS-Clean/packages/renderer/src/services/agent/AgentService.security.test.ts:495:9
    at file:///Volumes/X%20SSD%202025/Users/narrowchannel/indiiOS-Clean/node_modules/@vitest/runner/dist/chunk-artifact.js:1903:20

stderr | packages/renderer/src/services/agent/AgentService.security.test.ts > 🛡️ Guard Rails: Injection via sendMessage is sanitized at store layer > should pass clean messages through without modification to history
[indii:Orchestrator] Routing failed, defaulting to generalist. TypeError: Cannot read properties of undefined (reading 'text')
    at AgentOrchestrator.determineAgent (/Volumes/X SSD 2025/Users/narrowchannel/indiiOS-Clean/packages/renderer/src/services/agent/components/AgentOrchestrator.ts:108:47)
    at processTicksAndRejections (node:internal/process/task_queues:104:5)
    at AgentOrchestrator.determineOrchestrationPath (/Volumes/X SSD 2025/Users/narrowchannel/indiiOS-Clean/packages/renderer/src/services/agent/components/AgentOrchestrator.ts:316:29)
    at AgentService.executeFlow (/Volumes/X SSD 2025/Users/narrowchannel/indiiOS-Clean/packages/renderer/src/services/agent/AgentService.ts:336:29)
    at AgentService.sendMessage (/Volumes/X SSD 2025/Users/narrowchannel/indiiOS-Clean/packages/renderer/src/services/agent/AgentService.ts:189:17)
    at /Volumes/X SSD 2025/Users/narrowchannel/indiiOS-Clean/packages/renderer/src/services/agent/AgentService.security.test.ts:495:9
    at file:///Volumes/X%20SSD%202025/Users/narrowchannel/indiiOS-Clean/node_modules/@vitest/runner/dist/chunk-artifact.js:1903:20

stdout | packages/renderer/src/services/agent/AgentService.security.test.ts > 🛡️ Guard Rails: Injection via sendMessage is sanitized at store layer > should pass clean messages through without modification to history
[AgentService] Orchestration Path: single { reasoning: 'Fallback due to orchestration error' }

································stderr | packages/renderer/src/services/agent/AgentIntegration.test.ts > Agent Architecture Integration (Hardened) > Robustness & Error Handling
[MultiTurnAutorater] Received empty evaluation for trace 10565ee6-acbd-461e-8943-5322de62f693

stdout | packages/renderer/src/services/agent/AgentIntegration.test.ts > Agent Architecture Integration (Hardened) > Robustness & Error Handling > should gracefully handle agent execution failure
[AgentService] sendMessage routing: { isBoardroomMode: undefined }

stderr | packages/renderer/src/services/agent/AgentIntegration.test.ts > Agent Architecture Integration (Hardened) > Robustness & Error Handling > should gracefully handle agent execution failure
[AgentOrchestrator] Path determination failed, falling back to single agent. Error: PERMISSION_DENIED: Simulated Verification Failure
    at /Volumes/X SSD 2025/Users/narrowchannel/indiiOS-Clean/packages/renderer/src/services/agent/AgentIntegration.test.ts:406:27
    at file:///Volumes/X%20SSD%202025/Users/narrowchannel/indiiOS-Clean/node_modules/@vitest/runner/dist/chunk-artifact.js:302:11
    at file:///Volumes/X%20SSD%202025/Users/narrowchannel/indiiOS-Clean/node_modules/@vitest/runner/dist/chunk-artifact.js:1903:26
    at file:///Volumes/X%20SSD%202025/Users/narrowchannel/indiiOS-Clean/node_modules/@vitest/runner/dist/chunk-artifact.js:2326:20
    at new Promise (<anonymous>)
    at runWithCancel (file:///Volumes/X%20SSD%202025/Users/narrowchannel/indiiOS-Clean/node_modules/@vitest/runner/dist/chunk-artifact.js:2323:10)
    at file:///Volumes/X%20SSD%202025/Users/narrowchannel/indiiOS-Clean/node_modules/@vitest/runner/dist/chunk-artifact.js:2305:20
    at new Promise (<anonymous>)
    at runWithTimeout (file:///Volumes/X%20SSD%202025/Users/narrowchannel/indiiOS-Clean/node_modules/@vitest/runner/dist/chunk-artifact.js:2272:10)
    at file:///Volumes/X%20SSD%202025/Users/narrowchannel/indiiOS-Clean/node_modules/@vitest/runner/dist/chunk-artifact.js:2955:64

stdout | packages/renderer/src/services/agent/AgentIntegration.test.ts > Agent Architecture Integration (Hardened) > Robustness & Error Handling > should gracefully handle agent execution failure
[AgentService] Orchestration Path: single { reasoning: 'Fallback due to orchestration error' }

stderr | packages/renderer/src/services/agent/AgentIntegration.test.ts > Agent Architecture Integration (Hardened) > Robustness & Error Handling > should gracefully handle agent execution failure
[AgentExecutor] Agent 'generalist' not found. Falling back to Generalist.

····················stdout | packages/renderer/src/services/agent/AgentArchitecture.test.ts > Multi-Agent Architecture Tests > 6. Direct Delegation Verification > should bypass orchestrator when forcedAgentId is provided
[AgentService] sendMessage routing: { isBoardroomMode: undefined }

stdout | packages/renderer/src/services/agent/AgentArchitecture.test.ts > Multi-Agent Architecture Tests > 6. Direct Delegation Verification > should bypass orchestrator when forcedAgentId is provided
[AgentService] Orchestration Path: single { reasoning: 'Forced by user' }

stdout | packages/renderer/src/services/agent/AgentArchitecture.test.ts > Multi-Agent Architecture Tests > 6. Direct Delegation Verification > should bypass orchestrator when forcedAgentId is provided
[RAGAgent] No specific domain knowledge extracted for task.

stdout | packages/renderer/src/services/agent/AgentArchitecture.test.ts > Multi-Agent Architecture Tests > 6. Direct Delegation Verification > should bypass orchestrator when forcedAgentId is provided
[AgentIdentity] Minted identity for Creative Director (director): instance=f36c297c..., fingerprint=701b6dec64bc...

stdout | packages/renderer/src/services/agent/AgentArchitecture.test.ts > Multi-Agent Architecture Tests > 7. Glass Box UI Verification > should update store with thoughts when onProgress is triggered
[AgentService] sendMessage routing: { isBoardroomMode: undefined }

stdout | packages/renderer/src/services/agent/AgentArchitecture.test.ts > Multi-Agent Architecture Tests > 7. Glass Box UI Verification > should update store with thoughts when onProgress is triggered
[AgentService] Orchestration Path: single { reasoning: 'Forced by user' }

stderr | packages/renderer/src/services/agent/AgentService.security.test.ts
[MultiTurnAutorater] Error evaluating trace a0fdbd96-cd01-4ac5-9846-aa7eb2c1c6bb: TypeError: __vite_ssr_import_0__.GenAI.generateStructuredData is not a function
    at MultiTurnAutorater.evaluateTrace (/Volumes/X SSD 2025/Users/narrowchannel/indiiOS-Clean/packages/renderer/src/services/agent/governance/MultiTurnAutorater.ts:70:40)
    at MultiTurnAutorater.evaluateAndRegister (/Volumes/X SSD 2025/Users/narrowchannel/indiiOS-Clean/packages/renderer/src/services/agent/governance/MultiTurnAutorater.ts:102:34)
    at AgentService.triggerAutorater (/Volumes/X SSD 2025/Users/narrowchannel/indiiOS-Clean/packages/renderer/src/services/agent/AgentService.ts:1199:38)
    at processTicksAndRejections (node:internal/process/task_queues:104:5)
[MultiTurnAutorater] Error evaluating trace c8be3913-76ae-430e-9201-89317efbca3c: TypeError: __vite_ssr_import_0__.GenAI.generateStructuredData is not a function
    at MultiTurnAutorater.evaluateTrace (/Volumes/X SSD 2025/Users/narrowchannel/indiiOS-Clean/packages/renderer/src/services/agent/governance/MultiTurnAutorater.ts:70:40)
    at MultiTurnAutorater.evaluateAndRegister (/Volumes/X SSD 2025/Users/narrowchannel/indiiOS-Clean/packages/renderer/src/services/agent/governance/MultiTurnAutorater.ts:102:34)
    at AgentService.triggerAutorater (/Volumes/X SSD 2025/Users/narrowchannel/indiiOS-Clean/packages/renderer/src/services/agent/AgentService.ts:1199:38)
    at processTicksAndRejections (node:internal/process/task_queues:104:5)
[MultiTurnAutorater] Error evaluating trace db035695-44eb-44ad-a852-62909d25c327: TypeError: __vite_ssr_import_0__.GenAI.generateStructuredData is not a function
    at MultiTurnAutorater.evaluateTrace (/Volumes/X SSD 2025/Users/narrowchannel/indiiOS-Clean/packages/renderer/src/services/agent/governance/MultiTurnAutorater.ts:70:40)
    at MultiTurnAutorater.evaluateAndRegister (/Volumes/X SSD 2025/Users/narrowchannel/indiiOS-Clean/packages/renderer/src/services/agent/governance/MultiTurnAutorater.ts:102:34)
    at AgentService.triggerAutorater (/Volumes/X SSD 2025/Users/narrowchannel/indiiOS-Clean/packages/renderer/src/services/agent/AgentService.ts:1199:38)
    at processTicksAndRejections (node:internal/process/task_queues:104:5)

stderr | Object.error (/Volumes/X SSD 2025/Users/narrowchannel/indiiOS-Clean/packages/renderer/src/utils/logger.ts:16:21)
[MultiTurnAutorater] Error evaluating trace 25141e0f-8e3b-42e7-9a45-452732630e0a: TypeError: __vite_ssr_import_0__.GenAI.generateStructuredData is not a function
    at MultiTurnAutorater.evaluateTrace (/Volumes/X SSD 2025/Users/narrowchannel/indiiOS-Clean/packages/renderer/src/services/agent/governance/MultiTurnAutorater.ts:70:40)
    at MultiTurnAutorater.evaluateAndRegister (/Volumes/X SSD 2025/Users/narrowchannel/indiiOS-Clean/packages/renderer/src/services/agent/governance/MultiTurnAutorater.ts:102:34)
    at AgentService.triggerAutorater (/Volumes/X SSD 2025/Users/narrowchannel/indiiOS-Clean/packages/renderer/src/services/agent/AgentService.ts:1199:38)
    at processTicksAndRejections (node:internal/process/task_queues:104:5)

·····stderr | packages/renderer/src/core/components/CommandBar.test.tsx > CommandBar > renders the delegate button correctly
Warning: Received `false` for a non-boolean attribute `initial`.

If you want to write it to the DOM, pass a string instead: initial="false" or initial={value.toString()}.

If you used to conditionally omit it with initial={condition && value}, pass initial={condition ? value : undefined} instead.
    at div
    at div (/Volumes/X SSD 2025/Users/narrowchannel/indiiOS-Clean/packages/renderer/src/core/components/CommandBar.test.tsx:64:13)
    at AnimatePresence (/Volumes/X SSD 2025/Users/narrowchannel/indiiOS-Clean/packages/renderer/src/core/components/CommandBar.test.tsx:70:23)
    at CommandBar (/Volumes/X SSD 2025/Users/narrowchannel/indiiOS-Clean/packages/renderer/src/core/components/CommandBar.tsx:34:41)
Warning: Received `true` for a non-boolean attribute `drag`.

If you want to write it to the DOM, pass a string instead: drag="true" or drag={value.toString()}.
    at div
    at div (/Volumes/X SSD 2025/Users/narrowchannel/indiiOS-Clean/packages/renderer/src/core/components/CommandBar.test.tsx:64:13)
    at AnimatePresence (/Volumes/X SSD 2025/Users/narrowchannel/indiiOS-Clean/packages/renderer/src/core/components/CommandBar.test.tsx:70:23)
    at CommandBar (/Volumes/X SSD 2025/Users/narrowchannel/indiiOS-Clean/packages/renderer/src/core/components/CommandBar.tsx:34:41)
Warning: React does not recognize the `dragMomentum` prop on a DOM element. If you intentionally want it to appear in the DOM as a custom attribute, spell it as lowercase `dragmomentum` instead. If you accidentally passed it from a parent component, remove it from the DOM element.
    at div
    at div (/Volumes/X SSD 2025/Users/narrowchannel/indiiOS-Clean/packages/renderer/src/core/components/CommandBar.test.tsx:64:13)
    at AnimatePresence (/Volumes/X SSD 2025/Users/narrowchannel/indiiOS-Clean/packages/renderer/src/core/components/CommandBar.test.tsx:70:23)
    at CommandBar (/Volumes/X SSD 2025/Users/narrowchannel/indiiOS-Clean/packages/renderer/src/core/components/CommandBar.tsx:34:41)
Warning: React does not recognize the `dragElastic` prop on a DOM element. If you intentionally want it to appear in the DOM as a custom attribute, spell it as lowercase `dragelastic` instead. If you accidentally passed it from a parent component, remove it from the DOM element.
    at div
    at div (/Volumes/X SSD 2025/Users/narrowchannel/indiiOS-Clean/packages/renderer/src/core/components/CommandBar.test.tsx:64:13)
    at AnimatePresence (/Volumes/X SSD 2025/Users/narrowchannel/indiiOS-Clean/packages/renderer/src/core/components/CommandBar.test.tsx:70:23)
    at CommandBar (/Volumes/X SSD 2025/Users/narrowchannel/indiiOS-Clean/packages/renderer/src/core/components/CommandBar.tsx:34:41)
Warning: React does not recognize the `dragConstraints` prop on a DOM element. If you intentionally want it to appear in the DOM as a custom attribute, spell it as lowercase `dragconstraints` instead. If you accidentally passed it from a parent component, remove it from the DOM element.
    at div
    at div (/Volumes/X SSD 2025/Users/narrowchannel/indiiOS-Clean/packages/renderer/src/core/components/CommandBar.test.tsx:64:13)
    at AnimatePresence (/Volumes/X SSD 2025/Users/narrowchannel/indiiOS-Clean/packages/renderer/src/core/components/CommandBar.test.tsx:70:23)
    at CommandBar (/Volumes/X SSD 2025/Users/narrowchannel/indiiOS-Clean/packages/renderer/src/core/components/CommandBar.tsx:34:41)

stderr | packages/renderer/src/core/components/CommandBar.test.tsx > CommandBar > switches module and opens agent window when a manager is selected
Warning: An update to null inside a test was not wrapped in act(...).

When testing, code that causes React state updates should be wrapped into act(...):

act(() => {
  /* fire events that update state */
});
/* assert on the output */

This ensures that you're testing the behavior the user would see in the browser. Learn more at https://reactjs.org/link/wrap-tests-with-act
    at /Volumes/X SSD 2025/Users/narrowchannel/indiiOS-Clean/packages/renderer/src/core/components/command-bar/PromptArea.tsx:25:54
    at div
    at div
    at div (/Volumes/X SSD 2025/Users/narrowchannel/indiiOS-Clean/packages/renderer/src/core/components/CommandBar.test.tsx:64:13)
    at AnimatePresence (/Volumes/X SSD 2025/Users/narrowchannel/indiiOS-Clean/packages/renderer/src/core/components/CommandBar.test.tsx:70:23)
    at CommandBar (/Volumes/X SSD 2025/Users/narrowchannel/indiiOS-Clean/packages/renderer/src/core/components/CommandBar.tsx:34:41)
Warning: An update to CommandBar inside a test was not wrapped in act(...).

When testing, code that causes React state updates should be wrapped into act(...):

act(() => {
  /* fire events that update state */
});
/* assert on the output */

This ensures that you're testing the behavior the user would see in the browser. Learn more at https://reactjs.org/link/wrap-tests-with-act
    at CommandBar (/Volumes/X SSD 2025/Users/narrowchannel/indiiOS-Clean/packages/renderer/src/core/components/CommandBar.tsx:34:41)
Warning: An update to Tooltip inside a test was not wrapped in act(...).

When testing, code that causes React state updates should be wrapped into act(...):

act(() => {
  /* fire events that update state */
});
/* assert on the output */

This ensures that you're testing the behavior the user would see in the browser. Learn more at https://reactjs.org/link/wrap-tests-with-act
    at Tooltip (file:///Volumes/X%20SSD%202025/Users/narrowchannel/indiiOS-Clean/node_modules/@radix-ui/react-tooltip/dist/index.mjs:73:5)
    at PromptInputAction2 (/Volumes/X SSD 2025/Users/narrowchannel/indiiOS-Clean/packages/renderer/src/components/ui/prompt-input.tsx:193:3)
    at div
    at div
    at div
    at PromptInputActions2 (/Volumes/X SSD 2025/Users/narrowchannel/indiiOS-Clean/packages/renderer/src/components/ui/prompt-input.tsx:182:3)
    at div
    at Provider (file:///Volumes/X%20SSD%202025/Users/narrowchannel/indiiOS-Clean/node_modules/@radix-ui/react-context/dist/index.mjs:27:15)
    at TooltipProvider (file:///Volumes/X%20SSD%202025/Users/narrowchannel/indiiOS-Clean/node_modules/@radix-ui/react-tooltip/dist/index.mjs:29:5)
    at PromptInput (/Volumes/X SSD 2025/Users/narrowchannel/indiiOS-Clean/packages/renderer/src/components/ui/prompt-input.tsx:44:3)
    at div
    at /Volumes/X SSD 2025/Users/narrowchannel/indiiOS-Clean/packages/renderer/src/core/components/command-bar/PromptArea.tsx:25:54
    at div
    at div
    at div (/Volumes/X SSD 2025/Users/narrowchannel/indiiOS-Clean/packages/renderer/src/core/components/CommandBar.test.tsx:64:13)
    at AnimatePresence (/Volumes/X SSD 2025/Users/narrowchannel/indiiOS-Clean/packages/renderer/src/core/components/CommandBar.test.tsx:70:23)
    at CommandBar (/Volumes/X SSD 2025/Users/narrowchannel/indiiOS-Clean/packages/renderer/src/core/components/CommandBar.tsx:34:41)
Warning: An update to Tooltip inside a test was not wrapped in act(...).

When testing, code that causes React state updates should be wrapped into act(...):

act(() => {
  /* fire events that update state */
});
/* assert on the output */

This ensures that you're testing the behavior the user would see in the browser. Learn more at https://reactjs.org/link/wrap-tests-with-act
    at Tooltip (file:///Volumes/X%20SSD%202025/Users/narrowchannel/indiiOS-Clean/node_modules/@radix-ui/react-tooltip/dist/index.mjs:73:5)
    at PromptInputAction2 (/Volumes/X SSD 2025/Users/narrowchannel/indiiOS-Clean/packages/renderer/src/components/ui/prompt-input.tsx:193:3)
    at div
    at div
    at PromptInputActions2 (/Volumes/X SSD 2025/Users/narrowchannel/indiiOS-Clean/packages/renderer/src/components/ui/prompt-input.tsx:182:3)
    at div
    at Provider (file:///Volumes/X%20SSD%202025/Users/narrowchannel/indiiOS-Clean/node_modules/@radix-ui/react-context/dist/index.mjs:27:15)
    at TooltipProvider (file:///Volumes/X%20SSD%202025/Users/narrowchannel/indiiOS-Clean/node_modules/@radix-ui/react-tooltip/dist/index.mjs:29:5)
    at PromptInput (/Volumes/X SSD 2025/Users/narrowchannel/indiiOS-Clean/packages/renderer/src/components/ui/prompt-input.tsx:44:3)
    at div
    at /Volumes/X SSD 2025/Users/narrowchannel/indiiOS-Clean/packages/renderer/src/core/components/command-bar/PromptArea.tsx:25:54
    at div
    at div
    at div (/Volumes/X SSD 2025/Users/narrowchannel/indiiOS-Clean/packages/renderer/src/core/components/CommandBar.test.tsx:64:13)
    at AnimatePresence (/Volumes/X SSD 2025/Users/narrowchannel/indiiOS-Clean/packages/renderer/src/core/components/CommandBar.test.tsx:70:23)
    at CommandBar (/Volumes/X SSD 2025/Users/narrowchannel/indiiOS-Clean/packages/renderer/src/core/components/CommandBar.tsx:34:41)
Warning: An update to Tooltip inside a test was not wrapped in act(...).

When testing, code that causes React state updates should be wrapped into act(...):

act(() => {
  /* fire events that update state */
});
/* assert on the output */

This ensures that you're testing the behavior the user would see in the browser. Learn more at https://reactjs.org/link/wrap-tests-with-act
    at Tooltip (file:///Volumes/X%20SSD%202025/Users/narrowchannel/indiiOS-Clean/node_modules/@radix-ui/react-tooltip/dist/index.mjs:73:5)
    at PromptInputAction2 (/Volumes/X SSD 2025/Users/narrowchannel/indiiOS-Clean/packages/renderer/src/components/ui/prompt-input.tsx:193:3)
    at div
    at div
    at PromptInputActions2 (/Volumes/X SSD 2025/Users/narrowchannel/indiiOS-Clean/packages/renderer/src/components/ui/prompt-input.tsx:182:3)
    at div
    at Provider (file:///Volumes/X%20SSD%202025/Users/narrowchannel/indiiOS-Clean/node_modules/@radix-ui/react-context/dist/index.mjs:27:15)
    at TooltipProvider (file:///Volumes/X%20SSD%202025/Users/narrowchannel/indiiOS-Clean/node_modules/@radix-ui/react-tooltip/dist/index.mjs:29:5)
    at PromptInput (/Volumes/X SSD 2025/Users/narrowchannel/indiiOS-Clean/packages/renderer/src/components/ui/prompt-input.tsx:44:3)
    at div
    at /Volumes/X SSD 2025/Users/narrowchannel/indiiOS-Clean/packages/renderer/src/core/components/command-bar/PromptArea.tsx:25:54
    at div
    at div
    at div (/Volumes/X SSD 2025/Users/narrowchannel/indiiOS-Clean/packages/renderer/src/core/components/CommandBar.test.tsx:64:13)
    at AnimatePresence (/Volumes/X SSD 2025/Users/narrowchannel/indiiOS-Clean/packages/renderer/src/core/components/CommandBar.test.tsx:70:23)
    at CommandBar (/Volumes/X SSD 2025/Users/narrowchannel/indiiOS-Clean/packages/renderer/src/core/components/CommandBar.tsx:34:41)
Warning: An update to Tooltip inside a test was not wrapped in act(...).

When testing, code that causes React state updates should be wrapped into act(...):

act(() => {
  /* fire events that update state */
});
/* assert on the output */

This ensures that you're testing the behavior the user would see in the browser. Learn more at https://reactjs.org/link/wrap-tests-with-act
    at Tooltip (file:///Volumes/X%20SSD%202025/Users/narrowchannel/indiiOS-Clean/node_modules/@radix-ui/react-tooltip/dist/index.mjs:73:5)
    at PromptInputAction2 (/Volumes/X SSD 2025/Users/narrowchannel/indiiOS-Clean/packages/renderer/src/components/ui/prompt-input.tsx:193:3)
    at div
    at div
    at div
    at PromptInputActions2 (/Volumes/X SSD 2025/Users/narrowchannel/indiiOS-Clean/packages/renderer/src/components/ui/prompt-input.tsx:182:3)
    at div
    at Provider (file:///Volumes/X%20SSD%202025/Users/narrowchannel/indiiOS-Clean/node_modules/@radix-ui/react-context/dist/index.mjs:27:15)
    at TooltipProvider (file:///Volumes/X%20SSD%202025/Users/narrowchannel/indiiOS-Clean/node_modules/@radix-ui/react-tooltip/dist/index.mjs:29:5)
    at PromptInput (/Volumes/X SSD 2025/Users/narrowchannel/indiiOS-Clean/packages/renderer/src/components/ui/prompt-input.tsx:44:3)
    at div
    at /Volumes/X SSD 2025/Users/narrowchannel/indiiOS-Clean/packages/renderer/src/core/components/command-bar/PromptArea.tsx:25:54
    at div
    at div
    at div (/Volumes/X SSD 2025/Users/narrowchannel/indiiOS-Clean/packages/renderer/src/core/components/CommandBar.test.tsx:64:13)
    at AnimatePresence (/Volumes/X SSD 2025/Users/narrowchannel/indiiOS-Clean/packages/renderer/src/core/components/CommandBar.test.tsx:70:23)
    at CommandBar (/Volumes/X SSD 2025/Users/narrowchannel/indiiOS-Clean/packages/renderer/src/core/components/CommandBar.tsx:34:41)
Warning: An update to Tooltip inside a test was not wrapped in act(...).

When testing, code that causes React state updates should be wrapped into act(...):

act(() => {
  /* fire events that update state */
});
/* assert on the output */

This ensures that you're testing the behavior the user would see in the browser. Learn more at https://reactjs.org/link/wrap-tests-with-act
    at Tooltip (file:///Volumes/X%20SSD%202025/Users/narrowchannel/indiiOS-Clean/node_modules/@radix-ui/react-tooltip/dist/index.mjs:73:5)
    at PromptInputAction2 (/Volumes/X SSD 2025/Users/narrowchannel/indiiOS-Clean/packages/renderer/src/components/ui/prompt-input.tsx:193:3)
    at div
    at div
    at div
    at PromptInputActions2 (/Volumes/X SSD 2025/Users/narrowchannel/indiiOS-Clean/packages/renderer/src/components/ui/prompt-input.tsx:182:3)
    at div
    at Provider (file:///Volumes/X%20SSD%202025/Users/narrowchannel/indiiOS-Clean/node_modules/@radix-ui/react-context/dist/index.mjs:27:15)
    at TooltipProvider (file:///Volumes/X%20SSD%202025/Users/narrowchannel/indiiOS-Clean/node_modules/@radix-ui/react-tooltip/dist/index.mjs:29:5)
    at PromptInput (/Volumes/X SSD 2025/Users/narrowchannel/indiiOS-Clean/packages/renderer/src/components/ui/prompt-input.tsx:44:3)
    at div
    at /Volumes/X SSD 2025/Users/narrowchannel/indiiOS-Clean/packages/renderer/src/core/components/command-bar/PromptArea.tsx:25:54
    at div
    at div
    at div (/Volumes/X SSD 2025/Users/narrowchannel/indiiOS-Clean/packages/renderer/src/core/components/CommandBar.test.tsx:64:13)
    at AnimatePresence (/Volumes/X SSD 2025/Users/narrowchannel/indiiOS-Clean/packages/renderer/src/core/components/CommandBar.test.tsx:70:23)
    at CommandBar (/Volumes/X SSD 2025/Users/narrowchannel/indiiOS-Clean/packages/renderer/src/core/components/CommandBar.tsx:34:41)
Warning: An update to Tooltip inside a test was not wrapped in act(...).

When testing, code that causes React state updates should be wrapped into act(...):

act(() => {
  /* fire events that update state */
});
/* assert on the output */

This ensures that you're testing the behavior the user would see in the browser. Learn more at https://reactjs.org/link/wrap-tests-with-act
    at Tooltip (file:///Volumes/X%20SSD%202025/Users/narrowchannel/indiiOS-Clean/node_modules/@radix-ui/react-tooltip/dist/index.mjs:73:5)
    at PromptInputAction2 (/Volumes/X SSD 2025/Users/narrowchannel/indiiOS-Clean/packages/renderer/src/components/ui/prompt-input.tsx:193:3)
    at div
    at div
    at PromptInputActions2 (/Volumes/X SSD 2025/Users/narrowchannel/indiiOS-Clean/packages/renderer/src/components/ui/prompt-input.tsx:182:3)
    at div
    at Provider (file:///Volumes/X%20SSD%202025/Users/narrowchannel/indiiOS-Clean/node_modules/@radix-ui/react-context/dist/index.mjs:27:15)
    at TooltipProvider (file:///Volumes/X%20SSD%202025/Users/narrowchannel/indiiOS-Clean/node_modules/@radix-ui/react-tooltip/dist/index.mjs:29:5)
    at PromptInput (/Volumes/X SSD 2025/Users/narrowchannel/indiiOS-Clean/packages/renderer/src/components/ui/prompt-input.tsx:44:3)
    at div
    at /Volumes/X SSD 2025/Users/narrowchannel/indiiOS-Clean/packages/renderer/src/core/components/command-bar/PromptArea.tsx:25:54
    at div
    at div
    at div (/Volumes/X SSD 2025/Users/narrowchannel/indiiOS-Clean/packages/renderer/src/core/components/CommandBar.test.tsx:64:13)
    at AnimatePresence (/Volumes/X SSD 2025/Users/narrowchannel/indiiOS-Clean/packages/renderer/src/core/components/CommandBar.test.tsx:70:23)
    at CommandBar (/Volumes/X SSD 2025/Users/narrowchannel/indiiOS-Clean/packages/renderer/src/core/components/CommandBar.tsx:34:41)
Warning: An update to Tooltip inside a test was not wrapped in act(...).

When testing, code that causes React state updates should be wrapped into act(...):

act(() => {
  /* fire events that update state */
});
/* assert on the output */

This ensures that you're testing the behavior the user would see in the browser. Learn more at https://reactjs.org/link/wrap-tests-with-act
    at Tooltip (file:///Volumes/X%20SSD%202025/Users/narrowchannel/indiiOS-Clean/node_modules/@radix-ui/react-tooltip/dist/index.mjs:73:5)
    at PromptInputAction2 (/Volumes/X SSD 2025/Users/narrowchannel/indiiOS-Clean/packages/renderer/src/components/ui/prompt-input.tsx:193:3)
    at div
    at div
    at div
    at PromptInputActions2 (/Volumes/X SSD 2025/Users/narrowchannel/indiiOS-Clean/packages/renderer/src/components/ui/prompt-input.tsx:182:3)
    at div
    at Provider (file:///Volumes/X%20SSD%202025/Users/narrowchannel/indiiOS-Clean/node_modules/@radix-ui/react-context/dist/index.mjs:27:15)
    at TooltipProvider (file:///Volumes/X%20SSD%202025/Users/narrowchannel/indiiOS-Clean/node_modules/@radix-ui/react-tooltip/dist/index.mjs:29:5)
    at PromptInput (/Volumes/X SSD 2025/Users/narrowchannel/indiiOS-Clean/packages/renderer/src/components/ui/prompt-input.tsx:44:3)
    at div
    at /Volumes/X SSD 2025/Users/narrowchannel/indiiOS-Clean/packages/renderer/src/core/components/command-bar/PromptArea.tsx:25:54
    at div
    at div
    at div (/Volumes/X SSD 2025/Users/narrowchannel/indiiOS-Clean/packages/renderer/src/core/components/CommandBar.test.tsx:64:13)
    at AnimatePresence (/Volumes/X SSD 2025/Users/narrowchannel/indiiOS-Clean/packages/renderer/src/core/components/CommandBar.test.tsx:70:23)
    at CommandBar (/Volumes/X SSD 2025/Users/narrowchannel/indiiOS-Clean/packages/renderer/src/core/components/CommandBar.tsx:34:41)
Warning: An update to Tooltip inside a test was not wrapped in act(...).

When testing, code that causes React state updates should be wrapped into act(...):

act(() => {
  /* fire events that update state */
});
/* assert on the output */

This ensures that you're testing the behavior the user would see in the browser. Learn more at https://reactjs.org/link/wrap-tests-with-act
    at Tooltip (file:///Volumes/X%20SSD%202025/Users/narrowchannel/indiiOS-Clean/node_modules/@radix-ui/react-tooltip/dist/index.mjs:73:5)
    at PromptInputAction2 (/Volumes/X SSD 2025/Users/narrowchannel/indiiOS-Clean/packages/renderer/src/components/ui/prompt-input.tsx:193:3)
    at div
    at div
    at PromptInputActions2 (/Volumes/X SSD 2025/Users/narrowchannel/indiiOS-Clean/packages/renderer/src/components/ui/prompt-input.tsx:182:3)
    at div
    at Provider (file:///Volumes/X%20SSD%202025/Users/narrowchannel/indiiOS-Clean/node_modules/@radix-ui/react-context/dist/index.mjs:27:15)
    at TooltipProvider (file:///Volumes/X%20SSD%202025/Users/narrowchannel/indiiOS-Clean/node_modules/@radix-ui/react-tooltip/dist/index.mjs:29:5)
    at PromptInput (/Volumes/X SSD 2025/Users/narrowchannel/indiiOS-Clean/packages/renderer/src/components/ui/prompt-input.tsx:44:3)
    at div
    at /Volumes/X SSD 2025/Users/narrowchannel/indiiOS-Clean/packages/renderer/src/core/components/command-bar/PromptArea.tsx:25:54
    at div
    at div
    at div (/Volumes/X SSD 2025/Users/narrowchannel/indiiOS-Clean/packages/renderer/src/core/components/CommandBar.test.tsx:64:13)
    at AnimatePresence (/Volumes/X SSD 2025/Users/narrowchannel/indiiOS-Clean/packages/renderer/src/core/components/CommandBar.test.tsx:70:23)
    at CommandBar (/Volumes/X SSD 2025/Users/narrowchannel/indiiOS-Clean/packages/renderer/src/core/components/CommandBar.tsx:34:41)
Warning: An update to Tooltip inside a test was not wrapped in act(...).

When testing, code that causes React state updates should be wrapped into act(...):

act(() => {
  /* fire events that update state */
});
/* assert on the output */

This ensures that you're testing the behavior the user would see in the browser. Learn more at https://reactjs.org/link/wrap-tests-with-act
    at Tooltip (file:///Volumes/X%20SSD%202025/Users/narrowchannel/indiiOS-Clean/node_modules/@radix-ui/react-tooltip/dist/index.mjs:73:5)
    at PromptInputAction2 (/Volumes/X SSD 2025/Users/narrowchannel/indiiOS-Clean/packages/renderer/src/components/ui/prompt-input.tsx:193:3)
    at div
    at div
    at PromptInputActions2 (/Volumes/X SSD 2025/Users/narrowchannel/indiiOS-Clean/packages/renderer/src/components/ui/prompt-input.tsx:182:3)
    at div
    at Provider (file:///Volumes/X%20SSD%202025/Users/narrowchannel/indiiOS-Clean/node_modules/@radix-ui/react-context/dist/index.mjs:27:15)
    at TooltipProvider (file:///Volumes/X%20SSD%202025/Users/narrowchannel/indiiOS-Clean/node_modules/@radix-ui/react-tooltip/dist/index.mjs:29:5)
    at PromptInput (/Volumes/X SSD 2025/Users/narrowchannel/indiiOS-Clean/packages/renderer/src/components/ui/prompt-input.tsx:44:3)
    at div
    at /Volumes/X SSD 2025/Users/narrowchannel/indiiOS-Clean/packages/renderer/src/core/components/command-bar/PromptArea.tsx:25:54
    at div
    at div
    at div (/Volumes/X SSD 2025/Users/narrowchannel/indiiOS-Clean/packages/renderer/src/core/components/CommandBar.test.tsx:64:13)
    at AnimatePresence (/Volumes/X SSD 2025/Users/narrowchannel/indiiOS-Clean/packages/renderer/src/core/components/CommandBar.test.tsx:70:23)
    at CommandBar (/Volumes/X SSD 2025/Users/narrowchannel/indiiOS-Clean/packages/renderer/src/core/components/CommandBar.tsx:34:41)
Warning: An update to Tooltip inside a test was not wrapped in act(...).

When testing, code that causes React state updates should be wrapped into act(...):

act(() => {
  /* fire events that update state */
});
/* assert on the output */

This ensures that you're testing the behavior the user would see in the browser. Learn more at https://reactjs.org/link/wrap-tests-with-act
    at Tooltip (file:///Volumes/X%20SSD%202025/Users/narrowchannel/indiiOS-Clean/node_modules/@radix-ui/react-tooltip/dist/index.mjs:73:5)
    at PromptInputAction2 (/Volumes/X SSD 2025/Users/narrowchannel/indiiOS-Clean/packages/renderer/src/components/ui/prompt-input.tsx:193:3)
    at div
    at div
    at div
    at PromptInputActions2 (/Volumes/X SSD 2025/Users/narrowchannel/indiiOS-Clean/packages/renderer/src/components/ui/prompt-input.tsx:182:3)
    at div
    at Provider (file:///Volumes/X%20SSD%202025/Users/narrowchannel/indiiOS-Clean/node_modules/@radix-ui/react-context/dist/index.mjs:27:15)
    at TooltipProvider (file:///Volumes/X%20SSD%202025/Users/narrowchannel/indiiOS-Clean/node_modules/@radix-ui/react-tooltip/dist/index.mjs:29:5)
    at PromptInput (/Volumes/X SSD 2025/Users/narrowchannel/indiiOS-Clean/packages/renderer/src/components/ui/prompt-input.tsx:44:3)
    at div
    at /Volumes/X SSD 2025/Users/narrowchannel/indiiOS-Clean/packages/renderer/src/core/components/command-bar/PromptArea.tsx:25:54
    at div
    at div
    at div (/Volumes/X SSD 2025/Users/narrowchannel/indiiOS-Clean/packages/renderer/src/core/components/CommandBar.test.tsx:64:13)
    at AnimatePresence (/Volumes/X SSD 2025/Users/narrowchannel/indiiOS-Clean/packages/renderer/src/core/components/CommandBar.test.tsx:70:23)
    at CommandBar (/Volumes/X SSD 2025/Users/narrowchannel/indiiOS-Clean/packages/renderer/src/core/components/CommandBar.tsx:34:41)
Warning: An update to Tooltip inside a test was not wrapped in act(...).

When testing, code that causes React state updates should be wrapped into act(...):

act(() => {
  /* fire events that update state */
});
/* assert on the output */

This ensures that you're testing the behavior the user would see in the browser. Learn more at https://reactjs.org/link/wrap-tests-with-act
    at Tooltip (file:///Volumes/X%20SSD%202025/Users/narrowchannel/indiiOS-Clean/node_modules/@radix-ui/react-tooltip/dist/index.mjs:73:5)
    at PromptInputAction2 (/Volumes/X SSD 2025/Users/narrowchannel/indiiOS-Clean/packages/renderer/src/components/ui/prompt-input.tsx:193:3)
    at div
    at div
    at div
    at PromptInputActions2 (/Volumes/X SSD 2025/Users/narrowchannel/indiiOS-Clean/packages/renderer/src/components/ui/prompt-input.tsx:182:3)
    at div
    at Provider (file:///Volumes/X%20SSD%202025/Users/narrowchannel/indiiOS-Clean/node_modules/@radix-ui/react-context/dist/index.mjs:27:15)
    at TooltipProvider (file:///Volumes/X%20SSD%202025/Users/narrowchannel/indiiOS-Clean/node_modules/@radix-ui/react-tooltip/dist/index.mjs:29:5)
    at PromptInput (/Volumes/X SSD 2025/Users/narrowchannel/indiiOS-Clean/packages/renderer/src/components/ui/prompt-input.tsx:44:3)
    at div
    at /Volumes/X SSD 2025/Users/narrowchannel/indiiOS-Clean/packages/renderer/src/core/components/command-bar/PromptArea.tsx:25:54
    at div
    at div
    at div (/Volumes/X SSD 2025/Users/narrowchannel/indiiOS-Clean/packages/renderer/src/core/components/CommandBar.test.tsx:64:13)
    at AnimatePresence (/Volumes/X SSD 2025/Users/narrowchannel/indiiOS-Clean/packages/renderer/src/core/components/CommandBar.test.tsx:70:23)
    at CommandBar (/Volumes/X SSD 2025/Users/narrowchannel/indiiOS-Clean/packages/renderer/src/core/components/CommandBar.tsx:34:41)
Warning: An update to Tooltip inside a test was not wrapped in act(...).

When testing, code that causes React state updates should be wrapped into act(...):

act(() => {
  /* fire events that update state */
});
/* assert on the output */

This ensures that you're testing the behavior the user would see in the browser. Learn more at https://reactjs.org/link/wrap-tests-with-act
    at Tooltip (file:///Volumes/X%20SSD%202025/Users/narrowchannel/indiiOS-Clean/node_modules/@radix-ui/react-tooltip/dist/index.mjs:73:5)
    at PromptInputAction2 (/Volumes/X SSD 2025/Users/narrowchannel/indiiOS-Clean/packages/renderer/src/components/ui/prompt-input.tsx:193:3)
    at div
    at div
    at PromptInputActions2 (/Volumes/X SSD 2025/Users/narrowchannel/indiiOS-Clean/packages/renderer/src/components/ui/prompt-input.tsx:182:3)
    at div
    at Provider (file:///Volumes/X%20SSD%202025/Users/narrowchannel/indiiOS-Clean/node_modules/@radix-ui/react-context/dist/index.mjs:27:15)
    at TooltipProvider (file:///Volumes/X%20SSD%202025/Users/narrowchannel/indiiOS-Clean/node_modules/@radix-ui/react-tooltip/dist/index.mjs:29:5)
    at PromptInput (/Volumes/X SSD 2025/Users/narrowchannel/indiiOS-Clean/packages/renderer/src/components/ui/prompt-input.tsx:44:3)
    at div
    at /Volumes/X SSD 2025/Users/narrowchannel/indiiOS-Clean/packages/renderer/src/core/components/command-bar/PromptArea.tsx:25:54
    at div
    at div
    at div (/Volumes/X SSD 2025/Users/narrowchannel/indiiOS-Clean/packages/renderer/src/core/components/CommandBar.test.tsx:64:13)
    at AnimatePresence (/Volumes/X SSD 2025/Users/narrowchannel/indiiOS-Clean/packages/renderer/src/core/components/CommandBar.test.tsx:70:23)
    at CommandBar (/Volumes/X SSD 2025/Users/narrowchannel/indiiOS-Clean/packages/renderer/src/core/components/CommandBar.tsx:34:41)
Warning: An update to null inside a test was not wrapped in act(...).

When testing, code that causes React state updates should be wrapped into act(...):

act(() => {
  /* fire events that update state */
});
/* assert on the output */

This ensures that you're testing the behavior the user would see in the browser. Learn more at https://reactjs.org/link/wrap-tests-with-act
    at /Volumes/X SSD 2025/Users/narrowchannel/indiiOS-Clean/packages/renderer/src/core/components/command-bar/PromptArea.tsx:25:54
    at div
    at div
    at div (/Volumes/X SSD 2025/Users/narrowchannel/indiiOS-Clean/packages/renderer/src/core/components/CommandBar.test.tsx:64:13)
    at AnimatePresence (/Volumes/X SSD 2025/Users/narrowchannel/indiiOS-Clean/packages/renderer/src/core/components/CommandBar.test.tsx:70:23)
    at CommandBar (/Volumes/X SSD 2025/Users/narrowchannel/indiiOS-Clean/packages/renderer/src/core/components/CommandBar.tsx:34:41)
Warning: An update to CommandBar inside a test was not wrapped in act(...).

When testing, code that causes React state updates should be wrapped into act(...):

act(() => {
  /* fire events that update state */
});
/* assert on the output */

This ensures that you're testing the behavior the user would see in the browser. Learn more at https://reactjs.org/link/wrap-tests-with-act
    at CommandBar (/Volumes/X SSD 2025/Users/narrowchannel/indiiOS-Clean/packages/renderer/src/core/components/CommandBar.tsx:34:41)
Warning: An update to null inside a test was not wrapped in act(...).

When testing, code that causes React state updates should be wrapped into act(...):

act(() => {
  /* fire events that update state */
});
/* assert on the output */

This ensures that you're testing the behavior the user would see in the browser. Learn more at https://reactjs.org/link/wrap-tests-with-act
    at /Volumes/X SSD 2025/Users/narrowchannel/indiiOS-Clean/packages/renderer/src/core/components/command-bar/PromptArea.tsx:25:54
    at div
    at div
    at div (/Volumes/X SSD 2025/Users/narrowchannel/indiiOS-Clean/packages/renderer/src/core/components/CommandBar.test.tsx:64:13)
    at AnimatePresence (/Volumes/X SSD 2025/Users/narrowchannel/indiiOS-Clean/packages/renderer/src/core/components/CommandBar.test.tsx:70:23)
    at CommandBar (/Volumes/X SSD 2025/Users/narrowchannel/indiiOS-Clean/packages/renderer/src/core/components/CommandBar.tsx:34:41)
Warning: An update to CommandBar inside a test was not wrapped in act(...).

When testing, code that causes React state updates should be wrapped into act(...):

act(() => {
  /* fire events that update state */
});
/* assert on the output */

This ensures that you're testing the behavior the user would see in the browser. Learn more at https://reactjs.org/link/wrap-tests-with-act
    at CommandBar (/Volumes/X SSD 2025/Users/narrowchannel/indiiOS-Clean/packages/renderer/src/core/components/CommandBar.tsx:34:41)
Warning: An update to CommandBar inside a test was not wrapped in act(...).

When testing, code that causes React state updates should be wrapped into act(...):

act(() => {
  /* fire events that update state */
});
/* assert on the output */

This ensures that you're testing the behavior the user would see in the browser. Learn more at https://reactjs.org/link/wrap-tests-with-act
    at CommandBar (/Volumes/X SSD 2025/Users/narrowchannel/indiiOS-Clean/packages/renderer/src/core/components/CommandBar.tsx:34:41)
Warning: An update to Tooltip inside a test was not wrapped in act(...).

When testing, code that causes React state updates should be wrapped into act(...):

act(() => {
  /* fire events that update state */
});
/* assert on the output */

This ensures that you're testing the behavior the user would see in the browser. Learn more at https://reactjs.org/link/wrap-tests-with-act
    at Tooltip (file:///Volumes/X%20SSD%202025/Users/narrowchannel/indiiOS-Clean/node_modules/@radix-ui/react-tooltip/dist/index.mjs:73:5)
    at PromptInputAction2 (/Volumes/X SSD 2025/Users/narrowchannel/indiiOS-Clean/packages/renderer/src/components/ui/prompt-input.tsx:193:3)
    at div
    at div
    at div
    at PromptInputActions2 (/Volumes/X SSD 2025/Users/narrowchannel/indiiOS-Clean/packages/renderer/src/components/ui/prompt-input.tsx:182:3)
    at div
    at Provider (file:///Volumes/X%20SSD%202025/Users/narrowchannel/indiiOS-Clean/node_modules/@radix-ui/react-context/dist/index.mjs:27:15)
    at TooltipProvider (file:///Volumes/X%20SSD%202025/Users/narrowchannel/indiiOS-Clean/node_modules/@radix-ui/react-tooltip/dist/index.mjs:29:5)
    at PromptInput (/Volumes/X SSD 2025/Users/narrowchannel/indiiOS-Clean/packages/renderer/src/components/ui/prompt-input.tsx:44:3)
    at div
    at /Volumes/X SSD 2025/Users/narrowchannel/indiiOS-Clean/packages/renderer/src/core/components/command-bar/PromptArea.tsx:25:54
    at div
    at div
    at div (/Volumes/X SSD 2025/Users/narrowchannel/indiiOS-Clean/packages/renderer/src/core/components/CommandBar.test.tsx:64:13)
    at AnimatePresence (/Volumes/X SSD 2025/Users/narrowchannel/indiiOS-Clean/packages/renderer/src/core/components/CommandBar.test.tsx:70:23)
    at CommandBar (/Volumes/X SSD 2025/Users/narrowchannel/indiiOS-Clean/packages/renderer/src/core/components/CommandBar.tsx:34:41)
Warning: An update to Tooltip inside a test was not wrapped in act(...).

When testing, code that causes React state updates should be wrapped into act(...):

act(() => {
  /* fire events that update state */
});
/* assert on the output */

This ensures that you're testing the behavior the user would see in the browser. Learn more at https://reactjs.org/link/wrap-tests-with-act
    at Tooltip (file:///Volumes/X%20SSD%202025/Users/narrowchannel/indiiOS-Clean/node_modules/@radix-ui/react-tooltip/dist/index.mjs:73:5)
    at PromptInputAction2 (/Volumes/X SSD 2025/Users/narrowchannel/indiiOS-Clean/packages/renderer/src/components/ui/prompt-input.tsx:193:3)
    at div
    at div
    at PromptInputActions2 (/Volumes/X SSD 2025/Users/narrowchannel/indiiOS-Clean/packages/renderer/src/components/ui/prompt-input.tsx:182:3)
    at div
    at Provider (file:///Volumes/X%20SSD%202025/Users/narrowchannel/indiiOS-Clean/node_modules/@radix-ui/react-context/dist/index.mjs:27:15)
    at TooltipProvider (file:///Volumes/X%20SSD%202025/Users/narrowchannel/indiiOS-Clean/node_modules/@radix-ui/react-tooltip/dist/index.mjs:29:5)
    at PromptInput (/Volumes/X SSD 2025/Users/narrowchannel/indiiOS-Clean/packages/renderer/src/components/ui/prompt-input.tsx:44:3)
    at div
    at /Volumes/X SSD 2025/Users/narrowchannel/indiiOS-Clean/packages/renderer/src/core/components/command-bar/PromptArea.tsx:25:54
    at div
    at div
    at div (/Volumes/X SSD 2025/Users/narrowchannel/indiiOS-Clean/packages/renderer/src/core/components/CommandBar.test.tsx:64:13)
    at AnimatePresence (/Volumes/X SSD 2025/Users/narrowchannel/indiiOS-Clean/packages/renderer/src/core/components/CommandBar.test.tsx:70:23)
    at CommandBar (/Volumes/X SSD 2025/Users/narrowchannel/indiiOS-Clean/packages/renderer/src/core/components/CommandBar.tsx:34:41)
Warning: An update to Tooltip inside a test was not wrapped in act(...).

When testing, code that causes React state updates should be wrapped into act(...):

act(() => {
  /* fire events that update state */
});
/* assert on the output */

This ensures that you're testing the behavior the user would see in the browser. Learn more at https://reactjs.org/link/wrap-tests-with-act
    at Tooltip (file:///Volumes/X%20SSD%202025/Users/narrowchannel/indiiOS-Clean/node_modules/@radix-ui/react-tooltip/dist/index.mjs:73:5)
    at PromptInputAction2 (/Volumes/X SSD 2025/Users/narrowchannel/indiiOS-Clean/packages/renderer/src/components/ui/prompt-input.tsx:193:3)
    at div
    at div
    at PromptInputActions2 (/Volumes/X SSD 2025/Users/narrowchannel/indiiOS-Clean/packages/renderer/src/components/ui/prompt-input.tsx:182:3)
    at div
    at Provider (file:///Volumes/X%20SSD%202025/Users/narrowchannel/indiiOS-Clean/node_modules/@radix-ui/react-context/dist/index.mjs:27:15)
    at TooltipProvider (file:///Volumes/X%20SSD%202025/Users/narrowchannel/indiiOS-Clean/node_modules/@radix-ui/react-tooltip/dist/index.mjs:29:5)
    at PromptInput (/Volumes/X SSD 2025/Users/narrowchannel/indiiOS-Clean/packages/renderer/src/components/ui/prompt-input.tsx:44:3)
    at div
    at /Volumes/X SSD 2025/Users/narrowchannel/indiiOS-Clean/packages/renderer/src/core/components/command-bar/PromptArea.tsx:25:54
    at div
    at div
    at div (/Volumes/X SSD 2025/Users/narrowchannel/indiiOS-Clean/packages/renderer/src/core/components/CommandBar.test.tsx:64:13)
    at AnimatePresence (/Volumes/X SSD 2025/Users/narrowchannel/indiiOS-Clean/packages/renderer/src/core/components/CommandBar.test.tsx:70:23)
    at CommandBar (/Volumes/X SSD 2025/Users/narrowchannel/indiiOS-Clean/packages/renderer/src/core/components/CommandBar.tsx:34:41)
Warning: An update to Tooltip inside a test was not wrapped in act(...).

When testing, code that causes React state updates should be wrapped into act(...):

act(() => {
  /* fire events that update state */
});
/* assert on the output */

This ensures that you're testing the behavior the user would see in the browser. Learn more at https://reactjs.org/link/wrap-tests-with-act
    at Tooltip (file:///Volumes/X%20SSD%202025/Users/narrowchannel/indiiOS-Clean/node_modules/@radix-ui/react-tooltip/dist/index.mjs:73:5)
    at PromptInputAction2 (/Volumes/X SSD 2025/Users/narrowchannel/indiiOS-Clean/packages/renderer/src/components/ui/prompt-input.tsx:193:3)
    at div
    at div
    at div
    at PromptInputActions2 (/Volumes/X SSD 2025/Users/narrowchannel/indiiOS-Clean/packages/renderer/src/components/ui/prompt-input.tsx:182:3)
    at div
    at Provider (file:///Volumes/X%20SSD%202025/Users/narrowchannel/indiiOS-Clean/node_modules/@radix-ui/react-context/dist/index.mjs:27:15)
    at TooltipProvider (file:///Volumes/X%20SSD%202025/Users/narrowchannel/indiiOS-Clean/node_modules/@radix-ui/react-tooltip/dist/index.mjs:29:5)
    at PromptInput (/Volumes/X SSD 2025/Users/narrowchannel/indiiOS-Clean/packages/renderer/src/components/ui/prompt-input.tsx:44:3)
    at div
    at /Volumes/X SSD 2025/Users/narrowchannel/indiiOS-Clean/packages/renderer/src/core/components/command-bar/PromptArea.tsx:25:54
    at div
    at div
    at div (/Volumes/X SSD 2025/Users/narrowchannel/indiiOS-Clean/packages/renderer/src/core/components/CommandBar.test.tsx:64:13)
    at AnimatePresence (/Volumes/X SSD 2025/Users/narrowchannel/indiiOS-Clean/packages/renderer/src/core/components/CommandBar.test.tsx:70:23)
    at CommandBar (/Volumes/X SSD 2025/Users/narrowchannel/indiiOS-Clean/packages/renderer/src/core/components/CommandBar.tsx:34:41)
Warning: An update to Tooltip inside a test was not wrapped in act(...).

When testing, code that causes React state updates should be wrapped into act(...):

act(() => {
  /* fire events that update state */
});
/* assert on the output */

This ensures that you're testing the behavior the user would see in the browser. Learn more at https://reactjs.org/link/wrap-tests-with-act
    at Tooltip (file:///Volumes/X%20SSD%202025/Users/narrowchannel/indiiOS-Clean/node_modules/@radix-ui/react-tooltip/dist/index.mjs:73:5)
    at PromptInputAction2 (/Volumes/X SSD 2025/Users/narrowchannel/indiiOS-Clean/packages/renderer/src/components/ui/prompt-input.tsx:193:3)
    at div
    at div
    at div
    at PromptInputActions2 (/Volumes/X SSD 2025/Users/narrowchannel/indiiOS-Clean/packages/renderer/src/components/ui/prompt-input.tsx:182:3)
    at div
    at Provider (file:///Volumes/X%20SSD%202025/Users/narrowchannel/indiiOS-Clean/node_modules/@radix-ui/react-context/dist/index.mjs:27:15)
    at TooltipProvider (file:///Volumes/X%20SSD%202025/Users/narrowchannel/indiiOS-Clean/node_modules/@radix-ui/react-tooltip/dist/index.mjs:29:5)
    at PromptInput (/Volumes/X SSD 2025/Users/narrowchannel/indiiOS-Clean/packages/renderer/src/components/ui/prompt-input.tsx:44:3)
    at div
    at /Volumes/X SSD 2025/Users/narrowchannel/indiiOS-Clean/packages/renderer/src/core/components/command-bar/PromptArea.tsx:25:54
    at div
    at div
    at div (/Volumes/X SSD 2025/Users/narrowchannel/indiiOS-Clean/packages/renderer/src/core/components/CommandBar.test.tsx:64:13)
    at AnimatePresence (/Volumes/X SSD 2025/Users/narrowchannel/indiiOS-Clean/packages/renderer/src/core/components/CommandBar.test.tsx:70:23)
    at CommandBar (/Volumes/X SSD 2025/Users/narrowchannel/indiiOS-Clean/packages/renderer/src/core/components/CommandBar.tsx:34:41)
Warning: An update to Tooltip inside a test was not wrapped in act(...).

When testing, code that causes React state updates should be wrapped into act(...):

act(() => {
  /* fire events that update state */
});
/* assert on the output */

This ensures that you're testing the behavior the user would see in the browser. Learn more at https://reactjs.org/link/wrap-tests-with-act
    at Tooltip (file:///Volumes/X%20SSD%202025/Users/narrowchannel/indiiOS-Clean/node_modules/@radix-ui/react-tooltip/dist/index.mjs:73:5)
    at PromptInputAction2 (/Volumes/X SSD 2025/Users/narrowchannel/indiiOS-Clean/packages/renderer/src/components/ui/prompt-input.tsx:193:3)
    at div
    at div
    at PromptInputActions2 (/Volumes/X SSD 2025/Users/narrowchannel/indiiOS-Clean/packages/renderer/src/components/ui/prompt-input.tsx:182:3)
    at div
    at Provider (file:///Volumes/X%20SSD%202025/Users/narrowchannel/indiiOS-Clean/node_modules/@radix-ui/react-context/dist/index.mjs:27:15)
    at TooltipProvider (file:///Volumes/X%20SSD%202025/Users/narrowchannel/indiiOS-Clean/node_modules/@radix-ui/react-tooltip/dist/index.mjs:29:5)
    at PromptInput (/Volumes/X SSD 2025/Users/narrowchannel/indiiOS-Clean/packages/renderer/src/components/ui/prompt-input.tsx:44:3)
    at div
    at /Volumes/X SSD 2025/Users/narrowchannel/indiiOS-Clean/packages/renderer/src/core/components/command-bar/PromptArea.tsx:25:54
    at div
    at div
    at div (/Volumes/X SSD 2025/Users/narrowchannel/indiiOS-Clean/packages/renderer/src/core/components/CommandBar.test.tsx:64:13)
    at AnimatePresence (/Volumes/X SSD 2025/Users/narrowchannel/indiiOS-Clean/packages/renderer/src/core/components/CommandBar.test.tsx:70:23)
    at CommandBar (/Volumes/X SSD 2025/Users/narrowchannel/indiiOS-Clean/packages/renderer/src/core/components/CommandBar.tsx:34:41)
Warning: An update to Tooltip inside a test was not wrapped in act(...).

When testing, code that causes React state updates should be wrapped into act(...):

act(() => {
  /* fire events that update state */
});
/* assert on the output */

This ensures that you're testing the behavior the user would see in the browser. Learn more at https://reactjs.org/link/wrap-tests-with-act
    at Tooltip (file:///Volumes/X%20SSD%202025/Users/narrowchannel/indiiOS-Clean/node_modules/@radix-ui/react-tooltip/dist/index.mjs:73:5)
    at PromptInputAction2 (/Volumes/X SSD 2025/Users/narrowchannel/indiiOS-Clean/packages/renderer/src/components/ui/prompt-input.tsx:193:3)
    at div
    at div
    at div
    at PromptInputActions2 (/Volumes/X SSD 2025/Users/narrowchannel/indiiOS-Clean/packages/renderer/src/components/ui/prompt-input.tsx:182:3)
    at div
    at Provider (file:///Volumes/X%20SSD%202025/Users/narrowchannel/indiiOS-Clean/node_modules/@radix-ui/react-context/dist/index.mjs:27:15)
    at TooltipProvider (file:///Volumes/X%20SSD%202025/Users/narrowchannel/indiiOS-Clean/node_modules/@radix-ui/react-tooltip/dist/index.mjs:29:5)
    at PromptInput (/Volumes/X SSD 2025/Users/narrowchannel/indiiOS-Clean/packages/renderer/src/components/ui/prompt-input.tsx:44:3)
    at div
    at /Volumes/X SSD 2025/Users/narrowchannel/indiiOS-Clean/packages/renderer/src/core/components/command-bar/PromptArea.tsx:25:54
    at div
    at div
    at div (/Volumes/X SSD 2025/Users/narrowchannel/indiiOS-Clean/packages/renderer/src/core/components/CommandBar.test.tsx:64:13)
    at AnimatePresence (/Volumes/X SSD 2025/Users/narrowchannel/indiiOS-Clean/packages/renderer/src/core/components/CommandBar.test.tsx:70:23)
    at CommandBar (/Volumes/X SSD 2025/Users/narrowchannel/indiiOS-Clean/packages/renderer/src/core/components/CommandBar.tsx:34:41)
Warning: An update to Tooltip inside a test was not wrapped in act(...).

When testing, code that causes React state updates should be wrapped into act(...):

act(() => {
  /* fire events that update state */
});
/* assert on the output */

This ensures that you're testing the behavior the user would see in the browser. Learn more at https://reactjs.org/link/wrap-tests-with-act
    at Tooltip (file:///Volumes/X%20SSD%202025/Users/narrowchannel/indiiOS-Clean/node_modules/@radix-ui/react-tooltip/dist/index.mjs:73:5)
    at PromptInputAction2 (/Volumes/X SSD 2025/Users/narrowchannel/indiiOS-Clean/packages/renderer/src/components/ui/prompt-input.tsx:193:3)
    at div
    at div
    at PromptInputActions2 (/Volumes/X SSD 2025/Users/narrowchannel/indiiOS-Clean/packages/renderer/src/components/ui/prompt-input.tsx:182:3)
    at div
    at Provider (file:///Volumes/X%20SSD%202025/Users/narrowchannel/indiiOS-Clean/node_modules/@radix-ui/react-context/dist/index.mjs:27:15)
    at TooltipProvider (file:///Volumes/X%20SSD%202025/Users/narrowchannel/indiiOS-Clean/node_modules/@radix-ui/react-tooltip/dist/index.mjs:29:5)
    at PromptInput (/Volumes/X SSD 2025/Users/narrowchannel/indiiOS-Clean/packages/renderer/src/components/ui/prompt-input.tsx:44:3)
    at div
    at /Volumes/X SSD 2025/Users/narrowchannel/indiiOS-Clean/packages/renderer/src/core/components/command-bar/PromptArea.tsx:25:54
    at div
    at div
    at div (/Volumes/X SSD 2025/Users/narrowchannel/indiiOS-Clean/packages/renderer/src/core/components/CommandBar.test.tsx:64:13)
    at AnimatePresence (/Volumes/X SSD 2025/Users/narrowchannel/indiiOS-Clean/packages/renderer/src/core/components/CommandBar.test.tsx:70:23)
    at CommandBar (/Volumes/X SSD 2025/Users/narrowchannel/indiiOS-Clean/packages/renderer/src/core/components/CommandBar.tsx:34:41)
Warning: An update to Tooltip inside a test was not wrapped in act(...).

When testing, code that causes React state updates should be wrapped into act(...):

act(() => {
  /* fire events that update state */
});
/* assert on the output */

This ensures that you're testing the behavior the user would see in the browser. Learn more at https://reactjs.org/link/wrap-tests-with-act
    at Tooltip (file:///Volumes/X%20SSD%202025/Users/narrowchannel/indiiOS-Clean/node_modules/@radix-ui/react-tooltip/dist/index.mjs:73:5)
    at PromptInputAction2 (/Volumes/X SSD 2025/Users/narrowchannel/indiiOS-Clean/packages/renderer/src/components/ui/prompt-input.tsx:193:3)
    at div
    at div
    at PromptInputActions2 (/Volumes/X SSD 2025/Users/narrowchannel/indiiOS-Clean/packages/renderer/src/components/ui/prompt-input.tsx:182:3)
    at div
    at Provider (file:///Volumes/X%20SSD%202025/Users/narrowchannel/indiiOS-Clean/node_modules/@radix-ui/react-context/dist/index.mjs:27:15)
    at TooltipProvider (file:///Volumes/X%20SSD%202025/Users/narrowchannel/indiiOS-Clean/node_modules/@radix-ui/react-tooltip/dist/index.mjs:29:5)
    at PromptInput (/Volumes/X SSD 2025/Users/narrowchannel/indiiOS-Clean/packages/renderer/src/components/ui/prompt-input.tsx:44:3)
    at div
    at /Volumes/X SSD 2025/Users/narrowchannel/indiiOS-Clean/packages/renderer/src/core/components/command-bar/PromptArea.tsx:25:54
    at div
    at div
    at div (/Volumes/X SSD 2025/Users/narrowchannel/indiiOS-Clean/packages/renderer/src/core/components/CommandBar.test.tsx:64:13)
    at AnimatePresence (/Volumes/X SSD 2025/Users/narrowchannel/indiiOS-Clean/packages/renderer/src/core/components/CommandBar.test.tsx:70:23)
    at CommandBar (/Volumes/X SSD 2025/Users/narrowchannel/indiiOS-Clean/packages/renderer/src/core/components/CommandBar.tsx:34:41)
Warning: An update to Tooltip inside a test was not wrapped in act(...).

When testing, code that causes React state updates should be wrapped into act(...):

act(() => {
  /* fire events that update state */
});
/* assert on the output */

This ensures that you're testing the behavior the user would see in the browser. Learn more at https://reactjs.org/link/wrap-tests-with-act
    at Tooltip (file:///Volumes/X%20SSD%202025/Users/narrowchannel/indiiOS-Clean/node_modules/@radix-ui/react-tooltip/dist/index.mjs:73:5)
    at PromptInputAction2 (/Volumes/X SSD 2025/Users/narrowchannel/indiiOS-Clean/packages/renderer/src/components/ui/prompt-input.tsx:193:3)
    at div
    at div
    at div
    at PromptInputActions2 (/Volumes/X SSD 2025/Users/narrowchannel/indiiOS-Clean/packages/renderer/src/components/ui/prompt-input.tsx:182:3)
    at div
    at Provider (file:///Volumes/X%20SSD%202025/Users/narrowchannel/indiiOS-Clean/node_modules/@radix-ui/react-context/dist/index.mjs:27:15)
    at TooltipProvider (file:///Volumes/X%20SSD%202025/Users/narrowchannel/indiiOS-Clean/node_modules/@radix-ui/react-tooltip/dist/index.mjs:29:5)
    at PromptInput (/Volumes/X SSD 2025/Users/narrowchannel/indiiOS-Clean/packages/renderer/src/components/ui/prompt-input.tsx:44:3)
    at div
    at /Volumes/X SSD 2025/Users/narrowchannel/indiiOS-Clean/packages/renderer/src/core/components/command-bar/PromptArea.tsx:25:54
    at div
    at div
    at div (/Volumes/X SSD 2025/Users/narrowchannel/indiiOS-Clean/packages/renderer/src/core/components/CommandBar.test.tsx:64:13)
    at AnimatePresence (/Volumes/X SSD 2025/Users/narrowchannel/indiiOS-Clean/packages/renderer/src/core/components/CommandBar.test.tsx:70:23)
    at CommandBar (/Volumes/X SSD 2025/Users/narrowchannel/indiiOS-Clean/packages/renderer/src/core/components/CommandBar.tsx:34:41)
Warning: An update to Tooltip inside a test was not wrapped in act(...).

When testing, code that causes React state updates should be wrapped into act(...):

act(() => {
  /* fire events that update state */
});
/* assert on the output */

This ensures that you're testing the behavior the user would see in the browser. Learn more at https://reactjs.org/link/wrap-tests-with-act
    at Tooltip (file:///Volumes/X%20SSD%202025/Users/narrowchannel/indiiOS-Clean/node_modules/@radix-ui/react-tooltip/dist/index.mjs:73:5)
    at PromptInputAction2 (/Volumes/X SSD 2025/Users/narrowchannel/indiiOS-Clean/packages/renderer/src/components/ui/prompt-input.tsx:193:3)
    at div
    at div
    at div
    at PromptInputActions2 (/Volumes/X SSD 2025/Users/narrowchannel/indiiOS-Clean/packages/renderer/src/components/ui/prompt-input.tsx:182:3)
    at div
    at Provider (file:///Volumes/X%20SSD%202025/Users/narrowchannel/indiiOS-Clean/node_modules/@radix-ui/react-context/dist/index.mjs:27:15)
    at TooltipProvider (file:///Volumes/X%20SSD%202025/Users/narrowchannel/indiiOS-Clean/node_modules/@radix-ui/react-tooltip/dist/index.mjs:29:5)
    at PromptInput (/Volumes/X SSD 2025/Users/narrowchannel/indiiOS-Clean/packages/renderer/src/components/ui/prompt-input.tsx:44:3)
    at div
    at /Volumes/X SSD 2025/Users/narrowchannel/indiiOS-Clean/packages/renderer/src/core/components/command-bar/PromptArea.tsx:25:54
    at div
    at div
    at div (/Volumes/X SSD 2025/Users/narrowchannel/indiiOS-Clean/packages/renderer/src/core/components/CommandBar.test.tsx:64:13)
    at AnimatePresence (/Volumes/X SSD 2025/Users/narrowchannel/indiiOS-Clean/packages/renderer/src/core/components/CommandBar.test.tsx:70:23)
    at CommandBar (/Volumes/X SSD 2025/Users/narrowchannel/indiiOS-Clean/packages/renderer/src/core/components/CommandBar.tsx:34:41)
Warning: An update to Tooltip inside a test was not wrapped in act(...).

When testing, code that causes React state updates should be wrapped into act(...):

act(() => {
  /* fire events that update state */
});
/* assert on the output */

This ensures that you're testing the behavior the user would see in the browser. Learn more at https://reactjs.org/link/wrap-tests-with-act
    at Tooltip (file:///Volumes/X%20SSD%202025/Users/narrowchannel/indiiOS-Clean/node_modules/@radix-ui/react-tooltip/dist/index.mjs:73:5)
    at PromptInputAction2 (/Volumes/X SSD 2025/Users/narrowchannel/indiiOS-Clean/packages/renderer/src/components/ui/prompt-input.tsx:193:3)
    at div
    at div
    at PromptInputActions2 (/Volumes/X SSD 2025/Users/narrowchannel/indiiOS-Clean/packages/renderer/src/components/ui/prompt-input.tsx:182:3)
    at div
    at Provider (file:///Volumes/X%20SSD%202025/Users/narrowchannel/indiiOS-Clean/node_modules/@radix-ui/react-context/dist/index.mjs:27:15)
    at TooltipProvider (file:///Volumes/X%20SSD%202025/Users/narrowchannel/indiiOS-Clean/node_modules/@radix-ui/react-tooltip/dist/index.mjs:29:5)
    at PromptInput (/Volumes/X SSD 2025/Users/narrowchannel/indiiOS-Clean/packages/renderer/src/components/ui/prompt-input.tsx:44:3)
    at div
    at /Volumes/X SSD 2025/Users/narrowchannel/indiiOS-Clean/packages/renderer/src/core/components/command-bar/PromptArea.tsx:25:54
    at div
    at div
    at div (/Volumes/X SSD 2025/Users/narrowchannel/indiiOS-Clean/packages/renderer/src/core/components/CommandBar.test.tsx:64:13)
    at AnimatePresence (/Volumes/X SSD 2025/Users/narrowchannel/indiiOS-Clean/packages/renderer/src/core/components/CommandBar.test.tsx:70:23)
    at CommandBar (/Volumes/X SSD 2025/Users/narrowchannel/indiiOS-Clean/packages/renderer/src/core/components/CommandBar.tsx:34:41)

··stderr | packages/renderer/src/core/components/CommandBar.test.tsx > CommandBar > switches module and opens agent window when a department is selected
Warning: An update to null inside a test was not wrapped in act(...).

When testing, code that causes React state updates should be wrapped into act(...):

act(() => {
  /* fire events that update state */
});
/* assert on the output */

This ensures that you're testing the behavior the user would see in the browser. Learn more at https://reactjs.org/link/wrap-tests-with-act
    at /Volumes/X SSD 2025/Users/narrowchannel/indiiOS-Clean/packages/renderer/src/core/components/command-bar/PromptArea.tsx:25:54
    at div
    at div
    at div (/Volumes/X SSD 2025/Users/narrowchannel/indiiOS-Clean/packages/renderer/src/core/components/CommandBar.test.tsx:64:13)
    at AnimatePresence (/Volumes/X SSD 2025/Users/narrowchannel/indiiOS-Clean/packages/renderer/src/core/components/CommandBar.test.tsx:70:23)
    at CommandBar (/Volumes/X SSD 2025/Users/narrowchannel/indiiOS-Clean/packages/renderer/src/core/components/CommandBar.tsx:34:41)
Warning: An update to CommandBar inside a test was not wrapped in act(...).

When testing, code that causes React state updates should be wrapped into act(...):

act(() => {
  /* fire events that update state */
});
/* assert on the output */

This ensures that you're testing the behavior the user would see in the browser. Learn more at https://reactjs.org/link/wrap-tests-with-act
    at CommandBar (/Volumes/X SSD 2025/Users/narrowchannel/indiiOS-Clean/packages/renderer/src/core/components/CommandBar.tsx:34:41)
Warning: An update to Tooltip inside a test was not wrapped in act(...).

When testing, code that causes React state updates should be wrapped into act(...):

act(() => {
  /* fire events that update state */
});
/* assert on the output */

This ensures that you're testing the behavior the user would see in the browser. Learn more at https://reactjs.org/link/wrap-tests-with-act
    at Tooltip (file:///Volumes/X%20SSD%202025/Users/narrowchannel/indiiOS-Clean/node_modules/@radix-ui/react-tooltip/dist/index.mjs:73:5)
    at PromptInputAction2 (/Volumes/X SSD 2025/Users/narrowchannel/indiiOS-Clean/packages/renderer/src/components/ui/prompt-input.tsx:193:3)
    at div
    at div
    at div
    at PromptInputActions2 (/Volumes/X SSD 2025/Users/narrowchannel/indiiOS-Clean/packages/renderer/src/components/ui/prompt-input.tsx:182:3)
    at div
    at Provider (file:///Volumes/X%20SSD%202025/Users/narrowchannel/indiiOS-Clean/node_modules/@radix-ui/react-context/dist/index.mjs:27:15)
    at TooltipProvider (file:///Volumes/X%20SSD%202025/Users/narrowchannel/indiiOS-Clean/node_modules/@radix-ui/react-tooltip/dist/index.mjs:29:5)
    at PromptInput (/Volumes/X SSD 2025/Users/narrowchannel/indiiOS-Clean/packages/renderer/src/components/ui/prompt-input.tsx:44:3)
    at div
    at /Volumes/X SSD 2025/Users/narrowchannel/indiiOS-Clean/packages/renderer/src/core/components/command-bar/PromptArea.tsx:25:54
    at div
    at div
    at div (/Volumes/X SSD 2025/Users/narrowchannel/indiiOS-Clean/packages/renderer/src/core/components/CommandBar.test.tsx:64:13)
    at AnimatePresence (/Volumes/X SSD 2025/Users/narrowchannel/indiiOS-Clean/packages/renderer/src/core/components/CommandBar.test.tsx:70:23)
    at CommandBar (/Volumes/X SSD 2025/Users/narrowchannel/indiiOS-Clean/packages/renderer/src/core/components/CommandBar.tsx:34:41)
Warning: An update to Tooltip inside a test was not wrapped in act(...).

When testing, code that causes React state updates should be wrapped into act(...):

act(() => {
  /* fire events that update state */
});
/* assert on the output */

This ensures that you're testing the behavior the user would see in the browser. Learn more at https://reactjs.org/link/wrap-tests-with-act
    at Tooltip (file:///Volumes/X%20SSD%202025/Users/narrowchannel/indiiOS-Clean/node_modules/@radix-ui/react-tooltip/dist/index.mjs:73:5)
    at PromptInputAction2 (/Volumes/X SSD 2025/Users/narrowchannel/indiiOS-Clean/packages/renderer/src/components/ui/prompt-input.tsx:193:3)
    at div
    at div
    at PromptInputActions2 (/Volumes/X SSD 2025/Users/narrowchannel/indiiOS-Clean/packages/renderer/src/components/ui/prompt-input.tsx:182:3)
    at div
    at Provider (file:///Volumes/X%20SSD%202025/Users/narrowchannel/indiiOS-Clean/node_modules/@radix-ui/react-context/dist/index.mjs:27:15)
    at TooltipProvider (file:///Volumes/X%20SSD%202025/Users/narrowchannel/indiiOS-Clean/node_modules/@radix-ui/react-tooltip/dist/index.mjs:29:5)
    at PromptInput (/Volumes/X SSD 2025/Users/narrowchannel/indiiOS-Clean/packages/renderer/src/components/ui/prompt-input.tsx:44:3)
    at div
    at /Volumes/X SSD 2025/Users/narrowchannel/indiiOS-Clean/packages/renderer/src/core/components/command-bar/PromptArea.tsx:25:54
    at div
    at div
    at div (/Volumes/X SSD 2025/Users/narrowchannel/indiiOS-Clean/packages/renderer/src/core/components/CommandBar.test.tsx:64:13)
    at AnimatePresence (/Volumes/X SSD 2025/Users/narrowchannel/indiiOS-Clean/packages/renderer/src/core/components/CommandBar.test.tsx:70:23)
    at CommandBar (/Volumes/X SSD 2025/Users/narrowchannel/indiiOS-Clean/packages/renderer/src/core/components/CommandBar.tsx:34:41)
Warning: An update to Tooltip inside a test was not wrapped in act(...).

When testing, code that causes React state updates should be wrapped into act(...):

act(() => {
  /* fire events that update state */
});
/* assert on the output */

This ensures that you're testing the behavior the user would see in the browser. Learn more at https://reactjs.org/link/wrap-tests-with-act
    at Tooltip (file:///Volumes/X%20SSD%202025/Users/narrowchannel/indiiOS-Clean/node_modules/@radix-ui/react-tooltip/dist/index.mjs:73:5)
    at PromptInputAction2 (/Volumes/X SSD 2025/Users/narrowchannel/indiiOS-Clean/packages/renderer/src/components/ui/prompt-input.tsx:193:3)
    at div
    at div
    at PromptInputActions2 (/Volumes/X SSD 2025/Users/narrowchannel/indiiOS-Clean/packages/renderer/src/components/ui/prompt-input.tsx:182:3)
    at div
    at Provider (file:///Volumes/X%20SSD%202025/Users/narrowchannel/indiiOS-Clean/node_modules/@radix-ui/react-context/dist/index.mjs:27:15)
    at TooltipProvider (file:///Volumes/X%20SSD%202025/Users/narrowchannel/indiiOS-Clean/node_modules/@radix-ui/react-tooltip/dist/index.mjs:29:5)
    at PromptInput (/Volumes/X SSD 2025/Users/narrowchannel/indiiOS-Clean/packages/renderer/src/components/ui/prompt-input.tsx:44:3)
    at div
    at /Volumes/X SSD 2025/Users/narrowchannel/indiiOS-Clean/packages/renderer/src/core/components/command-bar/PromptArea.tsx:25:54
    at div
    at div
    at div (/Volumes/X SSD 2025/Users/narrowchannel/indiiOS-Clean/packages/renderer/src/core/components/CommandBar.test.tsx:64:13)
    at AnimatePresence (/Volumes/X SSD 2025/Users/narrowchannel/indiiOS-Clean/packages/renderer/src/core/components/CommandBar.test.tsx:70:23)
    at CommandBar (/Volumes/X SSD 2025/Users/narrowchannel/indiiOS-Clean/packages/renderer/src/core/components/CommandBar.tsx:34:41)
Warning: An update to Tooltip inside a test was not wrapped in act(...).

When testing, code that causes React state updates should be wrapped into act(...):

act(() => {
  /* fire events that update state */
});
/* assert on the output */

This ensures that you're testing the behavior the user would see in the browser. Learn more at https://reactjs.org/link/wrap-tests-with-act
    at Tooltip (file:///Volumes/X%20SSD%202025/Users/narrowchannel/indiiOS-Clean/node_modules/@radix-ui/react-tooltip/dist/index.mjs:73:5)
    at PromptInputAction2 (/Volumes/X SSD 2025/Users/narrowchannel/indiiOS-Clean/packages/renderer/src/components/ui/prompt-input.tsx:193:3)
    at div
    at div
    at div
    at PromptInputActions2 (/Volumes/X SSD 2025/Users/narrowchannel/indiiOS-Clean/packages/renderer/src/components/ui/prompt-input.tsx:182:3)
    at div
    at Provider (file:///Volumes/X%20SSD%202025/Users/narrowchannel/indiiOS-Clean/node_modules/@radix-ui/react-context/dist/index.mjs:27:15)
    at TooltipProvider (file:///Volumes/X%20SSD%202025/Users/narrowchannel/indiiOS-Clean/node_modules/@radix-ui/react-tooltip/dist/index.mjs:29:5)
    at PromptInput (/Volumes/X SSD 2025/Users/narrowchannel/indiiOS-Clean/packages/renderer/src/components/ui/prompt-input.tsx:44:3)
    at div
    at /Volumes/X SSD 2025/Users/narrowchannel/indiiOS-Clean/packages/renderer/src/core/components/command-bar/PromptArea.tsx:25:54
    at div
    at div
    at div (/Volumes/X SSD 2025/Users/narrowchannel/indiiOS-Clean/packages/renderer/src/core/components/CommandBar.test.tsx:64:13)
    at AnimatePresence (/Volumes/X SSD 2025/Users/narrowchannel/indiiOS-Clean/packages/renderer/src/core/components/CommandBar.test.tsx:70:23)
    at CommandBar (/Volumes/X SSD 2025/Users/narrowchannel/indiiOS-Clean/packages/renderer/src/core/components/CommandBar.tsx:34:41)
Warning: An update to Tooltip inside a test was not wrapped in act(...).

When testing, code that causes React state updates should be wrapped into act(...):

act(() => {
  /* fire events that update state */
});
/* assert on the output */

This ensures that you're testing the behavior the user would see in the browser. Learn more at https://reactjs.org/link/wrap-tests-with-act
    at Tooltip (file:///Volumes/X%20SSD%202025/Users/narrowchannel/indiiOS-Clean/node_modules/@radix-ui/react-tooltip/dist/index.mjs:73:5)
    at PromptInputAction2 (/Volumes/X SSD 2025/Users/narrowchannel/indiiOS-Clean/packages/renderer/src/components/ui/prompt-input.tsx:193:3)
    at div
    at div
    at div
    at PromptInputActions2 (/Volumes/X SSD 2025/Users/narrowchannel/indiiOS-Clean/packages/renderer/src/components/ui/prompt-input.tsx:182:3)
    at div
    at Provider (file:///Volumes/X%20SSD%202025/Users/narrowchannel/indiiOS-Clean/node_modules/@radix-ui/react-context/dist/index.mjs:27:15)
    at TooltipProvider (file:///Volumes/X%20SSD%202025/Users/narrowchannel/indiiOS-Clean/node_modules/@radix-ui/react-tooltip/dist/index.mjs:29:5)
    at PromptInput (/Volumes/X SSD 2025/Users/narrowchannel/indiiOS-Clean/packages/renderer/src/components/ui/prompt-input.tsx:44:3)
    at div
    at /Volumes/X SSD 2025/Users/narrowchannel/indiiOS-Clean/packages/renderer/src/core/components/command-bar/PromptArea.tsx:25:54
    at div
    at div
    at div (/Volumes/X SSD 2025/Users/narrowchannel/indiiOS-Clean/packages/renderer/src/core/components/CommandBar.test.tsx:64:13)
    at AnimatePresence (/Volumes/X SSD 2025/Users/narrowchannel/indiiOS-Clean/packages/renderer/src/core/components/CommandBar.test.tsx:70:23)
    at CommandBar (/Volumes/X SSD 2025/Users/narrowchannel/indiiOS-Clean/packages/renderer/src/core/components/CommandBar.tsx:34:41)
Warning: An update to Tooltip inside a test was not wrapped in act(...).

When testing, code that causes React state updates should be wrapped into act(...):

act(() => {
  /* fire events that update state */
});
/* assert on the output */

This ensures that you're testing the behavior the user would see in the browser. Learn more at https://reactjs.org/link/wrap-tests-with-act
    at Tooltip (file:///Volumes/X%20SSD%202025/Users/narrowchannel/indiiOS-Clean/node_modules/@radix-ui/react-tooltip/dist/index.mjs:73:5)
    at PromptInputAction2 (/Volumes/X SSD 2025/Users/narrowchannel/indiiOS-Clean/packages/renderer/src/components/ui/prompt-input.tsx:193:3)
    at div
    at div
    at PromptInputActions2 (/Volumes/X SSD 2025/Users/narrowchannel/indiiOS-Clean/packages/renderer/src/components/ui/prompt-input.tsx:182:3)
    at div
    at Provider (file:///Volumes/X%20SSD%202025/Users/narrowchannel/indiiOS-Clean/node_modules/@radix-ui/react-context/dist/index.mjs:27:15)
    at TooltipProvider (file:///Volumes/X%20SSD%202025/Users/narrowchannel/indiiOS-Clean/node_modules/@radix-ui/react-tooltip/dist/index.mjs:29:5)
    at PromptInput (/Volumes/X SSD 2025/Users/narrowchannel/indiiOS-Clean/packages/renderer/src/components/ui/prompt-input.tsx:44:3)
    at div
    at /Volumes/X SSD 2025/Users/narrowchannel/indiiOS-Clean/packages/renderer/src/core/components/command-bar/PromptArea.tsx:25:54
    at div
    at div
    at div (/Volumes/X SSD 2025/Users/narrowchannel/indiiOS-Clean/packages/renderer/src/core/components/CommandBar.test.tsx:64:13)
    at AnimatePresence (/Volumes/X SSD 2025/Users/narrowchannel/indiiOS-Clean/packages/renderer/src/core/components/CommandBar.test.tsx:70:23)
    at CommandBar (/Volumes/X SSD 2025/Users/narrowchannel/indiiOS-Clean/packages/renderer/src/core/components/CommandBar.tsx:34:41)
Warning: An update to Tooltip inside a test was not wrapped in act(...).

When testing, code that causes React state updates should be wrapped into act(...):

act(() => {
  /* fire events that update state */
});
/* assert on the output */

This ensures that you're testing the behavior the user would see in the browser. Learn more at https://reactjs.org/link/wrap-tests-with-act
    at Tooltip (file:///Volumes/X%20SSD%202025/Users/narrowchannel/indiiOS-Clean/node_modules/@radix-ui/react-tooltip/dist/index.mjs:73:5)
    at PromptInputAction2 (/Volumes/X SSD 2025/Users/narrowchannel/indiiOS-Clean/packages/renderer/src/components/ui/prompt-input.tsx:193:3)
    at div
    at div
    at div
    at PromptInputActions2 (/Volumes/X SSD 2025/Users/narrowchannel/indiiOS-Clean/packages/renderer/src/components/ui/prompt-input.tsx:182:3)
    at div
    at Provider (file:///Volumes/X%20SSD%202025/Users/narrowchannel/indiiOS-Clean/node_modules/@radix-ui/react-context/dist/index.mjs:27:15)
    at TooltipProvider (file:///Volumes/X%20SSD%202025/Users/narrowchannel/indiiOS-Clean/node_modules/@radix-ui/react-tooltip/dist/index.mjs:29:5)
    at PromptInput (/Volumes/X SSD 2025/Users/narrowchannel/indiiOS-Clean/packages/renderer/src/components/ui/prompt-input.tsx:44:3)
    at div
    at /Volumes/X SSD 2025/Users/narrowchannel/indiiOS-Clean/packages/renderer/src/core/components/command-bar/PromptArea.tsx:25:54
    at div
    at div
    at div (/Volumes/X SSD 2025/Users/narrowchannel/indiiOS-Clean/packages/renderer/src/core/components/CommandBar.test.tsx:64:13)
    at AnimatePresence (/Volumes/X SSD 2025/Users/narrowchannel/indiiOS-Clean/packages/renderer/src/core/components/CommandBar.test.tsx:70:23)
    at CommandBar (/Volumes/X SSD 2025/Users/narrowchannel/indiiOS-Clean/packages/renderer/src/core/components/CommandBar.tsx:34:41)
Warning: An update to Tooltip inside a test was not wrapped in act(...).

When testing, code that causes React state updates should be wrapped into act(...):

act(() => {
  /* fire events that update state */
});
/* assert on the output */

This ensures that you're testing the behavior the user would see in the browser. Learn more at https://reactjs.org/link/wrap-tests-with-act
    at Tooltip (file:///Volumes/X%20SSD%202025/Users/narrowchannel/indiiOS-Clean/node_modules/@radix-ui/react-tooltip/dist/index.mjs:73:5)
    at PromptInputAction2 (/Volumes/X SSD 2025/Users/narrowchannel/indiiOS-Clean/packages/renderer/src/components/ui/prompt-input.tsx:193:3)
    at div
    at div
    at PromptInputActions2 (/Volumes/X SSD 2025/Users/narrowchannel/indiiOS-Clean/packages/renderer/src/components/ui/prompt-input.tsx:182:3)
    at div
    at Provider (file:///Volumes/X%20SSD%202025/Users/narrowchannel/indiiOS-Clean/node_modules/@radix-ui/react-context/dist/index.mjs:27:15)
    at TooltipProvider (file:///Volumes/X%20SSD%202025/Users/narrowchannel/indiiOS-Clean/node_modules/@radix-ui/react-tooltip/dist/index.mjs:29:5)
    at PromptInput (/Volumes/X SSD 2025/Users/narrowchannel/indiiOS-Clean/packages/renderer/src/components/ui/prompt-input.tsx:44:3)
    at div
    at /Volumes/X SSD 2025/Users/narrowchannel/indiiOS-Clean/packages/renderer/src/core/components/command-bar/PromptArea.tsx:25:54
    at div
    at div
    at div (/Volumes/X SSD 2025/Users/narrowchannel/indiiOS-Clean/packages/renderer/src/core/components/CommandBar.test.tsx:64:13)
    at AnimatePresence (/Volumes/X SSD 2025/Users/narrowchannel/indiiOS-Clean/packages/renderer/src/core/components/CommandBar.test.tsx:70:23)
    at CommandBar (/Volumes/X SSD 2025/Users/narrowchannel/indiiOS-Clean/packages/renderer/src/core/components/CommandBar.tsx:34:41)
Warning: An update to Tooltip inside a test was not wrapped in act(...).

When testing, code that causes React state updates should be wrapped into act(...):

act(() => {
  /* fire events that update state */
});
/* assert on the output */

This ensures that you're testing the behavior the user would see in the browser. Learn more at https://reactjs.org/link/wrap-tests-with-act
    at Tooltip (file:///Volumes/X%20SSD%202025/Users/narrowchannel/indiiOS-Clean/node_modules/@radix-ui/react-tooltip/dist/index.mjs:73:5)
    at PromptInputAction2 (/Volumes/X SSD 2025/Users/narrowchannel/indiiOS-Clean/packages/renderer/src/components/ui/prompt-input.tsx:193:3)
    at div
    at div
    at PromptInputActions2 (/Volumes/X SSD 2025/Users/narrowchannel/indiiOS-Clean/packages/renderer/src/components/ui/prompt-input.tsx:182:3)
    at div
    at Provider (file:///Volumes/X%20SSD%202025/Users/narrowchannel/indiiOS-Clean/node_modules/@radix-ui/react-context/dist/index.mjs:27:15)
    at TooltipProvider (file:///Volumes/X%20SSD%202025/Users/narrowchannel/indiiOS-Clean/node_modules/@radix-ui/react-tooltip/dist/index.mjs:29:5)
    at PromptInput (/Volumes/X SSD 2025/Users/narrowchannel/indiiOS-Clean/packages/renderer/src/components/ui/prompt-input.tsx:44:3)
    at div
    at /Volumes/X SSD 2025/Users/narrowchannel/indiiOS-Clean/packages/renderer/src/core/components/command-bar/PromptArea.tsx:25:54
    at div
    at div
    at div (/Volumes/X SSD 2025/Users/narrowchannel/indiiOS-Clean/packages/renderer/src/core/components/CommandBar.test.tsx:64:13)
    at AnimatePresence (/Volumes/X SSD 2025/Users/narrowchannel/indiiOS-Clean/packages/renderer/src/core/components/CommandBar.test.tsx:70:23)
    at CommandBar (/Volumes/X SSD 2025/Users/narrowchannel/indiiOS-Clean/packages/renderer/src/core/components/CommandBar.tsx:34:41)
Warning: An update to Tooltip inside a test was not wrapped in act(...).

When testing, code that causes React state updates should be wrapped into act(...):

act(() => {
  /* fire events that update state */
});
/* assert on the output */

This ensures that you're testing the behavior the user would see in the browser. Learn more at https://reactjs.org/link/wrap-tests-with-act
    at Tooltip (file:///Volumes/X%20SSD%202025/Users/narrowchannel/indiiOS-Clean/node_modules/@radix-ui/react-tooltip/dist/index.mjs:73:5)
    at PromptInputAction2 (/Volumes/X SSD 2025/Users/narrowchannel/indiiOS-Clean/packages/renderer/src/components/ui/prompt-input.tsx:193:3)
    at div
    at div
    at div
    at PromptInputActions2 (/Volumes/X SSD 2025/Users/narrowchannel/indiiOS-Clean/packages/renderer/src/components/ui/prompt-input.tsx:182:3)
    at div
    at Provider (file:///Volumes/X%20SSD%202025/Users/narrowchannel/indiiOS-Clean/node_modules/@radix-ui/react-context/dist/index.mjs:27:15)
    at TooltipProvider (file:///Volumes/X%20SSD%202025/Users/narrowchannel/indiiOS-Clean/node_modules/@radix-ui/react-tooltip/dist/index.mjs:29:5)
    at PromptInput (/Volumes/X SSD 2025/Users/narrowchannel/indiiOS-Clean/packages/renderer/src/components/ui/prompt-input.tsx:44:3)
    at div
    at /Volumes/X SSD 2025/Users/narrowchannel/indiiOS-Clean/packages/renderer/src/core/components/command-bar/PromptArea.tsx:25:54
    at div
    at div
    at div (/Volumes/X SSD 2025/Users/narrowchannel/indiiOS-Clean/packages/renderer/src/core/components/CommandBar.test.tsx:64:13)
    at AnimatePresence (/Volumes/X SSD 2025/Users/narrowchannel/indiiOS-Clean/packages/renderer/src/core/components/CommandBar.test.tsx:70:23)
    at CommandBar (/Volumes/X SSD 2025/Users/narrowchannel/indiiOS-Clean/packages/renderer/src/core/components/CommandBar.tsx:34:41)
Warning: An update to Tooltip inside a test was not wrapped in act(...).

When testing, code that causes React state updates should be wrapped into act(...):

act(() => {
  /* fire events that update state */
});
/* assert on the output */

This ensures that you're testing the behavior the user would see in the browser. Learn more at https://reactjs.org/link/wrap-tests-with-act
    at Tooltip (file:///Volumes/X%20SSD%202025/Users/narrowchannel/indiiOS-Clean/node_modules/@radix-ui/react-tooltip/dist/index.mjs:73:5)
    at PromptInputAction2 (/Volumes/X SSD 2025/Users/narrowchannel/indiiOS-Clean/packages/renderer/src/components/ui/prompt-input.tsx:193:3)
    at div
    at div
    at div
    at PromptInputActions2 (/Volumes/X SSD 2025/Users/narrowchannel/indiiOS-Clean/packages/renderer/src/components/ui/prompt-input.tsx:182:3)
    at div
    at Provider (file:///Volumes/X%20SSD%202025/Users/narrowchannel/indiiOS-Clean/node_modules/@radix-ui/react-context/dist/index.mjs:27:15)
    at TooltipProvider (file:///Volumes/X%20SSD%202025/Users/narrowchannel/indiiOS-Clean/node_modules/@radix-ui/react-tooltip/dist/index.mjs:29:5)
    at PromptInput (/Volumes/X SSD 2025/Users/narrowchannel/indiiOS-Clean/packages/renderer/src/components/ui/prompt-input.tsx:44:3)
    at div
    at /Volumes/X SSD 2025/Users/narrowchannel/indiiOS-Clean/packages/renderer/src/core/components/command-bar/PromptArea.tsx:25:54
    at div
    at div
    at div (/Volumes/X SSD 2025/Users/narrowchannel/indiiOS-Clean/packages/renderer/src/core/components/CommandBar.test.tsx:64:13)
    at AnimatePresence (/Volumes/X SSD 2025/Users/narrowchannel/indiiOS-Clean/packages/renderer/src/core/components/CommandBar.test.tsx:70:23)
    at CommandBar (/Volumes/X SSD 2025/Users/narrowchannel/indiiOS-Clean/packages/renderer/src/core/components/CommandBar.tsx:34:41)
Warning: An update to Tooltip inside a test was not wrapped in act(...).

When testing, code that causes React state updates should be wrapped into act(...):

act(() => {
  /* fire events that update state */
});
/* assert on the output */

This ensures that you're testing the behavior the user would see in the browser. Learn more at https://reactjs.org/link/wrap-tests-with-act
    at Tooltip (file:///Volumes/X%20SSD%202025/Users/narrowchannel/indiiOS-Clean/node_modules/@radix-ui/react-tooltip/dist/index.mjs:73:5)
    at PromptInputAction2 (/Volumes/X SSD 2025/Users/narrowchannel/indiiOS-Clean/packages/renderer/src/components/ui/prompt-input.tsx:193:3)
    at div
    at div
    at PromptInputActions2 (/Volumes/X SSD 2025/Users/narrowchannel/indiiOS-Clean/packages/renderer/src/components/ui/prompt-input.tsx:182:3)
    at div
    at Provider (file:///Volumes/X%20SSD%202025/Users/narrowchannel/indiiOS-Clean/node_modules/@radix-ui/react-context/dist/index.mjs:27:15)
    at TooltipProvider (file:///Volumes/X%20SSD%202025/Users/narrowchannel/indiiOS-Clean/node_modules/@radix-ui/react-tooltip/dist/index.mjs:29:5)
    at PromptInput (/Volumes/X SSD 2025/Users/narrowchannel/indiiOS-Clean/packages/renderer/src/components/ui/prompt-input.tsx:44:3)
    at div
    at /Volumes/X SSD 2025/Users/narrowchannel/indiiOS-Clean/packages/renderer/src/core/components/command-bar/PromptArea.tsx:25:54
    at div
    at div
    at div (/Volumes/X SSD 2025/Users/narrowchannel/indiiOS-Clean/packages/renderer/src/core/components/CommandBar.test.tsx:64:13)
    at AnimatePresence (/Volumes/X SSD 2025/Users/narrowchannel/indiiOS-Clean/packages/renderer/src/core/components/CommandBar.test.tsx:70:23)
    at CommandBar (/Volumes/X SSD 2025/Users/narrowchannel/indiiOS-Clean/packages/renderer/src/core/components/CommandBar.tsx:34:41)
Warning: An update to null inside a test was not wrapped in act(...).

When testing, code that causes React state updates should be wrapped into act(...):

act(() => {
  /* fire events that update state */
});
/* assert on the output */

This ensures that you're testing the behavior the user would see in the browser. Learn more at https://reactjs.org/link/wrap-tests-with-act
    at /Volumes/X SSD 2025/Users/narrowchannel/indiiOS-Clean/packages/renderer/src/core/components/command-bar/PromptArea.tsx:25:54
    at div
    at div
    at div (/Volumes/X SSD 2025/Users/narrowchannel/indiiOS-Clean/packages/renderer/src/core/components/CommandBar.test.tsx:64:13)
    at AnimatePresence (/Volumes/X SSD 2025/Users/narrowchannel/indiiOS-Clean/packages/renderer/src/core/components/CommandBar.test.tsx:70:23)
    at CommandBar (/Volumes/X SSD 2025/Users/narrowchannel/indiiOS-Clean/packages/renderer/src/core/components/CommandBar.tsx:34:41)
Warning: An update to CommandBar inside a test was not wrapped in act(...).

When testing, code that causes React state updates should be wrapped into act(...):

act(() => {
  /* fire events that update state */
});
/* assert on the output */

This ensures that you're testing the behavior the user would see in the browser. Learn more at https://reactjs.org/link/wrap-tests-with-act
    at CommandBar (/Volumes/X SSD 2025/Users/narrowchannel/indiiOS-Clean/packages/renderer/src/core/components/CommandBar.tsx:34:41)
Warning: An update to null inside a test was not wrapped in act(...).

When testing, code that causes React state updates should be wrapped into act(...):

act(() => {
  /* fire events that update state */
});
/* assert on the output */

This ensures that you're testing the behavior the user would see in the browser. Learn more at https://reactjs.org/link/wrap-tests-with-act
    at /Volumes/X SSD 2025/Users/narrowchannel/indiiOS-Clean/packages/renderer/src/core/components/command-bar/PromptArea.tsx:25:54
    at div
    at div
    at div (/Volumes/X SSD 2025/Users/narrowchannel/indiiOS-Clean/packages/renderer/src/core/components/CommandBar.test.tsx:64:13)
    at AnimatePresence (/Volumes/X SSD 2025/Users/narrowchannel/indiiOS-Clean/packages/renderer/src/core/components/CommandBar.test.tsx:70:23)
    at CommandBar (/Volumes/X SSD 2025/Users/narrowchannel/indiiOS-Clean/packages/renderer/src/core/components/CommandBar.tsx:34:41)
Warning: An update to CommandBar inside a test was not wrapped in act(...).

When testing, code that causes React state updates should be wrapped into act(...):

act(() => {
  /* fire events that update state */
});
/* assert on the output */

This ensures that you're testing the behavior the user would see in the browser. Learn more at https://reactjs.org/link/wrap-tests-with-act
    at CommandBar (/Volumes/X SSD 2025/Users/narrowchannel/indiiOS-Clean/packages/renderer/src/core/components/CommandBar.tsx:34:41)
Warning: An update to CommandBar inside a test was not wrapped in act(...).

When testing, code that causes React state updates should be wrapped into act(...):

act(() => {
  /* fire events that update state */
});
/* assert on the output */

This ensures that you're testing the behavior the user would see in the browser. Learn more at https://reactjs.org/link/wrap-tests-with-act
    at CommandBar (/Volumes/X SSD 2025/Users/narrowchannel/indiiOS-Clean/packages/renderer/src/core/components/CommandBar.tsx:34:41)
Warning: An update to Tooltip inside a test was not wrapped in act(...).

When testing, code that causes React state updates should be wrapped into act(...):

act(() => {
  /* fire events that update state */
});
/* assert on the output */

This ensures that you're testing the behavior the user would see in the browser. Learn more at https://reactjs.org/link/wrap-tests-with-act
    at Tooltip (file:///Volumes/X%20SSD%202025/Users/narrowchannel/indiiOS-Clean/node_modules/@radix-ui/react-tooltip/dist/index.mjs:73:5)
    at PromptInputAction2 (/Volumes/X SSD 2025/Users/narrowchannel/indiiOS-Clean/packages/renderer/src/components/ui/prompt-input.tsx:193:3)
    at div
    at div
    at div
    at PromptInputActions2 (/Volumes/X SSD 2025/Users/narrowchannel/indiiOS-Clean/packages/renderer/src/components/ui/prompt-input.tsx:182:3)
    at div
    at Provider (file:///Volumes/X%20SSD%202025/Users/narrowchannel/indiiOS-Clean/node_modules/@radix-ui/react-context/dist/index.mjs:27:15)
    at TooltipProvider (file:///Volumes/X%20SSD%202025/Users/narrowchannel/indiiOS-Clean/node_modules/@radix-ui/react-tooltip/dist/index.mjs:29:5)
    at PromptInput (/Volumes/X SSD 2025/Users/narrowchannel/indiiOS-Clean/packages/renderer/src/components/ui/prompt-input.tsx:44:3)
    at div
    at /Volumes/X SSD 2025/Users/narrowchannel/indiiOS-Clean/packages/renderer/src/core/components/command-bar/PromptArea.tsx:25:54
    at div
    at div
    at div (/Volumes/X SSD 2025/Users/narrowchannel/indiiOS-Clean/packages/renderer/src/core/components/CommandBar.test.tsx:64:13)
    at AnimatePresence (/Volumes/X SSD 2025/Users/narrowchannel/indiiOS-Clean/packages/renderer/src/core/components/CommandBar.test.tsx:70:23)
    at CommandBar (/Volumes/X SSD 2025/Users/narrowchannel/indiiOS-Clean/packages/renderer/src/core/components/CommandBar.tsx:34:41)
Warning: An update to Tooltip inside a test was not wrapped in act(...).

When testing, code that causes React state updates should be wrapped into act(...):

act(() => {
  /* fire events that update state */
});
/* assert on the output */

This ensures that you're testing the behavior the user would see in the browser. Learn more at https://reactjs.org/link/wrap-tests-with-act
    at Tooltip (file:///Volumes/X%20SSD%202025/Users/narrowchannel/indiiOS-Clean/node_modules/@radix-ui/react-tooltip/dist/index.mjs:73:5)
    at PromptInputAction2 (/Volumes/X SSD 2025/Users/narrowchannel/indiiOS-Clean/packages/renderer/src/components/ui/prompt-input.tsx:193:3)
    at div
    at div
    at PromptInputActions2 (/Volumes/X SSD 2025/Users/narrowchannel/indiiOS-Clean/packages/renderer/src/components/ui/prompt-input.tsx:182:3)
    at div
    at Provider (file:///Volumes/X%20SSD%202025/Users/narrowchannel/indiiOS-Clean/node_modules/@radix-ui/react-context/dist/index.mjs:27:15)
    at TooltipProvider (file:///Volumes/X%20SSD%202025/Users/narrowchannel/indiiOS-Clean/node_modules/@radix-ui/react-tooltip/dist/index.mjs:29:5)
    at PromptInput (/Volumes/X SSD 2025/Users/narrowchannel/indiiOS-Clean/packages/renderer/src/components/ui/prompt-input.tsx:44:3)
    at div
    at /Volumes/X SSD 2025/Users/narrowchannel/indiiOS-Clean/packages/renderer/src/core/components/command-bar/PromptArea.tsx:25:54
    at div
    at div
    at div (/Volumes/X SSD 2025/Users/narrowchannel/indiiOS-Clean/packages/renderer/src/core/components/CommandBar.test.tsx:64:13)
    at AnimatePresence (/Volumes/X SSD 2025/Users/narrowchannel/indiiOS-Clean/packages/renderer/src/core/components/CommandBar.test.tsx:70:23)
    at CommandBar (/Volumes/X SSD 2025/Users/narrowchannel/indiiOS-Clean/packages/renderer/src/core/components/CommandBar.tsx:34:41)
Warning: An update to Tooltip inside a test was not wrapped in act(...).

When testing, code that causes React state updates should be wrapped into act(...):

act(() => {
  /* fire events that update state */
});
/* assert on the output */

This ensures that you're testing the behavior the user would see in the browser. Learn more at https://reactjs.org/link/wrap-tests-with-act
    at Tooltip (file:///Volumes/X%20SSD%202025/Users/narrowchannel/indiiOS-Clean/node_modules/@radix-ui/react-tooltip/dist/index.mjs:73:5)
    at PromptInputAction2 (/Volumes/X SSD 2025/Users/narrowchannel/indiiOS-Clean/packages/renderer/src/components/ui/prompt-input.tsx:193:3)
    at div
    at div
    at PromptInputActions2 (/Volumes/X SSD 2025/Users/narrowchannel/indiiOS-Clean/packages/renderer/src/components/ui/prompt-input.tsx:182:3)
    at div
    at Provider (file:///Volumes/X%20SSD%202025/Users/narrowchannel/indiiOS-Clean/node_modules/@radix-ui/react-context/dist/index.mjs:27:15)
    at TooltipProvider (file:///Volumes/X%20SSD%202025/Users/narrowchannel/indiiOS-Clean/node_modules/@radix-ui/react-tooltip/dist/index.mjs:29:5)
    at PromptInput (/Volumes/X SSD 2025/Users/narrowchannel/indiiOS-Clean/packages/renderer/src/components/ui/prompt-input.tsx:44:3)
    at div
    at /Volumes/X SSD 2025/Users/narrowchannel/indiiOS-Clean/packages/renderer/src/core/components/command-bar/PromptArea.tsx:25:54
    at div
    at div
    at div (/Volumes/X SSD 2025/Users/narrowchannel/indiiOS-Clean/packages/renderer/src/core/components/CommandBar.test.tsx:64:13)
    at AnimatePresence (/Volumes/X SSD 2025/Users/narrowchannel/indiiOS-Clean/packages/renderer/src/core/components/CommandBar.test.tsx:70:23)
    at CommandBar (/Volumes/X SSD 2025/Users/narrowchannel/indiiOS-Clean/packages/renderer/src/core/components/CommandBar.tsx:34:41)
Warning: An update to Tooltip inside a test was not wrapped in act(...).

When testing, code that causes React state updates should be wrapped into act(...):

act(() => {
  /* fire events that update state */
});
/* assert on the output */

This ensures that you're testing the behavior the user would see in the browser. Learn more at https://reactjs.org/link/wrap-tests-with-act
    at Tooltip (file:///Volumes/X%20SSD%202025/Users/narrowchannel/indiiOS-Clean/node_modules/@radix-ui/react-tooltip/dist/index.mjs:73:5)
    at PromptInputAction2 (/Volumes/X SSD 2025/Users/narrowchannel/indiiOS-Clean/packages/renderer/src/components/ui/prompt-input.tsx:193:3)
    at div
    at div
    at div
    at PromptInputActions2 (/Volumes/X SSD 2025/Users/narrowchannel/indiiOS-Clean/packages/renderer/src/components/ui/prompt-input.tsx:182:3)
    at div
    at Provider (file:///Volumes/X%20SSD%202025/Users/narrowchannel/indiiOS-Clean/node_modules/@radix-ui/react-context/dist/index.mjs:27:15)
    at TooltipProvider (file:///Volumes/X%20SSD%202025/Users/narrowchannel/indiiOS-Clean/node_modules/@radix-ui/react-tooltip/dist/index.mjs:29:5)
    at PromptInput (/Volumes/X SSD 2025/Users/narrowchannel/indiiOS-Clean/packages/renderer/src/components/ui/prompt-input.tsx:44:3)
    at div
    at /Volumes/X SSD 2025/Users/narrowchannel/indiiOS-Clean/packages/renderer/src/core/components/command-bar/PromptArea.tsx:25:54
    at div
    at div
    at div (/Volumes/X SSD 2025/Users/narrowchannel/indiiOS-Clean/packages/renderer/src/core/components/CommandBar.test.tsx:64:13)
    at AnimatePresence (/Volumes/X SSD 2025/Users/narrowchannel/indiiOS-Clean/packages/renderer/src/core/components/CommandBar.test.tsx:70:23)
    at CommandBar (/Volumes/X SSD 2025/Users/narrowchannel/indiiOS-Clean/packages/renderer/src/core/components/CommandBar.tsx:34:41)
Warning: An update to Tooltip inside a test was not wrapped in act(...).

When testing, code that causes React state updates should be wrapped into act(...):

act(() => {
  /* fire events that update state */
});
/* assert on the output */

This ensures that you're testing the behavior the user would see in the browser. Learn more at https://reactjs.org/link/wrap-tests-with-act
    at Tooltip (file:///Volumes/X%20SSD%202025/Users/narrowchannel/indiiOS-Clean/node_modules/@radix-ui/react-tooltip/dist/index.mjs:73:5)
    at PromptInputAction2 (/Volumes/X SSD 2025/Users/narrowchannel/indiiOS-Clean/packages/renderer/src/components/ui/prompt-input.tsx:193:3)
    at div
    at div
    at div
    at PromptInputActions2 (/Volumes/X SSD 2025/Users/narrowchannel/indiiOS-Clean/packages/renderer/src/components/ui/prompt-input.tsx:182:3)
    at div
    at Provider (file:///Volumes/X%20SSD%202025/Users/narrowchannel/indiiOS-Clean/node_modules/@radix-ui/react-context/dist/index.mjs:27:15)
    at TooltipProvider (file:///Volumes/X%20SSD%202025/Users/narrowchannel/indiiOS-Clean/node_modules/@radix-ui/react-tooltip/dist/index.mjs:29:5)
    at PromptInput (/Volumes/X SSD 2025/Users/narrowchannel/indiiOS-Clean/packages/renderer/src/components/ui/prompt-input.tsx:44:3)
    at div
    at /Volumes/X SSD 2025/Users/narrowchannel/indiiOS-Clean/packages/renderer/src/core/components/command-bar/PromptArea.tsx:25:54
    at div
    at div
    at div (/Volumes/X SSD 2025/Users/narrowchannel/indiiOS-Clean/packages/renderer/src/core/components/CommandBar.test.tsx:64:13)
    at AnimatePresence (/Volumes/X SSD 2025/Users/narrowchannel/indiiOS-Clean/packages/renderer/src/core/components/CommandBar.test.tsx:70:23)
    at CommandBar (/Volumes/X SSD 2025/Users/narrowchannel/indiiOS-Clean/packages/renderer/src/core/components/CommandBar.tsx:34:41)
Warning: An update to Tooltip inside a test was not wrapped in act(...).

When testing, code that causes React state updates should be wrapped into act(...):

act(() => {
  /* fire events that update state */
});
/* assert on the output */

This ensures that you're testing the behavior the user would see in the browser. Learn more at https://reactjs.org/link/wrap-tests-with-act
    at Tooltip (file:///Volumes/X%20SSD%202025/Users/narrowchannel/indiiOS-Clean/node_modules/@radix-ui/react-tooltip/dist/index.mjs:73:5)
    at PromptInputAction2 (/Volumes/X SSD 2025/Users/narrowchannel/indiiOS-Clean/packages/renderer/src/components/ui/prompt-input.tsx:193:3)
    at div
    at div
    at PromptInputActions2 (/Volumes/X SSD 2025/Users/narrowchannel/indiiOS-Clean/packages/renderer/src/components/ui/prompt-input.tsx:182:3)
    at div
    at Provider (file:///Volumes/X%20SSD%202025/Users/narrowchannel/indiiOS-Clean/node_modules/@radix-ui/react-context/dist/index.mjs:27:15)
    at TooltipProvider (file:///Volumes/X%20SSD%202025/Users/narrowchannel/indiiOS-Clean/node_modules/@radix-ui/react-tooltip/dist/index.mjs:29:5)
    at PromptInput (/Volumes/X SSD 2025/Users/narrowchannel/indiiOS-Clean/packages/renderer/src/components/ui/prompt-input.tsx:44:3)
    at div
    at /Volumes/X SSD 2025/Users/narrowchannel/indiiOS-Clean/packages/renderer/src/core/components/command-bar/PromptArea.tsx:25:54
    at div
    at div
    at div (/Volumes/X SSD 2025/Users/narrowchannel/indiiOS-Clean/packages/renderer/src/core/components/CommandBar.test.tsx:64:13)
    at AnimatePresence (/Volumes/X SSD 2025/Users/narrowchannel/indiiOS-Clean/packages/renderer/src/core/components/CommandBar.test.tsx:70:23)
    at CommandBar (/Volumes/X SSD 2025/Users/narrowchannel/indiiOS-Clean/packages/renderer/src/core/components/CommandBar.tsx:34:41)
Warning: An update to Tooltip inside a test was not wrapped in act(...).

When testing, code that causes React state updates should be wrapped into act(...):

act(() => {
  /* fire events that update state */
});
/* assert on the output */

This ensures that you're testing the behavior the user would see in the browser. Learn more at https://reactjs.org/link/wrap-tests-with-act
    at Tooltip (file:///Volumes/X%20SSD%202025/Users/narrowchannel/indiiOS-Clean/node_modules/@radix-ui/react-tooltip/dist/index.mjs:73:5)
    at PromptInputAction2 (/Volumes/X SSD 2025/Users/narrowchannel/indiiOS-Clean/packages/renderer/src/components/ui/prompt-input.tsx:193:3)
    at div
    at div
    at div
    at PromptInputActions2 (/Volumes/X SSD 2025/Users/narrowchannel/indiiOS-Clean/packages/renderer/src/components/ui/prompt-input.tsx:182:3)
    at div
    at Provider (file:///Volumes/X%20SSD%202025/Users/narrowchannel/indiiOS-Clean/node_modules/@radix-ui/react-context/dist/index.mjs:27:15)
    at TooltipProvider (file:///Volumes/X%20SSD%202025/Users/narrowchannel/indiiOS-Clean/node_modules/@radix-ui/react-tooltip/dist/index.mjs:29:5)
    at PromptInput (/Volumes/X SSD 2025/Users/narrowchannel/indiiOS-Clean/packages/renderer/src/components/ui/prompt-input.tsx:44:3)
    at div
    at /Volumes/X SSD 2025/Users/narrowchannel/indiiOS-Clean/packages/renderer/src/core/components/command-bar/PromptArea.tsx:25:54
    at div
    at div
    at div (/Volumes/X SSD 2025/Users/narrowchannel/indiiOS-Clean/packages/renderer/src/core/components/CommandBar.test.tsx:64:13)
    at AnimatePresence (/Volumes/X SSD 2025/Users/narrowchannel/indiiOS-Clean/packages/renderer/src/core/components/CommandBar.test.tsx:70:23)
    at CommandBar (/Volumes/X SSD 2025/Users/narrowchannel/indiiOS-Clean/packages/renderer/src/core/components/CommandBar.tsx:34:41)
Warning: An update to Tooltip inside a test was not wrapped in act(...).

When testing, code that causes React state updates should be wrapped into act(...):

act(() => {
  /* fire events that update state */
});
/* assert on the output */

This ensures that you're testing the behavior the user would see in the browser. Learn more at https://reactjs.org/link/wrap-tests-with-act
    at Tooltip (file:///Volumes/X%20SSD%202025/Users/narrowchannel/indiiOS-Clean/node_modules/@radix-ui/react-tooltip/dist/index.mjs:73:5)
    at PromptInputAction2 (/Volumes/X SSD 2025/Users/narrowchannel/indiiOS-Clean/packages/renderer/src/components/ui/prompt-input.tsx:193:3)
    at div
    at div
    at PromptInputActions2 (/Volumes/X SSD 2025/Users/narrowchannel/indiiOS-Clean/packages/renderer/src/components/ui/prompt-input.tsx:182:3)
    at div
    at Provider (file:///Volumes/X%20SSD%202025/Users/narrowchannel/indiiOS-Clean/node_modules/@radix-ui/react-context/dist/index.mjs:27:15)
    at TooltipProvider (file:///Volumes/X%20SSD%202025/Users/narrowchannel/indiiOS-Clean/node_modules/@radix-ui/react-tooltip/dist/index.mjs:29:5)
    at PromptInput (/Volumes/X SSD 2025/Users/narrowchannel/indiiOS-Clean/packages/renderer/src/components/ui/prompt-input.tsx:44:3)
    at div
    at /Volumes/X SSD 2025/Users/narrowchannel/indiiOS-Clean/packages/renderer/src/core/components/command-bar/PromptArea.tsx:25:54
    at div
    at div
    at div (/Volumes/X SSD 2025/Users/narrowchannel/indiiOS-Clean/packages/renderer/src/core/components/CommandBar.test.tsx:64:13)
    at AnimatePresence (/Volumes/X SSD 2025/Users/narrowchannel/indiiOS-Clean/packages/renderer/src/core/components/CommandBar.test.tsx:70:23)
    at CommandBar (/Volumes/X SSD 2025/Users/narrowchannel/indiiOS-Clean/packages/renderer/src/core/components/CommandBar.tsx:34:41)
Warning: An update to Tooltip inside a test was not wrapped in act(...).

When testing, code that causes React state updates should be wrapped into act(...):

act(() => {
  /* fire events that update state */
});
/* assert on the output */

This ensures that you're testing the behavior the user would see in the browser. Learn more at https://reactjs.org/link/wrap-tests-with-act
    at Tooltip (file:///Volumes/X%20SSD%202025/Users/narrowchannel/indiiOS-Clean/node_modules/@radix-ui/react-tooltip/dist/index.mjs:73:5)
    at PromptInputAction2 (/Volumes/X SSD 2025/Users/narrowchannel/indiiOS-Clean/packages/renderer/src/components/ui/prompt-input.tsx:193:3)
    at div
    at div
    at PromptInputActions2 (/Volumes/X SSD 2025/Users/narrowchannel/indiiOS-Clean/packages/renderer/src/components/ui/prompt-input.tsx:182:3)
    at div
    at Provider (file:///Volumes/X%20SSD%202025/Users/narrowchannel/indiiOS-Clean/node_modules/@radix-ui/react-context/dist/index.mjs:27:15)
    at TooltipProvider (file:///Volumes/X%20SSD%202025/Users/narrowchannel/indiiOS-Clean/node_modules/@radix-ui/react-tooltip/dist/index.mjs:29:5)
    at PromptInput (/Volumes/X SSD 2025/Users/narrowchannel/indiiOS-Clean/packages/renderer/src/components/ui/prompt-input.tsx:44:3)
    at div
    at /Volumes/X SSD 2025/Users/narrowchannel/indiiOS-Clean/packages/renderer/src/core/components/command-bar/PromptArea.tsx:25:54
    at div
    at div
    at div (/Volumes/X SSD 2025/Users/narrowchannel/indiiOS-Clean/packages/renderer/src/core/components/CommandBar.test.tsx:64:13)
    at AnimatePresence (/Volumes/X SSD 2025/Users/narrowchannel/indiiOS-Clean/packages/renderer/src/core/components/CommandBar.test.tsx:70:23)
    at CommandBar (/Volumes/X SSD 2025/Users/narrowchannel/indiiOS-Clean/packages/renderer/src/core/components/CommandBar.tsx:34:41)
Warning: An update to Tooltip inside a test was not wrapped in act(...).

When testing, code that causes React state updates should be wrapped into act(...):

act(() => {
  /* fire events that update state */
});
/* assert on the output */

This ensures that you're testing the behavior the user would see in the browser. Learn more at https://reactjs.org/link/wrap-tests-with-act
    at Tooltip (file:///Volumes/X%20SSD%202025/Users/narrowchannel/indiiOS-Clean/node_modules/@radix-ui/react-tooltip/dist/index.mjs:73:5)
    at PromptInputAction2 (/Volumes/X SSD 2025/Users/narrowchannel/indiiOS-Clean/packages/renderer/src/components/ui/prompt-input.tsx:193:3)
    at div
    at div
    at div
    at PromptInputActions2 (/Volumes/X SSD 2025/Users/narrowchannel/indiiOS-Clean/packages/renderer/src/components/ui/prompt-input.tsx:182:3)
    at div
    at Provider (file:///Volumes/X%20SSD%202025/Users/narrowchannel/indiiOS-Clean/node_modules/@radix-ui/react-context/dist/index.mjs:27:15)
    at TooltipProvider (file:///Volumes/X%20SSD%202025/Users/narrowchannel/indiiOS-Clean/node_modules/@radix-ui/react-tooltip/dist/index.mjs:29:5)
    at PromptInput (/Volumes/X SSD 2025/Users/narrowchannel/indiiOS-Clean/packages/renderer/src/components/ui/prompt-input.tsx:44:3)
    at div
    at /Volumes/X SSD 2025/Users/narrowchannel/indiiOS-Clean/packages/renderer/src/core/components/command-bar/PromptArea.tsx:25:54
    at div
    at div
    at div (/Volumes/X SSD 2025/Users/narrowchannel/indiiOS-Clean/packages/renderer/src/core/components/CommandBar.test.tsx:64:13)
    at AnimatePresence (/Volumes/X SSD 2025/Users/narrowchannel/indiiOS-Clean/packages/renderer/src/core/components/CommandBar.test.tsx:70:23)
    at CommandBar (/Volumes/X SSD 2025/Users/narrowchannel/indiiOS-Clean/packages/renderer/src/core/components/CommandBar.tsx:34:41)
Warning: An update to Tooltip inside a test was not wrapped in act(...).

When testing, code that causes React state updates should be wrapped into act(...):

act(() => {
  /* fire events that update state */
});
/* assert on the output */

This ensures that you're testing the behavior the user would see in the browser. Learn more at https://reactjs.org/link/wrap-tests-with-act
    at Tooltip (file:///Volumes/X%20SSD%202025/Users/narrowchannel/indiiOS-Clean/node_modules/@radix-ui/react-tooltip/dist/index.mjs:73:5)
    at PromptInputAction2 (/Volumes/X SSD 2025/Users/narrowchannel/indiiOS-Clean/packages/renderer/src/components/ui/prompt-input.tsx:193:3)
    at div
    at div
    at div
    at PromptInputActions2 (/Volumes/X SSD 2025/Users/narrowchannel/indiiOS-Clean/packages/renderer/src/components/ui/prompt-input.tsx:182:3)
    at div
    at Provider (file:///Volumes/X%20SSD%202025/Users/narrowchannel/indiiOS-Clean/node_modules/@radix-ui/react-context/dist/index.mjs:27:15)
    at TooltipProvider (file:///Volumes/X%20SSD%202025/Users/narrowchannel/indiiOS-Clean/node_modules/@radix-ui/react-tooltip/dist/index.mjs:29:5)
    at PromptInput (/Volumes/X SSD 2025/Users/narrowchannel/indiiOS-Clean/packages/renderer/src/components/ui/prompt-input.tsx:44:3)
    at div
    at /Volumes/X SSD 2025/Users/narrowchannel/indiiOS-Clean/packages/renderer/src/core/components/command-bar/PromptArea.tsx:25:54
    at div
    at div
    at div (/Volumes/X SSD 2025/Users/narrowchannel/indiiOS-Clean/packages/renderer/src/core/components/CommandBar.test.tsx:64:13)
    at AnimatePresence (/Volumes/X SSD 2025/Users/narrowchannel/indiiOS-Clean/packages/renderer/src/core/components/CommandBar.test.tsx:70:23)
    at CommandBar (/Volumes/X SSD 2025/Users/narrowchannel/indiiOS-Clean/packages/renderer/src/core/components/CommandBar.tsx:34:41)
Warning: An update to Tooltip inside a test was not wrapped in act(...).

When testing, code that causes React state updates should be wrapped into act(...):

act(() => {
  /* fire events that update state */
});
/* assert on the output */

This ensures that you're testing the behavior the user would see in the browser. Learn more at https://reactjs.org/link/wrap-tests-with-act
    at Tooltip (file:///Volumes/X%20SSD%202025/Users/narrowchannel/indiiOS-Clean/node_modules/@radix-ui/react-tooltip/dist/index.mjs:73:5)
    at PromptInputAction2 (/Volumes/X SSD 2025/Users/narrowchannel/indiiOS-Clean/packages/renderer/src/components/ui/prompt-input.tsx:193:3)
    at div
    at div
    at PromptInputActions2 (/Volumes/X SSD 2025/Users/narrowchannel/indiiOS-Clean/packages/renderer/src/components/ui/prompt-input.tsx:182:3)
    at div
    at Provider (file:///Volumes/X%20SSD%202025/Users/narrowchannel/indiiOS-Clean/node_modules/@radix-ui/react-context/dist/index.mjs:27:15)
    at TooltipProvider (file:///Volumes/X%20SSD%202025/Users/narrowchannel/indiiOS-Clean/node_modules/@radix-ui/react-tooltip/dist/index.mjs:29:5)
    at PromptInput (/Volumes/X SSD 2025/Users/narrowchannel/indiiOS-Clean/packages/renderer/src/components/ui/prompt-input.tsx:44:3)
    at div
    at /Volumes/X SSD 2025/Users/narrowchannel/indiiOS-Clean/packages/renderer/src/core/components/command-bar/PromptArea.tsx:25:54
    at div
    at div
    at div (/Volumes/X SSD 2025/Users/narrowchannel/indiiOS-Clean/packages/renderer/src/core/components/CommandBar.test.tsx:64:13)
    at AnimatePresence (/Volumes/X SSD 2025/Users/narrowchannel/indiiOS-Clean/packages/renderer/src/core/components/CommandBar.test.tsx:70:23)
    at CommandBar (/Volumes/X SSD 2025/Users/narrowchannel/indiiOS-Clean/packages/renderer/src/core/components/CommandBar.tsx:34:41)

·····stdout | packages/renderer/src/core/components/CommandBar.test.tsx > CommandBar > renders active Indii state and allows switching to agent via menu
[PromptArea] handleSubmit fired! { commandBarInput: 'Hello Indii' }

·······stdout | packages/renderer/src/core/components/CommandBar.test.tsx > CommandBar > sends a message when form is submitted
[PromptArea] handleSubmit fired! { commandBarInput: 'Hello agent' }

·············(node:8954) Warning: `--localstorage-file` was provided without a valid path
(Use `node --trace-warnings ...` to show where the warning was created)
·stdout | packages/renderer/src/core/components/chat/__tests__/ToolOutputRenderer.test.tsx
[AgentRegistry] Pre-warming Generalist agent...
[AgentRegistry] Loading agent 'generalist'...

stderr | packages/renderer/src/core/components/chat/__tests__/ToolOutputRenderer.test.tsx
Warning: Please use the `legacy` build in Node.js environments.

····stderr | packages/renderer/src/modules/merchandise/components/StandardMerch.pulse.test.tsx > StandardMerch Loading States (Pulse) > displays loading indicator when data is fetching
Warning: React does not recognize the `fetchPriority` prop on a DOM element. If you intentionally want it to appear in the DOM as a custom attribute, spell it as lowercase `fetchpriority` instead. If you accidentally passed it from a parent component, remove it from the DOM element.
    at img
    at div
    at div
    at StandardMerch

··stderr | packages/renderer/src/core/components/CommandBar.responsive.test.tsx > 📱 Viewport: CommandBar Responsiveness > adapts layout for mobile devices (JS-driven adaptation)
Warning: Received `false` for a non-boolean attribute `initial`.

If you want to write it to the DOM, pass a string instead: initial="false" or initial={value.toString()}.

If you used to conditionally omit it with initial={condition && value}, pass initial={condition ? value : undefined} instead.
    at div
    at div (/Volumes/X SSD 2025/Users/narrowchannel/indiiOS-Clean/packages/renderer/src/core/components/CommandBar.responsive.test.tsx:111:13)
    at AnimatePresence (/Volumes/X SSD 2025/Users/narrowchannel/indiiOS-Clean/packages/renderer/src/core/components/CommandBar.responsive.test.tsx:117:23)
    at CommandBar (/Volumes/X SSD 2025/Users/narrowchannel/indiiOS-Clean/packages/renderer/src/core/components/CommandBar.tsx:34:41)
Warning: Received `true` for a non-boolean attribute `drag`.

If you want to write it to the DOM, pass a string instead: drag="true" or drag={value.toString()}.
    at div
    at div (/Volumes/X SSD 2025/Users/narrowchannel/indiiOS-Clean/packages/renderer/src/core/components/CommandBar.responsive.test.tsx:111:13)
    at AnimatePresence (/Volumes/X SSD 2025/Users/narrowchannel/indiiOS-Clean/packages/renderer/src/core/components/CommandBar.responsive.test.tsx:117:23)
    at CommandBar (/Volumes/X SSD 2025/Users/narrowchannel/indiiOS-Clean/packages/renderer/src/core/components/CommandBar.tsx:34:41)
Warning: React does not recognize the `dragMomentum` prop on a DOM element. If you intentionally want it to appear in the DOM as a custom attribute, spell it as lowercase `dragmomentum` instead. If you accidentally passed it from a parent component, remove it from the DOM element.
    at div
    at div (/Volumes/X SSD 2025/Users/narrowchannel/indiiOS-Clean/packages/renderer/src/core/components/CommandBar.responsive.test.tsx:111:13)
    at AnimatePresence (/Volumes/X SSD 2025/Users/narrowchannel/indiiOS-Clean/packages/renderer/src/core/components/CommandBar.responsive.test.tsx:117:23)
    at CommandBar (/Volumes/X SSD 2025/Users/narrowchannel/indiiOS-Clean/packages/renderer/src/core/components/CommandBar.tsx:34:41)
Warning: React does not recognize the `dragElastic` prop on a DOM element. If you intentionally want it to appear in the DOM as a custom attribute, spell it as lowercase `dragelastic` instead. If you accidentally passed it from a parent component, remove it from the DOM element.
    at div
    at div (/Volumes/X SSD 2025/Users/narrowchannel/indiiOS-Clean/packages/renderer/src/core/components/CommandBar.responsive.test.tsx:111:13)
    at AnimatePresence (/Volumes/X SSD 2025/Users/narrowchannel/indiiOS-Clean/packages/renderer/src/core/components/CommandBar.responsive.test.tsx:117:23)
    at CommandBar (/Volumes/X SSD 2025/Users/narrowchannel/indiiOS-Clean/packages/renderer/src/core/components/CommandBar.tsx:34:41)
Warning: React does not recognize the `dragConstraints` prop on a DOM element. If you intentionally want it to appear in the DOM as a custom attribute, spell it as lowercase `dragconstraints` instead. If you accidentally passed it from a parent component, remove it from the DOM element.
    at div
    at div (/Volumes/X SSD 2025/Users/narrowchannel/indiiOS-Clean/packages/renderer/src/core/components/CommandBar.responsive.test.tsx:111:13)
    at AnimatePresence (/Volumes/X SSD 2025/Users/narrowchannel/indiiOS-Clean/packages/renderer/src/core/components/CommandBar.responsive.test.tsx:117:23)
    at CommandBar (/Volumes/X SSD 2025/Users/narrowchannel/indiiOS-Clean/packages/renderer/src/core/components/CommandBar.tsx:34:41)

stderr | packages/renderer/src/core/components/SidebarNavigation.test.tsx > Sidebar Navigation Integration > renders all sidebar items
Warning: An update to ProjectList inside a test was not wrapped in act(...).

When testing, code that causes React state updates should be wrapped into act(...):

act(() => {
  /* fire events that update state */
});
/* assert on the output */

This ensures that you're testing the behavior the user would see in the browser. Learn more at https://reactjs.org/link/wrap-tests-with-act
    at ProjectList (/Volumes/X SSD 2025/Users/narrowchannel/indiiOS-Clean/packages/renderer/src/core/components/sidebar/ProjectList.tsx:12:24)
    at div
    at nav
    at MotionDOMComponent (file:///Volumes/X%20SSD%202025/Users/narrowchannel/indiiOS-Clean/node_modules/framer-motion/dist/es/motion/index.mjs:45:16)
    at Sidebar (/Volumes/X SSD 2025/Users/narrowchannel/indiiOS-Clean/packages/renderer/src/core/components/Sidebar.tsx:163:77)
    at Router (file:///Volumes/X%20SSD%202025/Users/narrowchannel/indiiOS-Clean/node_modules/react-router/dist/development/chunk-EVOBXE3Y.mjs:6737:13)
    at MemoryRouter (file:///Volumes/X%20SSD%202025/Users/narrowchannel/indiiOS-Clean/node_modules/react-router/dist/development/chunk-EVOBXE3Y.mjs:6653:3)
Warning: An update to ProjectList inside a test was not wrapped in act(...).

When testing, code that causes React state updates should be wrapped into act(...):

act(() => {
  /* fire events that update state */
});
/* assert on the output */

This ensures that you're testing the behavior the user would see in the browser. Learn more at https://reactjs.org/link/wrap-tests-with-act
    at ProjectList (/Volumes/X SSD 2025/Users/narrowchannel/indiiOS-Clean/packages/renderer/src/core/components/sidebar/ProjectList.tsx:12:24)
    at div
    at nav
    at MotionDOMComponent (file:///Volumes/X%20SSD%202025/Users/narrowchannel/indiiOS-Clean/node_modules/framer-motion/dist/es/motion/index.mjs:45:16)
    at Sidebar (/Volumes/X SSD 2025/Users/narrowchannel/indiiOS-Clean/packages/renderer/src/core/components/Sidebar.tsx:163:77)
    at Router (file:///Volumes/X%20SSD%202025/Users/narrowchannel/indiiOS-Clean/node_modules/react-router/dist/development/chunk-EVOBXE3Y.mjs:6737:13)
    at MemoryRouter (file:///Volumes/X%20SSD%202025/Users/narrowchannel/indiiOS-Clean/node_modules/react-router/dist/development/chunk-EVOBXE3Y.mjs:6653:3)

stderr | packages/renderer/src/core/components/SidebarNavigation.test.tsx > Sidebar Navigation Integration > calls setModule when a sidebar item is clicked
Warning: An update to ProjectList inside a test was not wrapped in act(...).

When testing, code that causes React state updates should be wrapped into act(...):

act(() => {
  /* fire events that update state */
});
/* assert on the output */

This ensures that you're testing the behavior the user would see in the browser. Learn more at https://reactjs.org/link/wrap-tests-with-act
    at ProjectList (/Volumes/X SSD 2025/Users/narrowchannel/indiiOS-Clean/packages/renderer/src/core/components/sidebar/ProjectList.tsx:12:24)
    at div
    at nav
    at MotionDOMComponent (file:///Volumes/X%20SSD%202025/Users/narrowchannel/indiiOS-Clean/node_modules/framer-motion/dist/es/motion/index.mjs:45:16)
    at Sidebar (/Volumes/X SSD 2025/Users/narrowchannel/indiiOS-Clean/packages/renderer/src/core/components/Sidebar.tsx:163:77)
    at Router (file:///Volumes/X%20SSD%202025/Users/narrowchannel/indiiOS-Clean/node_modules/react-router/dist/development/chunk-EVOBXE3Y.mjs:6737:13)
    at MemoryRouter (file:///Volumes/X%20SSD%202025/Users/narrowchannel/indiiOS-Clean/node_modules/react-router/dist/development/chunk-EVOBXE3Y.mjs:6653:3)
Warning: An update to ProjectList inside a test was not wrapped in act(...).

When testing, code that causes React state updates should be wrapped into act(...):

act(() => {
  /* fire events that update state */
});
/* assert on the output */

This ensures that you're testing the behavior the user would see in the browser. Learn more at https://reactjs.org/link/wrap-tests-with-act
    at ProjectList (/Volumes/X SSD 2025/Users/narrowchannel/indiiOS-Clean/packages/renderer/src/core/components/sidebar/ProjectList.tsx:12:24)
    at div
    at nav
    at MotionDOMComponent (file:///Volumes/X%20SSD%202025/Users/narrowchannel/indiiOS-Clean/node_modules/framer-motion/dist/es/motion/index.mjs:45:16)
    at Sidebar (/Volumes/X SSD 2025/Users/narrowchannel/indiiOS-Clean/packages/renderer/src/core/components/Sidebar.tsx:163:77)
    at Router (file:///Volumes/X%20SSD%202025/Users/narrowchannel/indiiOS-Clean/node_modules/react-router/dist/development/chunk-EVOBXE3Y.mjs:6737:13)
    at MemoryRouter (file:///Volumes/X%20SSD%202025/Users/narrowchannel/indiiOS-Clean/node_modules/react-router/dist/development/chunk-EVOBXE3Y.mjs:6653:3)

···········stdout | packages/renderer/src/modules/touring/RoadManager.test.tsx > RoadManager > generates itinerary when inputs are valid
Mock httpsCallable called for: generateItinerary
Mock function executed for generateItinerary with data: {
  locations: [ 'New York' ],
  dates: { start: '2023-10-01', end: '2023-10-10' }
}

··stderr | packages/renderer/src/modules/creative/components/__tests__/DirectGenerationTab.test.tsx > DirectGenerationTab > displays error message when generation fails
Direct Generation Failed: Error: API Timeout
    at /Volumes/X SSD 2025/Users/narrowchannel/indiiOS-Clean/packages/renderer/src/modules/creative/components/__tests__/DirectGenerationTab.test.tsx:149:76
    at file:///Volumes/X%20SSD%202025/Users/narrowchannel/indiiOS-Clean/node_modules/@vitest/runner/dist/chunk-artifact.js:1903:20

·················stdout | packages/renderer/src/modules/touring/RoadManager.test.tsx > RoadManager > checks logistics after generating itinerary
Mock httpsCallable called for: checkLogistics
Mock function executed for checkLogistics with data: {
  itinerary: {
    id: '123',
    tourName: 'Test Tour',
    stops: [ [Object] ],
    totalDistance: '1000 km',
    estimatedBudget: '$50'
  }
}

stdout | packages/renderer/src/core/components/SidebarNavigation.test.tsx > Sidebar Navigation Integration > renders correct dashboard for Brand Manager
[OfflineSync] Auto sync started
[RemoteRelay] 🔐 Setting up auth listener...
[RemoteRelay/Firestore] ⚡ Hook enabled state: false
[RemoteRelay/Firestore] 🔍 Command listener effect triggered, enabled=false
[RemoteRelay/Firestore] ⏸️ Not enabled — skipping command listener

(node:8962) Warning: `--localstorage-file` was provided without a valid path
(Use `node --trace-warnings ...` to show where the warning was created)
·stdout | packages/renderer/src/modules/creative/components/whisk/__tests__/WhiskDropZone.a11y.test.tsx
[DistributorService] Registered adapter: DistroKid
[DistributorService] Registered adapter: TuneCore
[DistributorService] Registered adapter: CDBaby
[DistributorService] Registered adapter: Symphonic

(node:8967) Warning: `--localstorage-file` was provided without a valid path
(Use `node --trace-warnings ...` to show where the warning was created)
stdout | packages/renderer/src/modules/video/VideoWorkflow.test.tsx > VideoWorkflow > triggers video generation and sets jobId
[VideoGeneration] Prompt selection: {
  promptOverride: '(none)',
  localPrompt: '"Cyberpunk city..."',
  globalPrompt: '(empty)',
  selected: '"Cyberpunk city..."'
}
[VideoGeneration] 🔇 Audio suppression enabled — negative prompt augmented

··stdout | packages/renderer/src/core/components/SidebarNavigation.test.tsx > Sidebar Navigation Integration > renders correct dashboard for Brand Manager
[AssetObserver] Initializing Creative Asset Observer... 

···stdout | packages/renderer/src/modules/creative/components/BrandAssetsDrawer.test.tsx > BrandAssetsDrawer > handles file upload via input
[BrandAssets] Uploading: chucknorris.png to users/guest/brand_assets/c1ab6b63-a977-4a3c-b1ab-ce3d15c047aa

(node:8966) Warning: `--localstorage-file` was provided without a valid path
(Use `node --trace-warnings ...` to show where the warning was created)
···stdout | packages/renderer/src/core/components/SidebarNavigation.test.tsx > Sidebar Navigation Integration > renders correct dashboard for Brand Manager
[OfflineSync] Auto sync stopped

stdout | packages/renderer/src/core/components/SidebarNavigation.test.tsx > Sidebar Navigation Integration > renders correct dashboard for Campaign Manager
[OfflineSync] Auto sync started
[RemoteRelay] 🔐 Setting up auth listener...
[RemoteRelay/Firestore] ⚡ Hook enabled state: false
[RemoteRelay/Firestore] 🔍 Command listener effect triggered, enabled=false
[RemoteRelay/Firestore] ⏸️ Not enabled — skipping command listener

(node:8971) Warning: `--localstorage-file` was provided without a valid path
(Use `node --trace-warnings ...` to show where the warning was created)
stdout | packages/renderer/src/core/components/SidebarNavigation.test.tsx > Sidebar Navigation Integration > renders correct dashboard for Campaign Manager
[AssetObserver] Initializing Creative Asset Observer... 

·stdout | packages/renderer/src/core/components/SidebarNavigation.test.tsx > Sidebar Navigation Integration > renders correct dashboard for Campaign Manager
[OfflineSync] Auto sync stopped

(node:8976) Warning: `--localstorage-file` was provided without a valid path
(Use `node --trace-warnings ...` to show where the warning was created)
stdout | packages/renderer/src/core/components/SidebarNavigation.test.tsx > Sidebar Navigation Integration > renders correct dashboard for Publicist
[OfflineSync] Auto sync started
[RemoteRelay] 🔐 Setting up auth listener...
[RemoteRelay/Firestore] ⚡ Hook enabled state: false
[RemoteRelay/Firestore] 🔍 Command listener effect triggered, enabled=false
[RemoteRelay/Firestore] ⏸️ Not enabled — skipping command listener

stdout | packages/renderer/src/core/components/SidebarNavigation.test.tsx > Sidebar Navigation Integration > renders correct dashboard for Publicist
[AssetObserver] Initializing Creative Asset Observer... 

stdout | packages/renderer/src/services/agent/specialists/verification.test.ts > Specialist Agent Fleet Verification > should have registered Marketing Director (marketing)
[AgentRegistry] Loading agent 'marketing'...

··(node:8979) Warning: `--localstorage-file` was provided without a valid path
(Use `node --trace-warnings ...` to show where the warning was created)
(node:8977) Warning: `--localstorage-file` was provided without a valid path
(Use `node --trace-warnings ...` to show where the warning was created)
(node:8978) Warning: `--localstorage-file` was provided without a valid path
(Use `node --trace-warnings ...` to show where the warning was created)
·stderr | packages/renderer/src/modules/creative/components/whisk/__tests__/WhiskDropZone.a11y.test.tsx > WhiskDropZone Accessibility > should have no accessibility violations
Warning: Received `true` for a non-boolean attribute `layout`.

If you want to write it to the DOM, pass a string instead: layout="true" or layout={value.toString()}.
    at div
    at div (/Volumes/X SSD 2025/Users/narrowchannel/indiiOS-Clean/packages/renderer/src/modules/creative/components/whisk/__tests__/WhiskDropZone.a11y.test.tsx:14:15)
    at div
    at div
    at div
    at div (/Volumes/X SSD 2025/Users/narrowchannel/indiiOS-Clean/packages/renderer/src/modules/creative/components/whisk/__tests__/WhiskDropZone.a11y.test.tsx:14:15)
    at AnimatePresence (/Volumes/X SSD 2025/Users/narrowchannel/indiiOS-Clean/packages/renderer/src/modules/creative/components/whisk/__tests__/WhiskDropZone.a11y.test.tsx:8:25)
    at div
    at WhiskDropZone (/Volumes/X SSD 2025/Users/narrowchannel/indiiOS-Clean/packages/renderer/src/modules/creative/components/whisk/WhiskDropZone.tsx:9:26)

stdout | packages/renderer/src/core/components/SidebarNavigation.test.tsx > Sidebar Navigation Integration > renders correct dashboard for Publicist
[AlwaysOnMemoryEngine] Stopped.
[AlwaysOnMemoryEngine] Started for user test-uid. Consolidation every 30m.

stdout | packages/renderer/src/core/components/SidebarNavigation.test.tsx > Sidebar Navigation Integration > renders correct dashboard for Publicist
[OfflineSync] Auto sync stopped

········(node:8980) Warning: `--localstorage-file` was provided without a valid path
(Use `node --trace-warnings ...` to show where the warning was created)
(node:8986) Warning: `--localstorage-file` was provided without a valid path
(Use `node --trace-warnings ...` to show where the warning was created)
(node:8983) Warning: `--localstorage-file` was provided without a valid path
(Use `node --trace-warnings ...` to show where the warning was created)
····(node:8985) Warning: `--localstorage-file` was provided without a valid path
(Use `node --trace-warnings ...` to show where the warning was created)
stdout | packages/renderer/src/services/agent/specialists/verification.test.ts > Specialist Agent Fleet Verification > should have registered Marketing Director (marketing)
[AgentRegistry] Agent 'marketing' loaded successfully

·stdout | packages/renderer/src/services/agent/specialists/verification.test.ts > Specialist Agent Fleet Verification > Marketing Director should be executable
[RAGAgent] No specific domain knowledge extracted for task.

stdout | packages/renderer/src/services/agent/specialists/verification.test.ts > Specialist Agent Fleet Verification > Marketing Director should be executable
[AgentIdentity] Minted identity for Marketing Director (marketing): instance=264bda14..., fingerprint=854e3caa2847...

·stdout | packages/renderer/src/services/agent/specialists/verification.test.ts > Specialist Agent Fleet Verification > Marketing Director should be executable
[ModelArmor] Scanning input...

Not implemented: Window's scrollTo() method
·Not implemented: Window's scrollTo() method
stdout | packages/renderer/src/services/agent/specialists/verification.test.ts > Specialist Agent Fleet Verification > Marketing Director should be executable
[ModelArmor] Scanning output...

·stdout | packages/renderer/src/services/agent/specialists/verification.test.ts > Specialist Agent Fleet Verification > should have registered Legal Director (legal)
[AgentRegistry] Loading agent 'legal'...

stdout | packages/renderer/src/services/agent/specialists/verification.test.ts > Specialist Agent Fleet Verification > should have registered Legal Director (legal)
[AgentRegistry] Agent 'legal' loaded successfully

stdout | packages/renderer/src/services/agent/specialists/verification.test.ts > Specialist Agent Fleet Verification > Legal Director should be executable
[RAGAgent] No specific domain knowledge extracted for task.

stdout | packages/renderer/src/services/agent/specialists/verification.test.ts > Specialist Agent Fleet Verification > Legal Director should be executable
[AgentIdentity] Minted identity for Legal Director (legal): instance=82683322..., fingerprint=0f5dd38b3cfc...

stderr | packages/renderer/src/services/agent/specialists/verification.test.ts > Specialist Agent Fleet Verification > Legal Director should be executable
[ModelArmor] Input blocked: Prompt contains blocked pattern: /ignore previous instructions/i
[ModelArmor] Input blocked: Prompt contains blocked pattern: /jailbreak/i

stdout | packages/renderer/src/services/agent/specialists/verification.test.ts > Specialist Agent Fleet Verification > Legal Director should be executable
[ModelArmor] Scanning input...

stdout | packages/renderer/src/services/agent/specialists/verification.test.ts > Specialist Agent Fleet Verification > should have registered Finance Director (finance)
[AgentRegistry] Loading agent 'finance'...

stdout | packages/renderer/src/services/agent/specialists/verification.test.ts > Specialist Agent Fleet Verification > should have registered Finance Director (finance)
[AgentRegistry] Agent 'finance' loaded successfully

stdout | packages/renderer/src/services/agent/specialists/verification.test.ts > Specialist Agent Fleet Verification > Finance Director should be executable
[RAGAgent] No specific domain knowledge extracted for task.

stdout | packages/renderer/src/services/agent/specialists/verification.test.ts > Specialist Agent Fleet Verification > Finance Director should be executable
[AgentIdentity] Minted identity for Finance Director (finance): instance=801158f9..., fingerprint=c243c8f6cb90...

stdout | packages/renderer/src/services/agent/specialists/verification.test.ts > Specialist Agent Fleet Verification > Finance Director should be executable
[ModelArmor] Scanning input...

stdout | packages/renderer/src/services/agent/specialists/verification.test.ts > Specialist Agent Fleet Verification > Finance Director should be executable
[ModelArmor] Scanning output...

stdout | packages/renderer/src/services/agent/specialists/verification.test.ts > Specialist Agent Fleet Verification > should have registered Production Director (producer)
[AgentRegistry] Loading agent 'producer'...

stdout | packages/renderer/src/services/agent/specialists/verification.test.ts > Specialist Agent Fleet Verification > should have registered Production Director (producer)
[AgentRegistry] Agent 'producer' loaded successfully

stdout | packages/renderer/src/services/agent/specialists/verification.test.ts > Specialist Agent Fleet Verification > Production Director should be executable
[RAGAgent] No specific domain knowledge extracted for task.

stdout | packages/renderer/src/services/agent/specialists/verification.test.ts > Specialist Agent Fleet Verification > Production Director should be executable
[AgentIdentity] Minted identity for Production Director (producer): instance=b960d348..., fingerprint=d96145ca897b...

stdout | packages/renderer/src/services/agent/specialists/verification.test.ts > Specialist Agent Fleet Verification > Production Director should be executable
[ModelArmor] Scanning input...

stdout | packages/renderer/src/services/agent/specialists/verification.test.ts > Specialist Agent Fleet Verification > Production Director should be executable
[ModelArmor] Scanning output...

stdout | packages/renderer/src/services/agent/specialists/verification.test.ts > Specialist Agent Fleet Verification > should have registered Creative Director (director)
[AgentRegistry] Loading agent 'director'...

stdout | packages/renderer/src/services/agent/specialists/verification.test.ts > Specialist Agent Fleet Verification > should have registered Creative Director (director)
[AgentRegistry] Agent 'director' loaded successfully

stdout | packages/renderer/src/services/agent/specialists/verification.test.ts > Specialist Agent Fleet Verification > Creative Director should be executable
[RAGAgent] No specific domain knowledge extracted for task.

stdout | packages/renderer/src/services/agent/specialists/verification.test.ts > Specialist Agent Fleet Verification > Creative Director should be executable
[AgentIdentity] Minted identity for Creative Director (director): instance=ea2ef032..., fingerprint=701b6dec64bc...

stdout | packages/renderer/src/services/agent/specialists/verification.test.ts > Specialist Agent Fleet Verification > Creative Director should be executable
[ModelArmor] Scanning input...

stdout | packages/renderer/src/services/agent/specialists/verification.test.ts > Specialist Agent Fleet Verification > Creative Director should be executable
[ModelArmor] Scanning output...

stdout | packages/renderer/src/services/agent/specialists/verification.test.ts > Specialist Agent Fleet Verification > should have registered Screenwriting Director (screenwriter)
[AgentRegistry] Loading agent 'screenwriter'...

stdout | packages/renderer/src/services/agent/specialists/verification.test.ts > Specialist Agent Fleet Verification > should have registered Screenwriting Director (screenwriter)
[AgentRegistry] Agent 'screenwriter' loaded successfully

stdout | packages/renderer/src/services/agent/specialists/verification.test.ts > Specialist Agent Fleet Verification > Screenwriting Director should be executable
[RAGAgent] No specific domain knowledge extracted for task.

stdout | packages/renderer/src/services/agent/specialists/verification.test.ts > Specialist Agent Fleet Verification > Screenwriting Director should be executable
[AgentIdentity] Minted identity for Screenwriting Director (screenwriter): instance=6bd90b19..., fingerprint=80ce3470e4c9...

stdout | packages/renderer/src/services/agent/specialists/verification.test.ts > Specialist Agent Fleet Verification > Screenwriting Director should be executable
[ModelArmor] Scanning input...

stdout | packages/renderer/src/services/agent/specialists/verification.test.ts > Specialist Agent Fleet Verification > Screenwriting Director should be executable
[ModelArmor] Scanning output...

stdout | packages/renderer/src/services/agent/specialists/verification.test.ts > Specialist Agent Fleet Verification > should have registered Video Director (video)
[AgentRegistry] Loading agent 'video'...

stdout | packages/renderer/src/services/agent/specialists/verification.test.ts > Specialist Agent Fleet Verification > should have registered Video Director (video)
[AgentRegistry] Agent 'video' loaded successfully

stdout | packages/renderer/src/services/agent/specialists/verification.test.ts > Specialist Agent Fleet Verification > Video Director should be executable
[RAGAgent] No specific domain knowledge extracted for task.

stdout | packages/renderer/src/services/agent/specialists/verification.test.ts > Specialist Agent Fleet Verification > Video Director should be executable
[AgentIdentity] Minted identity for Video Director (video): instance=051c8ac0..., fingerprint=da37ba2777cb...

·stdout | packages/renderer/src/services/agent/specialists/verification.test.ts > Specialist Agent Fleet Verification > Video Director should be executable
[ModelArmor] Scanning input...

stdout | packages/renderer/src/services/agent/specialists/verification.test.ts > Specialist Agent Fleet Verification > Video Director should be executable
[ModelArmor] Scanning output...

stdout | packages/renderer/src/services/agent/specialists/verification.test.ts > Specialist Agent Fleet Verification > should have registered Social Media Director (social)
[AgentRegistry] Loading agent 'social'...

stdout | packages/renderer/src/services/agent/specialists/verification.test.ts > Specialist Agent Fleet Verification > should have registered Social Media Director (social)
[AgentRegistry] Agent 'social' loaded successfully

stdout | packages/renderer/src/services/agent/specialists/verification.test.ts > Specialist Agent Fleet Verification > Social Media Director should be executable
[RAGAgent] No specific domain knowledge extracted for task.

·············stdout | packages/renderer/src/services/agent/specialists/verification.test.ts > Specialist Agent Fleet Verification > Social Media Director should be executable
[AgentIdentity] Minted identity for Social Media Director (social): instance=7b8d9d0e..., fingerprint=356534db41a8...

stdout | packages/renderer/src/services/agent/specialists/verification.test.ts > Specialist Agent Fleet Verification > Social Media Director should be executable
[ModelArmor] Scanning input...

stdout | packages/renderer/src/services/agent/specialists/verification.test.ts > Specialist Agent Fleet Verification > Social Media Director should be executable
[ModelArmor] Scanning output...

stdout | packages/renderer/src/services/agent/specialists/verification.test.ts > Specialist Agent Fleet Verification > should have registered Publicist Director (publicist)
[AgentRegistry] Loading agent 'publicist'...

stdout | packages/renderer/src/services/agent/specialists/verification.test.ts > Specialist Agent Fleet Verification > should have registered Publicist Director (publicist)
[AgentRegistry] Agent 'publicist' loaded successfully

stdout | packages/renderer/src/services/agent/specialists/verification.test.ts > Specialist Agent Fleet Verification > Publicist Director should be executable
[RAGAgent] No specific domain knowledge extracted for task.

stdout | packages/renderer/src/services/agent/specialists/verification.test.ts > Specialist Agent Fleet Verification > Publicist Director should be executable
[AgentIdentity] Minted identity for Publicist Director (publicist): instance=f4787233..., fingerprint=d21127218b73...

stderr | packages/renderer/src/core/components/CommandBar.interaction.test.tsx > 👁️ Pixel: CommandBar Interaction States > Scenario 1: Verifies "Processing" state disables input and shows stop button
Warning: Received `false` for a non-boolean attribute `initial`.

If you want to write it to the DOM, pass a string instead: initial="false" or initial={value.toString()}.

If you used to conditionally omit it with initial={condition && value}, pass initial={condition ? value : undefined} instead.
    at div
    at div (/Volumes/X SSD 2025/Users/narrowchannel/indiiOS-Clean/packages/renderer/src/core/components/CommandBar.interaction.test.tsx:150:13)
    at AnimatePresence (/Volumes/X SSD 2025/Users/narrowchannel/indiiOS-Clean/packages/renderer/src/core/components/CommandBar.interaction.test.tsx:169:23)
    at CommandBar (/Volumes/X SSD 2025/Users/narrowchannel/indiiOS-Clean/packages/renderer/src/core/components/CommandBar.tsx:34:41)
Warning: React does not recognize the `dragElastic` prop on a DOM element. If you intentionally want it to appear in the DOM as a custom attribute, spell it as lowercase `dragelastic` instead. If you accidentally passed it from a parent component, remove it from the DOM element.
    at div
    at div (/Volumes/X SSD 2025/Users/narrowchannel/indiiOS-Clean/packages/renderer/src/core/components/CommandBar.interaction.test.tsx:150:13)
    at AnimatePresence (/Volumes/X SSD 2025/Users/narrowchannel/indiiOS-Clean/packages/renderer/src/core/components/CommandBar.interaction.test.tsx:169:23)
    at CommandBar (/Volumes/X SSD 2025/Users/narrowchannel/indiiOS-Clean/packages/renderer/src/core/components/CommandBar.tsx:34:41)
Warning: React does not recognize the `dragConstraints` prop on a DOM element. If you intentionally want it to appear in the DOM as a custom attribute, spell it as lowercase `dragconstraints` instead. If you accidentally passed it from a parent component, remove it from the DOM element.
    at div
    at div (/Volumes/X SSD 2025/Users/narrowchannel/indiiOS-Clean/packages/renderer/src/core/components/CommandBar.interaction.test.tsx:150:13)
    at AnimatePresence (/Volumes/X SSD 2025/Users/narrowchannel/indiiOS-Clean/packages/renderer/src/core/components/CommandBar.interaction.test.tsx:169:23)
    at CommandBar (/Volumes/X SSD 2025/Users/narrowchannel/indiiOS-Clean/packages/renderer/src/core/components/CommandBar.tsx:34:41)

stdout | packages/renderer/src/core/components/CommandBar.interaction.test.tsx > 👁️ Pixel: CommandBar Interaction States > Scenario 1: Verifies "Processing" state disables input and shows stop button
[PromptArea] handleSubmit fired! { commandBarInput: 'Analyze Q3 Data' }

stdout | packages/renderer/src/services/agent/specialists/verification.test.ts > Specialist Agent Fleet Verification > Publicist Director should be executable
[ModelArmor] Scanning input...

stdout | packages/renderer/src/services/agent/specialists/verification.test.ts > Specialist Agent Fleet Verification > Publicist Director should be executable
[ModelArmor] Scanning output...

···stdout | packages/renderer/src/services/agent/specialists/verification.test.ts > Specialist Agent Fleet Verification > should have registered Road Director (road)
[AgentRegistry] Loading agent 'road'...

stdout | packages/renderer/src/services/agent/specialists/verification.test.ts > Specialist Agent Fleet Verification > should have registered Road Director (road)
[AgentRegistry] Agent 'road' loaded successfully

stdout | packages/renderer/src/services/agent/specialists/verification.test.ts > Specialist Agent Fleet Verification > Road Director should be executable
[RAGAgent] No specific domain knowledge extracted for task.

stdout | packages/renderer/src/services/agent/specialists/verification.test.ts > Specialist Agent Fleet Verification > Road Director should be executable
[AgentIdentity] Minted identity for Road Director (road): instance=bc9ae584..., fingerprint=fb84db59906f...

stdout | packages/renderer/src/services/agent/specialists/verification.test.ts > Specialist Agent Fleet Verification > Road Director should be executable
[ModelArmor] Scanning input...

stdout | packages/renderer/src/services/agent/specialists/verification.test.ts > Specialist Agent Fleet Verification > Road Director should be executable
[ModelArmor] Scanning output...

stdout | packages/renderer/src/services/agent/specialists/verification.test.ts > Specialist Agent Fleet Verification > should have registered Publishing Director (publishing)
[AgentRegistry] Loading agent 'publishing'...

stdout | packages/renderer/src/services/agent/specialists/verification.test.ts > Specialist Agent Fleet Verification > should have registered Publishing Director (publishing)
[AgentRegistry] Agent 'publishing' loaded successfully

stdout | packages/renderer/src/services/agent/specialists/verification.test.ts > Specialist Agent Fleet Verification > Publishing Director should be executable
[RAGAgent] No specific domain knowledge extracted for task.

stdout | packages/renderer/src/services/agent/specialists/verification.test.ts > Specialist Agent Fleet Verification > Publishing Director should be executable
[AgentIdentity] Minted identity for Publishing Director (publishing): instance=0a9ecd40..., fingerprint=640ebacb2051...

stdout | packages/renderer/src/services/agent/specialists/verification.test.ts > Specialist Agent Fleet Verification > Publishing Director should be executable
[ModelArmor] Scanning input...

stdout | packages/renderer/src/services/agent/specialists/verification.test.ts > Specialist Agent Fleet Verification > Publishing Director should be executable
[ModelArmor] Scanning output...

stdout | packages/renderer/src/services/agent/specialists/verification.test.ts > Specialist Agent Fleet Verification > should have registered Licensing Director (licensing)
[AgentRegistry] Loading agent 'licensing'...

stdout | packages/renderer/src/services/agent/specialists/verification.test.ts > Specialist Agent Fleet Verification > should have registered Licensing Director (licensing)
[AgentRegistry] Agent 'licensing' loaded successfully

stdout | packages/renderer/src/services/agent/specialists/verification.test.ts > Specialist Agent Fleet Verification > Licensing Director should be executable
[RAGAgent] No specific domain knowledge extracted for task.

Not implemented: Window's scrollTo() method
stdout | packages/renderer/src/services/agent/specialists/verification.test.ts > Specialist Agent Fleet Verification > Licensing Director should be executable
[AgentIdentity] Minted identity for Licensing Director (licensing): instance=0df2dd43..., fingerprint=99d20dd34290...

stdout | packages/renderer/src/services/agent/specialists/verification.test.ts > Specialist Agent Fleet Verification > Licensing Director should be executable
[ModelArmor] Scanning input...

stdout | packages/renderer/src/services/agent/specialists/verification.test.ts > Specialist Agent Fleet Verification > Licensing Director should be executable
[ModelArmor] Scanning output...

stdout | packages/renderer/src/services/agent/specialists/verification.test.ts > Specialist Agent Fleet Verification > should have registered Brand Director (brand)
[AgentRegistry] Loading agent 'brand'...

stdout | packages/renderer/src/services/agent/specialists/verification.test.ts > Specialist Agent Fleet Verification > should have registered Brand Director (brand)
[AgentRegistry] Agent 'brand' loaded successfully

stdout | packages/renderer/src/services/agent/specialists/verification.test.ts > Specialist Agent Fleet Verification > Brand Director should be executable
[RAGAgent] No specific domain knowledge extracted for task.

stdout | packages/renderer/src/services/agent/specialists/verification.test.ts > Specialist Agent Fleet Verification > Brand Director should be executable
[AgentIdentity] Minted identity for Brand Director (brand): instance=71b081c3..., fingerprint=ddc6b7a2a289...

stdout | packages/renderer/src/services/agent/specialists/verification.test.ts > Specialist Agent Fleet Verification > Brand Director should be executable
[ModelArmor] Scanning input...

stdout | packages/renderer/src/services/agent/specialists/verification.test.ts > Specialist Agent Fleet Verification > Brand Director should be executable
[ModelArmor] Scanning output...

stdout | packages/renderer/src/services/agent/specialists/verification.test.ts > Specialist Agent Fleet Verification > should have registered DevOps Director (devops)
[AgentRegistry] Loading agent 'devops'...

stdout | packages/renderer/src/services/agent/specialists/verification.test.ts > Specialist Agent Fleet Verification > should have registered DevOps Director (devops)
[AgentRegistry] Agent 'devops' loaded successfully

stdout | packages/renderer/src/services/agent/specialists/verification.test.ts > Specialist Agent Fleet Verification > DevOps Director should be executable
[RAGAgent] No specific domain knowledge extracted for task.

stdout | packages/renderer/src/services/agent/specialists/verification.test.ts > Specialist Agent Fleet Verification > DevOps Director should be executable
[AgentIdentity] Minted identity for DevOps Director (devops): instance=9c5e2ed8..., fingerprint=c82e83d3f790...

stdout | packages/renderer/src/services/agent/specialists/verification.test.ts > Specialist Agent Fleet Verification > DevOps Director should be executable
[ModelArmor] Scanning input...

stdout | packages/renderer/src/services/agent/specialists/verification.test.ts > Specialist Agent Fleet Verification > DevOps Director should be executable
[ModelArmor] Scanning output...

stdout | packages/renderer/src/services/agent/specialists/verification.test.ts > Specialist Agent Fleet Verification > should have registered Security Director (security)
[AgentRegistry] Loading agent 'security'...

stdout | packages/renderer/src/services/agent/specialists/verification.test.ts > Specialist Agent Fleet Verification > should have registered Security Director (security)
[AgentRegistry] Agent 'security' loaded successfully

stdout | packages/renderer/src/services/agent/specialists/verification.test.ts > Specialist Agent Fleet Verification > Security Director should be executable
[RAGAgent] No specific domain knowledge extracted for task.

stdout | packages/renderer/src/services/agent/specialists/verification.test.ts > Specialist Agent Fleet Verification > Security Director should be executable
[AgentIdentity] Minted identity for Security Director (security): instance=e16310e9..., fingerprint=63ec8921d1c5...

stdout | packages/renderer/src/services/agent/specialists/verification.test.ts > Specialist Agent Fleet Verification > Security Director should be executable
[ModelArmor] Scanning input...

stdout | packages/renderer/src/services/agent/specialists/verification.test.ts > Specialist Agent Fleet Verification > Security Director should be executable
[ModelArmor] Scanning output...

stdout | packages/renderer/src/services/agent/specialists/verification.test.ts > Specialist Agent Fleet Verification > should have registered Distribution Director (distribution)
[AgentRegistry] Loading agent 'distribution'...

stdout | packages/renderer/src/services/agent/specialists/verification.test.ts > Specialist Agent Fleet Verification > should have registered Distribution Director (distribution)
[AgentRegistry] Agent 'distribution' loaded successfully

stdout | packages/renderer/src/services/agent/specialists/verification.test.ts > Specialist Agent Fleet Verification > Distribution Director should be executable
[RAGAgent] No specific domain knowledge extracted for task.

stdout | packages/renderer/src/services/agent/specialists/verification.test.ts > Specialist Agent Fleet Verification > Distribution Director should be executable
[AgentIdentity] Minted identity for Distribution Director (distribution): instance=11cb20b7..., fingerprint=84aee07c5d39...

stderr | packages/renderer/src/services/agent/specialists/verification.test.ts > Specialist Agent Fleet Verification > Distribution Director should be executable
[ModelArmor] Input blocked: Prompt contains blocked pattern: /reveal your (system )?prompt/i

stdout | packages/renderer/src/services/agent/specialists/verification.test.ts > Specialist Agent Fleet Verification > Distribution Director should be executable
[ModelArmor] Scanning input...

stdout | packages/renderer/src/services/agent/specialists/verification.test.ts > Specialist Agent Fleet Verification > should have registered Music Director (music)
[AgentRegistry] Loading agent 'music'...

stdout | packages/renderer/src/services/agent/specialists/verification.test.ts > Specialist Agent Fleet Verification > should have registered Music Director (music)
[AgentRegistry] Agent 'music' loaded successfully

stdout | packages/renderer/src/services/agent/specialists/verification.test.ts > Specialist Agent Fleet Verification > Music Director should be executable
[RAGAgent] No specific domain knowledge extracted for task.

stdout | packages/renderer/src/services/agent/specialists/verification.test.ts > Specialist Agent Fleet Verification > Music Director should be executable
[AgentIdentity] Minted identity for Music Director (music): instance=66adde57..., fingerprint=461cb346ee11...

stdout | packages/renderer/src/services/agent/specialists/verification.test.ts > Specialist Agent Fleet Verification > Music Director should be executable
[ModelArmor] Scanning input...

stdout | packages/renderer/src/services/agent/specialists/verification.test.ts > Specialist Agent Fleet Verification > Music Director should be executable
[ModelArmor] Scanning output...

stdout | packages/renderer/src/services/agent/specialists/verification.test.ts > Specialist Agent Fleet Verification > should have registered Creative Director (creative)
[AgentRegistry] Loading agent 'creative'...

stdout | packages/renderer/src/services/agent/specialists/verification.test.ts > Specialist Agent Fleet Verification > should have registered Creative Director (creative)
[AgentRegistry] Agent 'creative' loaded successfully

stdout | packages/renderer/src/services/agent/specialists/verification.test.ts > Specialist Agent Fleet Verification > Creative Director should be executable
[RAGAgent] No specific domain knowledge extracted for task.

stdout | packages/renderer/src/services/agent/specialists/verification.test.ts > Specialist Agent Fleet Verification > Creative Director should be executable
[AgentIdentity] Minted identity for Creative Director (creative): instance=695c2b42..., fingerprint=f21b9f2937c5...

stdout | packages/renderer/src/services/agent/specialists/verification.test.ts > Specialist Agent Fleet Verification > Creative Director should be executable
[ModelArmor] Scanning input...

stdout | packages/renderer/src/services/agent/specialists/verification.test.ts > Specialist Agent Fleet Verification > Creative Director should be executable
[ModelArmor] Scanning output...

stdout | packages/renderer/src/services/agent/specialists/verification.test.ts > Specialist Agent Fleet Verification > should verify GeneralistAgent (indii Conductor)
[AgentRegistry] Loading agent 'generalist'...

··························stdout | packages/renderer/src/core/components/CommandBar.interaction.test.tsx > 👁️ Pixel: CommandBar Interaction States > Scenario 2: Handles Error Toast when submission fails
[PromptArea] handleSubmit fired! { commandBarInput: 'Bad request' }

(node:8984) Warning: `--localstorage-file` was provided without a valid path
(Use `node --trace-warnings ...` to show where the warning was created)
stdout | packages/renderer/src/core/components/SidebarNavigation.test.tsx > Sidebar Navigation Integration > renders correct dashboard for Publishing
[OfflineSync] Auto sync started
[RemoteRelay] 🔐 Setting up auth listener...
[RemoteRelay/Firestore] ⚡ Hook enabled state: false
[RemoteRelay/Firestore] 🔍 Command listener effect triggered, enabled=false
[RemoteRelay/Firestore] ⏸️ Not enabled — skipping command listener

·stderr | packages/renderer/src/core/components/CommandBar.interaction.test.tsx > 👁️ Pixel: CommandBar Interaction States > Scenario 2: Handles Error Toast when submission fails
PromptArea: Failed to send message: Error: API Error
    at /Volumes/X SSD 2025/Users/narrowchannel/indiiOS-Clean/packages/renderer/src/core/components/CommandBar.interaction.test.tsx:234:67
    at file:///Volumes/X%20SSD%202025/Users/narrowchannel/indiiOS-Clean/node_modules/@vitest/runner/dist/chunk-artifact.js:1903:20

(node:8990) Warning: `--localstorage-file` was provided without a valid path
(Use `node --trace-warnings ...` to show where the warning was created)
stdout | packages/renderer/src/core/components/SidebarNavigation.test.tsx > Sidebar Navigation Integration > renders correct dashboard for Publishing
[AssetObserver] Initializing Creative Asset Observer... 
[AlwaysOnMemoryEngine] Already running for this user.

·stdout | packages/renderer/src/core/components/CommandBar.interaction.test.tsx > 👁️ Pixel: CommandBar Interaction States > Scenario 3: Optimistic UI - input clears immediately upon send
[PromptArea] handleSubmit fired! { commandBarInput: 'Fast clear' }

stderr | packages/renderer/src/core/components/CommandBar.interaction.test.tsx > 👁️ Pixel: CommandBar Interaction States > Scenario 3: Optimistic UI - input clears immediately upon send
Warning: An update to null inside a test was not wrapped in act(...).

When testing, code that causes React state updates should be wrapped into act(...):

act(() => {
  /* fire events that update state */
});
/* assert on the output */

This ensures that you're testing the behavior the user would see in the browser. Learn more at https://reactjs.org/link/wrap-tests-with-act
    at /Volumes/X SSD 2025/Users/narrowchannel/indiiOS-Clean/packages/renderer/src/core/components/command-bar/PromptArea.tsx:25:54
    at div
    at div
    at div (/Volumes/X SSD 2025/Users/narrowchannel/indiiOS-Clean/packages/renderer/src/core/components/CommandBar.interaction.test.tsx:150:13)
    at AnimatePresence (/Volumes/X SSD 2025/Users/narrowchannel/indiiOS-Clean/packages/renderer/src/core/components/CommandBar.interaction.test.tsx:169:23)
    at CommandBar (/Volumes/X SSD 2025/Users/narrowchannel/indiiOS-Clean/packages/renderer/src/core/components/CommandBar.tsx:34:41)

stderr | packages/renderer/src/core/components/CommandBar.interaction.test.tsx > 👁️ Pixel: CommandBar Interaction States > Scenario 3: Optimistic UI - input clears immediately upon send
Warning: An update to Tooltip inside a test was not wrapped in act(...).

When testing, code that causes React state updates should be wrapped into act(...):

act(() => {
  /* fire events that update state */
});
/* assert on the output */

This ensures that you're testing the behavior the user would see in the browser. Learn more at https://reactjs.org/link/wrap-tests-with-act
    at Tooltip (file:///Volumes/X%20SSD%202025/Users/narrowchannel/indiiOS-Clean/node_modules/@radix-ui/react-tooltip/dist/index.mjs:73:5)
    at PromptInputAction2 (/Volumes/X SSD 2025/Users/narrowchannel/indiiOS-Clean/packages/renderer/src/components/ui/prompt-input.tsx:193:3)
    at div
    at div
    at div
    at PromptInputActions2 (/Volumes/X SSD 2025/Users/narrowchannel/indiiOS-Clean/packages/renderer/src/components/ui/prompt-input.tsx:182:3)
    at div
    at Provider (file:///Volumes/X%20SSD%202025/Users/narrowchannel/indiiOS-Clean/node_modules/@radix-ui/react-context/dist/index.mjs:27:15)
    at TooltipProvider (file:///Volumes/X%20SSD%202025/Users/narrowchannel/indiiOS-Clean/node_modules/@radix-ui/react-tooltip/dist/index.mjs:29:5)
    at PromptInput (/Volumes/X SSD 2025/Users/narrowchannel/indiiOS-Clean/packages/renderer/src/components/ui/prompt-input.tsx:44:3)
    at div
    at /Volumes/X SSD 2025/Users/narrowchannel/indiiOS-Clean/packages/renderer/src/core/components/command-bar/PromptArea.tsx:25:54
    at div
    at div
    at div (/Volumes/X SSD 2025/Users/narrowchannel/indiiOS-Clean/packages/renderer/src/core/components/CommandBar.interaction.test.tsx:150:13)
    at AnimatePresence (/Volumes/X SSD 2025/Users/narrowchannel/indiiOS-Clean/packages/renderer/src/core/components/CommandBar.interaction.test.tsx:169:23)
    at CommandBar (/Volumes/X SSD 2025/Users/narrowchannel/indiiOS-Clean/packages/renderer/src/core/components/CommandBar.tsx:34:41)
Warning: An update to Tooltip inside a test was not wrapped in act(...).

When testing, code that causes React state updates should be wrapped into act(...):

act(() => {
  /* fire events that update state */
});
/* assert on the output */

This ensures that you're testing the behavior the user would see in the browser. Learn more at https://reactjs.org/link/wrap-tests-with-act
    at Tooltip (file:///Volumes/X%20SSD%202025/Users/narrowchannel/indiiOS-Clean/node_modules/@radix-ui/react-tooltip/dist/index.mjs:73:5)
    at PromptInputAction2 (/Volumes/X SSD 2025/Users/narrowchannel/indiiOS-Clean/packages/renderer/src/components/ui/prompt-input.tsx:193:3)
    at div
    at div
    at PromptInputActions2 (/Volumes/X SSD 2025/Users/narrowchannel/indiiOS-Clean/packages/renderer/src/components/ui/prompt-input.tsx:182:3)
    at div
    at Provider (file:///Volumes/X%20SSD%202025/Users/narrowchannel/indiiOS-Clean/node_modules/@radix-ui/react-context/dist/index.mjs:27:15)
    at TooltipProvider (file:///Volumes/X%20SSD%202025/Users/narrowchannel/indiiOS-Clean/node_modules/@radix-ui/react-tooltip/dist/index.mjs:29:5)
    at PromptInput (/Volumes/X SSD 2025/Users/narrowchannel/indiiOS-Clean/packages/renderer/src/components/ui/prompt-input.tsx:44:3)
    at div
    at /Volumes/X SSD 2025/Users/narrowchannel/indiiOS-Clean/packages/renderer/src/core/components/command-bar/PromptArea.tsx:25:54
    at div
    at div
    at div (/Volumes/X SSD 2025/Users/narrowchannel/indiiOS-Clean/packages/renderer/src/core/components/CommandBar.interaction.test.tsx:150:13)
    at AnimatePresence (/Volumes/X SSD 2025/Users/narrowchannel/indiiOS-Clean/packages/renderer/src/core/components/CommandBar.interaction.test.tsx:169:23)
    at CommandBar (/Volumes/X SSD 2025/Users/narrowchannel/indiiOS-Clean/packages/renderer/src/core/components/CommandBar.tsx:34:41)
Warning: An update to Tooltip inside a test was not wrapped in act(...).

When testing, code that causes React state updates should be wrapped into act(...):

act(() => {
  /* fire events that update state */
});
/* assert on the output */

This ensures that you're testing the behavior the user would see in the browser. Learn more at https://reactjs.org/link/wrap-tests-with-act
    at Tooltip (file:///Volumes/X%20SSD%202025/Users/narrowchannel/indiiOS-Clean/node_modules/@radix-ui/react-tooltip/dist/index.mjs:73:5)
    at PromptInputAction2 (/Volumes/X SSD 2025/Users/narrowchannel/indiiOS-Clean/packages/renderer/src/components/ui/prompt-input.tsx:193:3)
    at div
    at div
    at PromptInputActions2 (/Volumes/X SSD 2025/Users/narrowchannel/indiiOS-Clean/packages/renderer/src/components/ui/prompt-input.tsx:182:3)
    at div
    at Provider (file:///Volumes/X%20SSD%202025/Users/narrowchannel/indiiOS-Clean/node_modules/@radix-ui/react-context/dist/index.mjs:27:15)
    at TooltipProvider (file:///Volumes/X%20SSD%202025/Users/narrowchannel/indiiOS-Clean/node_modules/@radix-ui/react-tooltip/dist/index.mjs:29:5)
    at PromptInput (/Volumes/X SSD 2025/Users/narrowchannel/indiiOS-Clean/packages/renderer/src/components/ui/prompt-input.tsx:44:3)
    at div
    at /Volumes/X SSD 2025/Users/narrowchannel/indiiOS-Clean/packages/renderer/src/core/components/command-bar/PromptArea.tsx:25:54
    at div
    at div
    at div (/Volumes/X SSD 2025/Users/narrowchannel/indiiOS-Clean/packages/renderer/src/core/components/CommandBar.interaction.test.tsx:150:13)
    at AnimatePresence (/Volumes/X SSD 2025/Users/narrowchannel/indiiOS-Clean/packages/renderer/src/core/components/CommandBar.interaction.test.tsx:169:23)
    at CommandBar (/Volumes/X SSD 2025/Users/narrowchannel/indiiOS-Clean/packages/renderer/src/core/components/CommandBar.tsx:34:41)
Warning: An update to Tooltip inside a test was not wrapped in act(...).

When testing, code that causes React state updates should be wrapped into act(...):

act(() => {
  /* fire events that update state */
});
/* assert on the output */

This ensures that you're testing the behavior the user would see in the browser. Learn more at https://reactjs.org/link/wrap-tests-with-act
    at Tooltip (file:///Volumes/X%20SSD%202025/Users/narrowchannel/indiiOS-Clean/node_modules/@radix-ui/react-tooltip/dist/index.mjs:73:5)
    at PromptInputAction2 (/Volumes/X SSD 2025/Users/narrowchannel/indiiOS-Clean/packages/renderer/src/components/ui/prompt-input.tsx:193:3)
    at div
    at div
    at div
    at PromptInputActions2 (/Volumes/X SSD 2025/Users/narrowchannel/indiiOS-Clean/packages/renderer/src/components/ui/prompt-input.tsx:182:3)
    at div
    at Provider (file:///Volumes/X%20SSD%202025/Users/narrowchannel/indiiOS-Clean/node_modules/@radix-ui/react-context/dist/index.mjs:27:15)
    at TooltipProvider (file:///Volumes/X%20SSD%202025/Users/narrowchannel/indiiOS-Clean/node_modules/@radix-ui/react-tooltip/dist/index.mjs:29:5)
    at PromptInput (/Volumes/X SSD 2025/Users/narrowchannel/indiiOS-Clean/packages/renderer/src/components/ui/prompt-input.tsx:44:3)
    at div
    at /Volumes/X SSD 2025/Users/narrowchannel/indiiOS-Clean/packages/renderer/src/core/components/command-bar/PromptArea.tsx:25:54
    at div
    at div
    at div (/Volumes/X SSD 2025/Users/narrowchannel/indiiOS-Clean/packages/renderer/src/core/components/CommandBar.interaction.test.tsx:150:13)
    at AnimatePresence (/Volumes/X SSD 2025/Users/narrowchannel/indiiOS-Clean/packages/renderer/src/core/components/CommandBar.interaction.test.tsx:169:23)
    at CommandBar (/Volumes/X SSD 2025/Users/narrowchannel/indiiOS-Clean/packages/renderer/src/core/components/CommandBar.tsx:34:41)
Warning: An update to Tooltip inside a test was not wrapped in act(...).

When testing, code that causes React state updates should be wrapped into act(...):

act(() => {
  /* fire events that update state */
});
/* assert on the output */

This ensures that you're testing the behavior the user would see in the browser. Learn more at https://reactjs.org/link/wrap-tests-with-act
    at Tooltip (file:///Volumes/X%20SSD%202025/Users/narrowchannel/indiiOS-Clean/node_modules/@radix-ui/react-tooltip/dist/index.mjs:73:5)
    at PromptInputAction2 (/Volumes/X SSD 2025/Users/narrowchannel/indiiOS-Clean/packages/renderer/src/components/ui/prompt-input.tsx:193:3)
    at div
    at div
    at div
    at PromptInputActions2 (/Volumes/X SSD 2025/Users/narrowchannel/indiiOS-Clean/packages/renderer/src/components/ui/prompt-input.tsx:182:3)
    at div
    at Provider (file:///Volumes/X%20SSD%202025/Users/narrowchannel/indiiOS-Clean/node_modules/@radix-ui/react-context/dist/index.mjs:27:15)
    at TooltipProvider (file:///Volumes/X%20SSD%202025/Users/narrowchannel/indiiOS-Clean/node_modules/@radix-ui/react-tooltip/dist/index.mjs:29:5)
    at PromptInput (/Volumes/X SSD 2025/Users/narrowchannel/indiiOS-Clean/packages/renderer/src/components/ui/prompt-input.tsx:44:3)
    at div
    at /Volumes/X SSD 2025/Users/narrowchannel/indiiOS-Clean/packages/renderer/src/core/components/command-bar/PromptArea.tsx:25:54
    at div
    at div
    at div (/Volumes/X SSD 2025/Users/narrowchannel/indiiOS-Clean/packages/renderer/src/core/components/CommandBar.interaction.test.tsx:150:13)
    at AnimatePresence (/Volumes/X SSD 2025/Users/narrowchannel/indiiOS-Clean/packages/renderer/src/core/components/CommandBar.interaction.test.tsx:169:23)
    at CommandBar (/Volumes/X SSD 2025/Users/narrowchannel/indiiOS-Clean/packages/renderer/src/core/components/CommandBar.tsx:34:41)
Warning: An update to Tooltip inside a test was not wrapped in act(...).

When testing, code that causes React state updates should be wrapped into act(...):

act(() => {
  /* fire events that update state */
});
/* assert on the output */

This ensures that you're testing the behavior the user would see in the browser. Learn more at https://reactjs.org/link/wrap-tests-with-act
    at Tooltip (file:///Volumes/X%20SSD%202025/Users/narrowchannel/indiiOS-Clean/node_modules/@radix-ui/react-tooltip/dist/index.mjs:73:5)
    at PromptInputAction2 (/Volumes/X SSD 2025/Users/narrowchannel/indiiOS-Clean/packages/renderer/src/components/ui/prompt-input.tsx:193:3)
    at div
    at div
    at PromptInputActions2 (/Volumes/X SSD 2025/Users/narrowchannel/indiiOS-Clean/packages/renderer/src/components/ui/prompt-input.tsx:182:3)
    at div
    at Provider (file:///Volumes/X%20SSD%202025/Users/narrowchannel/indiiOS-Clean/node_modules/@radix-ui/react-context/dist/index.mjs:27:15)
    at TooltipProvider (file:///Volumes/X%20SSD%202025/Users/narrowchannel/indiiOS-Clean/node_modules/@radix-ui/react-tooltip/dist/index.mjs:29:5)
    at PromptInput (/Volumes/X SSD 2025/Users/narrowchannel/indiiOS-Clean/packages/renderer/src/components/ui/prompt-input.tsx:44:3)
    at div
    at /Volumes/X SSD 2025/Users/narrowchannel/indiiOS-Clean/packages/renderer/src/core/components/command-bar/PromptArea.tsx:25:54
    at div
    at div
    at div (/Volumes/X SSD 2025/Users/narrowchannel/indiiOS-Clean/packages/renderer/src/core/components/CommandBar.interaction.test.tsx:150:13)
    at AnimatePresence (/Volumes/X SSD 2025/Users/narrowchannel/indiiOS-Clean/packages/renderer/src/core/components/CommandBar.interaction.test.tsx:169:23)
    at CommandBar (/Volumes/X SSD 2025/Users/narrowchannel/indiiOS-Clean/packages/renderer/src/core/components/CommandBar.tsx:34:41)
Warning: An update to Tooltip inside a test was not wrapped in act(...).

When testing, code that causes React state updates should be wrapped into act(...):

act(() => {
  /* fire events that update state */
});
/* assert on the output */

This ensures that you're testing the behavior the user would see in the browser. Learn more at https://reactjs.org/link/wrap-tests-with-act
    at Tooltip (file:///Volumes/X%20SSD%202025/Users/narrowchannel/indiiOS-Clean/node_modules/@radix-ui/react-tooltip/dist/index.mjs:73:5)
    at PromptInputAction2 (/Volumes/X SSD 2025/Users/narrowchannel/indiiOS-Clean/packages/renderer/src/components/ui/prompt-input.tsx:193:3)
    at div
    at div
    at div
    at PromptInputActions2 (/Volumes/X SSD 2025/Users/narrowchannel/indiiOS-Clean/packages/renderer/src/components/ui/prompt-input.tsx:182:3)
    at div
    at Provider (file:///Volumes/X%20SSD%202025/Users/narrowchannel/indiiOS-Clean/node_modules/@radix-ui/react-context/dist/index.mjs:27:15)
    at TooltipProvider (file:///Volumes/X%20SSD%202025/Users/narrowchannel/indiiOS-Clean/node_modules/@radix-ui/react-tooltip/dist/index.mjs:29:5)
    at PromptInput (/Volumes/X SSD 2025/Users/narrowchannel/indiiOS-Clean/packages/renderer/src/components/ui/prompt-input.tsx:44:3)
    at div
    at /Volumes/X SSD 2025/Users/narrowchannel/indiiOS-Clean/packages/renderer/src/core/components/command-bar/PromptArea.tsx:25:54
    at div
    at div
    at div (/Volumes/X SSD 2025/Users/narrowchannel/indiiOS-Clean/packages/renderer/src/core/components/CommandBar.interaction.test.tsx:150:13)
    at AnimatePresence (/Volumes/X SSD 2025/Users/narrowchannel/indiiOS-Clean/packages/renderer/src/core/components/CommandBar.interaction.test.tsx:169:23)
    at CommandBar (/Volumes/X SSD 2025/Users/narrowchannel/indiiOS-Clean/packages/renderer/src/core/components/CommandBar.tsx:34:41)
Warning: An update to Tooltip inside a test was not wrapped in act(...).

When testing, code that causes React state updates should be wrapped into act(...):

act(() => {
  /* fire events that update state */
});
/* assert on the output */

This ensures that you're testing the behavior the user would see in the browser. Learn more at https://reactjs.org/link/wrap-tests-with-act
    at Tooltip (file:///Volumes/X%20SSD%202025/Users/narrowchannel/indiiOS-Clean/node_modules/@radix-ui/react-tooltip/dist/index.mjs:73:5)
    at PromptInputAction2 (/Volumes/X SSD 2025/Users/narrowchannel/indiiOS-Clean/packages/renderer/src/components/ui/prompt-input.tsx:193:3)
    at div
    at div
    at PromptInputActions2 (/Volumes/X SSD 2025/Users/narrowchannel/indiiOS-Clean/packages/renderer/src/components/ui/prompt-input.tsx:182:3)
    at div
    at Provider (file:///Volumes/X%20SSD%202025/Users/narrowchannel/indiiOS-Clean/node_modules/@radix-ui/react-context/dist/index.mjs:27:15)
    at TooltipProvider (file:///Volumes/X%20SSD%202025/Users/narrowchannel/indiiOS-Clean/node_modules/@radix-ui/react-tooltip/dist/index.mjs:29:5)
    at PromptInput (/Volumes/X SSD 2025/Users/narrowchannel/indiiOS-Clean/packages/renderer/src/components/ui/prompt-input.tsx:44:3)
    at div
    at /Volumes/X SSD 2025/Users/narrowchannel/indiiOS-Clean/packages/renderer/src/core/components/command-bar/PromptArea.tsx:25:54
    at div
    at div
    at div (/Volumes/X SSD 2025/Users/narrowchannel/indiiOS-Clean/packages/renderer/src/core/components/CommandBar.interaction.test.tsx:150:13)
    at AnimatePresence (/Volumes/X SSD 2025/Users/narrowchannel/indiiOS-Clean/packages/renderer/src/core/components/CommandBar.interaction.test.tsx:169:23)
    at CommandBar (/Volumes/X SSD 2025/Users/narrowchannel/indiiOS-Clean/packages/renderer/src/core/components/CommandBar.tsx:34:41)
Warning: An update to Tooltip inside a test was not wrapped in act(...).

When testing, code that causes React state updates should be wrapped into act(...):

act(() => {
  /* fire events that update state */
});
/* assert on the output */

This ensures that you're testing the behavior the user would see in the browser. Learn more at https://reactjs.org/link/wrap-tests-with-act
    at Tooltip (file:///Volumes/X%20SSD%202025/Users/narrowchannel/indiiOS-Clean/node_modules/@radix-ui/react-tooltip/dist/index.mjs:73:5)
    at PromptInputAction2 (/Volumes/X SSD 2025/Users/narrowchannel/indiiOS-Clean/packages/renderer/src/components/ui/prompt-input.tsx:193:3)
    at div
    at div
    at PromptInputActions2 (/Volumes/X SSD 2025/Users/narrowchannel/indiiOS-Clean/packages/renderer/src/components/ui/prompt-input.tsx:182:3)
    at div
    at Provider (file:///Volumes/X%20SSD%202025/Users/narrowchannel/indiiOS-Clean/node_modules/@radix-ui/react-context/dist/index.mjs:27:15)
    at TooltipProvider (file:///Volumes/X%20SSD%202025/Users/narrowchannel/indiiOS-Clean/node_modules/@radix-ui/react-tooltip/dist/index.mjs:29:5)
    at PromptInput (/Volumes/X SSD 2025/Users/narrowchannel/indiiOS-Clean/packages/renderer/src/components/ui/prompt-input.tsx:44:3)
    at div
    at /Volumes/X SSD 2025/Users/narrowchannel/indiiOS-Clean/packages/renderer/src/core/components/command-bar/PromptArea.tsx:25:54
    at div
    at div
    at div (/Volumes/X SSD 2025/Users/narrowchannel/indiiOS-Clean/packages/renderer/src/core/components/CommandBar.interaction.test.tsx:150:13)
    at AnimatePresence (/Volumes/X SSD 2025/Users/narrowchannel/indiiOS-Clean/packages/renderer/src/core/components/CommandBar.interaction.test.tsx:169:23)
    at CommandBar (/Volumes/X SSD 2025/Users/narrowchannel/indiiOS-Clean/packages/renderer/src/core/components/CommandBar.tsx:34:41)
Warning: An update to Tooltip inside a test was not wrapped in act(...).

When testing, code that causes React state updates should be wrapped into act(...):

act(() => {
  /* fire events that update state */
});
/* assert on the output */

This ensures that you're testing the behavior the user would see in the browser. Learn more at https://reactjs.org/link/wrap-tests-with-act
    at Tooltip (file:///Volumes/X%20SSD%202025/Users/narrowchannel/indiiOS-Clean/node_modules/@radix-ui/react-tooltip/dist/index.mjs:73:5)
    at PromptInputAction2 (/Volumes/X SSD 2025/Users/narrowchannel/indiiOS-Clean/packages/renderer/src/components/ui/prompt-input.tsx:193:3)
    at div
    at div
    at div
    at PromptInputActions2 (/Volumes/X SSD 2025/Users/narrowchannel/indiiOS-Clean/packages/renderer/src/components/ui/prompt-input.tsx:182:3)
    at div
    at Provider (file:///Volumes/X%20SSD%202025/Users/narrowchannel/indiiOS-Clean/node_modules/@radix-ui/react-context/dist/index.mjs:27:15)
    at TooltipProvider (file:///Volumes/X%20SSD%202025/Users/narrowchannel/indiiOS-Clean/node_modules/@radix-ui/react-tooltip/dist/index.mjs:29:5)
    at PromptInput (/Volumes/X SSD 2025/Users/narrowchannel/indiiOS-Clean/packages/renderer/src/components/ui/prompt-input.tsx:44:3)
    at div
    at /Volumes/X SSD 2025/Users/narrowchannel/indiiOS-Clean/packages/renderer/src/core/components/command-bar/PromptArea.tsx:25:54
    at div
    at div
    at div (/Volumes/X SSD 2025/Users/narrowchannel/indiiOS-Clean/packages/renderer/src/core/components/CommandBar.interaction.test.tsx:150:13)
    at AnimatePresence (/Volumes/X SSD 2025/Users/narrowchannel/indiiOS-Clean/packages/renderer/src/core/components/CommandBar.interaction.test.tsx:169:23)
    at CommandBar (/Volumes/X SSD 2025/Users/narrowchannel/indiiOS-Clean/packages/renderer/src/core/components/CommandBar.tsx:34:41)
Warning: An update to Tooltip inside a test was not wrapped in act(...).

When testing, code that causes React state updates should be wrapped into act(...):

act(() => {
  /* fire events that update state */
});
/* assert on the output */

This ensures that you're testing the behavior the user would see in the browser. Learn more at https://reactjs.org/link/wrap-tests-with-act
    at Tooltip (file:///Volumes/X%20SSD%202025/Users/narrowchannel/indiiOS-Clean/node_modules/@radix-ui/react-tooltip/dist/index.mjs:73:5)
    at PromptInputAction2 (/Volumes/X SSD 2025/Users/narrowchannel/indiiOS-Clean/packages/renderer/src/components/ui/prompt-input.tsx:193:3)
    at div
    at div
    at div
    at PromptInputActions2 (/Volumes/X SSD 2025/Users/narrowchannel/indiiOS-Clean/packages/renderer/src/components/ui/prompt-input.tsx:182:3)
    at div
    at Provider (file:///Volumes/X%20SSD%202025/Users/narrowchannel/indiiOS-Clean/node_modules/@radix-ui/react-context/dist/index.mjs:27:15)
    at TooltipProvider (file:///Volumes/X%20SSD%202025/Users/narrowchannel/indiiOS-Clean/node_modules/@radix-ui/react-tooltip/dist/index.mjs:29:5)
    at PromptInput (/Volumes/X SSD 2025/Users/narrowchannel/indiiOS-Clean/packages/renderer/src/components/ui/prompt-input.tsx:44:3)
    at div
    at /Volumes/X SSD 2025/Users/narrowchannel/indiiOS-Clean/packages/renderer/src/core/components/command-bar/PromptArea.tsx:25:54
    at div
    at div
    at div (/Volumes/X SSD 2025/Users/narrowchannel/indiiOS-Clean/packages/renderer/src/core/components/CommandBar.interaction.test.tsx:150:13)
    at AnimatePresence (/Volumes/X SSD 2025/Users/narrowchannel/indiiOS-Clean/packages/renderer/src/core/components/CommandBar.interaction.test.tsx:169:23)
    at CommandBar (/Volumes/X SSD 2025/Users/narrowchannel/indiiOS-Clean/packages/renderer/src/core/components/CommandBar.tsx:34:41)
Warning: An update to Tooltip inside a test was not wrapped in act(...).

When testing, code that causes React state updates should be wrapped into act(...):

act(() => {
  /* fire events that update state */
});
/* assert on the output */

This ensures that you're testing the behavior the user would see in the browser. Learn more at https://reactjs.org/link/wrap-tests-with-act
    at Tooltip (file:///Volumes/X%20SSD%202025/Users/narrowchannel/indiiOS-Clean/node_modules/@radix-ui/react-tooltip/dist/index.mjs:73:5)
    at PromptInputAction2 (/Volumes/X SSD 2025/Users/narrowchannel/indiiOS-Clean/packages/renderer/src/components/ui/prompt-input.tsx:193:3)
    at div
    at div
    at PromptInputActions2 (/Volumes/X SSD 2025/Users/narrowchannel/indiiOS-Clean/packages/renderer/src/components/ui/prompt-input.tsx:182:3)
    at div
    at Provider (file:///Volumes/X%20SSD%202025/Users/narrowchannel/indiiOS-Clean/node_modules/@radix-ui/react-context/dist/index.mjs:27:15)
    at TooltipProvider (file:///Volumes/X%20SSD%202025/Users/narrowchannel/indiiOS-Clean/node_modules/@radix-ui/react-tooltip/dist/index.mjs:29:5)
    at PromptInput (/Volumes/X SSD 2025/Users/narrowchannel/indiiOS-Clean/packages/renderer/src/components/ui/prompt-input.tsx:44:3)
    at div
    at /Volumes/X SSD 2025/Users/narrowchannel/indiiOS-Clean/packages/renderer/src/core/components/command-bar/PromptArea.tsx:25:54
    at div
    at div
    at div (/Volumes/X SSD 2025/Users/narrowchannel/indiiOS-Clean/packages/renderer/src/core/components/CommandBar.interaction.test.tsx:150:13)
    at AnimatePresence (/Volumes/X SSD 2025/Users/narrowchannel/indiiOS-Clean/packages/renderer/src/core/components/CommandBar.interaction.test.tsx:169:23)
    at CommandBar (/Volumes/X SSD 2025/Users/narrowchannel/indiiOS-Clean/packages/renderer/src/core/components/CommandBar.tsx:34:41)

·(node:8994) Warning: `--localstorage-file` was provided without a valid path
(Use `node --trace-warnings ...` to show where the warning was created)
(node:8993) Warning: `--localstorage-file` was provided without a valid path
(Use `node --trace-warnings ...` to show where the warning was created)
(node:8992) Warning: `--localstorage-file` was provided without a valid path
(Use `node --trace-warnings ...` to show where the warning was created)
·stdout | packages/renderer/src/core/components/SidebarNavigation.test.tsx > Sidebar Navigation Integration > renders correct dashboard for Publishing
[OfflineSync] Auto sync stopped

···(node:9003) Warning: `--localstorage-file` was provided without a valid path
(Use `node --trace-warnings ...` to show where the warning was created)
··(node:8996) Warning: `--localstorage-file` was provided without a valid path
(Use `node --trace-warnings ...` to show where the warning was created)
stdout | packages/renderer/src/services/agent/specialists/GeneralistAgent.test.ts
[DistributorService] Registered adapter: DistroKid
[DistributorService] Registered adapter: TuneCore
[DistributorService] Registered adapter: CDBaby
[DistributorService] Registered adapter: Symphonic

···(node:9001) Warning: `--localstorage-file` was provided without a valid path
(Use `node --trace-warnings ...` to show where the warning was created)
·Warning: A vi.mock("@/components/kokonutui/file-upload") call in "/Volumes/X SSD 2025/Users/narrowchannel/indiiOS-Clean/packages/renderer/src/modules/creative/components/CreativeGallery.a11y.test.tsx" is not at the top level of the module. Although it appears nested, it will be hoisted and executed before any tests run. Move it to the top level to reflect its actual execution order. This will become an error in a future version.
See: https://vitest.dev/guide/mocking/modules#how-it-works
(node:8991) Warning: `--localstorage-file` was provided without a valid path
(Use `node --trace-warnings ...` to show where the warning was created)
···stdout | packages/renderer/src/core/components/SidebarNavigation.test.tsx > Sidebar Navigation Integration > renders correct dashboard for Finance
[OfflineSync] Auto sync started
[RemoteRelay] 🔐 Setting up auth listener...
[RemoteRelay/Firestore] ⚡ Hook enabled state: false
[RemoteRelay/Firestore] 🔍 Command listener effect triggered, enabled=false
[RemoteRelay/Firestore] ⏸️ Not enabled — skipping command listener

stdout | packages/renderer/src/core/components/SidebarNavigation.test.tsx > Sidebar Navigation Integration > renders correct dashboard for Finance
[AssetObserver] Initializing Creative Asset Observer... 
[AlwaysOnMemoryEngine] Already running for this user.

stdout | packages/renderer/src/core/components/SidebarNavigation.test.tsx > Sidebar Navigation Integration > renders correct dashboard for Finance
[OfflineSync] Auto sync stopped

·stdout | packages/renderer/src/components/project/ResourceTree.a11y.test.tsx
[DistributorService] Registered adapter: DistroKid
[DistributorService] Registered adapter: TuneCore
[DistributorService] Registered adapter: CDBaby
[DistributorService] Registered adapter: Symphonic

(node:9002) Warning: `--localstorage-file` was provided without a valid path
(Use `node --trace-warnings ...` to show where the warning was created)
(node:8998) Warning: `--localstorage-file` was provided without a valid path
(Use `node --trace-warnings ...` to show where the warning was created)
(node:9005) Warning: `--localstorage-file` was provided without a valid path
(Use `node --trace-warnings ...` to show where the warning was created)
·········(node:8995) Warning: `--localstorage-file` was provided without a valid path
(Use `node --trace-warnings ...` to show where the warning was created)
(node:9006) Warning: `--localstorage-file` was provided without a valid path
(Use `node --trace-warnings ...` to show where the warning was created)
·········stdout | packages/renderer/src/core/components/SidebarNavigation.test.tsx > Sidebar Navigation Integration > renders correct dashboard for Licensing
[OfflineSync] Auto sync started
[RemoteRelay] 🔐 Setting up auth listener...
[RemoteRelay/Firestore] ⚡ Hook enabled state: false
[RemoteRelay/Firestore] 🔍 Command listener effect triggered, enabled=false
[RemoteRelay/Firestore] ⏸️ Not enabled — skipping command listener

···(node:9007) Warning: `--localstorage-file` was provided without a valid path
(Use `node --trace-warnings ...` to show where the warning was created)
··stdout | packages/renderer/src/core/components/SidebarNavigation.test.tsx > Sidebar Navigation Integration > renders correct dashboard for Licensing
[AssetObserver] Initializing Creative Asset Observer... 
[AlwaysOnMemoryEngine] Already running for this user.

(node:9004) Warning: `--localstorage-file` was provided without a valid path
(Use `node --trace-warnings ...` to show where the warning was created)
·(node:9008) Warning: `--localstorage-file` was provided without a valid path
(Use `node --trace-warnings ...` to show where the warning was created)
··stdout | packages/renderer/src/core/components/SidebarNavigation.test.tsx > Sidebar Navigation Integration > renders correct dashboard for Licensing
[OfflineSync] Auto sync stopped

·stderr | packages/renderer/src/core/components/SidebarNavigation.test.tsx > Sidebar Navigation Integration > renders navigation items correctly
Warning: An update to ProjectList inside a test was not wrapped in act(...).

When testing, code that causes React state updates should be wrapped into act(...):

act(() => {
  /* fire events that update state */
});
/* assert on the output */

This ensures that you're testing the behavior the user would see in the browser. Learn more at https://reactjs.org/link/wrap-tests-with-act
    at ProjectList (/Volumes/X SSD 2025/Users/narrowchannel/indiiOS-Clean/packages/renderer/src/core/components/sidebar/ProjectList.tsx:12:24)
    at div
    at nav
    at MotionDOMComponent (file:///Volumes/X%20SSD%202025/Users/narrowchannel/indiiOS-Clean/node_modules/framer-motion/dist/es/motion/index.mjs:45:16)
    at Sidebar (/Volumes/X SSD 2025/Users/narrowchannel/indiiOS-Clean/packages/renderer/src/core/components/Sidebar.tsx:163:77)
    at Router (file:///Volumes/X%20SSD%202025/Users/narrowchannel/indiiOS-Clean/node_modules/react-router/dist/development/chunk-EVOBXE3Y.mjs:6737:13)
    at MemoryRouter (file:///Volumes/X%20SSD%202025/Users/narrowchannel/indiiOS-Clean/node_modules/react-router/dist/development/chunk-EVOBXE3Y.mjs:6653:3)
Warning: An update to ProjectList inside a test was not wrapped in act(...).

When testing, code that causes React state updates should be wrapped into act(...):

act(() => {
  /* fire events that update state */
});
/* assert on the output */

This ensures that you're testing the behavior the user would see in the browser. Learn more at https://reactjs.org/link/wrap-tests-with-act
    at ProjectList (/Volumes/X SSD 2025/Users/narrowchannel/indiiOS-Clean/packages/renderer/src/core/components/sidebar/ProjectList.tsx:12:24)
    at div
    at nav
    at MotionDOMComponent (file:///Volumes/X%20SSD%202025/Users/narrowchannel/indiiOS-Clean/node_modules/framer-motion/dist/es/motion/index.mjs:45:16)
    at Sidebar (/Volumes/X SSD 2025/Users/narrowchannel/indiiOS-Clean/packages/renderer/src/core/components/Sidebar.tsx:163:77)
    at Router (file:///Volumes/X%20SSD%202025/Users/narrowchannel/indiiOS-Clean/node_modules/react-router/dist/development/chunk-EVOBXE3Y.mjs:6737:13)
    at MemoryRouter (file:///Volumes/X%20SSD%202025/Users/narrowchannel/indiiOS-Clean/node_modules/react-router/dist/development/chunk-EVOBXE3Y.mjs:6653:3)

stderr | packages/renderer/src/modules/merchandise/components/Merchandise.test.tsx > Merchandise Dashboard > StandardMerch renders standard products
Warning: React does not recognize the `fetchPriority` prop on a DOM element. If you intentionally want it to appear in the DOM as a custom attribute, spell it as lowercase `fetchpriority` instead. If you accidentally passed it from a parent component, remove it from the DOM element.
    at img
    at div
    at div
    at StandardMerch

·······stdout | packages/renderer/src/services/agent/specialists/verification.test.ts > Specialist Agent Fleet Verification > should verify GeneralistAgent (indii Conductor)
[AgentRegistry] Agent 'generalist' loaded successfully

··stderr | packages/renderer/src/services/agent/__tests__/AgentStreaming.test.ts > Agent Streaming > should handle tool calls after streaming
[MemoryService] Failed to get embedding, falling back to keyword search: Error: Batch result count mismatch: expected 1, got undefined
    at RequestBatcher.flush (/Volumes/X SSD 2025/Users/narrowchannel/indiiOS-Clean/packages/renderer/src/utils/RequestBatcher.ts:51:23)

············stderr | packages/renderer/src/modules/dashboard/components/WorkspaceCanvas.perf.test.tsx > WorkspaceCanvas > renders an image card when an image item is provided
Warning: Received `true` for a non-boolean attribute `layout`.

If you want to write it to the DOM, pass a string instead: layout="true" or layout={value.toString()}.
    at div
    at div (/Volumes/X SSD 2025/Users/narrowchannel/indiiOS-Clean/packages/renderer/src/modules/dashboard/components/WorkspaceCanvas.perf.test.tsx:3:13)
    at CanvasCard (/Volumes/X SSD 2025/Users/narrowchannel/indiiOS-Clean/packages/renderer/src/modules/dashboard/components/WorkspaceCanvas.tsx:49:3)
    at AnimatePresence (/Volumes/X SSD 2025/Users/narrowchannel/indiiOS-Clean/packages/renderer/src/modules/dashboard/components/WorkspaceCanvas.perf.test.tsx:9:23)
    at div
    at div
    at div
    at WorkspaceCanvas (/Volumes/X SSD 2025/Users/narrowchannel/indiiOS-Clean/packages/renderer/src/modules/dashboard/components/WorkspaceCanvas.tsx:458:28)

·········stdout | packages/renderer/src/modules/social/components/SocialFeed.interaction.test.tsx
[DistributorService] Registered adapter: DistroKid
[DistributorService] Registered adapter: TuneCore
[DistributorService] Registered adapter: CDBaby
[DistributorService] Registered adapter: Symphonic

······Not implemented: HTMLMediaElement's pause() method
Not implemented: HTMLMediaElement's load() method
·(node:9056) Warning: `--localstorage-file` was provided without a valid path
(Use `node --trace-warnings ...` to show where the warning was created)
···stderr | packages/renderer/src/modules/marketing/components/CampaignManager.integration.test.tsx > CampaignManager Integration > handles backend errors gracefully
Campaign Execution Failed: Error: Validation Failed
    at /Volumes/X SSD 2025/Users/narrowchannel/indiiOS-Clean/packages/renderer/src/modules/marketing/components/CampaignManager.integration.test.tsx:118:45
    at file:///Volumes/X%20SSD%202025/Users/narrowchannel/indiiOS-Clean/node_modules/@vitest/runner/dist/chunk-artifact.js:302:11
    at file:///Volumes/X%20SSD%202025/Users/narrowchannel/indiiOS-Clean/node_modules/@vitest/runner/dist/chunk-artifact.js:1903:26
    at file:///Volumes/X%20SSD%202025/Users/narrowchannel/indiiOS-Clean/node_modules/@vitest/runner/dist/chunk-artifact.js:2326:20
    at new Promise (<anonymous>)
    at runWithCancel (file:///Volumes/X%20SSD%202025/Users/narrowchannel/indiiOS-Clean/node_modules/@vitest/runner/dist/chunk-artifact.js:2323:10)
    at file:///Volumes/X%20SSD%202025/Users/narrowchannel/indiiOS-Clean/node_modules/@vitest/runner/dist/chunk-artifact.js:2305:20
    at new Promise (<anonymous>)
    at runWithTimeout (file:///Volumes/X%20SSD%202025/Users/narrowchannel/indiiOS-Clean/node_modules/@vitest/runner/dist/chunk-artifact.js:2272:10)
    at file:///Volumes/X%20SSD%202025/Users/narrowchannel/indiiOS-Clean/node_modules/@vitest/runner/dist/chunk-artifact.js:2955:64

·stderr | packages/renderer/src/modules/creative/components/__tests__/CreativeCanvas.test.tsx > CreativeCanvas > should render canvas container when item is provided
[CanvasOps] All image load strategies failed: TypeError: this.canvas.setDimensions is not a function
    at CanvasOperationsService.placeImageOnCanvas (/Volumes/X SSD 2025/Users/narrowchannel/indiiOS-Clean/packages/renderer/src/modules/creative/services/CanvasOperationsService.ts:131:21)
    at /Volumes/X SSD 2025/Users/narrowchannel/indiiOS-Clean/packages/renderer/src/modules/creative/services/CanvasOperationsService.ts:164:26
    at processTicksAndRejections (node:internal/process/task_queues:104:5)

···stderr | packages/renderer/src/modules/creative/components/__tests__/CreativeCanvas.test.tsx > CreativeCanvas > should render the magic fill input
[CanvasOps] All image load strategies failed: TypeError: this.canvas.setDimensions is not a function
    at CanvasOperationsService.placeImageOnCanvas (/Volumes/X SSD 2025/Users/narrowchannel/indiiOS-Clean/packages/renderer/src/modules/creative/services/CanvasOperationsService.ts:131:21)
    at /Volumes/X SSD 2025/Users/narrowchannel/indiiOS-Clean/packages/renderer/src/modules/creative/services/CanvasOperationsService.ts:164:26
    at processTicksAndRejections (node:internal/process/task_queues:104:5)

···stdout | packages/renderer/src/services/video/VideoGenerationService.test.ts > VideoGenerationService (Veo 3.1 Pipeline) > generateVideo > should enforce quota limits before triggering job
[VideoGeneration] 🎬 generateVideo() called: {
  promptPreview: 'test',
  model: 'veo-3.1-generate-preview',
  duration: 8,
  aspectRatio: undefined,
  hasFirstFrame: false,
  hasLastFrame: false,
  hasReferenceImages: false,
  userId: 'test-user'
}

·Not implemented: Window's getComputedStyle() method: with pseudo-elements
Not implemented: Window's getComputedStyle() method: with pseudo-elements
Not implemented: Window's getComputedStyle() method: with pseudo-elements
Not implemented: Window's getComputedStyle() method: with pseudo-elements
Not implemented: Window's getComputedStyle() method: with pseudo-elements
Not implemented: Window's getComputedStyle() method: with pseudo-elements
Not implemented: Window's getComputedStyle() method: with pseudo-elements
Not implemented: Window's getComputedStyle() method: with pseudo-elements
Not implemented: Window's getComputedStyle() method: with pseudo-elements
Not implemented: Window's getComputedStyle() method: with pseudo-elements
(node:9025) Warning: `--localstorage-file` was provided without a valid path
(Use `node --trace-warnings ...` to show where the warning was created)
stdout | packages/renderer/src/services/video/VideoGenerationService.test.ts > VideoGenerationService (Veo 3.1 Pipeline) > generateVideo > should trigger video generation with correct parameters
[VideoGeneration] 🎬 generateVideo() called: {
  promptPreview: 'A cinematic shot',
  model: 'veo-3.1-generate-preview',
  duration: 8,
  aspectRatio: '16:9',
  hasFirstFrame: false,
  hasLastFrame: false,
  hasReferenceImages: false,
  userId: 'test-user'
}

stderr | packages/renderer/src/services/video/VideoGenerationService.test.ts > VideoGenerationService (Veo 3.1 Pipeline) > generateVideo > should trigger video generation with correct parameters
[MetadataPersistence] Save attempt 1/2 failed: Error: [vitest] No "addDoc" export is defined on the "firebase/firestore" mock. Did you forget to return it from "vi.mock"?
If you need to partially mock a module, you can use "importOriginal" helper inside:

    at VitestMocker.createError (file:///Volumes/X%20SSD%202025/Users/narrowchannel/indiiOS-Clean/node_modules/vitest/dist/chunks/startVitestModuleRunner.bRl2_oI_.js:62:17)
    at Object.get (file:///Volumes/X%20SSD%202025/Users/narrowchannel/indiiOS-Clean/node_modules/vitest/dist/chunks/startVitestModuleRunner.bRl2_oI_.js:324:16)
    at MetadataPersistenceService.save (/Volumes/X SSD 2025/Users/narrowchannel/indiiOS-Clean/packages/renderer/src/services/persistence/MetadataPersistenceService.ts:274:38)
    at VideoGenerationService.generateVideo (/Volumes/X SSD 2025/Users/narrowchannel/indiiOS-Clean/packages/renderer/src/services/video/VideoGenerationService.ts:386:36)
    at processTicksAndRejections (node:internal/process/task_queues:104:5)
    at /Volumes/X SSD 2025/Users/narrowchannel/indiiOS-Clean/packages/renderer/src/services/video/VideoGenerationService.test.ts:118:28
    at file:///Volumes/X%20SSD%202025/Users/narrowchannel/indiiOS-Clean/node_modules/@vitest/runner/dist/chunk-artifact.js:1903:20 {
  codeFrame: 'vi.mock(import("firebase/firestore"), async (importOriginal) => {\n' +
    '  const actual = await importOriginal()\n' +
    '  return {\n' +
    '    ...actual,\n' +
    '    // your mocked methods\n' +
    '  }\n' +
    '})'
}

stdout | packages/renderer/src/services/video/VideoGenerationService.test.ts > VideoGenerationService (Veo 3.1 Pipeline) > generateVideo > should trigger video generation with correct parameters
[VideoGeneration] 🚀 Calling GenAI.generateVideo() with: {
  model: 'veo-3.1-generate-preview',
  promptLength: 16,
  hasImage: false,
  config: '{"aspectRatio":"16:9","resolution":"1080p","durationSeconds":8}'
}

·····stderr | packages/renderer/src/services/video/VideoGenerationService.test.ts > VideoGenerationService (Veo 3.1 Pipeline) > generateLongFormVideo (Veo 3.1 Streaming) > should segment prompt into multiple blocks for long duration (Pro scenario)
[DaisyChain] Frame extraction/analysis failed for segment 1. Continuing without visual continuity. ReferenceError: document is not defined
    at /Volumes/X SSD 2025/Users/narrowchannel/indiiOS-Clean/packages/renderer/src/utils/video.ts:20:23
    at new Promise (<anonymous>)
    at extractVideoFrame (/Volumes/X SSD 2025/Users/narrowchannel/indiiOS-Clean/packages/renderer/src/utils/video.ts:19:12)
    at extractLastFrameForAPI (/Volumes/X SSD 2025/Users/narrowchannel/indiiOS-Clean/packages/renderer/src/utils/video.ts:88:27)
    at VideoGenerationService.generateLongFormVideo (/Volumes/X SSD 2025/Users/narrowchannel/indiiOS-Clean/packages/renderer/src/services/video/VideoGenerationService.ts:800:55)
    at processTicksAndRejections (node:internal/process/task_queues:104:5)
    at /Volumes/X SSD 2025/Users/narrowchannel/indiiOS-Clean/packages/renderer/src/services/video/VideoGenerationService.test.ts:219:13
    at file:///Volumes/X%20SSD%202025/Users/narrowchannel/indiiOS-Clean/node_modules/@vitest/runner/dist/chunk-artifact.js:1903:20

stderr | packages/renderer/src/services/video/VideoGenerationService.test.ts > VideoGenerationService (Veo 3.1 Pipeline) > generateLongFormVideo (Veo 3.1 Streaming) > should segment prompt into multiple blocks for long duration (Pro scenario)
[DaisyChain] Frame extraction/analysis failed for segment 2. Continuing without visual continuity. ReferenceError: document is not defined
    at /Volumes/X SSD 2025/Users/narrowchannel/indiiOS-Clean/packages/renderer/src/utils/video.ts:20:23
    at new Promise (<anonymous>)
    at extractVideoFrame (/Volumes/X SSD 2025/Users/narrowchannel/indiiOS-Clean/packages/renderer/src/utils/video.ts:19:12)
    at extractLastFrameForAPI (/Volumes/X SSD 2025/Users/narrowchannel/indiiOS-Clean/packages/renderer/src/utils/video.ts:88:27)
    at VideoGenerationService.generateLongFormVideo (/Volumes/X SSD 2025/Users/narrowchannel/indiiOS-Clean/packages/renderer/src/services/video/VideoGenerationService.ts:800:55)
    at processTicksAndRejections (node:internal/process/task_queues:104:5)
    at /Volumes/X SSD 2025/Users/narrowchannel/indiiOS-Clean/packages/renderer/src/services/video/VideoGenerationService.test.ts:219:13
    at file:///Volumes/X%20SSD%202025/Users/narrowchannel/indiiOS-Clean/node_modules/@vitest/runner/dist/chunk-artifact.js:1903:20

stderr | packages/renderer/src/modules/creative/components/__tests__/CreativeCanvas.test.tsx > CreativeCanvas > should show Animate button for images
[CanvasOps] All image load strategies failed: TypeError: this.canvas.setDimensions is not a function
    at CanvasOperationsService.placeImageOnCanvas (/Volumes/X SSD 2025/Users/narrowchannel/indiiOS-Clean/packages/renderer/src/modules/creative/services/CanvasOperationsService.ts:131:21)
    at /Volumes/X SSD 2025/Users/narrowchannel/indiiOS-Clean/packages/renderer/src/modules/creative/services/CanvasOperationsService.ts:164:26
    at processTicksAndRejections (node:internal/process/task_queues:104:5)

stderr | packages/renderer/src/modules/creative/components/__tests__/CreativeCanvas.test.tsx > CreativeCanvas > should show close button
[CanvasOps] All image load strategies failed: TypeError: this.canvas.setDimensions is not a function
    at CanvasOperationsService.placeImageOnCanvas (/Volumes/X SSD 2025/Users/narrowchannel/indiiOS-Clean/packages/renderer/src/modules/creative/services/CanvasOperationsService.ts:131:21)
    at /Volumes/X SSD 2025/Users/narrowchannel/indiiOS-Clean/packages/renderer/src/modules/creative/services/CanvasOperationsService.ts:164:26
    at processTicksAndRejections (node:internal/process/task_queues:104:5)
stderr | packages/renderer/src/services/video/VideoGenerationService.test.ts > VideoGenerationService (Veo 3.1 Pipeline) > generateLongFormVideo (Veo 3.1 Streaming) > should pass firstFrame image to the first segment only
[DaisyChain] Frame extraction/analysis failed for segment 1. Continuing without visual continuity. ReferenceError: document is not defined
    at /Volumes/X SSD 2025/Users/narrowchannel/indiiOS-Clean/packages/renderer/src/utils/video.ts:20:23
    at new Promise (<anonymous>)
    at extractVideoFrame (/Volumes/X SSD 2025/Users/narrowchannel/indiiOS-Clean/packages/renderer/src/utils/video.ts:19:12)
    at extractLastFrameForAPI (/Volumes/X SSD 2025/Users/narrowchannel/indiiOS-Clean/packages/renderer/src/utils/video.ts:88:27)
    at VideoGenerationService.generateLongFormVideo (/Volumes/X SSD 2025/Users/narrowchannel/indiiOS-Clean/packages/renderer/src/services/video/VideoGenerationService.ts:800:55)
    at processTicksAndRejections (node:internal/process/task_queues:104:5)
    at /Volumes/X SSD 2025/Users/narrowchannel/indiiOS-Clean/packages/renderer/src/services/video/VideoGenerationService.test.ts:248:13
    at file:///Volumes/X%20SSD%202025/Users/narrowchannel/indiiOS-Clean/node_modules/@vitest/runner/dist/chunk-artifact.js:1903:20


······(node:9027) Warning: `--localstorage-file` was provided without a valid path
(Use `node --trace-warnings ...` to show where the warning was created)
·········(node:9026) Warning: `--localstorage-file` was provided without a valid path
(Use `node --trace-warnings ...` to show where the warning was created)
(node:9037) Warning: `--localstorage-file` was provided without a valid path
(Use `node --trace-warnings ...` to show where the warning was created)
(node:9035) Warning: `--localstorage-file` was provided without a valid path
(Use `node --trace-warnings ...` to show where the warning was created)
stdout | packages/renderer/src/components/project/ResourceTree.ui.test.tsx
[DistributorService] Registered adapter: DistroKid
[DistributorService] Registered adapter: TuneCore
[DistributorService] Registered adapter: CDBaby
[DistributorService] Registered adapter: Symphonic

(node:9031) Warning: `--localstorage-file` was provided without a valid path
(Use `node --trace-warnings ...` to show where the warning was created)
(node:9039) Warning: `--localstorage-file` was provided without a valid path
(Use `node --trace-warnings ...` to show where the warning was created)
(node:9043) Warning: `--localstorage-file` was provided without a valid path
(Use `node --trace-warnings ...` to show where the warning was created)
stdout | packages/renderer/src/tests/RouterContext.test.tsx
[OfflineSync] IndexedDB initialized

(node:9047) Warning: `--localstorage-file` was provided without a valid path
(Use `node --trace-warnings ...` to show where the warning was created)
·stdout | packages/renderer/src/components/project/ResourceTree.test.tsx
[DistributorService] Registered adapter: DistroKid
[DistributorService] Registered adapter: TuneCore
[DistributorService] Registered adapter: CDBaby
[DistributorService] Registered adapter: Symphonic

(node:9042) Warning: `--localstorage-file` was provided without a valid path
(Use `node --trace-warnings ...` to show where the warning was created)
···········(node:9045) Warning: `--localstorage-file` was provided without a valid path
(Use `node --trace-warnings ...` to show where the warning was created)
··(node:9048) Warning: `--localstorage-file` was provided without a valid path
(Use `node --trace-warnings ...` to show where the warning was created)
(node:9052) Warning: `--localstorage-file` was provided without a valid path
(Use `node --trace-warnings ...` to show where the warning was created)
····stdout | packages/renderer/src/services/agent/__tests__/AgentService.security.test.ts > BaseAgent Runtime Tool Authorization > blocks a tool not in authorizedTools and injects error into toolCalls
[AgentIdentity] Minted identity for Test Security Agent (test-security-agent): instance=d9906793..., fingerprint=c5d728c07f99...

··(node:9059) Warning: `--localstorage-file` was provided without a valid path
(Use `node --trace-warnings ...` to show where the warning was created)
stdout | packages/renderer/src/services/agent/__tests__/AgentService.security.test.ts > BaseAgent Runtime Tool Authorization > blocks a tool not in authorizedTools and injects error into toolCalls
[ModelArmor] Scanning input...

stderr | packages/renderer/src/components/kokonutui/ai-input-search.a11y.test.tsx > Access: AI_Input_Search Accessibility > passes automated axe-core checks
Warning: React does not recognize the `whileHover` prop on a DOM element. If you intentionally want it to appear in the DOM as a custom attribute, spell it as lowercase `whilehover` instead. If you accidentally passed it from a parent component, remove it from the DOM element.
    at div
    at div (/Volumes/X SSD 2025/Users/narrowchannel/indiiOS-Clean/packages/renderer/src/components/kokonutui/ai-input-search.a11y.test.tsx:9:13)
    at div
    at button
    at div
    at div
    at div
    at div
    at div
    at AI_Input_Search (/Volumes/X SSD 2025/Users/narrowchannel/indiiOS-Clean/packages/renderer/src/components/kokonutui/ai-input-search.tsx:20:10)

····(node:9053) Warning: `--localstorage-file` was provided without a valid path
(Use `node --trace-warnings ...` to show where the warning was created)
stderr | packages/renderer/src/services/agent/__tests__/AgentService.security.test.ts > BaseAgent Runtime Tool Authorization > blocks a tool not in authorizedTools and injects error into toolCalls
[BaseAgent] SECURITY: Agent 'test-security-agent' attempted unauthorized tool call: 'blocked_tool'

stdout | packages/renderer/src/services/agent/__tests__/AgentService.security.test.ts > BaseAgent Runtime Tool Authorization > blocks a tool not in authorizedTools and injects error into toolCalls
[ModelArmor] Scanning input...

stdout | packages/renderer/src/services/agent/__tests__/AgentService.security.test.ts > BaseAgent Runtime Tool Authorization > blocks a tool not in authorizedTools and injects error into toolCalls
[ModelArmor] Scanning output...

·······stdout | packages/renderer/src/services/agent/__tests__/AgentService.security.test.ts > BaseAgent Runtime Tool Authorization > marketing: delegate_task is blocked (hub-only)
[AgentIdentity] Minted identity for Test marketing (marketing): instance=c399f310..., fingerprint=a2dc1f11aeff...

stdout | packages/renderer/src/services/agent/__tests__/AgentService.security.test.ts > BaseAgent Runtime Tool Authorization > marketing: delegate_task is blocked (hub-only)
[ModelArmor] Scanning input...

stderr | packages/renderer/src/services/agent/__tests__/AgentService.security.test.ts > BaseAgent Runtime Tool Authorization > marketing: delegate_task is blocked (hub-only)
[BaseAgent] SECURITY: Agent 'marketing' attempted unauthorized tool call: 'delegate_task'

stdout | packages/renderer/src/services/agent/__tests__/AgentService.security.test.ts > BaseAgent Runtime Tool Authorization > marketing: delegate_task is blocked (hub-only)
[ModelArmor] Scanning input...

stderr | packages/renderer/src/modules/merchandise/hooks/useMerchandise.test.ts > useMerchandise > should handle catalog loading errors gracefully
[Merchandise] Failed to load catalog (non-fatal): Error: Failed to fetch
    at /Volumes/X SSD 2025/Users/narrowchannel/indiiOS-Clean/packages/renderer/src/modules/merchandise/hooks/useMerchandise.test.ts:88:23
    at file:///Volumes/X%20SSD%202025/Users/narrowchannel/indiiOS-Clean/node_modules/@vitest/runner/dist/chunk-artifact.js:302:11
    at file:///Volumes/X%20SSD%202025/Users/narrowchannel/indiiOS-Clean/node_modules/@vitest/runner/dist/chunk-artifact.js:1903:26
    at file:///Volumes/X%20SSD%202025/Users/narrowchannel/indiiOS-Clean/node_modules/@vitest/runner/dist/chunk-artifact.js:2326:20
    at new Promise (<anonymous>)
    at runWithCancel (file:///Volumes/X%20SSD%202025/Users/narrowchannel/indiiOS-Clean/node_modules/@vitest/runner/dist/chunk-artifact.js:2323:10)
    at file:///Volumes/X%20SSD%202025/Users/narrowchannel/indiiOS-Clean/node_modules/@vitest/runner/dist/chunk-artifact.js:2305:20
    at new Promise (<anonymous>)
    at runWithTimeout (file:///Volumes/X%20SSD%202025/Users/narrowchannel/indiiOS-Clean/node_modules/@vitest/runner/dist/chunk-artifact.js:2272:10)
    at file:///Volumes/X%20SSD%202025/Users/narrowchannel/indiiOS-Clean/node_modules/@vitest/runner/dist/chunk-artifact.js:2955:64

··stdout | packages/renderer/src/services/agent/__tests__/AgentService.security.test.ts > BaseAgent Runtime Tool Authorization > marketing: delegate_task is blocked (hub-only)
[ModelArmor] Scanning output...

stdout | packages/renderer/src/services/agent/__tests__/AgentService.security.test.ts > BaseAgent Runtime Tool Authorization > legal: delegate_task is blocked (hub-only)
[AgentIdentity] Minted identity for Test legal (legal): instance=4e7471b3..., fingerprint=f071683f1e57...

stdout | packages/renderer/src/services/agent/__tests__/AgentService.security.test.ts > BaseAgent Runtime Tool Authorization > legal: delegate_task is blocked (hub-only)
[ModelArmor] Scanning input...

(node:9065) Warning: `--localstorage-file` was provided without a valid path
(Use `node --trace-warnings ...` to show where the warning was created)
·stderr | packages/renderer/src/services/agent/__tests__/AgentService.security.test.ts > BaseAgent Runtime Tool Authorization > legal: delegate_task is blocked (hub-only)
[BaseAgent] SECURITY: Agent 'legal' attempted unauthorized tool call: 'delegate_task'

stdout | packages/renderer/src/services/agent/__tests__/AgentService.security.test.ts > BaseAgent Runtime Tool Authorization > legal: delegate_task is blocked (hub-only)
[ModelArmor] Scanning input...

··stdout | packages/renderer/src/services/agent/__tests__/AgentService.security.test.ts > BaseAgent Runtime Tool Authorization > legal: delegate_task is blocked (hub-only)
[ModelArmor] Scanning output...

stdout | packages/renderer/src/services/agent/__tests__/AgentService.security.test.ts > BaseAgent Runtime Tool Authorization > finance: delegate_task is blocked (hub-only)
[AgentIdentity] Minted identity for Test finance (finance): instance=d0caf7a7..., fingerprint=f77a3c3eed79...

stdout | packages/renderer/src/services/agent/__tests__/AgentService.security.test.ts > BaseAgent Runtime Tool Authorization > finance: delegate_task is blocked (hub-only)
[ModelArmor] Scanning input...

stderr | packages/renderer/src/services/agent/__tests__/AgentService.security.test.ts > BaseAgent Runtime Tool Authorization > finance: delegate_task is blocked (hub-only)
[BaseAgent] SECURITY: Agent 'finance' attempted unauthorized tool call: 'delegate_task'

stdout | packages/renderer/src/services/agent/__tests__/AgentService.security.test.ts > BaseAgent Runtime Tool Authorization > finance: delegate_task is blocked (hub-only)
[ModelArmor] Scanning input...

stdout | packages/renderer/src/services/agent/__tests__/AgentService.security.test.ts > BaseAgent Runtime Tool Authorization > finance: delegate_task is blocked (hub-only)
[ModelArmor] Scanning output...

stdout | packages/renderer/src/services/agent/__tests__/AgentService.security.test.ts > BaseAgent Runtime Tool Authorization > producer: delegate_task is blocked (hub-only)
[AgentIdentity] Minted identity for Test producer (producer): instance=a9091786..., fingerprint=aa1d663fe110...

···stdout | packages/renderer/src/services/agent/__tests__/AgentService.security.test.ts > BaseAgent Runtime Tool Authorization > producer: delegate_task is blocked (hub-only)
[ModelArmor] Scanning input...

stderr | packages/renderer/src/services/agent/__tests__/AgentService.security.test.ts > BaseAgent Runtime Tool Authorization > producer: delegate_task is blocked (hub-only)
[BaseAgent] SECURITY: Agent 'producer' attempted unauthorized tool call: 'delegate_task'

stdout | packages/renderer/src/services/agent/__tests__/AgentService.security.test.ts > BaseAgent Runtime Tool Authorization > producer: delegate_task is blocked (hub-only)
[ModelArmor] Scanning input...

stdout | packages/renderer/src/services/agent/__tests__/AgentService.security.test.ts > BaseAgent Runtime Tool Authorization > producer: delegate_task is blocked (hub-only)
[ModelArmor] Scanning output...

··stdout | packages/renderer/src/services/agent/__tests__/AgentService.security.test.ts > BaseAgent Runtime Tool Authorization > director: delegate_task is blocked (hub-only)
[AgentIdentity] Minted identity for Test director (director): instance=498f0231..., fingerprint=31f5271b81b6...

stdout | packages/renderer/src/services/agent/__tests__/AgentService.security.test.ts > BaseAgent Runtime Tool Authorization > director: delegate_task is blocked (hub-only)
[ModelArmor] Scanning input...

stderr | packages/renderer/src/services/agent/__tests__/AgentService.security.test.ts > BaseAgent Runtime Tool Authorization > director: delegate_task is blocked (hub-only)
[BaseAgent] SECURITY: Agent 'director' attempted unauthorized tool call: 'delegate_task'

stdout | packages/renderer/src/services/agent/__tests__/AgentService.security.test.ts > BaseAgent Runtime Tool Authorization > director: delegate_task is blocked (hub-only)
[ModelArmor] Scanning input...

stdout | packages/renderer/src/services/agent/__tests__/AgentService.security.test.ts > BaseAgent Runtime Tool Authorization > director: delegate_task is blocked (hub-only)
[ModelArmor] Scanning output...

stdout | packages/renderer/src/services/agent/__tests__/AgentService.security.test.ts > BaseAgent Runtime Tool Authorization > screenwriter: delegate_task is blocked (hub-only)
[AgentIdentity] Minted identity for Test screenwriter (screenwriter): instance=7f0fc6bb..., fingerprint=f645273dad73...

stdout | packages/renderer/src/services/agent/specialists/GeneralistAgent.test.ts > GeneralistAgent > should execute generate_image tool when requested by AI via native function calling
[GeneralistAgent] generate_image succeeded, setting break flag

·stdout | packages/renderer/src/services/agent/__tests__/AgentService.security.test.ts > BaseAgent Runtime Tool Authorization > screenwriter: delegate_task is blocked (hub-only)
[ModelArmor] Scanning input...

stderr | packages/renderer/src/services/agent/__tests__/AgentService.security.test.ts > BaseAgent Runtime Tool Authorization > screenwriter: delegate_task is blocked (hub-only)
[BaseAgent] SECURITY: Agent 'screenwriter' attempted unauthorized tool call: 'delegate_task'

stdout | packages/renderer/src/services/agent/__tests__/AgentService.security.test.ts > BaseAgent Runtime Tool Authorization > screenwriter: delegate_task is blocked (hub-only)
[ModelArmor] Scanning input...

··stdout | packages/renderer/src/services/agent/__tests__/AgentService.security.test.ts > BaseAgent Runtime Tool Authorization > screenwriter: delegate_task is blocked (hub-only)
[ModelArmor] Scanning output...

···stdout | packages/renderer/src/services/agent/__tests__/AgentService.security.test.ts > BaseAgent Runtime Tool Authorization > video: delegate_task is blocked (hub-only)
[AgentIdentity] Minted identity for Test video (video): instance=6424d362..., fingerprint=b59ab8dc1c2c...

stdout | packages/renderer/src/services/agent/__tests__/AgentService.security.test.ts > BaseAgent Runtime Tool Authorization > video: delegate_task is blocked (hub-only)
[ModelArmor] Scanning input...

stderr | packages/renderer/src/services/agent/__tests__/AgentService.security.test.ts > BaseAgent Runtime Tool Authorization > video: delegate_task is blocked (hub-only)
[BaseAgent] SECURITY: Agent 'video' attempted unauthorized tool call: 'delegate_task'

stdout | packages/renderer/src/services/agent/__tests__/AgentService.security.test.ts > BaseAgent Runtime Tool Authorization > video: delegate_task is blocked (hub-only)
[ModelArmor] Scanning input...

stdout | packages/renderer/src/services/audio/AudioAnalysisService.test.ts > AudioAnalysisService > should initialize Essentia correctly
[AudioAnalysis] Initializing Essentia.js WASM engine...
[AudioAnalysis] WASM URL: http://localhost:3000/essentia-wasm.web.wasm

stdout | packages/renderer/src/services/audio/AudioAnalysisService.test.ts > AudioAnalysisService > should initialize Essentia correctly
[AudioAnalysis] Essentia.js WASM engine ready.

stdout | packages/renderer/src/services/audio/AudioAnalysisService.test.ts > AudioAnalysisService > should initialize Essentia correctly
[AudioAnalysis] Analyzing buffer: 10.00s, 44100Hz

stdout | packages/renderer/src/services/agent/__tests__/AgentService.security.test.ts > BaseAgent Runtime Tool Authorization > video: delegate_task is blocked (hub-only)
[ModelArmor] Scanning output...

stdout | packages/renderer/src/services/agent/__tests__/AgentService.security.test.ts > BaseAgent Runtime Tool Authorization > social: delegate_task is blocked (hub-only)
[AgentIdentity] Minted identity for Test social (social): instance=861b22c2..., fingerprint=edf85bb7b508...

(node:9069) Warning: `--localstorage-file` was provided without a valid path
(Use `node --trace-warnings ...` to show where the warning was created)
stdout | packages/renderer/src/services/agent/__tests__/AgentService.security.test.ts > BaseAgent Runtime Tool Authorization > social: delegate_task is blocked (hub-only)
[ModelArmor] Scanning input...

stderr | packages/renderer/src/services/agent/__tests__/AgentService.security.test.ts > BaseAgent Runtime Tool Authorization > social: delegate_task is blocked (hub-only)
[BaseAgent] SECURITY: Agent 'social' attempted unauthorized tool call: 'delegate_task'

stdout | packages/renderer/src/services/agent/__tests__/AgentService.security.test.ts > BaseAgent Runtime Tool Authorization > social: delegate_task is blocked (hub-only)
[ModelArmor] Scanning input...

stdout | packages/renderer/src/services/agent/__tests__/AgentService.security.test.ts > BaseAgent Runtime Tool Authorization > social: delegate_task is blocked (hub-only)
[ModelArmor] Scanning output...

(node:9062) Warning: `--localstorage-file` was provided without a valid path
(Use `node --trace-warnings ...` to show where the warning was created)
(node:9057) Warning: `--localstorage-file` was provided without a valid path
(Use `node --trace-warnings ...` to show where the warning was created)
(node:9054) Warning: `--localstorage-file` was provided without a valid path
(Use `node --trace-warnings ...` to show where the warning was created)
·stdout | packages/renderer/src/services/agent/__tests__/AgentService.security.test.ts > BaseAgent Runtime Tool Authorization > publicist: delegate_task is blocked (hub-only)
[AgentIdentity] Minted identity for Test publicist (publicist): instance=0ffc5f42..., fingerprint=50967e8daac3...

stdout | packages/renderer/src/services/agent/__tests__/AgentService.security.test.ts > BaseAgent Runtime Tool Authorization > publicist: delegate_task is blocked (hub-only)
[ModelArmor] Scanning input...

stderr | packages/renderer/src/services/agent/__tests__/AgentService.security.test.ts > BaseAgent Runtime Tool Authorization > publicist: delegate_task is blocked (hub-only)
[BaseAgent] SECURITY: Agent 'publicist' attempted unauthorized tool call: 'delegate_task'

stdout | packages/renderer/src/services/agent/__tests__/AgentService.security.test.ts > BaseAgent Runtime Tool Authorization > publicist: delegate_task is blocked (hub-only)
[ModelArmor] Scanning input...

stdout | packages/renderer/src/services/agent/__tests__/AgentService.security.test.ts > BaseAgent Runtime Tool Authorization > publicist: delegate_task is blocked (hub-only)
[ModelArmor] Scanning output...

stdout | packages/renderer/src/services/agent/__tests__/AgentService.security.test.ts > BaseAgent Runtime Tool Authorization > road: delegate_task is blocked (hub-only)
[AgentIdentity] Minted identity for Test road (road): instance=ac183c2f..., fingerprint=adf75beb88d6...

stdout | packages/renderer/src/services/agent/__tests__/AgentService.security.test.ts > BaseAgent Runtime Tool Authorization > road: delegate_task is blocked (hub-only)
[ModelArmor] Scanning input...

stderr | packages/renderer/src/services/agent/__tests__/AgentService.security.test.ts > BaseAgent Runtime Tool Authorization > road: delegate_task is blocked (hub-only)
[BaseAgent] SECURITY: Agent 'road' attempted unauthorized tool call: 'delegate_task'

stdout | packages/renderer/src/services/agent/__tests__/AgentService.security.test.ts > BaseAgent Runtime Tool Authorization > road: delegate_task is blocked (hub-only)
[ModelArmor] Scanning input...

stdout | packages/renderer/src/services/agent/__tests__/AgentService.security.test.ts > BaseAgent Runtime Tool Authorization > road: delegate_task is blocked (hub-only)
[ModelArmor] Scanning output...

stdout | packages/renderer/src/services/agent/__tests__/AgentService.security.test.ts > BaseAgent Runtime Tool Authorization > publishing: delegate_task is blocked (hub-only)
[AgentIdentity] Minted identity for Test publishing (publishing): instance=864c65d5..., fingerprint=66f9b1261de0...

stdout | packages/renderer/src/services/agent/__tests__/AgentService.security.test.ts > BaseAgent Runtime Tool Authorization > publishing: delegate_task is blocked (hub-only)
[ModelArmor] Scanning input...

stderr | packages/renderer/src/services/agent/__tests__/AgentService.security.test.ts > BaseAgent Runtime Tool Authorization > publishing: delegate_task is blocked (hub-only)
[BaseAgent] SECURITY: Agent 'publishing' attempted unauthorized tool call: 'delegate_task'

stdout | packages/renderer/src/services/agent/__tests__/AgentService.security.test.ts > BaseAgent Runtime Tool Authorization > publishing: delegate_task is blocked (hub-only)
[ModelArmor] Scanning input...

stdout | packages/renderer/src/services/agent/__tests__/AgentService.security.test.ts > BaseAgent Runtime Tool Authorization > publishing: delegate_task is blocked (hub-only)
[ModelArmor] Scanning output...

stdout | packages/renderer/src/services/agent/__tests__/AgentService.security.test.ts > BaseAgent Runtime Tool Authorization > licensing: delegate_task is blocked (hub-only)
[AgentIdentity] Minted identity for Test licensing (licensing): instance=08dd2e64..., fingerprint=1f890574fce7...

stdout | packages/renderer/src/services/agent/__tests__/AgentService.security.test.ts > BaseAgent Runtime Tool Authorization > licensing: delegate_task is blocked (hub-only)
[ModelArmor] Scanning input...

stderr | packages/renderer/src/services/agent/__tests__/AgentService.security.test.ts > BaseAgent Runtime Tool Authorization > licensing: delegate_task is blocked (hub-only)
[BaseAgent] SECURITY: Agent 'licensing' attempted unauthorized tool call: 'delegate_task'

stdout | packages/renderer/src/services/agent/__tests__/AgentService.security.test.ts > BaseAgent Runtime Tool Authorization > licensing: delegate_task is blocked (hub-only)
[ModelArmor] Scanning input...

stdout | packages/renderer/src/services/agent/__tests__/AgentService.security.test.ts > BaseAgent Runtime Tool Authorization > licensing: delegate_task is blocked (hub-only)
[ModelArmor] Scanning output...

stdout | packages/renderer/src/services/agent/__tests__/AgentService.security.test.ts > BaseAgent Runtime Tool Authorization > brand: delegate_task is blocked (hub-only)
[AgentIdentity] Minted identity for Test brand (brand): instance=6dc4c966..., fingerprint=2c22afb4c132...

stdout | packages/renderer/src/services/agent/__tests__/AgentService.security.test.ts > BaseAgent Runtime Tool Authorization > brand: delegate_task is blocked (hub-only)
[ModelArmor] Scanning input...

stderr | packages/renderer/src/services/agent/__tests__/AgentService.security.test.ts > BaseAgent Runtime Tool Authorization > brand: delegate_task is blocked (hub-only)
[BaseAgent] SECURITY: Agent 'brand' attempted unauthorized tool call: 'delegate_task'

stdout | packages/renderer/src/services/agent/__tests__/AgentService.security.test.ts > BaseAgent Runtime Tool Authorization > brand: delegate_task is blocked (hub-only)
[ModelArmor] Scanning input...

stdout | packages/renderer/src/services/agent/__tests__/AgentService.security.test.ts > BaseAgent Runtime Tool Authorization > brand: delegate_task is blocked (hub-only)
[ModelArmor] Scanning output...

stderr | packages/renderer/src/services/audio/AudioAnalysisService.test.ts > AudioAnalysisService > should initialize Essentia correctly
[DSPComplianceValidator] Track failed compliance checks {
  flags: [ 'CRITICAL: Track fails DSP loudness/true-peak compliance.' ],
  integratedLufs: 30,
  truePeakDb: -19.99999987057016
}

stdout | packages/renderer/src/services/audio/AudioAnalysisService.test.ts > AudioAnalysisService > should initialize Essentia correctly
[AudioAnalysis] Success: 120 BPM, C major, Energy: 0.500

·stdout | packages/renderer/src/services/audio/AudioAnalysisService.test.ts > AudioAnalysisService > should return cached analysis if available
[AudioAnalysis] Cache hit for test.mp3

stdout | packages/renderer/src/services/audio/AudioAnalysisService.test.ts > AudioAnalysisService > should perform deep analysis on cache miss
[AudioAnalysis] Initializing Essentia.js WASM engine...
[AudioAnalysis] WASM URL: http://localhost:3000/essentia-wasm.web.wasm

stdout | packages/renderer/src/services/audio/AudioAnalysisService.test.ts > AudioAnalysisService > should perform deep analysis on cache miss
[AudioAnalysis] Essentia.js WASM engine ready.

stdout | packages/renderer/src/services/audio/AudioAnalysisService.test.ts > AudioAnalysisService > should perform deep analysis on cache miss
[AudioAnalysis] Analyzing buffer: 30.00s, 44100Hz

·······stdout | packages/renderer/src/services/agent/__tests__/AgentService.security.test.ts > BaseAgent Runtime Tool Authorization > devops: delegate_task is blocked (hub-only)
[AgentIdentity] Minted identity for Test devops (devops): instance=57aaf3b3..., fingerprint=97e5897ca8bb...

stdout | packages/renderer/src/services/agent/__tests__/AgentService.security.test.ts > BaseAgent Runtime Tool Authorization > devops: delegate_task is blocked (hub-only)
[ModelArmor] Scanning input...

stderr | packages/renderer/src/services/agent/__tests__/AgentService.security.test.ts > BaseAgent Runtime Tool Authorization > devops: delegate_task is blocked (hub-only)
[BaseAgent] SECURITY: Agent 'devops' attempted unauthorized tool call: 'delegate_task'

stdout | packages/renderer/src/services/agent/__tests__/AgentService.security.test.ts > BaseAgent Runtime Tool Authorization > devops: delegate_task is blocked (hub-only)
[ModelArmor] Scanning input...

stdout | packages/renderer/src/services/agent/__tests__/AgentService.security.test.ts > BaseAgent Runtime Tool Authorization > devops: delegate_task is blocked (hub-only)
[ModelArmor] Scanning output...

stdout | packages/renderer/src/services/agent/__tests__/AgentService.security.test.ts > BaseAgent Runtime Tool Authorization > security: delegate_task is blocked (hub-only)
[AgentIdentity] Minted identity for Test security (security): instance=09032f34..., fingerprint=fd5f74bb5fbc...

stdout | packages/renderer/src/services/agent/__tests__/AgentService.security.test.ts > BaseAgent Runtime Tool Authorization > security: delegate_task is blocked (hub-only)
[ModelArmor] Scanning input...

stderr | packages/renderer/src/services/agent/__tests__/AgentService.security.test.ts > BaseAgent Runtime Tool Authorization > security: delegate_task is blocked (hub-only)
[BaseAgent] SECURITY: Agent 'security' attempted unauthorized tool call: 'delegate_task'

stdout | packages/renderer/src/services/agent/__tests__/AgentService.security.test.ts > BaseAgent Runtime Tool Authorization > security: delegate_task is blocked (hub-only)
[ModelArmor] Scanning input...

stdout | packages/renderer/src/services/agent/__tests__/AgentService.security.test.ts > BaseAgent Runtime Tool Authorization > security: delegate_task is blocked (hub-only)
[ModelArmor] Scanning output...

stdout | packages/renderer/src/services/agent/__tests__/AgentService.security.test.ts > BaseAgent Runtime Tool Authorization > merchandise: delegate_task is blocked (hub-only)
[AgentIdentity] Minted identity for Test merchandise (merchandise): instance=7539abfb..., fingerprint=54ea5ba294e8...

stdout | packages/renderer/src/services/agent/__tests__/AgentService.security.test.ts > BaseAgent Runtime Tool Authorization > merchandise: delegate_task is blocked (hub-only)
[ModelArmor] Scanning input...

stderr | packages/renderer/src/services/agent/__tests__/AgentService.security.test.ts > BaseAgent Runtime Tool Authorization > merchandise: delegate_task is blocked (hub-only)
[BaseAgent] SECURITY: Agent 'merchandise' attempted unauthorized tool call: 'delegate_task'

stdout | packages/renderer/src/services/agent/__tests__/AgentService.security.test.ts > BaseAgent Runtime Tool Authorization > merchandise: delegate_task is blocked (hub-only)
[ModelArmor] Scanning input...

stdout | packages/renderer/src/services/agent/__tests__/AgentService.security.test.ts > BaseAgent Runtime Tool Authorization > merchandise: delegate_task is blocked (hub-only)
[ModelArmor] Scanning output...

stdout | packages/renderer/src/services/agent/__tests__/AgentService.security.test.ts > BaseAgent Runtime Tool Authorization > distribution: delegate_task is blocked (hub-only)
[AgentIdentity] Minted identity for Test distribution (distribution): instance=2fead24d..., fingerprint=1a52fb5b5b80...

stdout | packages/renderer/src/services/agent/__tests__/AgentService.security.test.ts > BaseAgent Runtime Tool Authorization > distribution: delegate_task is blocked (hub-only)
[ModelArmor] Scanning input...

stderr | packages/renderer/src/services/agent/__tests__/AgentService.security.test.ts > BaseAgent Runtime Tool Authorization > distribution: delegate_task is blocked (hub-only)
[BaseAgent] SECURITY: Agent 'distribution' attempted unauthorized tool call: 'delegate_task'

stdout | packages/renderer/src/services/agent/__tests__/AgentService.security.test.ts > BaseAgent Runtime Tool Authorization > distribution: delegate_task is blocked (hub-only)
[ModelArmor] Scanning input...

stdout | packages/renderer/src/services/agent/__tests__/AgentService.security.test.ts > BaseAgent Runtime Tool Authorization > distribution: delegate_task is blocked (hub-only)
[ModelArmor] Scanning output...
stderr | packages/renderer/src/services/audio/AudioAnalysisService.test.ts > AudioAnalysisService > should perform deep analysis on cache miss
[DSPComplianceValidator] Track failed compliance checks {
  flags: [ 'CRITICAL: Track fails DSP loudness/true-peak compliance.' ],
  integratedLufs: 30,
  truePeakDb: -19.99999987057016
}

stdout | packages/renderer/src/services/audio/AudioAnalysisService.test.ts > AudioAnalysisService > should perform deep analysis on cache miss
[AudioAnalysis] Success: 120 BPM, C major, Energy: 0.500

stdout | packages/renderer/src/services/audio/AudioAnalysisService.test.ts > AudioAnalysisService > should perform deep analysis on cache miss
[AudioAnalysis] Extracting deep DNA via Gemini Files API...


stdout | packages/renderer/src/services/agent/__tests__/AgentService.security.test.ts > BaseAgent Runtime Tool Authorization > music: delegate_task is blocked (hub-only)
[AgentIdentity] Minted identity for Test music (music): instance=bad970ea..., fingerprint=29fba1b528fa...

stdout | packages/renderer/src/services/agent/__tests__/AgentService.security.test.ts > BaseAgent Runtime Tool Authorization > music: delegate_task is blocked (hub-only)
[ModelArmor] Scanning input...

stderr | packages/renderer/src/services/agent/__tests__/AgentService.security.test.ts > BaseAgent Runtime Tool Authorization > music: delegate_task is blocked (hub-only)
[BaseAgent] SECURITY: Agent 'music' attempted unauthorized tool call: 'delegate_task'

stdout | packages/renderer/src/services/agent/__tests__/AgentService.security.test.ts > BaseAgent Runtime Tool Authorization > music: delegate_task is blocked (hub-only)
[ModelArmor] Scanning input...

stdout | packages/renderer/src/services/agent/__tests__/AgentService.security.test.ts > BaseAgent Runtime Tool Authorization > music: delegate_task is blocked (hub-only)
[ModelArmor] Scanning output...

stdout | packages/renderer/src/services/agent/__tests__/AgentService.security.test.ts > BaseAgent Runtime Tool Authorization > curriculum: delegate_task is blocked (hub-only)
[AgentIdentity] Minted identity for Test curriculum (curriculum): instance=ade5047e..., fingerprint=e09c2ea883aa...

stdout | packages/renderer/src/services/agent/__tests__/AgentService.security.test.ts > BaseAgent Runtime Tool Authorization > curriculum: delegate_task is blocked (hub-only)
[ModelArmor] Scanning input...

stderr | packages/renderer/src/services/agent/__tests__/AgentService.security.test.ts > BaseAgent Runtime Tool Authorization > curriculum: delegate_task is blocked (hub-only)
[BaseAgent] SECURITY: Agent 'curriculum' attempted unauthorized tool call: 'delegate_task'

stdout | packages/renderer/src/services/agent/__tests__/AgentService.security.test.ts > BaseAgent Runtime Tool Authorization > curriculum: delegate_task is blocked (hub-only)
[ModelArmor] Scanning input...

stdout | packages/renderer/src/services/agent/__tests__/AgentService.security.test.ts > BaseAgent Runtime Tool Authorization > curriculum: delegate_task is blocked (hub-only)
[ModelArmor] Scanning output...

stdout | packages/renderer/src/services/agent/__tests__/AgentService.security.test.ts > BaseAgent Runtime Tool Authorization > marketing: calculate_royalty_waterfall is blocked (finance-only)
[AgentIdentity] Minted identity for Test marketing (marketing): instance=e228a4c1..., fingerprint=a2dc1f11aeff...

stdout | packages/renderer/src/services/agent/__tests__/AgentService.security.test.ts > BaseAgent Runtime Tool Authorization > marketing: calculate_royalty_waterfall is blocked (finance-only)
[ModelArmor] Scanning input...

stderr | packages/renderer/src/services/agent/__tests__/AgentService.security.test.ts > BaseAgent Runtime Tool Authorization > marketing: calculate_royalty_waterfall is blocked (finance-only)
[BaseAgent] SECURITY: Agent 'marketing' attempted unauthorized tool call: 'calculate_royalty_waterfall'

stdout | packages/renderer/src/services/agent/__tests__/AgentService.security.test.ts > BaseAgent Runtime Tool Authorization > marketing: calculate_royalty_waterfall is blocked (finance-only)
[ModelArmor] Scanning input...

stdout | packages/renderer/src/services/agent/__tests__/AgentService.security.test.ts > BaseAgent Runtime Tool Authorization > marketing: calculate_royalty_waterfall is blocked (finance-only)
[ModelArmor] Scanning output...

stderr | packages/renderer/src/tests/RouterContext.test.tsx
[MemoryBank] MEM0_API_KEY is not set in environment.

·········stdout | packages/renderer/src/services/agent/__tests__/AgentService.security.test.ts > BaseAgent Runtime Tool Authorization > video: calculate_royalty_waterfall is blocked (finance-only)
[AgentIdentity] Minted identity for Test video (video): instance=97ff3d41..., fingerprint=b59ab8dc1c2c...

stdout | packages/renderer/src/services/agent/__tests__/AgentService.security.test.ts > BaseAgent Runtime Tool Authorization > video: calculate_royalty_waterfall is blocked (finance-only)
[ModelArmor] Scanning input...

stderr | packages/renderer/src/services/agent/__tests__/AgentService.security.test.ts > BaseAgent Runtime Tool Authorization > video: calculate_royalty_waterfall is blocked (finance-only)
[BaseAgent] SECURITY: Agent 'video' attempted unauthorized tool call: 'calculate_royalty_waterfall'

stdout | packages/renderer/src/services/agent/__tests__/AgentService.security.test.ts > BaseAgent Runtime Tool Authorization > video: calculate_royalty_waterfall is blocked (finance-only)
[ModelArmor] Scanning input...

stdout | packages/renderer/src/services/agent/__tests__/AgentService.security.test.ts > BaseAgent Runtime Tool Authorization > video: calculate_royalty_waterfall is blocked (finance-only)
[ModelArmor] Scanning output...

stdout | packages/renderer/src/services/agent/__tests__/AgentService.security.test.ts > BaseAgent Runtime Tool Authorization > road: calculate_royalty_waterfall is blocked (finance-only)
[AgentIdentity] Minted identity for Test road (road): instance=13d0bdd4..., fingerprint=adf75beb88d6...

stdout | packages/renderer/src/services/agent/__tests__/AgentService.security.test.ts > BaseAgent Runtime Tool Authorization > road: calculate_royalty_waterfall is blocked (finance-only)
[ModelArmor] Scanning input...

stderr | packages/renderer/src/services/agent/__tests__/AgentService.security.test.ts > BaseAgent Runtime Tool Authorization > road: calculate_royalty_waterfall is blocked (finance-only)
[BaseAgent] SECURITY: Agent 'road' attempted unauthorized tool call: 'calculate_royalty_waterfall'

stdout | packages/renderer/src/services/agent/__tests__/AgentService.security.test.ts > BaseAgent Runtime Tool Authorization > road: calculate_royalty_waterfall is blocked (finance-only)
[ModelArmor] Scanning input...

stdout | packages/renderer/src/services/agent/__tests__/AgentService.security.test.ts > BaseAgent Runtime Tool Authorization > road: calculate_royalty_waterfall is blocked (finance-only)
[ModelArmor] Scanning output...

stdout | packages/renderer/src/services/agent/__tests__/AgentService.security.test.ts > BaseAgent Runtime Tool Authorization > authorized tool call executes successfully
[AgentIdentity] Minted identity for Test Security Agent (test-security-agent): instance=f1e29d85..., fingerprint=c5d728c07f99...

stdout | packages/renderer/src/services/agent/__tests__/AgentService.security.test.ts > BaseAgent Runtime Tool Authorization > authorized tool call executes successfully
[ModelArmor] Scanning input...

stdout | packages/renderer/src/services/agent/__tests__/AgentService.security.test.ts > BaseAgent Runtime Tool Authorization > authorized tool call executes successfully
[ModelArmor] Scanning input...

stdout | packages/renderer/src/services/agent/__tests__/AgentService.security.test.ts > BaseAgent Runtime Tool Authorization > authorized tool call executes successfully
[ModelArmor] Scanning output...

(node:9063) Warning: `--localstorage-file` was provided without a valid path
(Use `node --trace-warnings ...` to show where the warning was created)
stdout | packages/renderer/src/services/agent/__tests__/AgentService.security.test.ts > BaseAgent Runtime Tool Authorization > agent with authorizedTools:[] blocks ALL tool calls
[AgentIdentity] Minted identity for Locked Agent (locked-agent): instance=562acf12..., fingerprint=7830da36f840...

stdout | packages/renderer/src/services/agent/__tests__/AgentService.security.test.ts > BaseAgent Runtime Tool Authorization > agent with authorizedTools:[] blocks ALL tool calls
[ModelArmor] Scanning input...

stderr | packages/renderer/src/services/agent/__tests__/AgentService.security.test.ts > BaseAgent Runtime Tool Authorization > agent with authorizedTools:[] blocks ALL tool calls
[BaseAgent] SECURITY: Agent 'locked-agent' attempted unauthorized tool call: 'any_tool'

stdout | packages/renderer/src/services/agent/__tests__/AgentService.security.test.ts > BaseAgent Runtime Tool Authorization > agent with authorizedTools:[] blocks ALL tool calls
[ModelArmor] Scanning input...

·stdout | packages/renderer/src/services/agent/__tests__/AgentService.security.test.ts > BaseAgent Runtime Tool Authorization > agent with authorizedTools:[] blocks ALL tool calls
[ModelArmor] Scanning output...

·····(node:9068) Warning: `--localstorage-file` was provided without a valid path
(Use `node --trace-warnings ...` to show where the warning was created)
·(node:9055) Warning: `--localstorage-file` was provided without a valid path
(Use `node --trace-warnings ...` to show where the warning was created)
(node:9064) Warning: `--localstorage-file` was provided without a valid path
(Use `node --trace-warnings ...` to show where the warning was created)
·········(node:9060) Warning: `--localstorage-file` was provided without a valid path
(Use `node --trace-warnings ...` to show where the warning was created)
·stderr | packages/renderer/src/services/agent/__tests__/Keeper_AgentContext.test.ts
[MemoryBank] MEM0_API_KEY is not set in environment.

(node:9070) Warning: `--localstorage-file` was provided without a valid path
(Use `node --trace-warnings ...` to show where the warning was created)
stdout | packages/renderer/src/services/audio/AudioAnalysisService.test.ts > AudioAnalysisService > should perform deep analysis on cache miss
[GeminiFileService] Starting resumable upload for Upload (13 bytes)

stderr | packages/renderer/src/services/audio/AudioAnalysisService.test.ts > AudioAnalysisService > should perform deep analysis on cache miss
[GeminiFileService] uploadFile failed: Failed to initialize upload: undefined (unable to read response body: status undefined)

stderr | packages/renderer/src/services/audio/AudioAnalysisService.test.ts > AudioAnalysisService > should perform deep analysis on cache miss
[AudioAnalysis] Gemini DNA extraction failed, falling back to basic features AppException: Failed to upload file to Gemini AI: Failed to initialize upload: undefined (unable to read response body: status undefined)
    at GeminiFileService.uploadFile (/Volumes/X SSD 2025/Users/narrowchannel/indiiOS-Clean/packages/renderer/src/services/ai/GeminiFileService.ts:145:19)
    at processTicksAndRejections (node:internal/process/task_queues:104:5)
    at AudioAnalysisService.analyzeDeep (/Volumes/X SSD 2025/Users/narrowchannel/indiiOS-Clean/packages/renderer/src/services/audio/AudioAnalysisService.ts:174:30)
    at /Volumes/X SSD 2025/Users/narrowchannel/indiiOS-Clean/packages/renderer/src/services/audio/AudioAnalysisService.test.ts:195:24
    at file:///Volumes/X%20SSD%202025/Users/narrowchannel/indiiOS-Clean/node_modules/@vitest/runner/dist/chunk-artifact.js:1903:20 {
  code: 'NETWORK_ERROR',
  details: undefined
}

·stdout | packages/renderer/src/services/audio/AudioAnalysisService.test.ts > AudioAnalysisService > should handle analysis errors gracefully
[AudioAnalysis] Initializing Essentia.js WASM engine...
[AudioAnalysis] WASM URL: http://localhost:3000/essentia-wasm.web.wasm

stdout | packages/renderer/src/services/audio/AudioAnalysisService.test.ts > AudioAnalysisService > should handle analysis errors gracefully
[AudioAnalysis] Essentia.js WASM engine ready.

·stderr | packages/renderer/src/modules/boardroom/BoardroomModule.test.tsx
[MemoryBank] MEM0_API_KEY is not set in environment.

···············stderr | packages/renderer/src/modules/boardroom/BoardroomModule.test.tsx
[indii:Service] Warmup failed, will retry on first message: TypeError: __vite_ssr_import_7__.agentRegistry.warmup is not a function
    at AgentService.warmup (/Volumes/X SSD 2025/Users/narrowchannel/indiiOS-Clean/packages/renderer/src/services/agent/AgentService.ts:56:33)
    at new AgentService (/Volumes/X SSD 2025/Users/narrowchannel/indiiOS-Clean/packages/renderer/src/services/agent/AgentService.ts:46:14)
    at /Volumes/X SSD 2025/Users/narrowchannel/indiiOS-Clean/packages/renderer/src/services/agent/AgentService.ts:1217:29
    at processTicksAndRejections (node:internal/process/task_queues:104:5)
    at VitestModuleEvaluator._runInlinedModule (file:///Volumes/X%20SSD%202025/Users/narrowchannel/indiiOS-Clean/node_modules/vitest/dist/module-evaluator.js:206:4)
    at VitestModuleRunner.directRequest (file:///Volumes/X%20SSD%202025/Users/narrowchannel/indiiOS-Clean/node_modules/vite/dist/node/module-runner.js:1284:61)
    at VitestModuleRunner.cachedRequest (file:///Volumes/X%20SSD%202025/Users/narrowchannel/indiiOS-Clean/node_modules/vite/dist/node/module-runner.js:1180:76)
    at /Volumes/X SSD 2025/Users/narrowchannel/indiiOS-Clean/packages/renderer/src/core/components/command-bar/PromptArea.tsx:4:1
    at VitestModuleEvaluator._runInlinedModule (file:///Volumes/X%20SSD%202025/Users/narrowchannel/indiiOS-Clean/node_modules/vitest/dist/module-evaluator.js:206:4)
    at VitestModuleRunner.directRequest (file:///Volumes/X%20SSD%202025/Users/narrowchannel/indiiOS-Clean/node_modules/vite/dist/node/module-runner.js:1284:61)

··stderr | packages/renderer/src/components/project/ResourceTree.test.tsx > ResourceTree File Upload > uploads a file successfully when dropped
[MembershipService] Quota check denied: No authenticated user

·········stdout | packages/renderer/src/services/agent/__tests__/DatasetQuality.validation.test.ts > 📊 Dataset Quality Validation > Dataset Totals Cross-Reference > should print dataset summary for reporting

📊 Dataset Summary:
┌─────────┬────────────────┬──────────┬─────────────┐
│ (index) │ agent          │ examples │ parseErrors │
├─────────┼────────────────┼──────────┼─────────────┤
│ 0       │ 'brand'        │ 148      │ 0           │
│ 1       │ 'curriculum'   │ 150      │ 0           │
│ 2       │ 'devops'       │ 156      │ 0           │
│ 3       │ 'director'     │ 164      │ 0           │
│ 4       │ 'distribution' │ 205      │ 0           │
│ 5       │ 'finance'      │ 203      │ 0           │
│ 6       │ 'generalist'   │ 164      │ 0           │
│ 7       │ 'legal'        │ 166      │ 0           │
│ 8       │ 'licensing'    │ 174      │ 0           │
│ 9       │ 'marketing'    │ 173      │ 0           │
│ 10      │ 'merchandise'  │ 164      │ 0           │
│ 11      │ 'music'        │ 138      │ 0           │
│ 12      │ 'producer'     │ 121      │ 0           │
│ 13      │ 'publicist'    │ 128      │ 0           │
│ 14      │ 'publishing'   │ 170      │ 0           │
│ 15      │ 'road'         │ 155      │ 0           │
│ 16      │ 'screenwriter' │ 163      │ 0           │
│ 17      │ 'security'     │ 109      │ 0           │
│ 18      │ 'social'       │ 163      │ 0           │
│ 19      │ 'video'        │ 167      │ 0           │
└─────────┴────────────────┴──────────┴─────────────┘
Total: 3181 examples across 20 files

········stderr | packages/renderer/src/components/project/ResourceTree.test.tsx > ResourceTree File Upload > uploads a file successfully when dropped
[RAG] Ingestion failed: QuotaExceededError: Quota exceeded: storage. Upgrade to Pro for more storage space
    at GeminiRetrievalService.uploadFile (/Volumes/X SSD 2025/Users/narrowchannel/indiiOS-Clean/packages/renderer/src/services/rag/GeminiRetrievalService.ts:135:19)
    at processTicksAndRejections (node:internal/process/task_queues:104:5)
    at processForKnowledgeBase (/Volumes/X SSD 2025/Users/narrowchannel/indiiOS-Clean/packages/renderer/src/services/rag/ragService.ts:136:22) {
  code: 'QUOTA_EXCEEDED',
  details: {
    context: {
      limitType: 'storage',
      currentTier: 'free',
      currentUsage: 0,
      maxAllowed: 0
    }
  },
  limitType: 'storage',
  upgradeMessage: 'Upgrade to Pro for more storage space',
  currentTier: 'free',
  currentUsage: 0,
  maxAllowed: 0
}

·····stdout | packages/renderer/src/tests/RouterContext.test.tsx
[AgentRegistry] Pre-warming Generalist agent...
[AgentRegistry] Loading agent 'generalist'...

stdout | packages/renderer/src/services/video/__tests__/VideoGenerationService.test.ts > VideoGenerationService > generateVideo > should trigger video generation successfully
[VideoGeneration] 🎬 generateVideo() called: {
  promptPreview: 'test video',
  model: 'veo-3.1-generate-preview',
  duration: 8,
  aspectRatio: undefined,
  hasFirstFrame: false,
  hasLastFrame: false,
  hasReferenceImages: false,
  userId: 'test-user'
}

stdout | packages/renderer/src/services/video/__tests__/VideoGenerationService.test.ts > VideoGenerationService > generateVideo > should trigger video generation successfully
[VideoGeneration] 🚀 Calling GenAI.generateVideo() with: {
  model: 'veo-3.1-generate-preview',
  promptLength: 10,
  hasImage: false,
  config: '{"aspectRatio":"16:9","durationSeconds":8}'
}

stdout | packages/renderer/src/services/video/__tests__/VideoGenerationService.test.ts > VideoGenerationService > generateVideo > should throw error if quota is exceeded
[VideoGeneration] 🎬 generateVideo() called: {
  promptPreview: 'test video',
  model: 'veo-3.1-generate-preview',
  duration: 8,
  aspectRatio: undefined,
  hasFirstFrame: false,
  hasLastFrame: false,
  hasReferenceImages: false,
  userId: 'test-user'
}

stdout | packages/renderer/src/services/video/__tests__/VideoGenerationService.test.ts > VideoGenerationService > generateVideo > should analyze temporal context when firstFrame is provided
[VideoGeneration] 🎬 generateVideo() called: {
  promptPreview: 'test video',
  model: 'veo-3.1-generate-preview',
  duration: 8,
  aspectRatio: undefined,
  hasFirstFrame: true,
  hasLastFrame: false,
  hasReferenceImages: false,
  userId: 'test-user'
}

stdout | packages/renderer/src/services/video/__tests__/VideoGenerationService.test.ts > VideoGenerationService > generateVideo > should analyze temporal context when firstFrame is provided
[VideoGeneration] 🚀 Calling GenAI.generateVideo() with: {
  model: 'veo-3.1-generate-preview',
  promptLength: 29,
  hasImage: true,
  config: '{"aspectRatio":"16:9","durationSeconds":8}'
}

stdout | packages/renderer/src/services/video/__tests__/VideoGenerationService.test.ts > VideoGenerationService > generateVideo > should handle long-form video generation
[DaisyChain] Segment 1/8: Last frame extracted (image/png)

stdout | packages/renderer/src/services/video/__tests__/VideoGenerationService.test.ts > VideoGenerationService > generateVideo > should handle long-form video generation
[DaisyChain] Segment 1/8: Scene analysis complete — "Mock analysis text..."

stdout | packages/renderer/src/services/video/__tests__/VideoGenerationService.test.ts > VideoGenerationService > generateVideo > should handle long-form video generation
[DaisyChain] Segment 2/8: Last frame extracted (image/png)

stdout | packages/renderer/src/services/video/__tests__/VideoGenerationService.test.ts > VideoGenerationService > generateVideo > should handle long-form video generation
[DaisyChain] Segment 2/8: Scene analysis complete — "Mock analysis text..."

stdout | packages/renderer/src/services/video/__tests__/VideoGenerationService.test.ts > VideoGenerationService > generateVideo > should handle long-form video generation
[DaisyChain] Segment 3/8: Last frame extracted (image/png)

stdout | packages/renderer/src/services/video/__tests__/VideoGenerationService.test.ts > VideoGenerationService > generateVideo > should handle long-form video generation
[DaisyChain] Segment 3/8: Scene analysis complete — "Mock analysis text..."

stdout | packages/renderer/src/services/video/__tests__/VideoGenerationService.test.ts > VideoGenerationService > generateVideo > should handle long-form video generation
[DaisyChain] Segment 4/8: Last frame extracted (image/png)

stdout | packages/renderer/src/services/video/__tests__/VideoGenerationService.test.ts > VideoGenerationService > generateVideo > should handle long-form video generation
[DaisyChain] Segment 4/8: Scene analysis complete — "Mock analysis text..."

stdout | packages/renderer/src/services/video/__tests__/VideoGenerationService.test.ts > VideoGenerationService > generateVideo > should handle long-form video generation
[DaisyChain] Segment 5/8: Last frame extracted (image/png)

stdout | packages/renderer/src/services/video/__tests__/VideoGenerationService.test.ts > VideoGenerationService > generateVideo > should handle long-form video generation
[DaisyChain] Segment 5/8: Scene analysis complete — "Mock analysis text..."

stdout | packages/renderer/src/services/video/__tests__/VideoGenerationService.test.ts > VideoGenerationService > generateVideo > should handle long-form video generation
[DaisyChain] Segment 6/8: Last frame extracted (image/png)

stdout | packages/renderer/src/services/video/__tests__/VideoGenerationService.test.ts > VideoGenerationService > generateVideo > should handle long-form video generation
[DaisyChain] Segment 6/8: Scene analysis complete — "Mock analysis text..."

stdout | packages/renderer/src/services/video/__tests__/VideoGenerationService.test.ts > VideoGenerationService > generateVideo > should handle long-form video generation
[DaisyChain] Segment 7/8: Last frame extracted (image/png)

stdout | packages/renderer/src/services/video/__tests__/VideoGenerationService.test.ts > VideoGenerationService > generateVideo > should handle long-form video generation
[DaisyChain] Segment 7/8: Scene analysis complete — "Mock analysis text..."

stdout | packages/renderer/src/services/agent/__tests__/Keeper_AgentContext.test.ts > 📚 Keeper: Context & Persistence Integration > should truncate context AND persist history during message flow
[TEST] ExecutionLocks size: 0

stdout | packages/renderer/src/services/agent/__tests__/Keeper_AgentContext.test.ts > 📚 Keeper: Context & Persistence Integration > should truncate context AND persist history during message flow
[TEST] Starting sendMessage...

stdout | packages/renderer/src/services/agent/__tests__/Keeper_AgentContext.test.ts > 📚 Keeper: Context & Persistence Integration > should truncate context AND persist history during message flow
[AgentService] sendMessage routing: { isBoardroomMode: undefined }

stdout | packages/renderer/src/services/agent/__tests__/Keeper_AgentContext.test.ts > 📚 Keeper: Context & Persistence Integration > should truncate context AND persist history during message flow
[AgentService] Orchestration Path: single { reasoning: undefined }

(node:9073) Warning: `--localstorage-file` was provided without a valid path
(Use `node --trace-warnings ...` to show where the warning was created)
stdout | packages/renderer/src/services/agent/__tests__/Keeper_AgentContext.test.ts > 📚 Keeper: Context & Persistence Integration > should truncate context AND persist history during message flow
[TEST] BaseAgent.execute called
[TEST] BaseAgent context.chatHistory length: 10

······stderr | packages/renderer/src/modules/dashboard/components/SalesAnalytics.test.tsx > SalesAnalytics > renders error state on failure
Real-time sync failed: Error: Fetch failed
    at Object.<anonymous> (/Volumes/X SSD 2025/Users/narrowchannel/indiiOS-Clean/packages/renderer/src/modules/dashboard/components/SalesAnalytics.test.tsx:66:25)
    at Object.Mock [as subscribeToSalesAnalytics] (file:///Volumes/X%20SSD%202025/Users/narrowchannel/indiiOS-Clean/node_modules/@vitest/spy/dist/index.js:332:34)
    at /Volumes/X SSD 2025/Users/narrowchannel/indiiOS-Clean/packages/renderer/src/modules/dashboard/components/SalesAnalytics.tsx:84:46
    at commitHookEffectListMount (/Volumes/X SSD 2025/Users/narrowchannel/indiiOS-Clean/node_modules/react-dom/cjs/react-dom.development.js:23189:26)
    at commitPassiveMountOnFiber (/Volumes/X SSD 2025/Users/narrowchannel/indiiOS-Clean/node_modules/react-dom/cjs/react-dom.development.js:24970:11)
    at commitPassiveMountEffects_complete (/Volumes/X SSD 2025/Users/narrowchannel/indiiOS-Clean/node_modules/react-dom/cjs/react-dom.development.js:24930:9)
    at commitPassiveMountEffects_begin (/Volumes/X SSD 2025/Users/narrowchannel/indiiOS-Clean/node_modules/react-dom/cjs/react-dom.development.js:24917:7)
    at commitPassiveMountEffects (/Volumes/X SSD 2025/Users/narrowchannel/indiiOS-Clean/node_modules/react-dom/cjs/react-dom.development.js:24905:3)
    at flushPassiveEffectsImpl (/Volumes/X SSD 2025/Users/narrowchannel/indiiOS-Clean/node_modules/react-dom/cjs/react-dom.development.js:27078:3)
    at flushPassiveEffects (/Volumes/X SSD 2025/Users/narrowchannel/indiiOS-Clean/node_modules/react-dom/cjs/react-dom.development.js:27023:14)

··stderr | packages/renderer/src/modules/dashboard/components/SalesAnalytics.test.tsx > SalesAnalytics > refetches on retry click
Real-time sync failed: Error: Fetch failed
    at Object.<anonymous> (/Volumes/X SSD 2025/Users/narrowchannel/indiiOS-Clean/packages/renderer/src/modules/dashboard/components/SalesAnalytics.test.tsx:83:29)
    at Object.Mock [as subscribeToSalesAnalytics] (file:///Volumes/X%20SSD%202025/Users/narrowchannel/indiiOS-Clean/node_modules/@vitest/spy/dist/index.js:332:34)
    at /Volumes/X SSD 2025/Users/narrowchannel/indiiOS-Clean/packages/renderer/src/modules/dashboard/components/SalesAnalytics.tsx:84:46
    at commitHookEffectListMount (/Volumes/X SSD 2025/Users/narrowchannel/indiiOS-Clean/node_modules/react-dom/cjs/react-dom.development.js:23189:26)
    at commitPassiveMountOnFiber (/Volumes/X SSD 2025/Users/narrowchannel/indiiOS-Clean/node_modules/react-dom/cjs/react-dom.development.js:24970:11)
    at commitPassiveMountEffects_complete (/Volumes/X SSD 2025/Users/narrowchannel/indiiOS-Clean/node_modules/react-dom/cjs/react-dom.development.js:24930:9)
    at commitPassiveMountEffects_begin (/Volumes/X SSD 2025/Users/narrowchannel/indiiOS-Clean/node_modules/react-dom/cjs/react-dom.development.js:24917:7)
    at commitPassiveMountEffects (/Volumes/X SSD 2025/Users/narrowchannel/indiiOS-Clean/node_modules/react-dom/cjs/react-dom.development.js:24905:3)
    at flushPassiveEffectsImpl (/Volumes/X SSD 2025/Users/narrowchannel/indiiOS-Clean/node_modules/react-dom/cjs/react-dom.development.js:27078:3)
    at flushPassiveEffects (/Volumes/X SSD 2025/Users/narrowchannel/indiiOS-Clean/node_modules/react-dom/cjs/react-dom.development.js:27023:14)

··stdout | packages/renderer/src/services/agent/__tests__/Keeper_AgentContext.test.ts > 📚 Keeper: Context & Persistence Integration > should truncate context AND persist history during message flow
[AgentIdentity] Minted identity for Test Agent (generalist): instance=24b6d3e4..., fingerprint=fad9ef3a5715...

stdout | packages/renderer/src/services/agent/__tests__/Keeper_AgentContext.test.ts > 📚 Keeper: Context & Persistence Integration > should truncate context AND persist history during message flow
[ModelArmor] Scanning input...

stdout | packages/renderer/src/services/agent/__tests__/Keeper_AgentContext.test.ts > 📚 Keeper: Context & Persistence Integration > should truncate context AND persist history during message flow
[ModelArmor] Scanning output...

stdout | packages/renderer/src/services/agent/__tests__/Keeper_AgentContext.test.ts > 📚 Keeper: Context & Persistence Integration > should truncate context AND persist history during message flow
[TEST] sendMessage finished.

·(node:9076) Warning: `--localstorage-file` was provided without a valid path
(Use `node --trace-warnings ...` to show where the warning was created)
stdout | packages/renderer/src/core/store/slices/__tests__/agentOrchestrationSlice.test.ts > AgentOrchestrationSlice > should start listening to graph execution and update state on snapshot
[AgentOrchestrationSlice] Starting listener for graph execution: exec-123

stdout | packages/renderer/src/core/store/slices/__tests__/agentOrchestrationSlice.test.ts > AgentOrchestrationSlice > should stop listening and clear state when stopListeningToGraphExecution is called
[AgentOrchestrationSlice] Stopping existing active graph execution listener.
[AgentOrchestrationSlice] Starting listener for graph execution: exec-1

stdout | packages/renderer/src/core/store/slices/__tests__/agentOrchestrationSlice.test.ts > AgentOrchestrationSlice > should stop listening and clear state when stopListeningToGraphExecution is called
[AgentOrchestrationSlice] Stopping active graph execution listener.

stdout | packages/renderer/src/core/store/slices/__tests__/agentOrchestrationSlice.test.ts > AgentOrchestrationSlice > should handle missing document in snapshot
[AgentOrchestrationSlice] Starting listener for graph execution: exec-missing

stderr | packages/renderer/src/core/store/slices/__tests__/agentOrchestrationSlice.test.ts > AgentOrchestrationSlice > should handle missing document in snapshot
[AgentOrchestrationSlice] Graph execution missing or deleted: exec-missing

·······stderr | packages/renderer/src/modules/finance/components/LabelDealRecoupment.test.tsx > LabelDealRecoupment > renders a deal card when Firestore returns data
Warning: Received `true` for a non-boolean attribute `layout`.

If you want to write it to the DOM, pass a string instead: layout="true" or layout={value.toString()}.
    at div
    at div (/Volumes/X SSD 2025/Users/narrowchannel/indiiOS-Clean/packages/renderer/src/modules/finance/components/LabelDealRecoupment.test.tsx:29:13)
    at DealRow (/Volumes/X SSD 2025/Users/narrowchannel/indiiOS-Clean/packages/renderer/src/modules/finance/components/LabelDealRecoupment.tsx:286:20)
    at div
    at div
    at LabelDealRecoupment (/Volumes/X SSD 2025/Users/narrowchannel/indiiOS-Clean/packages/renderer/src/modules/finance/components/LabelDealRecoupment.tsx:586:63)

stdout | packages/renderer/src/modules/onboarding/pages/OnboardingPage.test.tsx > OnboardingPage > GenUI Verification > Renders Multiple Choice buttons when Agent calls askMultipleChoice tool
[OnboardingAnalytics] onboarding_started { event: 'onboarding_started' }

(node:9075) Warning: `--localstorage-file` was provided without a valid path
(Use `node --trace-warnings ...` to show where the warning was created)
·····stdout | packages/renderer/src/modules/onboarding/pages/OnboardingPage.test.tsx > OnboardingPage > Accessibility > renders with accessible labels on interactive elements
[OnboardingAnalytics] onboarding_started { event: 'onboarding_started' }

·stdout | packages/renderer/src/services/agent/agent_tools_accessibility.test.ts > Agent Tool Accessibility Audit > GeneralistAgent (indii Conductor) Tool Access > should have access to full TOOL_REGISTRY
[AgentRegistry] Loading agent 'generalist'...

(node:9080) Warning: `--localstorage-file` was provided without a valid path
(Use `node --trace-warnings ...` to show where the warning was created)
stdout | packages/renderer/src/modules/onboarding/pages/OnboardingPage.test.tsx > OnboardingPage > Renders accessible labels on interactive elements
[OnboardingAnalytics] onboarding_started { event: 'onboarding_started' }

··(node:9074) Warning: `--localstorage-file` was provided without a valid path
(Use `node --trace-warnings ...` to show where the warning was created)
stdout | packages/renderer/src/services/agent/agent_tools_accessibility.test.ts > Agent Tool Accessibility Audit > GeneralistAgent (indii Conductor) Tool Access > should have access to full TOOL_REGISTRY
[AgentRegistry] Agent 'generalist' loaded successfully

stdout | packages/renderer/src/services/agent/agent_tools_accessibility.test.ts > Agent Tool Accessibility Audit > Specialist Agent Tool Configurations > should audit each agent configuration for tool limits

⚠️ 3 agents are OVER the 24-tool limit:
   - Marketing Director: Has 15 + 12 superpowers = 27 total
   - Creative Director: Has 13 + 12 superpowers = 25 total
   - Distribution Director: Has 15 + 12 superpowers = 27 total

stdout | packages/renderer/src/services/agent/agent_tools_accessibility.test.ts > Agent Tool Accessibility Audit > Specialist Agent Tool Configurations > should verify all VALID_AGENT_IDS have registered loaders

🔍 Verifying Agent Registration:
[AgentRegistry] Loading agent 'marketing'...

stdout | packages/renderer/src/services/agent/agent_tools_accessibility.test.ts > Agent Tool Accessibility Audit > Specialist Agent Tool Configurations > should verify all VALID_AGENT_IDS have registered loaders
[AgentRegistry] Agent 'marketing' loaded successfully

stdout | packages/renderer/src/services/agent/agent_tools_accessibility.test.ts > Agent Tool Accessibility Audit > Specialist Agent Tool Configurations > should verify all VALID_AGENT_IDS have registered loaders
   ✅ marketing: Marketing Director
[AgentRegistry] Loading agent 'legal'...

stdout | packages/renderer/src/services/agent/agent_tools_accessibility.test.ts > Agent Tool Accessibility Audit > Specialist Agent Tool Configurations > should verify all VALID_AGENT_IDS have registered loaders
[AgentRegistry] Agent 'legal' loaded successfully

stdout | packages/renderer/src/services/agent/agent_tools_accessibility.test.ts > Agent Tool Accessibility Audit > Specialist Agent Tool Configurations > should verify all VALID_AGENT_IDS have registered loaders
   ✅ legal: Legal Director
[AgentRegistry] Loading agent 'finance'...

stdout | packages/renderer/src/services/agent/agent_tools_accessibility.test.ts > Agent Tool Accessibility Audit > Specialist Agent Tool Configurations > should verify all VALID_AGENT_IDS have registered loaders
[AgentRegistry] Agent 'finance' loaded successfully

stdout | packages/renderer/src/services/agent/agent_tools_accessibility.test.ts > Agent Tool Accessibility Audit > Specialist Agent Tool Configurations > should verify all VALID_AGENT_IDS have registered loaders
   ✅ finance: Finance Director
[AgentRegistry] Loading agent 'producer'...

stdout | packages/renderer/src/services/agent/agent_tools_accessibility.test.ts > Agent Tool Accessibility Audit > Specialist Agent Tool Configurations > should verify all VALID_AGENT_IDS have registered loaders
[AgentRegistry] Agent 'producer' loaded successfully

stdout | packages/renderer/src/services/agent/agent_tools_accessibility.test.ts > Agent Tool Accessibility Audit > Specialist Agent Tool Configurations > should verify all VALID_AGENT_IDS have registered loaders
   ✅ producer: Production Director
[AgentRegistry] Loading agent 'director'...

stdout | packages/renderer/src/services/agent/agent_tools_accessibility.test.ts > Agent Tool Accessibility Audit > Specialist Agent Tool Configurations > should verify all VALID_AGENT_IDS have registered loaders
[AgentRegistry] Agent 'director' loaded successfully

stdout | packages/renderer/src/services/agent/agent_tools_accessibility.test.ts > Agent Tool Accessibility Audit > Specialist Agent Tool Configurations > should verify all VALID_AGENT_IDS have registered loaders
   ✅ director: Creative Director
[AgentRegistry] Loading agent 'screenwriter'...

stdout | packages/renderer/src/services/agent/agent_tools_accessibility.test.ts > Agent Tool Accessibility Audit > Specialist Agent Tool Configurations > should verify all VALID_AGENT_IDS have registered loaders
[AgentRegistry] Agent 'screenwriter' loaded successfully

stdout | packages/renderer/src/services/agent/agent_tools_accessibility.test.ts > Agent Tool Accessibility Audit > Specialist Agent Tool Configurations > should verify all VALID_AGENT_IDS have registered loaders
   ✅ screenwriter: Screenwriting Director
[AgentRegistry] Loading agent 'video'...

stdout | packages/renderer/src/services/agent/agent_tools_accessibility.test.ts > Agent Tool Accessibility Audit > Specialist Agent Tool Configurations > should verify all VALID_AGENT_IDS have registered loaders
[AgentRegistry] Agent 'video' loaded successfully

stdout | packages/renderer/src/services/agent/agent_tools_accessibility.test.ts > Agent Tool Accessibility Audit > Specialist Agent Tool Configurations > should verify all VALID_AGENT_IDS have registered loaders
   ✅ video: Video Director
[AgentRegistry] Loading agent 'social'...

stdout | packages/renderer/src/services/agent/agent_tools_accessibility.test.ts > Agent Tool Accessibility Audit > Specialist Agent Tool Configurations > should verify all VALID_AGENT_IDS have registered loaders
[AgentRegistry] Agent 'social' loaded successfully

stdout | packages/renderer/src/services/agent/agent_tools_accessibility.test.ts > Agent Tool Accessibility Audit > Specialist Agent Tool Configurations > should verify all VALID_AGENT_IDS have registered loaders
   ✅ social: Social Media Director
[AgentRegistry] Loading agent 'publicist'...

stdout | packages/renderer/src/services/agent/agent_tools_accessibility.test.ts > Agent Tool Accessibility Audit > Specialist Agent Tool Configurations > should verify all VALID_AGENT_IDS have registered loaders
[AgentRegistry] Agent 'publicist' loaded successfully

stdout | packages/renderer/src/services/agent/agent_tools_accessibility.test.ts > Agent Tool Accessibility Audit > Specialist Agent Tool Configurations > should verify all VALID_AGENT_IDS have registered loaders
   ✅ publicist: Publicist Director
[AgentRegistry] Loading agent 'road'...

stdout | packages/renderer/src/services/agent/agent_tools_accessibility.test.ts > Agent Tool Accessibility Audit > Specialist Agent Tool Configurations > should verify all VALID_AGENT_IDS have registered loaders
[AgentRegistry] Agent 'road' loaded successfully

stdout | packages/renderer/src/services/agent/agent_tools_accessibility.test.ts > Agent Tool Accessibility Audit > Specialist Agent Tool Configurations > should verify all VALID_AGENT_IDS have registered loaders
   ✅ road: Road Director
[AgentRegistry] Loading agent 'creative'...

stdout | packages/renderer/src/services/agent/agent_tools_accessibility.test.ts > Agent Tool Accessibility Audit > Specialist Agent Tool Configurations > should verify all VALID_AGENT_IDS have registered loaders
[AgentRegistry] Agent 'creative' loaded successfully

stdout | packages/renderer/src/services/agent/agent_tools_accessibility.test.ts > Agent Tool Accessibility Audit > Specialist Agent Tool Configurations > should verify all VALID_AGENT_IDS have registered loaders
   ✅ creative: Creative Director
[AgentRegistry] Loading agent 'publishing'...

stdout | packages/renderer/src/services/agent/agent_tools_accessibility.test.ts > Agent Tool Accessibility Audit > Specialist Agent Tool Configurations > should verify all VALID_AGENT_IDS have registered loaders
[AgentRegistry] Agent 'publishing' loaded successfully

stdout | packages/renderer/src/services/agent/agent_tools_accessibility.test.ts > Agent Tool Accessibility Audit > Specialist Agent Tool Configurations > should verify all VALID_AGENT_IDS have registered loaders
   ✅ publishing: Publishing Director
[AgentRegistry] Loading agent 'licensing'...

stdout | packages/renderer/src/services/agent/agent_tools_accessibility.test.ts > Agent Tool Accessibility Audit > Specialist Agent Tool Configurations > should verify all VALID_AGENT_IDS have registered loaders
[AgentRegistry] Agent 'licensing' loaded successfully

stdout | packages/renderer/src/services/agent/agent_tools_accessibility.test.ts > Agent Tool Accessibility Audit > Specialist Agent Tool Configurations > should verify all VALID_AGENT_IDS have registered loaders
   ✅ licensing: Licensing Director
[AgentRegistry] Loading agent 'brand'...

stdout | packages/renderer/src/services/agent/agent_tools_accessibility.test.ts > Agent Tool Accessibility Audit > Specialist Agent Tool Configurations > should verify all VALID_AGENT_IDS have registered loaders
[AgentRegistry] Agent 'brand' loaded successfully

stdout | packages/renderer/src/services/agent/agent_tools_accessibility.test.ts > Agent Tool Accessibility Audit > Specialist Agent Tool Configurations > should verify all VALID_AGENT_IDS have registered loaders
   ✅ brand: Brand Director
[AgentRegistry] Loading agent 'devops'...

stdout | packages/renderer/src/services/agent/agent_tools_accessibility.test.ts > Agent Tool Accessibility Audit > Specialist Agent Tool Configurations > should verify all VALID_AGENT_IDS have registered loaders
[AgentRegistry] Agent 'devops' loaded successfully

stdout | packages/renderer/src/services/agent/agent_tools_accessibility.test.ts > Agent Tool Accessibility Audit > Specialist Agent Tool Configurations > should verify all VALID_AGENT_IDS have registered loaders
   ✅ devops: DevOps Director
[AgentRegistry] Loading agent 'security'...

stdout | packages/renderer/src/services/agent/agent_tools_accessibility.test.ts > Agent Tool Accessibility Audit > Specialist Agent Tool Configurations > should verify all VALID_AGENT_IDS have registered loaders
[AgentRegistry] Agent 'security' loaded successfully

stdout | packages/renderer/src/services/agent/agent_tools_accessibility.test.ts > Agent Tool Accessibility Audit > Specialist Agent Tool Configurations > should verify all VALID_AGENT_IDS have registered loaders
   ✅ security: Security Director
[AgentRegistry] Loading agent 'merchandise'...

(node:9081) Warning: `--localstorage-file` was provided without a valid path
(Use `node --trace-warnings ...` to show where the warning was created)
stdout | packages/renderer/src/services/agent/agent_tools_accessibility.test.ts > Agent Tool Accessibility Audit > Specialist Agent Tool Configurations > should verify all VALID_AGENT_IDS have registered loaders
[AgentRegistry] Agent 'merchandise' loaded successfully

stdout | packages/renderer/src/services/agent/agent_tools_accessibility.test.ts > Agent Tool Accessibility Audit > Specialist Agent Tool Configurations > should verify all VALID_AGENT_IDS have registered loaders
   ✅ merchandise: Producer
[AgentRegistry] Loading agent 'distribution'...

stdout | packages/renderer/src/services/agent/agent_tools_accessibility.test.ts > Agent Tool Accessibility Audit > Specialist Agent Tool Configurations > should verify all VALID_AGENT_IDS have registered loaders
[AgentRegistry] Agent 'distribution' loaded successfully

stdout | packages/renderer/src/services/agent/agent_tools_accessibility.test.ts > Agent Tool Accessibility Audit > Specialist Agent Tool Configurations > should verify all VALID_AGENT_IDS have registered loaders
   ✅ distribution: Distribution Director
[AgentRegistry] Loading agent 'music'...

stdout | packages/renderer/src/services/agent/agent_tools_accessibility.test.ts > Agent Tool Accessibility Audit > Specialist Agent Tool Configurations > should verify all VALID_AGENT_IDS have registered loaders
[AgentRegistry] Agent 'music' loaded successfully

stdout | packages/renderer/src/services/agent/agent_tools_accessibility.test.ts > Agent Tool Accessibility Audit > Specialist Agent Tool Configurations > should verify all VALID_AGENT_IDS have registered loaders
   ✅ music: Music Director
[AgentRegistry] Loading agent 'curriculum'...

·····stdout | packages/renderer/src/tests/RouterContext.test.tsx
[AgentRegistry] Agent 'generalist' loaded successfully

stdout | packages/renderer/src/tests/RouterContext.test.tsx
[AgentRegistry] Generalist agent pre-warmed successfully

·stdout | packages/renderer/src/services/agent/agent_tools_accessibility.test.ts > Agent Tool Accessibility Audit > Specialist Agent Tool Configurations > should verify all VALID_AGENT_IDS have registered loaders
[AgentRegistry] Agent 'curriculum' loaded successfully

stdout | packages/renderer/src/services/agent/agent_tools_accessibility.test.ts > Agent Tool Accessibility Audit > Specialist Agent Tool Configurations > should verify all VALID_AGENT_IDS have registered loaders
   ✅ curriculum: Music Education Specialist
[AgentRegistry] Loading agent 'keeper'...

stdout | packages/renderer/src/services/agent/agent_tools_accessibility.test.ts > Agent Tool Accessibility Audit > Specialist Agent Tool Configurations > should verify all VALID_AGENT_IDS have registered loaders
[AgentRegistry] Agent 'keeper' loaded successfully

stdout | packages/renderer/src/services/agent/agent_tools_accessibility.test.ts > Agent Tool Accessibility Audit > Specialist Agent Tool Configurations > should verify all VALID_AGENT_IDS have registered loaders
   ✅ keeper: Keeper

stdout | packages/renderer/src/services/agent/agent_tools_accessibility.test.ts > Agent Tool Accessibility Audit > Specialist Agent Tool Configurations > should verify all VALID_AGENT_IDS have registered loaders
   ✅ generalist: indii Conductor

·stdout | packages/renderer/src/services/agent/agent_tools_accessibility.test.ts > Agent Tool Accessibility Audit > Tool Function Implementation Verification > should verify all agent-specific tools have implementations

❌ Missing Tool Implementations:
   - Marketing Director: generate_ab_campaign
   - Marketing Director: deploy_micro_ad_campaign
   - Marketing Director: deploy_email_newsletter
   - Marketing Director: generate_presave_campaign
   - Marketing Director: deploy_sms_blast
   - Marketing Director: enrich_fan_data
   - Marketing Director: generate_influencer_bounty
   - Video Director: orchestrate_timeline
   - Social Media Director: analyze_sentiment
   - Social Media Director: multi_platform_autopost
   - Social Media Director: dispatch_community_webhook
   - Road Director: generate_visa_checklist
   - Publishing Director: check_pro_catalog

·(node:9077) Warning: `--localstorage-file` was provided without a valid path
(Use `node --trace-warnings ...` to show where the warning was created)
···············stdout | packages/renderer/src/modules/merchandise/hooks/useAutoSave.test.ts > useAutoSave > should derive activeOrg from organizations array
Design "Test Design" auto-saved at 6:00:27 PM

···stdout | packages/renderer/src/modules/merchandise/hooks/useAutoSave.test.ts > useAutoSave > should serialize canvas and save to Firestore
Design "Test Design" auto-saved at 6:00:27 PM

stdout | packages/renderer/src/modules/video/components/VideoDaisychain.interaction.test.tsx > 🖱️ Click: Video Production Daisychain > successfully completes a 5-step video production daisychain
[VideoGeneration] Prompt selection: {
  promptOverride: '(none)',
  localPrompt: '"Cinematic morph..."',
  globalPrompt: '"Cinematic morph..."',
  selected: '"Cinematic morph..."'
}
[VideoGeneration] 🔇 Audio suppression enabled — negative prompt augmented

·stdout | packages/renderer/src/core/components/command-bar/PromptArea.error.test.tsx > PromptArea Error Resilience > restores user input when message sending fails
[PromptArea] handleSubmit fired! { commandBarInput: 'Draft a critical contract' }

stderr | packages/renderer/src/core/components/command-bar/PromptArea.error.test.tsx > PromptArea Error Resilience > restores user input when message sending fails
PromptArea: Failed to send message: Error: Network Failure
    at /Volumes/X SSD 2025/Users/narrowchannel/indiiOS-Clean/packages/renderer/src/core/components/command-bar/PromptArea.error.test.tsx:89:39
    at file:///Volumes/X%20SSD%202025/Users/narrowchannel/indiiOS-Clean/node_modules/@vitest/runner/dist/chunk-artifact.js:302:11
    at file:///Volumes/X%20SSD%202025/Users/narrowchannel/indiiOS-Clean/node_modules/@vitest/runner/dist/chunk-artifact.js:1903:26
    at file:///Volumes/X%20SSD%202025/Users/narrowchannel/indiiOS-Clean/node_modules/@vitest/runner/dist/chunk-artifact.js:2326:20
    at new Promise (<anonymous>)
    at runWithCancel (file:///Volumes/X%20SSD%202025/Users/narrowchannel/indiiOS-Clean/node_modules/@vitest/runner/dist/chunk-artifact.js:2323:10)
    at file:///Volumes/X%20SSD%202025/Users/narrowchannel/indiiOS-Clean/node_modules/@vitest/runner/dist/chunk-artifact.js:2305:20
    at new Promise (<anonymous>)
    at runWithTimeout (file:///Volumes/X%20SSD%202025/Users/narrowchannel/indiiOS-Clean/node_modules/@vitest/runner/dist/chunk-artifact.js:2272:10)
    at file:///Volumes/X%20SSD%202025/Users/narrowchannel/indiiOS-Clean/node_modules/@vitest/runner/dist/chunk-artifact.js:2955:64

····stdout | packages/renderer/src/modules/merchandise/hooks/useAutoSave.test.ts > useAutoSave > should include createdAt only on first save
Design "Test Design" auto-saved at 6:00:28 PM

stdout | packages/renderer/src/modules/merchandise/hooks/useAutoSave.test.ts > useAutoSave > should include createdAt only on first save
Design "Test Design" auto-saved at 6:00:28 PM

····(node:9095) Warning: `--localstorage-file` was provided without a valid path
(Use `node --trace-warnings ...` to show where the warning was created)
stdout | packages/renderer/src/tests/RouterContext.test.tsx
🌐 i18next is made possible by our own product, Locize — consider powering your project with managed localization (AI, CDN, integrations): https://locize.com 💙
i18next: languageChanged en-US
i18next: initialized {
  debug: true,
  initAsync: true,
  ns: [ 'translation' ],
  defaultNS: [ 'translation' ],
  fallbackLng: [ 'en' ],
  fallbackNS: false,
  supportedLngs: false,
  nonExplicitSupportedLngs: false,
  load: 'all',
  preload: false,
  simplifyPluralSuffix: true,
  keySeparator: '.',
  nsSeparator: ':',
  pluralSeparator: '_',
  contextSeparator: '_',
  partialBundledLanguages: false,
  saveMissing: false,
  updateMissing: false,
  saveMissingTo: 'fallback',
  saveMissingPlurals: true,
  missingKeyHandler: false,
  missingInterpolationHandler: false,
  postProcess: false,
  postProcessPassResolved: false,
  returnNull: false,
  returnEmptyString: true,
  returnObjects: false,
  joinArrays: false,
  returnedObjectHandler: false,
  parseMissingKeyHandler: false,
  appendNamespaceToMissingKey: false,
  appendNamespaceToCIMode: false,
  overloadTranslationOptionHandler: [Function: overloadTranslationOptionHandler],
  interpolation: {
    escapeValue: false,
    format: [Function: bound format],
    prefix: '{{',
    suffix: '}}',
    formatSeparator: ',',
    unescapePrefix: '-',
    nestingPrefix: '$t(',
    nestingSuffix: ')',
    nestingOptionsSeparator: ',',
    maxReplaces: 1000,
    skipOnVariables: true
  },
  cacheInBuiltFormats: true,
  resources: { en: { translation: [Object] }, es: { translation: [Object] } },
  detection: {
    order: [ 'querystring', 'localStorage', 'navigator' ],
    caches: [ 'localStorage' ],
    lookupQuerystring: 'lng',
    lookupLocalStorage: 'indiiOS_language',
    lookupCookie: 'i18next',
    lookupSessionStorage: 'i18nextLng',
    excludeCacheFor: [ 'cimode' ],
    convertDetectedLanguage: [Function: convertDetectedLanguage]
  },
  ignoreJSONStructure: true
}

(node:9096) Warning: `--localstorage-file` was provided without a valid path
(Use `node --trace-warnings ...` to show where the warning was created)
···········(node:9102) Warning: `--localstorage-file` was provided without a valid path
(Use `node --trace-warnings ...` to show where the warning was created)
(node:9112) Warning: `--localstorage-file` was provided without a valid path
(Use `node --trace-warnings ...` to show where the warning was created)
(node:9104) Warning: `--localstorage-file` was provided without a valid path
(Use `node --trace-warnings ...` to show where the warning was created)
(node:9105) Warning: `--localstorage-file` was provided without a valid path
(Use `node --trace-warnings ...` to show where the warning was created)
(node:9108) Warning: `--localstorage-file` was provided without a valid path
(Use `node --trace-warnings ...` to show where the warning was created)
·(node:9103) Warning: `--localstorage-file` was provided without a valid path
(Use `node --trace-warnings ...` to show where the warning was created)
·(node:9109) Warning: `--localstorage-file` was provided without a valid path
(Use `node --trace-warnings ...` to show where the warning was created)
stderr | packages/landing/src/login-bridge/page.test.tsx > LoginBridge deep-link flows > shows success redirect state after auth succeeds
Warning: The current testing environment is not configured to support act(...)

(node:9122) Warning: `--localstorage-file` was provided without a valid path
(Use `node --trace-warnings ...` to show where the warning was created)
(node:9113) Warning: `--localstorage-file` was provided without a valid path
(Use `node --trace-warnings ...` to show where the warning was created)
stderr | packages/landing/src/login-bridge/page.test.tsx > LoginBridge deep-link flows > shows success redirect state after auth succeeds
Warning: The current testing environment is not configured to support act(...)
    at LoginBridge (/Volumes/X SSD 2025/Users/narrowchannel/indiiOS-Clean/packages/landing/src/login-bridge/page.tsx:9:65)

···stderr | packages/landing/src/login-bridge/page.test.tsx > LoginBridge deep-link flows > shows success redirect state after auth succeeds
Warning: The current testing environment is not configured to support act(...)
Warning: The current testing environment is not configured to support act(...)

stderr | packages/landing/src/login-bridge/page.test.tsx > LoginBridge deep-link flows > shows success redirect state after auth succeeds
Auth handoff service URL is not configured; falling back to legacy callback payload

stderr | packages/landing/src/login-bridge/page.test.tsx > LoginBridge deep-link flows > shows success redirect state after auth succeeds
Warning: The current testing environment is not configured to support act(...)
Warning: The current testing environment is not configured to support act(...)
Warning: The current testing environment is not configured to support act(...)

stderr | packages/landing/src/login-bridge/page.test.tsx > LoginBridge deep-link flows > shows success redirect state after auth succeeds
Warning: The current testing environment is not configured to support act(...)

stderr | packages/landing/src/login-bridge/page.test.tsx > LoginBridge deep-link flows > renders deep-link timeout fallback after redirect does not leave page
Warning: The current testing environment is not configured to support act(...)

stdout | packages/renderer/src/modules/creative/components/CreativeNavbar.test.tsx
[DistributorService] Registered adapter: DistroKid
[DistributorService] Registered adapter: TuneCore
[DistributorService] Registered adapter: CDBaby
[DistributorService] Registered adapter: Symphonic

stderr | packages/landing/src/login-bridge/page.test.tsx > LoginBridge deep-link flows > renders deep-link timeout fallback after redirect does not leave page
Warning: The current testing environment is not configured to support act(...)
    at LoginBridge (/Volumes/X SSD 2025/Users/narrowchannel/indiiOS-Clean/packages/landing/src/login-bridge/page.tsx:9:65)

stderr | packages/landing/src/login-bridge/page.test.tsx > LoginBridge deep-link flows > renders deep-link timeout fallback after redirect does not leave page
Warning: The current testing environment is not configured to support act(...)
Warning: The current testing environment is not configured to support act(...)

stderr | packages/landing/src/login-bridge/page.test.tsx > LoginBridge deep-link flows > renders deep-link timeout fallback after redirect does not leave page
Auth handoff service URL is not configured; falling back to legacy callback payload

stderr | packages/landing/src/login-bridge/page.test.tsx > LoginBridge deep-link flows > renders deep-link timeout fallback after redirect does not leave page
Warning: The current testing environment is not configured to support act(...)
Warning: The current testing environment is not configured to support act(...)
Warning: The current testing environment is not configured to support act(...)

stderr | packages/landing/src/login-bridge/page.test.tsx > LoginBridge deep-link flows > renders deep-link timeout fallback after redirect does not leave page
Deep link redirect timeout {
  event: 'landing_login_bridge_deep_link_timeout',
  callbackUrlScheme: 'indii-os',
  timedOutAfterMs: 3000
}
Warning: The current testing environment is not configured to support act(...)

··(node:9121) Warning: `--localstorage-file` was provided without a valid path
(Use `node --trace-warnings ...` to show where the warning was created)
·(node:9115) Warning: `--localstorage-file` was provided without a valid path
(Use `node --trace-warnings ...` to show where the warning was created)
stdout | packages/renderer/src/core/components/RightPanel.test.tsx
[WorkflowGraph] Successfully validated workflow 'CAMPAIGN_LAUNCH'
[WorkflowGraph] Successfully validated workflow 'AI_MERCH_DROP'
[WorkflowGraph] Successfully validated workflow 'SECURITY_AUDIT'
[WorkflowGraph] Successfully validated workflow 'TOUR_PLANNING'
[WorkflowGraph] Successfully validated workflow 'INDII_GROWTH_PROTOCOL'

stderr | packages/landing/src/login-bridge/page.test.tsx > LoginBridge deep-link flows > renders deep-link timeout fallback after redirect does not leave page
Warning: The current testing environment is not configured to support act(...)

stderr | packages/landing/src/login-bridge/page.test.tsx > LoginBridge deep-link flows > retries deep link when user clicks Open app again
Warning: The current testing environment is not configured to support act(...)

stderr | packages/landing/src/login-bridge/page.test.tsx > LoginBridge deep-link flows > retries deep link when user clicks Open app again
Warning: The current testing environment is not configured to support act(...)
    at LoginBridge (/Volumes/X SSD 2025/Users/narrowchannel/indiiOS-Clean/packages/landing/src/login-bridge/page.tsx:9:65)

stderr | packages/landing/src/login-bridge/page.test.tsx > LoginBridge deep-link flows > retries deep link when user clicks Open app again
Warning: The current testing environment is not configured to support act(...)
Warning: The current testing environment is not configured to support act(...)

stderr | packages/landing/src/login-bridge/page.test.tsx > LoginBridge deep-link flows > retries deep link when user clicks Open app again
Auth handoff service URL is not configured; falling back to legacy callback payload

stderr | packages/landing/src/login-bridge/page.test.tsx > LoginBridge deep-link flows > retries deep link when user clicks Open app again
Warning: The current testing environment is not configured to support act(...)
Warning: The current testing environment is not configured to support act(...)
Warning: The current testing environment is not configured to support act(...)

stderr | packages/landing/src/login-bridge/page.test.tsx > LoginBridge deep-link flows > retries deep link when user clicks Open app again
Deep link redirect timeout {
  event: 'landing_login_bridge_deep_link_timeout',
  callbackUrlScheme: 'indii-os',
  timedOutAfterMs: 3000
}
Warning: The current testing environment is not configured to support act(...)

stderr | packages/landing/src/login-bridge/page.test.tsx > LoginBridge deep-link flows > retries deep link when user clicks Open app again
Warning: The current testing environment is not configured to support act(...)

··stdout | packages/renderer/src/services/distribution/DistributorService.test.ts
[DistributorService] Registered adapter: DistroKid
[DistributorService] Registered adapter: TuneCore
[DistributorService] Registered adapter: CDBaby
[DistributorService] Registered adapter: Symphonic

stdout | packages/renderer/src/services/distribution/DistributorService.test.ts > DistributorService.getAggregatedEarnings > should aggregate earnings from multiple distributors and convert to target currency
[DistributorService] Registered adapter: DistroKid
[DistributorService] Registered adapter: TuneCore

stderr | packages/renderer/src/services/distribution/DistributorService.test.ts > DistributorService.getAggregatedEarnings > should aggregate earnings from multiple distributors and convert to target currency
[DistributorService] Failed to fetch earnings from cdbaby: window.electronAPI.sftp.isConnected is not a function
[DistributorService] Failed to fetch earnings from symphonic: window.electronAPI.sftp.isConnected is not a function

(node:9118) Warning: `--localstorage-file` was provided without a valid path
(Use `node --trace-warnings ...` to show where the warning was created)
stdout | packages/renderer/src/tests/RouterContext.test.tsx > Router Context Verification > renders App inside BrowserRouter without crashing
[OfflineSync] Auto sync started
[RemoteRelay] 🔐 Setting up auth listener...
[RemoteRelay/Firestore] ⚡ Hook enabled state: false
[RemoteRelay/Firestore] 🔍 Command listener effect triggered, enabled=false
[RemoteRelay/Firestore] ⏸️ Not enabled — skipping command listener

stderr | packages/renderer/src/services/distribution/DistributorService.test.ts > DistributorService.getAggregatedEarnings > should aggregate earnings from multiple distributors and convert to target currency
[DistributorService] Failed to fetch earnings from cdbaby: window.electronAPI.sftp.isConnected is not a function
[DistributorService] Failed to fetch earnings from symphonic: window.electronAPI.sftp.isConnected is not a function

stdout | packages/renderer/src/services/distribution/DistributorService.test.ts > DistributorService.createRelease > should pass userId and orgId to persistence service
[DistributorService] Registered adapter: DistroKid

stdout | packages/renderer/src/services/distribution/DistributorService.test.ts > DistributorService.createRelease > should throw if userProfile is missing
[DistributorService] Registered adapter: DistroKid

···(node:9114) Warning: `--localstorage-file` was provided without a valid path
(Use `node --trace-warnings ...` to show where the warning was created)
(node:9120) Warning: `--localstorage-file` was provided without a valid path
(Use `node --trace-warnings ...` to show where the warning was created)
stdout | packages/renderer/src/tests/RouterContext.test.tsx > Router Context Verification > renders App inside BrowserRouter without crashing
[OfflineSync] Auto sync stopped

(node:9126) Warning: `--localstorage-file` was provided without a valid path
(Use `node --trace-warnings ...` to show where the warning was created)
(node:9119) Warning: `--localstorage-file` was provided without a valid path
(Use `node --trace-warnings ...` to show where the warning was created)
stderr | packages/renderer/src/core/components/RightPanel.test.tsx > RightPanel > renders collapsed state with tab buttons
Warning: Received `false` for a non-boolean attribute `initial`.

If you want to write it to the DOM, pass a string instead: initial="false" or initial={value.toString()}.

If you used to conditionally omit it with initial={condition && value}, pass initial={condition ? value : undefined} instead.
    at aside
    at aside (/Volumes/X SSD 2025/Users/narrowchannel/indiiOS-Clean/packages/renderer/src/core/components/RightPanel.test.tsx:127:15)
    at RightPanel (/Volumes/X SSD 2025/Users/narrowchannel/indiiOS-Clean/packages/renderer/src/core/components/RightPanel.tsx:33:41)

Error: useNavigate() may be used only in the context of a <Router> component.
    at invariant (file:///Volumes/X%20SSD%202025/Users/narrowchannel/indiiOS-Clean/node_modules/react-router/dist/development/chunk-EVOBXE3Y.mjs:199:11)
    at useNavigateUnstable (file:///Volumes/X%20SSD%202025/Users/narrowchannel/indiiOS-Clean/node_modules/react-router/dist/development/chunk-EVOBXE3Y.mjs:5683:3)
    at useNavigate (file:///Volumes/X%20SSD%202025/Users/narrowchannel/indiiOS-Clean/node_modules/react-router/dist/development/chunk-EVOBXE3Y.mjs:5680:46)
    at useURLSync (/Volumes/X SSD 2025/Users/narrowchannel/indiiOS-Clean/packages/renderer/src/hooks/useURLSync.ts:15:22)
    at App (/Volumes/X SSD 2025/Users/narrowchannel/indiiOS-Clean/packages/renderer/src/core/App.tsx:504:5)
    at renderWithHooks (/Volumes/X SSD 2025/Users/narrowchannel/indiiOS-Clean/node_modules/react-dom/cjs/react-dom.development.js:15486:18)
    at mountIndeterminateComponent (/Volumes/X SSD 2025/Users/narrowchannel/indiiOS-Clean/node_modules/react-dom/cjs/react-dom.development.js:20103:13)
    at beginWork (/Volumes/X SSD 2025/Users/narrowchannel/indiiOS-Clean/node_modules/react-dom/cjs/react-dom.development.js:21626:16)
    at HTMLUnknownElement.callCallback (/Volumes/X SSD 2025/Users/narrowchannel/indiiOS-Clean/node_modules/react-dom/cjs/react-dom.development.js:4164:14)
    at HTMLUnknownElement.callTheUserObjectsOperation (/Volumes/X SSD 2025/Users/narrowchannel/indiiOS-Clean/node_modules/jsdom/lib/generated/idl/EventListener.js:26:30)
Error: useNavigate() may be used only in the context of a <Router> component.
    at invariant (file:///Volumes/X%20SSD%202025/Users/narrowchannel/indiiOS-Clean/node_modules/react-router/dist/development/chunk-EVOBXE3Y.mjs:199:11)
    at useNavigateUnstable (file:///Volumes/X%20SSD%202025/Users/narrowchannel/indiiOS-Clean/node_modules/react-router/dist/development/chunk-EVOBXE3Y.mjs:5683:3)
    at useNavigate (file:///Volumes/X%20SSD%202025/Users/narrowchannel/indiiOS-Clean/node_modules/react-router/dist/development/chunk-EVOBXE3Y.mjs:5680:46)
    at useURLSync (/Volumes/X SSD 2025/Users/narrowchannel/indiiOS-Clean/packages/renderer/src/hooks/useURLSync.ts:15:22)
    at App (/Volumes/X SSD 2025/Users/narrowchannel/indiiOS-Clean/packages/renderer/src/core/App.tsx:504:5)
    at renderWithHooks (/Volumes/X SSD 2025/Users/narrowchannel/indiiOS-Clean/node_modules/react-dom/cjs/react-dom.development.js:15486:18)
    at mountIndeterminateComponent (/Volumes/X SSD 2025/Users/narrowchannel/indiiOS-Clean/node_modules/react-dom/cjs/react-dom.development.js:20103:13)
    at beginWork (/Volumes/X SSD 2025/Users/narrowchannel/indiiOS-Clean/node_modules/react-dom/cjs/react-dom.development.js:21626:16)
    at HTMLUnknownElement.callCallback (/Volumes/X SSD 2025/Users/narrowchannel/indiiOS-Clean/node_modules/react-dom/cjs/react-dom.development.js:4164:14)
    at HTMLUnknownElement.callTheUserObjectsOperation (/Volumes/X SSD 2025/Users/narrowchannel/indiiOS-Clean/node_modules/jsdom/lib/generated/idl/EventListener.js:26:30)
(node:9127) Warning: `--localstorage-file` was provided without a valid path
(Use `node --trace-warnings ...` to show where the warning was created)
··········(node:9129) Warning: `--localstorage-file` was provided without a valid path
(Use `node --trace-warnings ...` to show where the warning was created)
stderr | packages/renderer/src/modules/agent/components/AgentDashboard.test.tsx
[MemoryBank] MEM0_API_KEY is not set in environment.

(node:9123) Warning: `--localstorage-file` was provided without a valid path
(Use `node --trace-warnings ...` to show where the warning was created)
(node:9125) Warning: `--localstorage-file` was provided without a valid path
(Use `node --trace-warnings ...` to show where the warning was created)
-··(node:9128) Warning: `--localstorage-file` was provided without a valid path
(Use `node --trace-warnings ...` to show where the warning was created)
stdout | packages/renderer/src/modules/agent/components/AgentDashboard.test.tsx
[AgentRegistry] Pre-warming Generalist agent...
[AgentRegistry] Loading agent 'generalist'...

·····stderr | packages/renderer/src/modules/agent/components/AgentDashboard.test.tsx
Warning: Please use the `legacy` build in Node.js environments.

(node:9132) Warning: `--localstorage-file` was provided without a valid path
(Use `node --trace-warnings ...` to show where the warning was created)
············stdout | packages/renderer/src/services/agent/__tests__/AgentCollaboration.test.ts > Agent Collaboration > should delegate a task using delegate_task
[AgentIdentity] Minted identity for Manager (generalist): instance=dd873601..., fingerprint=aaa5cb24b71e...

stdout | packages/renderer/src/services/agent/__tests__/AgentCollaboration.test.ts > Agent Collaboration > should delegate a task using delegate_task
[ModelArmor] Scanning input...

stdout | packages/renderer/src/services/agent/__tests__/AgentCollaboration.test.ts > Agent Collaboration > should delegate a task using delegate_task
[AgentIdentity] Provenance: generalist → delegate_task → marketing (trace: parent-t...)

stdout | packages/renderer/src/services/agent/__tests__/AgentCollaboration.test.ts > Agent Collaboration > should delegate a task using delegate_task
[ModelArmor] Scanning input...

stdout | packages/renderer/src/services/agent/__tests__/AgentCollaboration.test.ts > Agent Collaboration > should delegate a task using delegate_task
[ModelArmor] Scanning output...

stdout | packages/renderer/src/services/agent/__tests__/AgentCollaboration.test.ts > Agent Collaboration > should consult multiple experts in parallel using consult_experts
[AgentIdentity] Minted identity for Manager (generalist): instance=a598cd8c..., fingerprint=aaa5cb24b71e...

··stdout | packages/renderer/src/services/agent/__tests__/AgentCollaboration.test.ts > Agent Collaboration > should consult multiple experts in parallel using consult_experts
[ModelArmor] Scanning input...

stdout | packages/renderer/src/services/agent/__tests__/AgentCollaboration.test.ts > Agent Collaboration > should consult multiple experts in parallel using consult_experts
[AgentIdentity] Provenance: generalist → consult_experts → producer,marketing (trace: main-tra...)

stdout | packages/renderer/src/services/agent/__tests__/AgentCollaboration.test.ts > Agent Collaboration > should consult multiple experts in parallel using consult_experts
[ModelArmor] Scanning input...

stdout | packages/renderer/src/services/agent/__tests__/AgentCollaboration.test.ts > Agent Collaboration > should consult multiple experts in parallel using consult_experts
[ModelArmor] Scanning output...

····(node:9133) Warning: `--localstorage-file` was provided without a valid path
(Use `node --trace-warnings ...` to show where the warning was created)
stderr | packages/renderer/src/modules/video/store/videoEditorStore.test.ts > useVideoEditorStore > enforces standard duration limit
Project duration limited to 8 minutes (Free tier). Upgrade to Pro for longer video durations

····stdout | packages/renderer/src/services/agent/__tests__/DistributionAgent.integration.test.ts > DistributionAgent Integration
[AgentRegistry] Loading agent 'distribution'...

·········stdout | packages/renderer/src/services/agent/__tests__/DistributionAgent.integration.test.ts > DistributionAgent Integration
[AgentRegistry] Agent 'distribution' loaded successfully

stdout | packages/renderer/src/core/components/command-bar/PromptArea.test.tsx > PromptArea State Feedback > shows loading state during submission
[PromptArea] handleSubmit fired! { commandBarInput: 'test command' }

·········stderr | packages/renderer/src/modules/agent/components/AgentDashboard.test.tsx > AgentDashboard > switches tabs correctly
Warning: An update to CampaignsTab inside a test was not wrapped in act(...).

When testing, code that causes React state updates should be wrapped into act(...):

act(() => {
  /* fire events that update state */
});
/* assert on the output */

This ensures that you're testing the behavior the user would see in the browser. Learn more at https://reactjs.org/link/wrap-tests-with-act
    at CampaignsTab (/Volumes/X SSD 2025/Users/narrowchannel/indiiOS-Clean/packages/renderer/src/modules/agent/components/AgentDashboard.tsx:35:59)
    at div
    at div
    at div
    at ModuleErrorBoundary (/Volumes/X SSD 2025/Users/narrowchannel/indiiOS-Clean/packages/renderer/src/core/components/ModuleErrorBoundary.tsx:7:1)
    at AgentDashboard (/Volumes/X SSD 2025/Users/narrowchannel/indiiOS-Clean/packages/renderer/src/modules/agent/components/AgentDashboard.tsx:202:71)
Warning: An update to CampaignsTab inside a test was not wrapped in act(...).

When testing, code that causes React state updates should be wrapped into act(...):

act(() => {
  /* fire events that update state */
});
/* assert on the output */

This ensures that you're testing the behavior the user would see in the browser. Learn more at https://reactjs.org/link/wrap-tests-with-act
    at CampaignsTab (/Volumes/X SSD 2025/Users/narrowchannel/indiiOS-Clean/packages/renderer/src/modules/agent/components/AgentDashboard.tsx:35:59)
    at div
    at div
    at div
    at ModuleErrorBoundary (/Volumes/X SSD 2025/Users/narrowchannel/indiiOS-Clean/packages/renderer/src/core/components/ModuleErrorBoundary.tsx:7:1)
    at AgentDashboard (/Volumes/X SSD 2025/Users/narrowchannel/indiiOS-Clean/packages/renderer/src/modules/agent/components/AgentDashboard.tsx:202:71)

··(node:9135) Warning: `--localstorage-file` was provided without a valid path
(Use `node --trace-warnings ...` to show where the warning was created)
········(node:9138) Warning: `--localstorage-file` was provided without a valid path
(Use `node --trace-warnings ...` to show where the warning was created)
··(node:9140) Warning: `--localstorage-file` was provided without a valid path
(Use `node --trace-warnings ...` to show where the warning was created)
(node:9170) Warning: `--localstorage-file` was provided without a valid path
(Use `node --trace-warnings ...` to show where the warning was created)
(node:9169) Warning: `--localstorage-file` was provided without a valid path
(Use `node --trace-warnings ...` to show where the warning was created)
(node:9141) Warning: `--localstorage-file` was provided without a valid path
(Use `node --trace-warnings ...` to show where the warning was created)
(node:9139) Warning: `--localstorage-file` was provided without a valid path
(Use `node --trace-warnings ...` to show where the warning was created)
···stdout | packages/renderer/src/services/pod/PrintOnDemandService.test.ts > PrintOnDemandService > Internal Provider — Order Management > should create an order with correct totals
[InternalPOD] Order INT-U281ZY5DX persisted to Firestore

stdout | packages/renderer/src/services/pod/PrintOnDemandService.test.ts > PrintOnDemandService > Internal Provider — Order Management > should persist order to Firestore
[InternalPOD] Order INT-TGLHUR0MQ persisted to Firestore

stdout | packages/renderer/src/services/pod/PrintOnDemandService.test.ts > PrintOnDemandService > Internal Provider — Order Management > should cancel a pending order
[InternalPOD] Order INT-TEST123 cancelled

stderr | packages/renderer/src/services/pod/PrintOnDemandService.test.ts > PrintOnDemandService > Internal Provider — Order Management > should NOT cancel a shipped order
[InternalPOD] Cannot cancel INT-SHIPPED — already shipped

stderr | packages/renderer/src/services/pod/PrintOnDemandService.test.ts > PrintOnDemandService > Internal Provider — Order Management > should return false for nonexistent order cancellation
[InternalPOD] Order INT-GHOST not found

stderr | packages/renderer/src/services/pod/PrintOnDemandService.test.ts > PrintOnDemandService > Provider Orchestration > should fallback to internal for unknown provider
[POD] Provider gooten not found, falling back to internal

stderr | packages/renderer/src/services/rag/ragService.test.ts > ragService > runAgenticWorkflow > should handle fallback when retrieval fails
RAG Retrieval Failed (proceeding with Pure LLM): Error: List failed
    at /Volumes/X SSD 2025/Users/narrowchannel/indiiOS-Clean/packages/renderer/src/services/rag/ragService.test.ts:139:68
    at file:///Volumes/X%20SSD%202025/Users/narrowchannel/indiiOS-Clean/node_modules/@vitest/runner/dist/chunk-artifact.js:302:11
    at file:///Volumes/X%20SSD%202025/Users/narrowchannel/indiiOS-Clean/node_modules/@vitest/runner/dist/chunk-artifact.js:1903:26
    at file:///Volumes/X%20SSD%202025/Users/narrowchannel/indiiOS-Clean/node_modules/@vitest/runner/dist/chunk-artifact.js:2326:20
    at new Promise (<anonymous>)
    at runWithCancel (file:///Volumes/X%20SSD%202025/Users/narrowchannel/indiiOS-Clean/node_modules/@vitest/runner/dist/chunk-artifact.js:2323:10)
    at file:///Volumes/X%20SSD%202025/Users/narrowchannel/indiiOS-Clean/node_modules/@vitest/runner/dist/chunk-artifact.js:2305:20
    at new Promise (<anonymous>)
    at runWithTimeout (file:///Volumes/X%20SSD%202025/Users/narrowchannel/indiiOS-Clean/node_modules/@vitest/runner/dist/chunk-artifact.js:2272:10)
    at file:///Volumes/X%20SSD%202025/Users/narrowchannel/indiiOS-Clean/node_modules/@vitest/runner/dist/chunk-artifact.js:2955:64

stdout | packages/renderer/src/services/rag/ragService.test.ts > ragService > processForKnowledgeBase > should extract metadata and upload file
[RAG] Ingested native file: files/abc (text/plain)

stderr | packages/renderer/src/services/rag/ragService.test.ts > ragService > processForKnowledgeBase > should use fallback title if metadata extraction fails
Metadata extraction failed, using defaults: Error: Extraction failed
    at /Volumes/X SSD 2025/Users/narrowchannel/indiiOS-Clean/packages/renderer/src/services/rag/ragService.test.ts:185:68
    at file:///Volumes/X%20SSD%202025/Users/narrowchannel/indiiOS-Clean/node_modules/@vitest/runner/dist/chunk-artifact.js:302:11
    at file:///Volumes/X%20SSD%202025/Users/narrowchannel/indiiOS-Clean/node_modules/@vitest/runner/dist/chunk-artifact.js:1903:26
    at file:///Volumes/X%20SSD%202025/Users/narrowchannel/indiiOS-Clean/node_modules/@vitest/runner/dist/chunk-artifact.js:2326:20
    at new Promise (<anonymous>)
    at runWithCancel (file:///Volumes/X%20SSD%202025/Users/narrowchannel/indiiOS-Clean/node_modules/@vitest/runner/dist/chunk-artifact.js:2323:10)
    at file:///Volumes/X%20SSD%202025/Users/narrowchannel/indiiOS-Clean/node_modules/@vitest/runner/dist/chunk-artifact.js:2305:20
    at new Promise (<anonymous>)
    at runWithTimeout (file:///Volumes/X%20SSD%202025/Users/narrowchannel/indiiOS-Clean/node_modules/@vitest/runner/dist/chunk-artifact.js:2272:10)
    at file:///Volumes/X%20SSD%202025/Users/narrowchannel/indiiOS-Clean/node_modules/@vitest/runner/dist/chunk-artifact.js:2955:64

stdout | packages/renderer/src/services/rag/ragService.test.ts > ragService > processForKnowledgeBase > should use fallback title if metadata extraction fails
[RAG] Ingested native file: files/abc (text/plain)

stderr | packages/renderer/src/services/rag/ragService.test.ts > ragService > processForKnowledgeBase > should handle upload failure gracefully
[RAG] Ingestion failed: Error: Upload failed
    at /Volumes/X SSD 2025/Users/narrowchannel/indiiOS-Clean/packages/renderer/src/services/rag/ragService.test.ts:202:69
    at file:///Volumes/X%20SSD%202025/Users/narrowchannel/indiiOS-Clean/node_modules/@vitest/runner/dist/chunk-artifact.js:302:11
    at file:///Volumes/X%20SSD%202025/Users/narrowchannel/indiiOS-Clean/node_modules/@vitest/runner/dist/chunk-artifact.js:1903:26
    at file:///Volumes/X%20SSD%202025/Users/narrowchannel/indiiOS-Clean/node_modules/@vitest/runner/dist/chunk-artifact.js:2326:20
    at new Promise (<anonymous>)
    at runWithCancel (file:///Volumes/X%20SSD%202025/Users/narrowchannel/indiiOS-Clean/node_modules/@vitest/runner/dist/chunk-artifact.js:2323:10)
    at file:///Volumes/X%20SSD%202025/Users/narrowchannel/indiiOS-Clean/node_modules/@vitest/runner/dist/chunk-artifact.js:2305:20
    at new Promise (<anonymous>)
    at runWithTimeout (file:///Volumes/X%20SSD%202025/Users/narrowchannel/indiiOS-Clean/node_modules/@vitest/runner/dist/chunk-artifact.js:2272:10)
    at file:///Volumes/X%20SSD%202025/Users/narrowchannel/indiiOS-Clean/node_modules/@vitest/runner/dist/chunk-artifact.js:2955:64

stdout | packages/renderer/src/services/rag/ragService.test.ts > ragService > processForKnowledgeBase > should process large content without truncation at the service boundary
[RAG] Ingested native file: files/large-doc (text/plain)

···········stderr | packages/renderer/src/modules/licensing/LicensingDashboard.test.tsx > LicensingDashboard > renders dashboard content when loaded
Warning: Function components cannot be given refs. Attempts to access this ref will fail. Did you mean to use React.forwardRef()?

Check the render method of `PopChild`.
    at EmptyActionState (/Volumes/X SSD 2025/Users/narrowchannel/indiiOS-Clean/packages/renderer/src/modules/licensing/components/EmptyActionState.tsx:6:9)
    at PopChildMeasure (file:///Volumes/X%20SSD%202025/Users/narrowchannel/indiiOS-Clean/node_modules/framer-motion/dist/es/components/AnimatePresence/PopChild.mjs:13:1)
    at PopChild (file:///Volumes/X%20SSD%202025/Users/narrowchannel/indiiOS-Clean/node_modules/framer-motion/dist/es/components/AnimatePresence/PopChild.mjs:43:21)
    at PresenceChild (file:///Volumes/X%20SSD%202025/Users/narrowchannel/indiiOS-Clean/node_modules/framer-motion/dist/es/components/AnimatePresence/PresenceChild.mjs:9:26)
    at AnimatePresence (file:///Volumes/X%20SSD%202025/Users/narrowchannel/indiiOS-Clean/node_modules/framer-motion/dist/es/components/AnimatePresence/index.mjs:44:28)
    at section
    at div
    at /Volumes/X SSD 2025/Users/narrowchannel/indiiOS-Clean/packages/renderer/src/components/ui/tabs.tsx:125:57
    at div
    at /Volumes/X SSD 2025/Users/narrowchannel/indiiOS-Clean/packages/renderer/src/components/ui/tabs.tsx:10:6
    at div
    at div
    at div
    at div
    at ModuleErrorBoundary (/Volumes/X SSD 2025/Users/narrowchannel/indiiOS-Clean/packages/renderer/src/core/components/ModuleErrorBoundary.tsx:7:1)
    at ThreePanelDashboard (/Volumes/X SSD 2025/Users/narrowchannel/indiiOS-Clean/packages/renderer/src/components/layout/ThreePanelDashboard.tsx:5:3)
    at LicensingDashboard (/Volumes/X SSD 2025/Users/narrowchannel/indiiOS-Clean/packages/renderer/src/modules/licensing/LicensingDashboard.tsx:23:100)

·················(node:9146) Warning: `--localstorage-file` was provided without a valid path
(Use `node --trace-warnings ...` to show where the warning was created)
·stdout | packages/renderer/src/services/video/VeoIntegration.test.ts > Veo 3.1 Integration Pipeline > Prompt Enhancer: Should inject temporal analysis into Veo prompt when firstFrame is present
[VideoGeneration] 🎬 generateVideo() called: {
  promptPreview: 'Cyberpunk city street',
  model: 'veo-3.1-generate-preview',
  duration: 8,
  aspectRatio: undefined,
  hasFirstFrame: true,
  hasLastFrame: false,
  hasReferenceImages: false,
  userId: 'lens-tester'
}

stdout | packages/renderer/src/services/video/VeoIntegration.test.ts > Veo 3.1 Integration Pipeline > Prompt Enhancer: Should inject temporal analysis into Veo prompt when firstFrame is present
[VideoGeneration] 🚀 Calling GenAI.generateVideo() with: {
  model: 'veo-3.1-generate-preview',
  promptLength: 62,
  hasImage: true,
  config: '{"aspectRatio":"16:9","durationSeconds":8}'
}
[MetadataPersistence] ✅ Saved video to users/lens-tester/generated_videos/doc-id

···(node:9143) Warning: `--localstorage-file` was provided without a valid path
(Use `node --trace-warnings ...` to show where the warning was created)
(node:9142) Warning: `--localstorage-file` was provided without a valid path
(Use `node --trace-warnings ...` to show where the warning was created)
·············(node:9151) Warning: `--localstorage-file` was provided without a valid path
(Use `node --trace-warnings ...` to show where the warning was created)
(node:9154) Warning: `--localstorage-file` was provided without a valid path
(Use `node --trace-warnings ...` to show where the warning was created)
(node:9150) Warning: `--localstorage-file` was provided without a valid path
(Use `node --trace-warnings ...` to show where the warning was created)
··stdout | packages/renderer/src/services/agent/governance/__tests__/AgentIdentity.test.ts > AgentIdentity > mintIdentity > should mint a valid identity card with all required fields
[AgentIdentity] Minted identity for Creative Director (creative): instance=8679704c..., fingerprint=428fc40deb18...

stdout | packages/renderer/src/services/agent/governance/__tests__/AgentIdentity.test.ts > AgentIdentity > mintIdentity > should generate unique instanceIds for each mint call
[AgentIdentity] Minted identity for Legal Agent (legal): instance=4c79f1f6..., fingerprint=48b80164a838...

stdout | packages/renderer/src/services/agent/governance/__tests__/AgentIdentity.test.ts > AgentIdentity > mintIdentity > should generate unique instanceIds for each mint call
[AgentIdentity] Minted identity for Legal Agent (legal): instance=37c72356..., fingerprint=48b80164a838...

stdout | packages/renderer/src/services/agent/governance/__tests__/AgentIdentity.test.ts > AgentIdentity > mintIdentity > should generate deterministic fingerprints for same config
[AgentIdentity] Minted identity for Test Agent (test): instance=86862da5..., fingerprint=96b750e46ff4...

stdout | packages/renderer/src/services/agent/governance/__tests__/AgentIdentity.test.ts > AgentIdentity > mintIdentity > should generate deterministic fingerprints for same config
[AgentIdentity] Minted identity for Test Agent (test): instance=68b5d4c9..., fingerprint=96b750e46ff4...

stdout | packages/renderer/src/services/agent/governance/__tests__/AgentIdentity.test.ts > AgentIdentity > mintIdentity > should generate different fingerprints for different configs
[AgentIdentity] Minted identity for Agent A (agent-a): instance=a2fb6d6d..., fingerprint=f04a298488fe...

stdout | packages/renderer/src/services/agent/governance/__tests__/AgentIdentity.test.ts > AgentIdentity > mintIdentity > should generate different fingerprints for different configs
[AgentIdentity] Minted identity for Agent B (agent-b): instance=1784450c..., fingerprint=eac45941fcef...

stdout | packages/renderer/src/services/agent/governance/__tests__/AgentIdentity.test.ts > AgentIdentity > mintIdentity > should generate different fingerprints when tools differ
[AgentIdentity] Minted identity for Test (test): instance=c5b37ada..., fingerprint=74c3fcea5e89...

stdout | packages/renderer/src/services/agent/governance/__tests__/AgentIdentity.test.ts > AgentIdentity > mintIdentity > should generate different fingerprints when tools differ
[AgentIdentity] Minted identity for Test (test): instance=d22ef2f8..., fingerprint=d2f0235f4a17...

stdout | packages/renderer/src/services/agent/governance/__tests__/AgentIdentity.test.ts > AgentIdentity > mintIdentity > should generate consistent fingerprints regardless of tool order
[AgentIdentity] Minted identity for Test (test): instance=66a15fa7..., fingerprint=c4f7f786275a...

stdout | packages/renderer/src/services/agent/governance/__tests__/AgentIdentity.test.ts > AgentIdentity > mintIdentity > should generate consistent fingerprints regardless of tool order
[AgentIdentity] Minted identity for Test (test): instance=846ebb15..., fingerprint=c4f7f786275a...

stdout | packages/renderer/src/services/agent/governance/__tests__/AgentIdentity.test.ts > AgentIdentity > mintIdentity > should handle agents with no authorized tools
[AgentIdentity] Minted identity for Generalist (generalist): instance=a90d1efb..., fingerprint=567dbc097b2d...

stdout | packages/renderer/src/services/agent/governance/__tests__/AgentIdentity.test.ts > AgentIdentity > mintIdentity > should handle agents with no model ID
[AgentIdentity] Minted identity for Test (test): instance=2e4fec2b..., fingerprint=5c33e7afcb68...

stdout | packages/renderer/src/services/agent/governance/__tests__/AgentIdentity.test.ts > AgentIdentity > mintIdentity > should store minted identities in the service cache
[AgentIdentity] Minted identity for Cached Agent (cached): instance=7cd20036..., fingerprint=e6f15c4ee1cc...

stdout | packages/renderer/src/services/agent/governance/__tests__/AgentIdentity.test.ts > AgentIdentity > verifyAttestation > should verify a valid attestation token
[AgentIdentity] Minted identity for Verifier (verifier-test): instance=92ffcebb..., fingerprint=74c9ba4193e4...

stdout | packages/renderer/src/services/agent/governance/__tests__/AgentIdentity.test.ts > AgentIdentity > delegation provenance > should record a delegation event
[AgentIdentity] Minted identity for Hub Agent (hub): instance=a1ddeede..., fingerprint=4711a63b1ccf...

stdout | packages/renderer/src/services/agent/governance/__tests__/AgentIdentity.test.ts > AgentIdentity > delegation provenance > should record a delegation event
[AgentIdentity] Provenance: hub → delegate_task → legal

stdout | packages/renderer/src/services/agent/governance/__tests__/AgentIdentity.test.ts > AgentIdentity > delegation provenance > should record multiple delegation events in order
[AgentIdentity] Minted identity for Hub Agent (hub): instance=c82c026b..., fingerprint=4711a63b1ccf...

stdout | packages/renderer/src/services/agent/governance/__tests__/AgentIdentity.test.ts > AgentIdentity > delegation provenance > should record multiple delegation events in order
[AgentIdentity] Provenance: hub → delegate_task → legal
[AgentIdentity] Provenance: hub → consult_experts → marketing

stdout | packages/renderer/src/services/agent/governance/__tests__/AgentIdentity.test.ts > AgentIdentity > delegation provenance > should record delegation with trace ID
[AgentIdentity] Minted identity for Hub Agent (hub): instance=c2447e5f..., fingerprint=4711a63b1ccf...

stdout | packages/renderer/src/services/agent/governance/__tests__/AgentIdentity.test.ts > AgentIdentity > delegation provenance > should record delegation with trace ID
[AgentIdentity] Provenance: hub → delegate_task → brand (trace: trace-ab...)

stdout | packages/renderer/src/services/agent/governance/__tests__/AgentIdentity.test.ts > AgentIdentity > delegation provenance > should filter provenance chain by trace ID
[AgentIdentity] Minted identity for Hub Agent (hub): instance=ac49868f..., fingerprint=4711a63b1ccf...

stdout | packages/renderer/src/services/agent/governance/__tests__/AgentIdentity.test.ts > AgentIdentity > delegation provenance > should filter provenance chain by trace ID
[AgentIdentity] Provenance: hub → delegate_task → legal (trace: trace-1...)
[AgentIdentity] Provenance: hub → delegate_task → brand (trace: trace-2...)
[AgentIdentity] Provenance: hub → consult_experts → marketing (trace: trace-1...)

stdout | packages/renderer/src/services/agent/governance/__tests__/AgentIdentity.test.ts > AgentIdentity > delegation provenance > should clear the provenance chain
[AgentIdentity] Minted identity for Hub Agent (hub): instance=db92e8f3..., fingerprint=4711a63b1ccf...

stdout | packages/renderer/src/services/agent/governance/__tests__/AgentIdentity.test.ts > AgentIdentity > delegation provenance > should clear the provenance chain
[AgentIdentity] Provenance: hub → delegate_task → legal

stdout | packages/renderer/src/services/agent/governance/__tests__/AgentIdentity.test.ts > AgentIdentity > delegation provenance > should export provenance for audit with correct structure
[AgentIdentity] Minted identity for Hub Agent (hub): instance=1b9adb7c..., fingerprint=4711a63b1ccf...

stdout | packages/renderer/src/services/agent/governance/__tests__/AgentIdentity.test.ts > AgentIdentity > delegation provenance > should export provenance for audit with correct structure
[AgentIdentity] Provenance: hub → delegate_task → legal (trace: audit-tr...)

stdout | packages/renderer/src/services/agent/governance/__tests__/AgentIdentity.test.ts > AgentIdentity > delegation provenance > should export full provenance chain when no trace ID filter
[AgentIdentity] Minted identity for Hub Agent (hub): instance=f4bbac46..., fingerprint=4711a63b1ccf...

stdout | packages/renderer/src/services/agent/governance/__tests__/AgentIdentity.test.ts > AgentIdentity > delegation provenance > should export full provenance chain when no trace ID filter
[AgentIdentity] Provenance: hub → delegate_task → legal (trace: trace-a...)
[AgentIdentity] Provenance: hub → delegate_task → brand (trace: trace-b...)

stdout | packages/renderer/src/services/agent/governance/__tests__/AgentIdentity.test.ts > AgentIdentity > delegation provenance > should return a defensive copy from getProvenanceChain
[AgentIdentity] Minted identity for Hub Agent (hub): instance=15c0e4ae..., fingerprint=4711a63b1ccf...

stdout | packages/renderer/src/services/agent/governance/__tests__/AgentIdentity.test.ts > AgentIdentity > delegation provenance > should return a defensive copy from getProvenanceChain
[AgentIdentity] Provenance: hub → delegate_task → legal

stdout | packages/renderer/src/services/agent/governance/__tests__/AgentIdentity.test.ts > AgentIdentity > getIdentity > should return the correct identity card by instance ID
[AgentIdentity] Minted identity for Retrieval Test (retrieval-test): instance=729a9ff1..., fingerprint=19f4314f7ecf...

························(node:9152) Warning: `--localstorage-file` was provided without a valid path
(Use `node --trace-warnings ...` to show where the warning was created)
stderr | packages/renderer/src/modules/agent/components/AgentDashboard.interaction.test.tsx
[MemoryBank] MEM0_API_KEY is not set in environment.

stdout | packages/renderer/src/modules/agent/components/AgentDashboard.interaction.test.tsx
[AgentRegistry] Pre-warming Generalist agent...
[AgentRegistry] Loading agent 'generalist'...

(node:9159) Warning: `--localstorage-file` was provided without a valid path
(Use `node --trace-warnings ...` to show where the warning was created)
stderr | packages/renderer/src/modules/agent/components/AgentDashboard.interaction.test.tsx
Warning: Please use the `legacy` build in Node.js environments.

(node:9158) Warning: `--localstorage-file` was provided without a valid path
(Use `node --trace-warnings ...` to show where the warning was created)
·············(node:9167) Warning: `--localstorage-file` was provided without a valid path
(Use `node --trace-warnings ...` to show where the warning was created)
(node:9160) Warning: `--localstorage-file` was provided without a valid path
(Use `node --trace-warnings ...` to show where the warning was created)
(node:9162) Warning: `--localstorage-file` was provided without a valid path
(Use `node --trace-warnings ...` to show where the warning was created)
··(node:9166) Warning: `--localstorage-file` was provided without a valid path
(Use `node --trace-warnings ...` to show where the warning was created)
··(node:9165) Warning: `--localstorage-file` was provided without a valid path
(Use `node --trace-warnings ...` to show where the warning was created)
(node:9161) Warning: `--localstorage-file` was provided without a valid path
(Use `node --trace-warnings ...` to show where the warning was created)
(node:9168) Warning: `--localstorage-file` was provided without a valid path
(Use `node --trace-warnings ...` to show where the warning was created)
·stderr | packages/renderer/src/modules/video/editor/components/AudioWaveform.test.tsx > AudioWaveform > should fetch audio data only once when width changes
Warning: An update to AudioWaveform inside a test was not wrapped in act(...).

When testing, code that causes React state updates should be wrapped into act(...):

act(() => {
  /* fire events that update state */
});
/* assert on the output */

This ensures that you're testing the behavior the user would see in the browser. Learn more at https://reactjs.org/link/wrap-tests-with-act
    at AudioWaveform (/Volumes/X SSD 2025/Users/narrowchannel/indiiOS-Clean/packages/renderer/src/modules/video/editor/components/AudioWaveform.tsx:6:26)

stderr | packages/renderer/src/modules/finance/components/EarningsDashboard.test.tsx > EarningsDashboard UI States > renders success state with overview data
The width(-1) and height(-1) of chart should be greater than 0,
       please check the style of container, or the props width(100%) and height(100%),
       or add a minWidth(0) or minHeight(undefined) or use aspect(undefined) to control the
       height and width.
The width(0) and height(0) of chart should be greater than 0,
       please check the style of container, or the props width(100%) and height(100%),
       or add a minWidth(0) or minHeight(undefined) or use aspect(undefined) to control the
       height and width.

···(node:9174) Warning: `--localstorage-file` was provided without a valid path
(Use `node --trace-warnings ...` to show where the warning was created)
(node:9172) Warning: `--localstorage-file` was provided without a valid path
(Use `node --trace-warnings ...` to show where the warning was created)
(node:9173) Warning: `--localstorage-file` was provided without a valid path
(Use `node --trace-warnings ...` to show where the warning was created)
(node:9176) Warning: `--localstorage-file` was provided without a valid path
(Use `node --trace-warnings ...` to show where the warning was created)
(node:9171) Warning: `--localstorage-file` was provided without a valid path
(Use `node --trace-warnings ...` to show where the warning was created)
··········(node:9180) Warning: `--localstorage-file` was provided without a valid path
(Use `node --trace-warnings ...` to show where the warning was created)
··················stdout | packages/renderer/src/components/PWAInstallPrompt.test.tsx > PWAInstallPrompt > should render if can install and not dismissed
[PWA] install_prompt_shown

···stderr | packages/renderer/src/services/agent/components/__tests__/SwarmStability.test.ts > Swarm Stability Integration > should handle failure propagation from child agents
[AgentExecutor] Agent Failure failed: Error: Intentional Failure
    at FailingAgent.execute (/Volumes/X SSD 2025/Users/narrowchannel/indiiOS-Clean/packages/renderer/src/services/agent/components/__tests__/SwarmStability.test.ts:68:15)
    at AgentExecutor.execute (/Volumes/X SSD 2025/Users/narrowchannel/indiiOS-Clean/packages/renderer/src/services/agent/components/AgentExecutor.ts:136:42)
    at processTicksAndRejections (node:internal/process/task_queues:104:5)
    at AgentExecutor.execute (/Volumes/X SSD 2025/Users/narrowchannel/indiiOS-Clean/packages/renderer/src/services/agent/components/AgentExecutor.ts:136:30)
    at /Volumes/X SSD 2025/Users/narrowchannel/indiiOS-Clean/packages/renderer/src/services/agent/components/__tests__/SwarmStability.test.ts:114:9
    at file:///Volumes/X%20SSD%202025/Users/narrowchannel/indiiOS-Clean/node_modules/@vitest/runner/dist/chunk-artifact.js:1903:20

stderr | packages/renderer/src/services/agent/components/__tests__/SwarmStability.test.ts > Swarm Stability Integration > should handle failure propagation from child agents
[AgentExecutor] Agent Parent failed: Error: Intentional Failure
    at FailingAgent.execute (/Volumes/X SSD 2025/Users/narrowchannel/indiiOS-Clean/packages/renderer/src/services/agent/components/__tests__/SwarmStability.test.ts:68:15)
    at AgentExecutor.execute (/Volumes/X SSD 2025/Users/narrowchannel/indiiOS-Clean/packages/renderer/src/services/agent/components/AgentExecutor.ts:136:42)
    at processTicksAndRejections (node:internal/process/task_queues:104:5)
    at AgentExecutor.execute (/Volumes/X SSD 2025/Users/narrowchannel/indiiOS-Clean/packages/renderer/src/services/agent/components/AgentExecutor.ts:136:30)
    at /Volumes/X SSD 2025/Users/narrowchannel/indiiOS-Clean/packages/renderer/src/services/agent/components/__tests__/SwarmStability.test.ts:114:9
    at file:///Volumes/X%20SSD%202025/Users/narrowchannel/indiiOS-Clean/node_modules/@vitest/runner/dist/chunk-artifact.js:1903:20

······(node:9177) Warning: `--localstorage-file` was provided without a valid path
(Use `node --trace-warnings ...` to show where the warning was created)
····(node:9175) Warning: `--localstorage-file` was provided without a valid path
(Use `node --trace-warnings ...` to show where the warning was created)
stderr | packages/renderer/src/components/PWAInstallPrompt.test.tsx > PWAInstallPrompt > should call showPWAInstall when install button is clicked
Warning: An update to PWAInstallPrompt inside a test was not wrapped in act(...).

When testing, code that causes React state updates should be wrapped into act(...):

act(() => {
  /* fire events that update state */
});
/* assert on the output */

This ensures that you're testing the behavior the user would see in the browser. Learn more at https://reactjs.org/link/wrap-tests-with-act
    at PWAInstallPrompt (/Volumes/X SSD 2025/Users/narrowchannel/indiiOS-Clean/packages/renderer/src/components/PWAInstallPrompt.tsx:9:73)

stdout | packages/renderer/src/services/ai/__tests__/QA_Batching.test.ts > Request Batching QA > FirebaseAIService.batchEmbedContents (Polyfill) > should fallback to concurrent embedContent requests
[FirebaseAIService] App Check Debug: { DEV: true, debugToken: undefined, key: undefined }
[FirebaseAIService] Fallback Mode Initialization: {
  foundKey: true,
  source: 'env.VITE_API_KEY',
  keyPrefix: 'test-api...'
}
[FirebaseAIService] Initialized with direct Gemini SDK (fallback mode)

stderr | packages/renderer/src/services/ai/__tests__/QA_Batching.test.ts > Request Batching QA > FirebaseAIService.batchEmbedContents (Polyfill) > should fallback to concurrent embedContent requests
[FirebaseAIService] DEV mode detected without Debug Token. Disabling App Check.
[FirebaseAIService] App Check not configured, using direct Gemini SDK fallback

··································stdout | packages/renderer/src/components/PWAInstallPrompt.test.tsx > PWAInstallPrompt > should call showPWAInstall when install button is clicked
[PWA] install_prompt_shown

······stdout | packages/renderer/src/components/PWAInstallPrompt.test.tsx > PWAInstallPrompt > should call showPWAInstall when install button is clicked
[PWA] install_prompt_accepted

stdout | packages/renderer/src/components/PWAInstallPrompt.test.tsx > PWAInstallPrompt > should call showPWAInstall when install button is clicked
[PWA] install_prompt_installed

·stderr | packages/renderer/src/components/PWAInstallPrompt.test.tsx > PWAInstallPrompt > should trigger success haptic when install is accepted
Warning: An update to PWAInstallPrompt inside a test was not wrapped in act(...).

When testing, code that causes React state updates should be wrapped into act(...):

act(() => {
  /* fire events that update state */
});
/* assert on the output */

This ensures that you're testing the behavior the user would see in the browser. Learn more at https://reactjs.org/link/wrap-tests-with-act
    at PWAInstallPrompt (/Volumes/X SSD 2025/Users/narrowchannel/indiiOS-Clean/packages/renderer/src/components/PWAInstallPrompt.tsx:9:73)

stdout | packages/renderer/src/components/PWAInstallPrompt.test.tsx > PWAInstallPrompt > should trigger success haptic when install is accepted
[PWA] install_prompt_shown

stdout | packages/renderer/src/components/PWAInstallPrompt.test.tsx > PWAInstallPrompt > should trigger success haptic when install is accepted
[PWA] install_prompt_accepted

stdout | packages/renderer/src/components/PWAInstallPrompt.test.tsx > PWAInstallPrompt > should trigger success haptic when install is accepted
[PWA] install_prompt_installed

stderr | packages/renderer/src/components/PWAInstallPrompt.test.tsx > PWAInstallPrompt > should dismiss and save to localStorage when dismiss button is clicked
Warning: An update to PWAInstallPrompt inside a test was not wrapped in act(...).

When testing, code that causes React state updates should be wrapped into act(...):

act(() => {
  /* fire events that update state */
});
/* assert on the output */

This ensures that you're testing the behavior the user would see in the browser. Learn more at https://reactjs.org/link/wrap-tests-with-act
    at PWAInstallPrompt (/Volumes/X SSD 2025/Users/narrowchannel/indiiOS-Clean/packages/renderer/src/components/PWAInstallPrompt.tsx:9:73)

stdout | packages/renderer/src/components/PWAInstallPrompt.test.tsx > PWAInstallPrompt > should dismiss and save to localStorage when dismiss button is clicked
[PWA] install_prompt_shown

stdout | packages/renderer/src/components/PWAInstallPrompt.test.tsx > PWAInstallPrompt > should dismiss and save to localStorage when dismiss button is clicked
[PWA] install_prompt_dismissed

····(node:9181) Warning: `--localstorage-file` was provided without a valid path
(Use `node --trace-warnings ...` to show where the warning was created)
·······(node:9188) Warning: `--localstorage-file` was provided without a valid path
(Use `node --trace-warnings ...` to show where the warning was created)
(node:9182) Warning: `--localstorage-file` was provided without a valid path
(Use `node --trace-warnings ...` to show where the warning was created)
(node:9218) Warning: `--localstorage-file` was provided without a valid path
(Use `node --trace-warnings ...` to show where the warning was created)
········(node:9185) Warning: `--localstorage-file` was provided without a valid path
(Use `node --trace-warnings ...` to show where the warning was created)
··stderr | packages/renderer/src/services/video/VideoService.test.ts > VideoService > generateMotionBrush > should throw error if AI content generation fails
Motion Brush Error: Error: AI service unavailable
    at /Volumes/X SSD 2025/Users/narrowchannel/indiiOS-Clean/packages/renderer/src/services/video/VideoService.test.ts:161:77
    at file:///Volumes/X%20SSD%202025/Users/narrowchannel/indiiOS-Clean/node_modules/@vitest/runner/dist/chunk-artifact.js:302:11
    at file:///Volumes/X%20SSD%202025/Users/narrowchannel/indiiOS-Clean/node_modules/@vitest/runner/dist/chunk-artifact.js:1903:26
    at file:///Volumes/X%20SSD%202025/Users/narrowchannel/indiiOS-Clean/node_modules/@vitest/runner/dist/chunk-artifact.js:2326:20
    at new Promise (<anonymous>)
    at runWithCancel (file:///Volumes/X%20SSD%202025/Users/narrowchannel/indiiOS-Clean/node_modules/@vitest/runner/dist/chunk-artifact.js:2323:10)
    at file:///Volumes/X%20SSD%202025/Users/narrowchannel/indiiOS-Clean/node_modules/@vitest/runner/dist/chunk-artifact.js:2305:20
    at new Promise (<anonymous>)
    at runWithTimeout (file:///Volumes/X%20SSD%202025/Users/narrowchannel/indiiOS-Clean/node_modules/@vitest/runner/dist/chunk-artifact.js:2272:10)
    at file:///Volumes/X%20SSD%202025/Users/narrowchannel/indiiOS-Clean/node_modules/@vitest/runner/dist/chunk-artifact.js:2955:64

stderr | packages/renderer/src/services/video/VideoService.test.ts > VideoService > generateMotionBrush > should throw error if video generation fails
Motion Brush Error: Error: Video generation failed
    at /Volumes/X SSD 2025/Users/narrowchannel/indiiOS-Clean/packages/renderer/src/services/video/VideoService.test.ts:179:75
    at file:///Volumes/X%20SSD%202025/Users/narrowchannel/indiiOS-Clean/node_modules/@vitest/runner/dist/chunk-artifact.js:302:11
    at file:///Volumes/X%20SSD%202025/Users/narrowchannel/indiiOS-Clean/node_modules/@vitest/runner/dist/chunk-artifact.js:1903:26
    at file:///Volumes/X%20SSD%202025/Users/narrowchannel/indiiOS-Clean/node_modules/@vitest/runner/dist/chunk-artifact.js:2326:20
    at new Promise (<anonymous>)
    at runWithCancel (file:///Volumes/X%20SSD%202025/Users/narrowchannel/indiiOS-Clean/node_modules/@vitest/runner/dist/chunk-artifact.js:2323:10)
    at file:///Volumes/X%20SSD%202025/Users/narrowchannel/indiiOS-Clean/node_modules/@vitest/runner/dist/chunk-artifact.js:2305:20
    at new Promise (<anonymous>)
    at runWithTimeout (file:///Volumes/X%20SSD%202025/Users/narrowchannel/indiiOS-Clean/node_modules/@vitest/runner/dist/chunk-artifact.js:2272:10)
    at file:///Volumes/X%20SSD%202025/Users/narrowchannel/indiiOS-Clean/node_modules/@vitest/runner/dist/chunk-artifact.js:2955:64

(node:9186) Warning: `--localstorage-file` was provided without a valid path
(Use `node --trace-warnings ...` to show where the warning was created)
stderr | packages/renderer/src/services/video/VideoService.test.ts > VideoService > generateVideo > should throw error on failure
Video Generation Error: Error: Generation error
    at /Volumes/X SSD 2025/Users/narrowchannel/indiiOS-Clean/packages/renderer/src/services/video/VideoService.test.ts:256:75
    at file:///Volumes/X%20SSD%202025/Users/narrowchannel/indiiOS-Clean/node_modules/@vitest/runner/dist/chunk-artifact.js:302:11
    at file:///Volumes/X%20SSD%202025/Users/narrowchannel/indiiOS-Clean/node_modules/@vitest/runner/dist/chunk-artifact.js:1903:26
    at file:///Volumes/X%20SSD%202025/Users/narrowchannel/indiiOS-Clean/node_modules/@vitest/runner/dist/chunk-artifact.js:2326:20
    at new Promise (<anonymous>)
    at runWithCancel (file:///Volumes/X%20SSD%202025/Users/narrowchannel/indiiOS-Clean/node_modules/@vitest/runner/dist/chunk-artifact.js:2323:10)
    at file:///Volumes/X%20SSD%202025/Users/narrowchannel/indiiOS-Clean/node_modules/@vitest/runner/dist/chunk-artifact.js:2305:20
    at new Promise (<anonymous>)
    at runWithTimeout (file:///Volumes/X%20SSD%202025/Users/narrowchannel/indiiOS-Clean/node_modules/@vitest/runner/dist/chunk-artifact.js:2272:10)
    at file:///Volumes/X%20SSD%202025/Users/narrowchannel/indiiOS-Clean/node_modules/@vitest/runner/dist/chunk-artifact.js:2955:64

stdout | packages/renderer/src/services/agent/specialists/specialists.test.ts > Specialist Agents Connection > should have Brand, Road, and Marketing agents registered
[AgentRegistry] Loading agent 'brand'...

··········stdout | packages/renderer/src/modules/creative/CreativeStudio.test.tsx
[DistributorService] Registered adapter: DistroKid
[DistributorService] Registered adapter: TuneCore
[DistributorService] Registered adapter: CDBaby
[DistributorService] Registered adapter: Symphonic

stderr | packages/renderer/src/services/video/VideoService.test.ts > VideoService > generateKeyframeTransition > should throw on error
Keyframe Transition Error: Error: Transition failed
    at /Volumes/X SSD 2025/Users/narrowchannel/indiiOS-Clean/packages/renderer/src/services/video/VideoService.test.ts:338:75
    at file:///Volumes/X%20SSD%202025/Users/narrowchannel/indiiOS-Clean/node_modules/@vitest/runner/dist/chunk-artifact.js:302:11
    at file:///Volumes/X%20SSD%202025/Users/narrowchannel/indiiOS-Clean/node_modules/@vitest/runner/dist/chunk-artifact.js:1903:26
    at file:///Volumes/X%20SSD%202025/Users/narrowchannel/indiiOS-Clean/node_modules/@vitest/runner/dist/chunk-artifact.js:2326:20
    at new Promise (<anonymous>)
    at runWithCancel (file:///Volumes/X%20SSD%202025/Users/narrowchannel/indiiOS-Clean/node_modules/@vitest/runner/dist/chunk-artifact.js:2323:10)
    at file:///Volumes/X%20SSD%202025/Users/narrowchannel/indiiOS-Clean/node_modules/@vitest/runner/dist/chunk-artifact.js:2305:20
    at new Promise (<anonymous>)
    at runWithTimeout (file:///Volumes/X%20SSD%202025/Users/narrowchannel/indiiOS-Clean/node_modules/@vitest/runner/dist/chunk-artifact.js:2272:10)
    at file:///Volumes/X%20SSD%202025/Users/narrowchannel/indiiOS-Clean/node_modules/@vitest/runner/dist/chunk-artifact.js:2955:64

·········(node:9184) Warning: `--localstorage-file` was provided without a valid path
(Use `node --trace-warnings ...` to show where the warning was created)
(node:9217) Warning: `--localstorage-file` was provided without a valid path
(Use `node --trace-warnings ...` to show where the warning was created)
stdout | packages/renderer/src/services/agent/specialists/specialists.test.ts > Specialist Agents Connection > should have Brand, Road, and Marketing agents registered
[AgentRegistry] Agent 'brand' loaded successfully

stdout | packages/renderer/src/services/agent/specialists/specialists.test.ts > Specialist Agents Connection > should have Brand, Road, and Marketing agents registered
[AgentRegistry] Loading agent 'road'...

stdout | packages/renderer/src/services/agent/specialists/specialists.test.ts > Specialist Agents Connection > should have Brand, Road, and Marketing agents registered
[AgentRegistry] Agent 'road' loaded successfully

stdout | packages/renderer/src/services/agent/specialists/specialists.test.ts > Specialist Agents Connection > should have Brand, Road, and Marketing agents registered
[AgentRegistry] Loading agent 'marketing'...

stdout | packages/renderer/src/services/agent/specialists/specialists.test.ts > Specialist Agents Connection > should have Brand, Road, and Marketing agents registered
[AgentRegistry] Agent 'marketing' loaded successfully

stdout | packages/renderer/src/services/agent/specialists/specialists.test.ts > Specialist Agents Connection > should inherit indii Conductor superpowers via BaseAgent
[RAGAgent] No specific domain knowledge extracted for task.

·stdout | packages/renderer/src/services/agent/specialists/specialists.test.ts > Specialist Agents Connection > should inherit indii Conductor superpowers via BaseAgent
[AgentIdentity] Minted identity for Brand Director (brand): instance=435f456d..., fingerprint=ddc6b7a2a289...

··stdout | packages/main/src/services/HistoryStore.test.ts > 📚 Keeper: Electron HistoryStore Persistence
[Keeper] Testing persistence in: /var/folders/h5/_k0rmph56n571tfjcqf1ldbh0000gp/T/indii-keeper-test-persistence

·stdout | packages/renderer/src/services/MembershipService.ledger.test.ts > MembershipService (Ledger Budget Checks) > 💸 "The Hard Limit": Halts a runaway loop exactly when budget is breached

💸 [Ledger] Starting "Hard Limit" Budget Simulation...
💸 [Ledger] Cost: $0.1 | Budget: $1

stdout | packages/renderer/src/services/MembershipService.ledger.test.ts > MembershipService (Ledger Budget Checks) > 💸 "The Hard Limit": Halts a runaway loop exactly when budget is breached
   🛑 Action 11: BLOCKED. Budget Exhausted.
💸 [Ledger] Simulation Complete. Successes: 10

stdout | packages/main/src/services/HistoryStore.test.ts > 📚 Keeper: Electron HistoryStore Persistence > should save session data to disk
18:00:37.711 › [HistoryStore] Initialized at: /var/folders/h5/_k0rmph56n571tfjcqf1ldbh0000gp/T/indii-keeper-test-persistence/chat-history.json

stdout | packages/main/src/services/HistoryStore.test.ts > 📚 Keeper: Electron HistoryStore Persistence > should persist data across "Cold Boot" (store re-instantiation)
18:00:37.718 › [HistoryStore] Initialized at: /var/folders/h5/_k0rmph56n571tfjcqf1ldbh0000gp/T/indii-keeper-test-persistence/chat-history.json
18:00:37.719 › [HistoryStore] Initialized at: /var/folders/h5/_k0rmph56n571tfjcqf1ldbh0000gp/T/indii-keeper-test-persistence/chat-history.json

······stderr | packages/renderer/src/services/agent/tools/__tests__/VideoTools.test.ts > VideoTools > generate_video_chain > should handle service failures gracefully
[Tool:generate_video_chain] execution failed: Error: API Connection Failed
    at /Volumes/X SSD 2025/Users/narrowchannel/indiiOS-Clean/packages/renderer/src/services/agent/tools/__tests__/VideoTools.test.ts:464:57
    at file:///Volumes/X%20SSD%202025/Users/narrowchannel/indiiOS-Clean/node_modules/@vitest/runner/dist/chunk-artifact.js:302:11
    at file:///Volumes/X%20SSD%202025/Users/narrowchannel/indiiOS-Clean/node_modules/@vitest/runner/dist/chunk-artifact.js:1903:26
    at file:///Volumes/X%20SSD%202025/Users/narrowchannel/indiiOS-Clean/node_modules/@vitest/runner/dist/chunk-artifact.js:2326:20
    at new Promise (<anonymous>)
    at runWithCancel (file:///Volumes/X%20SSD%202025/Users/narrowchannel/indiiOS-Clean/node_modules/@vitest/runner/dist/chunk-artifact.js:2323:10)
    at file:///Volumes/X%20SSD%202025/Users/narrowchannel/indiiOS-Clean/node_modules/@vitest/runner/dist/chunk-artifact.js:2305:20
    at new Promise (<anonymous>)
    at runWithTimeout (file:///Volumes/X%20SSD%202025/Users/narrowchannel/indiiOS-Clean/node_modules/@vitest/runner/dist/chunk-artifact.js:2272:10)
    at file:///Volumes/X%20SSD%202025/Users/narrowchannel/indiiOS-Clean/node_modules/@vitest/runner/dist/chunk-artifact.js:2955:64

(node:9192) Warning: `--localstorage-file` was provided without a valid path
(Use `node --trace-warnings ...` to show where the warning was created)
stderr | packages/renderer/src/modules/licensing/LicensingDashboard.pulse.test.tsx > LicensingDashboard Pulse Check > prevents Flash of Empty Content when one stream lags
Warning: Function components cannot be given refs. Attempts to access this ref will fail. Did you mean to use React.forwardRef()?

Check the render method of `PopChild`.
    at EmptyActionState (/Volumes/X SSD 2025/Users/narrowchannel/indiiOS-Clean/packages/renderer/src/modules/licensing/components/EmptyActionState.tsx:6:9)
    at PopChildMeasure (file:///Volumes/X%20SSD%202025/Users/narrowchannel/indiiOS-Clean/node_modules/framer-motion/dist/es/components/AnimatePresence/PopChild.mjs:13:1)
    at PopChild (file:///Volumes/X%20SSD%202025/Users/narrowchannel/indiiOS-Clean/node_modules/framer-motion/dist/es/components/AnimatePresence/PopChild.mjs:43:21)
    at PresenceChild (file:///Volumes/X%20SSD%202025/Users/narrowchannel/indiiOS-Clean/node_modules/framer-motion/dist/es/components/AnimatePresence/PresenceChild.mjs:9:26)
    at AnimatePresence (file:///Volumes/X%20SSD%202025/Users/narrowchannel/indiiOS-Clean/node_modules/framer-motion/dist/es/components/AnimatePresence/index.mjs:44:28)
    at section
    at div
    at /Volumes/X SSD 2025/Users/narrowchannel/indiiOS-Clean/packages/renderer/src/components/ui/tabs.tsx:125:57
    at div
    at /Volumes/X SSD 2025/Users/narrowchannel/indiiOS-Clean/packages/renderer/src/components/ui/tabs.tsx:10:6
    at div
    at div
    at div
    at div
    at ModuleErrorBoundary (/Volumes/X SSD 2025/Users/narrowchannel/indiiOS-Clean/packages/renderer/src/core/components/ModuleErrorBoundary.tsx:7:1)
    at ThreePanelDashboard (/Volumes/X SSD 2025/Users/narrowchannel/indiiOS-Clean/packages/renderer/src/components/layout/ThreePanelDashboard.tsx:5:3)
    at LicensingDashboard (/Volumes/X SSD 2025/Users/narrowchannel/indiiOS-Clean/packages/renderer/src/modules/licensing/LicensingDashboard.tsx:22:126)

·(node:9183) Warning: `--localstorage-file` was provided without a valid path
(Use `node --trace-warnings ...` to show where the warning was created)
····························stdout | packages/renderer/src/services/agent/SchemaLockTest.test.ts > Agent Schema Lock Proof > should stay intact after AgentRegistry access
[AgentRegistry] Loading agent 'brand'...

(node:9187) Warning: `--localstorage-file` was provided without a valid path
(Use `node --trace-warnings ...` to show where the warning was created)
stdout | packages/renderer/src/services/agent/SchemaLockTest.test.ts > Agent Schema Lock Proof > should stay intact after AgentRegistry access
[AgentRegistry] Agent 'brand' loaded successfully

···············(node:9193) Warning: `--localstorage-file` was provided without a valid path
(Use `node --trace-warnings ...` to show where the warning was created)
stderr | packages/renderer/src/modules/publicist/PublicistAgent.test.ts > PUBLICIST_TOOLS > write_press_release should return text
PUBLICIST_TOOLS.write_press_release error: SyntaxError: Unexpected token 'M', "Mocked Press Release" is not valid JSON
    at JSON.parse (<anonymous>)
    at /Volumes/X SSD 2025/Users/narrowchannel/indiiOS-Clean/packages/renderer/src/modules/publicist/tools.ts:80:33
    at processTicksAndRejections (node:internal/process/task_queues:104:5)
    at Object.write_press_release (/Volumes/X SSD 2025/Users/narrowchannel/indiiOS-Clean/packages/renderer/src/services/agent/utils/ToolUtils.ts:48:28)
    at /Volumes/X SSD 2025/Users/narrowchannel/indiiOS-Clean/packages/renderer/src/modules/publicist/PublicistAgent.test.ts:22:24

···(node:9190) Warning: `--localstorage-file` was provided without a valid path
(Use `node --trace-warnings ...` to show where the warning was created)
(node:9241) Warning: `--localstorage-file` was provided without a valid path
(Use `node --trace-warnings ...` to show where the warning was created)
stdout | packages/renderer/src/services/video/LensVeoAspectRatio.test.ts > Lens 🎥 - Veo 3.1 Aspect Ratio Compliance > should strictly respect explicit "16:9" aspect ratio
[VideoGeneration] 🎬 generateVideo() called: {
  promptPreview: 'Cinematic sunset',
  model: 'veo-3.1-generate-preview',
  duration: 5,
  aspectRatio: '16:9',
  hasFirstFrame: false,
  hasLastFrame: false,
  hasReferenceImages: false,
  userId: 'lens-tester'
}

stdout | packages/renderer/src/services/video/LensVeoAspectRatio.test.ts > Lens 🎥 - Veo 3.1 Aspect Ratio Compliance > should strictly respect explicit "16:9" aspect ratio
[VideoGeneration] 🚀 Calling GenAI.generateVideo() with: {
  model: 'veo-3.1-generate-preview',
  promptLength: 16,
  hasImage: false,
  config: '{"aspectRatio":"16:9","durationSeconds":5}'
}
[MetadataPersistence] ✅ Saved video to users/lens-tester/generated_videos/mock-doc

(node:9204) Warning: `--localstorage-file` was provided without a valid path
(Use `node --trace-warnings ...` to show where the warning was created)
·stderr | packages/renderer/src/services/video/LensVeoAspectRatio.test.ts > Lens 🎥 - Veo 3.1 Aspect Ratio Compliance > should strictly respect explicit "16:9" aspect ratio
[VideoGeneration] Background Storage upload failed (non-blocking): [TypeError: fetch failed] {
  [cause]: Error: invalid method
      at makeNetworkError (node:internal/deps/undici/undici:11566:35)
      at schemeFetch (node:internal/deps/undici/undici:13059:36)
      at mainFetch (node:internal/deps/undici/undici:12967:30)
      at fetching (node:internal/deps/undici/undici:12936:7)
      at fetch (node:internal/deps/undici/undici:12800:20)
      at fetch (node:internal/deps/undici/undici:17407:10)
      at fetch (node:internal/bootstrap/web/exposed-window-or-worker:83:12)
      at /Volumes/X SSD 2025/Users/narrowchannel/indiiOS-Clean/packages/renderer/src/services/video/VideoGenerationService.ts:494:52
      at VideoGenerationService.generateVideo (/Volumes/X SSD 2025/Users/narrowchannel/indiiOS-Clean/packages/renderer/src/services/video/VideoGenerationService.ts:521:17)
      at processTicksAndRejections (node:internal/process/task_queues:104:5)
}

stdout | packages/renderer/src/services/video/LensVeoAspectRatio.test.ts > Lens 🎥 - Veo 3.1 Aspect Ratio Compliance > should automatically apply "9:16" for DistroKid users (Spotify Canvas)
[VideoGeneration] 🎬 generateVideo() called: {
  promptPreview: 'Abstract loop',
  model: 'veo-3.1-generate-preview',
  duration: 8,
  aspectRatio: undefined,
  hasFirstFrame: false,
  hasLastFrame: false,
  hasReferenceImages: false,
  userId: 'lens-tester'
}

··(node:9203) Warning: `--localstorage-file` was provided without a valid path
(Use `node --trace-warnings ...` to show where the warning was created)
stdout | packages/renderer/src/services/video/LensVeoAspectRatio.test.ts > Lens 🎥 - Veo 3.1 Aspect Ratio Compliance > should automatically apply "9:16" for DistroKid users (Spotify Canvas)
[VideoGeneration] 🚀 Calling GenAI.generateVideo() with: {
  model: 'veo-3.1-generate-preview',
  promptLength: 96,
  hasImage: false,
  config: '{"aspectRatio":"9:16","durationSeconds":8}'
}
[MetadataPersistence] ✅ Saved video to users/lens-tester/generated_videos/mock-doc

stderr | packages/renderer/src/services/video/LensVeoAspectRatio.test.ts > Lens 🎥 - Veo 3.1 Aspect Ratio Compliance > should automatically apply "9:16" for DistroKid users (Spotify Canvas)
[VideoGeneration] Background Storage upload failed (non-blocking): [TypeError: fetch failed] {
  [cause]: Error: invalid method
      at makeNetworkError (node:internal/deps/undici/undici:11566:35)
      at schemeFetch (node:internal/deps/undici/undici:13059:36)
      at mainFetch (node:internal/deps/undici/undici:12967:30)
      at fetching (node:internal/deps/undici/undici:12936:7)
      at fetch (node:internal/deps/undici/undici:12800:20)
      at fetch (node:internal/deps/undici/undici:17407:10)
      at fetch (node:internal/bootstrap/web/exposed-window-or-worker:83:12)
      at /Volumes/X SSD 2025/Users/narrowchannel/indiiOS-Clean/packages/renderer/src/services/video/VideoGenerationService.ts:494:52
      at VideoGenerationService.generateVideo (/Volumes/X SSD 2025/Users/narrowchannel/indiiOS-Clean/packages/renderer/src/services/video/VideoGenerationService.ts:521:17)
      at processTicksAndRejections (node:internal/process/task_queues:104:5)
}

stdout | packages/renderer/src/services/video/LensVeoAspectRatio.test.ts > Lens 🎥 - Veo 3.1 Aspect Ratio Compliance > should respect user override (16:9) even if DistroKid is configured
[VideoGeneration] 🎬 generateVideo() called: {
  promptPreview: 'Wide music video',
  model: 'veo-3.1-generate-preview',
  duration: 8,
  aspectRatio: '16:9',
  hasFirstFrame: false,
  hasLastFrame: false,
  hasReferenceImages: false,
  userId: 'lens-tester'
}

stdout | packages/renderer/src/services/video/LensVeoAspectRatio.test.ts > Lens 🎥 - Veo 3.1 Aspect Ratio Compliance > should respect user override (16:9) even if DistroKid is configured
[VideoGeneration] 🚀 Calling GenAI.generateVideo() with: {
  model: 'veo-3.1-generate-preview',
  promptLength: 99,
  hasImage: false,
  config: '{"aspectRatio":"16:9","durationSeconds":8}'
}
[MetadataPersistence] ✅ Saved video to users/lens-tester/generated_videos/mock-doc

stderr | packages/renderer/src/services/video/LensVeoAspectRatio.test.ts > Lens 🎥 - Veo 3.1 Aspect Ratio Compliance > should respect user override (16:9) even if DistroKid is configured
[VideoGeneration] Background Storage upload failed (non-blocking): [TypeError: fetch failed] {
  [cause]: Error: invalid method
      at makeNetworkError (node:internal/deps/undici/undici:11566:35)
      at schemeFetch (node:internal/deps/undici/undici:13059:36)
      at mainFetch (node:internal/deps/undici/undici:12967:30)
      at fetching (node:internal/deps/undici/undici:12936:7)
      at fetch (node:internal/deps/undici/undici:12800:20)
      at fetch (node:internal/deps/undici/undici:17407:10)
      at fetch (node:internal/bootstrap/web/exposed-window-or-worker:83:12)
      at /Volumes/X SSD 2025/Users/narrowchannel/indiiOS-Clean/packages/renderer/src/services/video/VideoGenerationService.ts:494:52
      at VideoGenerationService.generateVideo (/Volumes/X SSD 2025/Users/narrowchannel/indiiOS-Clean/packages/renderer/src/services/video/VideoGenerationService.ts:521:17)
      at processTicksAndRejections (node:internal/process/task_queues:104:5)
}

············stderr | packages/renderer/src/modules/creative/CreativeStudio.test.tsx > CreativeStudio > handles generation errors gracefully
[CreativeStudio] Image generation error: Error: Generation failed
    at /Volumes/X SSD 2025/Users/narrowchannel/indiiOS-Clean/packages/renderer/src/modules/creative/CreativeStudio.test.tsx:162:46
    at file:///Volumes/X%20SSD%202025/Users/narrowchannel/indiiOS-Clean/node_modules/@vitest/runner/dist/chunk-artifact.js:302:11
    at file:///Volumes/X%20SSD%202025/Users/narrowchannel/indiiOS-Clean/node_modules/@vitest/runner/dist/chunk-artifact.js:1903:26
    at file:///Volumes/X%20SSD%202025/Users/narrowchannel/indiiOS-Clean/node_modules/@vitest/runner/dist/chunk-artifact.js:2326:20
    at new Promise (<anonymous>)
    at runWithCancel (file:///Volumes/X%20SSD%202025/Users/narrowchannel/indiiOS-Clean/node_modules/@vitest/runner/dist/chunk-artifact.js:2323:10)
    at file:///Volumes/X%20SSD%202025/Users/narrowchannel/indiiOS-Clean/node_modules/@vitest/runner/dist/chunk-artifact.js:2305:20
    at new Promise (<anonymous>)
    at runWithTimeout (file:///Volumes/X%20SSD%202025/Users/narrowchannel/indiiOS-Clean/node_modules/@vitest/runner/dist/chunk-artifact.js:2272:10)
    at file:///Volumes/X%20SSD%202025/Users/narrowchannel/indiiOS-Clean/node_modules/@vitest/runner/dist/chunk-artifact.js:2955:64

·····stderr | packages/renderer/src/modules/touring/components/RiderChecklist.test.tsx > RiderChecklist > allows adding an item
Warning: An update to RiderChecklist inside a test was not wrapped in act(...).

When testing, code that causes React state updates should be wrapped into act(...):

act(() => {
  /* fire events that update state */
});
/* assert on the output */

This ensures that you're testing the behavior the user would see in the browser. Learn more at https://reactjs.org/link/wrap-tests-with-act
    at RiderChecklist (/Volumes/X SSD 2025/Users/narrowchannel/indiiOS-Clean/packages/renderer/src/modules/touring/components/RiderChecklist.tsx:11:77)

···(node:9208) Warning: `--localstorage-file` was provided without a valid path
(Use `node --trace-warnings ...` to show where the warning was created)
(node:9207) Warning: `--localstorage-file` was provided without a valid path
(Use `node --trace-warnings ...` to show where the warning was created)
··stdout | packages/renderer/src/services/finance/ReceiptOCRService.test.ts > ReceiptOCRService > processReceipt > should successfully extract data from a valid receipt image
[ReceiptOCR] Successfully extracted data: {
  amount: 150.5,
  currency: 'USD',
  vendor: 'Home Depot',
  date: '2023-10-25',
  category: 'equipment',
  confidence: 0.95
}

··stderr | packages/renderer/src/services/finance/ReceiptOCRService.test.ts > ReceiptOCRService > processReceipt > should handle errors during processing
[ReceiptOCR] Failed to process receipt: Error: AI Service unavailable
    at /Volumes/X SSD 2025/Users/narrowchannel/indiiOS-Clean/packages/renderer/src/services/finance/ReceiptOCRService.test.ts:95:59
    at file:///Volumes/X%20SSD%202025/Users/narrowchannel/indiiOS-Clean/node_modules/@vitest/runner/dist/chunk-artifact.js:302:11
    at file:///Volumes/X%20SSD%202025/Users/narrowchannel/indiiOS-Clean/node_modules/@vitest/runner/dist/chunk-artifact.js:1903:26
    at file:///Volumes/X%20SSD%202025/Users/narrowchannel/indiiOS-Clean/node_modules/@vitest/runner/dist/chunk-artifact.js:2326:20
    at new Promise (<anonymous>)
    at runWithCancel (file:///Volumes/X%20SSD%202025/Users/narrowchannel/indiiOS-Clean/node_modules/@vitest/runner/dist/chunk-artifact.js:2323:10)
    at file:///Volumes/X%20SSD%202025/Users/narrowchannel/indiiOS-Clean/node_modules/@vitest/runner/dist/chunk-artifact.js:2305:20
    at new Promise (<anonymous>)
    at runWithTimeout (file:///Volumes/X%20SSD%202025/Users/narrowchannel/indiiOS-Clean/node_modules/@vitest/runner/dist/chunk-artifact.js:2272:10)
    at file:///Volumes/X%20SSD%202025/Users/narrowchannel/indiiOS-Clean/node_modules/@vitest/runner/dist/chunk-artifact.js:2955:64

··stderr | packages/renderer/src/services/finance/ReceiptOCRService.test.ts > ReceiptOCRService > processReceipt > should handle FileReader errors
[ReceiptOCR] Failed to process receipt: Error: File read failed
    at Timeout._onTimeout (/Volumes/X SSD 2025/Users/narrowchannel/indiiOS-Clean/packages/renderer/src/services/finance/ReceiptOCRService.test.ts:107:56)
    at listOnTimeout (node:internal/timers:605:17)
    at processTimers (node:internal/timers:541:7)

·(node:9211) Warning: `--localstorage-file` was provided without a valid path
(Use `node --trace-warnings ...` to show where the warning was created)
(node:9209) Warning: `--localstorage-file` was provided without a valid path
(Use `node --trace-warnings ...` to show where the warning was created)
(node:9212) Warning: `--localstorage-file` was provided without a valid path
(Use `node --trace-warnings ...` to show where the warning was created)
(node:9226) Warning: `--localstorage-file` was provided without a valid path
(Use `node --trace-warnings ...` to show where the warning was created)
(node:9210) Warning: `--localstorage-file` was provided without a valid path
(Use `node --trace-warnings ...` to show where the warning was created)
···(node:9222) Warning: `--localstorage-file` was provided without a valid path
(Use `node --trace-warnings ...` to show where the warning was created)
(node:9224) Warning: `--localstorage-file` was provided without a valid path
(Use `node --trace-warnings ...` to show where the warning was created)
(node:9216) Warning: `--localstorage-file` was provided without a valid path
(Use `node --trace-warnings ...` to show where the warning was created)
stdout | packages/renderer/src/services/agent/__tests__/ProactiveAgent.test.ts > ProactiveService > should execute scheduled task when triggered manually
[ProactiveService] Triggering agent marketing for task: Follow up

stdout | packages/renderer/src/services/agent/__tests__/ProactiveAgent.test.ts > ProactiveService > should trigger an agent on system events
[ProactiveService] Triggering agent researcher for task: Analyze result

(node:9221) Warning: `--localstorage-file` was provided without a valid path
(Use `node --trace-warnings ...` to show where the warning was created)
···(node:9220) Warning: `--localstorage-file` was provided without a valid path
(Use `node --trace-warnings ...` to show where the warning was created)
··stderr | packages/main/src/handlers/network.security.test.ts > 🛡️ Shield: Network IPC Security (SSRF & Fuzzing) > IPC Fuzzer (Input Validation) > should REJECT null input
18:00:47.154 › [Network] Validation failed: [
  {
    code: 'invalid_type',
    expected: 'string',
    received: 'null',
    path: [],
    message: 'Expected string, received null'
  }
]

(node:9223) Warning: `--localstorage-file` was provided without a valid path
(Use `node --trace-warnings ...` to show where the warning was created)
··stderr | packages/main/src/handlers/network.security.test.ts > 🛡️ Shield: Network IPC Security (SSRF & Fuzzing) > IPC Fuzzer (Input Validation) > should REJECT undefined input
18:00:47.459 › [Network] Validation failed: [
  {
    code: 'invalid_type',
    expected: 'string',
    received: 'undefined',
    path: [],
    message: 'Required'
  }
]

stderr | packages/main/src/handlers/network.security.test.ts > 🛡️ Shield: Network IPC Security (SSRF & Fuzzing) > IPC Fuzzer (Input Validation) > should REJECT object input
18:00:47.464 › [Network] Validation failed: [
  {
    code: 'invalid_type',
    expected: 'string',
    received: 'object',
    path: [],
    message: 'Expected string, received object'
  }
]

stderr | packages/main/src/handlers/network.security.test.ts > 🛡️ Shield: Network IPC Security (SSRF & Fuzzing) > IPC Fuzzer (Input Validation) > should REJECT empty string
18:00:47.469 › [Network] Validation failed: [
  {
    validation: 'url',
    code: 'invalid_string',
    message: 'Invalid url',
    path: []
  },
  {
    code: 'custom',
    message: 'Invalid URL: Must be a public HTTP/HTTPS URL. Local/Private IPs are blocked.',
    path: []
  }
]

stderr | packages/main/src/handlers/network.security.test.ts > 🛡️ Shield: Network IPC Security (SSRF & Fuzzing) > IPC Fuzzer (Input Validation) > should REJECT huge string (Buffer Overflow attempt)
18:00:47.485 › [Network] Validation failed: [
  {
    validation: 'url',
    code: 'invalid_string',
    message: 'Invalid url',
    path: []
  },
  {
    code: 'custom',
    message: 'Invalid URL: Must be a public HTTP/HTTPS URL. Local/Private IPs are blocked.',
    path: []
  }
]

stderr | packages/main/src/handlers/network.security.test.ts > 🛡️ Shield: Network IPC Security (SSRF & Fuzzing) > SSRF Prevention (Sandbox Escape) > should BLOCK localhost access
18:00:47.486 › [Network] Validation failed: [
  {
    code: 'custom',
    message: 'Invalid URL: Must be a public HTTP/HTTPS URL. Local/Private IPs are blocked.',
    path: []
  }
]

stderr | packages/main/src/handlers/network.security.test.ts > 🛡️ Shield: Network IPC Security (SSRF & Fuzzing) > SSRF Prevention (Sandbox Escape) > should BLOCK 127.0.0.1 access
18:00:47.486 › [Network] Validation failed: [
  {
    code: 'custom',
    message: 'Invalid URL: Must be a public HTTP/HTTPS URL. Local/Private IPs are blocked.',
    path: []
  }
]

stderr | packages/main/src/handlers/network.security.test.ts > 🛡️ Shield: Network IPC Security (SSRF & Fuzzing) > SSRF Prevention (Sandbox Escape) > should BLOCK Cloud Metadata (AWS)
18:00:47.487 › [Network] Validation failed: [
  {
    code: 'custom',
    message: 'Invalid URL: Must be a public HTTP/HTTPS URL. Local/Private IPs are blocked.',
    path: []
  }
]

stdout | packages/main/src/handlers/network.security.test.ts > 🛡️ Shield: Network IPC Security (SSRF & Fuzzing) > SSRF Prevention (Sandbox Escape) > should BLOCK DNS Rebinding (Public Domain -> Private IP)
18:00:47.511 › [Network] Validating Request: http://evil-internal.com/router-config

stderr | packages/main/src/handlers/network.security.test.ts > 🛡️ Shield: Network IPC Security (SSRF & Fuzzing) > SSRF Prevention (Sandbox Escape) > should BLOCK DNS Rebinding (Public Domain -> Private IP)
18:00:47.514 › [Network] Fetch failed: Error: Security Violation: Domain 'evil-internal.com' resolves to private IP 192.168.1.5.
    at validateSafeHostAsync (/Volumes/X SSD 2025/Users/narrowchannel/indiiOS-Clean/packages/main/src/utils/network-security.ts:155:23)
    at processTicksAndRejections (node:internal/process/task_queues:104:5)
    at validateSafeUrlAsync (/Volumes/X SSD 2025/Users/narrowchannel/indiiOS-Clean/packages/main/src/utils/network-security.ts:184:5)
    at /Volumes/X SSD 2025/Users/narrowchannel/indiiOS-Clean/packages/main/src/handlers/network.ts:16:13

········stdout | packages/main/src/handlers/network.security.test.ts > 🛡️ Shield: Network IPC Security (SSRF & Fuzzing) > SSRF Prevention (Sandbox Escape) > should ALLOW safe public domains
18:00:47.560 › [Network] Validating Request: https://example.com/api/data

stdout | packages/main/src/handlers/network.security.test.ts > 🛡️ Shield: Network IPC Security (SSRF & Fuzzing) > SSRF Prevention (Sandbox Escape) > should ALLOW safe public domains
18:00:47.560 › [Network] Fetching Safe URL: https://example.com/api/data

stderr | packages/main/src/handlers/network.security.test.ts > 🛡️ Shield: Network IPC Security (SSRF & Fuzzing) > Protocol Guard > should BLOCK file:// protocol (Path Traversal)
18:00:47.619 › [Network] Validation failed: [
  {
    code: 'custom',
    message: 'Invalid URL: Must be a public HTTP/HTTPS URL. Local/Private IPs are blocked.',
    path: []
  }
]

stderr | packages/main/src/handlers/network.security.test.ts > 🛡️ Shield: Network IPC Security (SSRF & Fuzzing) > Protocol Guard > should BLOCK ftp:// protocol
18:00:47.621 › [Network] Validation failed: [
  {
    code: 'custom',
    message: 'Invalid URL: Must be a public HTTP/HTTPS URL. Local/Private IPs are blocked.',
    path: []
  }
]

···(node:9227) Warning: `--localstorage-file` was provided without a valid path
(Use `node --trace-warnings ...` to show where the warning was created)
·stdout | packages/renderer/src/services/agent/__tests__/AgentOrchestrator.test.ts > AgentOrchestrator > determineAgent > routes legal queries to LegalAgent
[AgentOrchestrator] Routing: "Draft a split sheet for my new collaboration" -> legal (original: legal, conf: 1)

stdout | packages/renderer/src/services/agent/__tests__/AgentOrchestrator.test.ts > AgentOrchestrator > determineAgent > routes video queries to VideoAgent
[AgentOrchestrator] Routing: "Create a storyboard for the music video" -> video (original: video, conf: 1)

stdout | packages/renderer/src/services/agent/__tests__/AgentOrchestrator.test.ts > AgentOrchestrator > determineAgent > routes music queries to MusicAgent
[AgentOrchestrator] Routing: "Analyze the BPM and key of this track" -> music (original: music, conf: 1)

stdout | packages/renderer/src/services/agent/__tests__/AgentOrchestrator.test.ts > AgentOrchestrator > determineAgent > routes marketing queries to MarketingAgent
[AgentOrchestrator] Routing: "Create a social media campaign for my album release" -> marketing (original: marketing, conf: 1)

stdout | packages/renderer/src/services/agent/__tests__/AgentOrchestrator.test.ts > AgentOrchestrator > determineAgent > falls back to GeneralistAgent for ambiguous queries
[AgentOrchestrator] Routing: "How do I use this app?" -> generalist (original: generalist, conf: 1)

···(node:9228) Warning: `--localstorage-file` was provided without a valid path
(Use `node --trace-warnings ...` to show where the warning was created)
stderr | packages/renderer/src/services/agent/__tests__/AgentOrchestrator.test.ts > AgentOrchestrator > determineAgent > falls back to generalist on AI error
[indii:Orchestrator] Routing failed, defaulting to generalist. Error: API Error
    at /Volumes/X SSD 2025/Users/narrowchannel/indiiOS-Clean/packages/renderer/src/services/agent/__tests__/AgentOrchestrator.test.ts:140:61
    at file:///Volumes/X%20SSD%202025/Users/narrowchannel/indiiOS-Clean/node_modules/@vitest/runner/dist/chunk-artifact.js:302:11
    at file:///Volumes/X%20SSD%202025/Users/narrowchannel/indiiOS-Clean/node_modules/@vitest/runner/dist/chunk-artifact.js:1903:26
    at file:///Volumes/X%20SSD%202025/Users/narrowchannel/indiiOS-Clean/node_modules/@vitest/runner/dist/chunk-artifact.js:2326:20
    at new Promise (<anonymous>)
    at runWithCancel (file:///Volumes/X%20SSD%202025/Users/narrowchannel/indiiOS-Clean/node_modules/@vitest/runner/dist/chunk-artifact.js:2323:10)
    at file:///Volumes/X%20SSD%202025/Users/narrowchannel/indiiOS-Clean/node_modules/@vitest/runner/dist/chunk-artifact.js:2305:20
    at new Promise (<anonymous>)
    at runWithTimeout (file:///Volumes/X%20SSD%202025/Users/narrowchannel/indiiOS-Clean/node_modules/@vitest/runner/dist/chunk-artifact.js:2272:10)
    at file:///Volumes/X%20SSD%202025/Users/narrowchannel/indiiOS-Clean/node_modules/@vitest/runner/dist/chunk-artifact.js:2955:64

stdout | packages/renderer/src/services/agent/__tests__/AgentOrchestrator.test.ts > AgentOrchestrator > determineAgent > falls back to generalist for invalid agent ID
[AgentOrchestrator] Routing: "Some query" -> generalist (original: invalid_agent_that_does_not_exist, conf: 1)

stdout | packages/renderer/src/services/agent/__tests__/AgentOrchestrator.test.ts > AgentOrchestrator > determineAgent > handles empty response gracefully
[AgentOrchestrator] Routing: "Some query" -> generalist (original: undefined, conf: undefined)

stdout | packages/renderer/src/services/agent/__tests__/AgentOrchestrator.test.ts > AgentOrchestrator > determineAgent > normalizes case in agent ID
[AgentOrchestrator] Routing: "Review this contract" -> legal (original: legal, conf: 1)

stdout | packages/renderer/src/services/agent/__tests__/AgentOrchestrator.test.ts > AgentOrchestrator > determineAgent > trims whitespace from agent ID
[AgentOrchestrator] Routing: "Edit my video" -> video (original: video, conf: 1)

stdout | packages/renderer/src/services/agent/__tests__/AgentOrchestrator.test.ts > AgentOrchestrator > determineAgent > falls back to generalist on low confidence
[AgentOrchestrator] Low confidence (0.5) for legal, falling back to generalist.
[AgentOrchestrator] Routing: "Draft a contract maybe?" -> generalist (original: legal, conf: 0.5)

stdout | packages/renderer/src/services/agent/__tests__/AgentOrchestrator.test.ts > AgentOrchestrator > determineAgent > passes context to AI prompt
[AgentOrchestrator] Routing: "Analyze this" -> music (original: music, conf: 1)

·······stdout | packages/renderer/src/services/agent/__tests__/AgentOrchestrator.test.ts > AgentOrchestrator > determineAgent > includes user query in AI prompt
[AgentOrchestrator] Routing: "Draft a publishing contract" -> legal (original: legal, conf: 1)

stdout | packages/renderer/src/services/agent/__tests__/AgentOrchestrator.test.ts > AgentOrchestrator > determineAgent > logs routing decision to trace
[AgentOrchestrator] Routing: "Draft a contract" -> legal (original: legal, conf: 0.95)

········(node:9230) Warning: `--localstorage-file` was provided without a valid path
(Use `node --trace-warnings ...` to show where the warning was created)
·························(node:9219) Warning: `--localstorage-file` was provided without a valid path
(Use `node --trace-warnings ...` to show where the warning was created)
····(node:9234) Warning: `--localstorage-file` was provided without a valid path
(Use `node --trace-warnings ...` to show where the warning was created)
······················(node:9231) Warning: `--localstorage-file` was provided without a valid path
(Use `node --trace-warnings ...` to show where the warning was created)
····································(node:9243) Warning: `--localstorage-file` was provided without a valid path
(Use `node --trace-warnings ...` to show where the warning was created)
········(node:9245) Warning: `--localstorage-file` was provided without a valid path
(Use `node --trace-warnings ...` to show where the warning was created)
(node:9240) Warning: `--localstorage-file` was provided without a valid path
(Use `node --trace-warnings ...` to show where the warning was created)
stdout | packages/renderer/src/services/ddex/MEADService.test.ts > ERNService > should generate a valid ERN object from metadata
RESULT {
  success: true,
  xml: '<?xml version="1.0" encoding="UTF-8"?>\n' +
    '<ern:NewReleaseMessage xmlns:ern="http://ddex.net/xml/ern/43" xmlns:xsi="http://www.w3.org/2001/XMLSchema-instance" MessageSchemaVersionId="4.3" LanguageAndScriptCode="en">\n' +
    '  <MessageHeader>\n' +
    '    <MessageId>MSG-1778018448599</MessageId>\n' +
    '    <MessageSender>\n' +
    '      <PartyId>PA-DPIDA-2025122604-E</PartyId>\n' +
    '      <PartyName>Mute Records</PartyName>\n' +
    '    </MessageSender>\n' +
    '    <MessageRecipient>\n' +
    '      <PartyId>PADPIDA2012110501U</PartyId>\n' +
    '      <PartyName>Distributor</PartyName>\n' +
    '    </MessageRecipient>\n' +
    '    <MessageCreatedDateTime>2026-05-05T22:00:48.599Z</MessageCreatedDateTime>\n' +
    '    <MessageControlType>LiveMessage</MessageControlType>\n' +
    '  </MessageHeader>\n' +
    '  <ReleaseList>\n' +
    '    <Release ReleaseReference="R1">\n' +
    '      <ReleaseId>\n' +
    '        <ICPN>123456789012</ICPN>\n' +
    '        <CatalogNumber>MUTE123</CatalogNumber>\n' +
    '      </ReleaseId>\n' +
    '      <ReleaseDetailsByTerritory>\n' +
    '        <TerritoryCode>Worldwide</TerritoryCode>\n' +
    '        <Title TitleType="FormalTitle">\n' +
    '          <TitleText>Midnight City</TitleText>\n' +
    '        </Title>\n' +
    '        <DisplayArtistName>M83</DisplayArtistName>\n' +
    '        <LabelName>Mute Records</LabelName>\n' +
    '        <Genre>\n' +
    '          <GenreText>Electronic</GenreText>\n' +
    '        </Genre>\n' +
    '        <ParentalWarningType>NotExplicit</ParentalWarningType>\n' +
    '        <MarketingComment>Hit single</MarketingComment>\n' +
    '      </ReleaseDetailsByTerritory>\n' +
    '      <ReleaseType>Single</ReleaseType>\n' +
    '      <ReleaseResourceReferenceList>\n' +
    '        <ReleaseResourceReference>AS1</ReleaseResourceReference>\n' +
    '      </ReleaseResourceReferenceList>\n' +
    '      <AIGenerationInfo>\n' +
    '        <IsFullyAIGenerated>false</IsFullyAIGenerated>\n' +
    '        <IsPartiallyAIGenerated>false</IsPartiallyAIGenerated>\n' +
    '        <AIToolsUsed/>\n' +
    '      </AIGenerationInfo>\n' +
    '    </Release>\n' +
    '  </ReleaseList>\n' +
    '  <ResourceList>\n' +
    '    <SoundRecording ResourceReference="AS1">\n' +
    '      <ResourceId>\n' +
    '        <ISRC>USM831100012</ISRC>\n' +
    '      </ResourceId>\n' +
    '      <ReferenceTitle>\n' +
    '        <TitleText>Midnight City</TitleText>\n' +
    '      </ReferenceTitle>\n' +
    '      <SoundRecordingDetailsByTerritory>\n' +
    '        <TerritoryCode>Worldwide</TerritoryCode>\n' +
    '        <Title TitleType="FormalTitle">\n' +
    '          <TitleText>Midnight City</TitleText>\n' +
    '        </Title>\n' +
    '        <DisplayArtistName>M83</DisplayArtistName>\n' +
    '        <LanguageOfPerformance>zxx</LanguageOfPerformance>\n' +
    '      </SoundRecordingDetailsByTerritory>\n' +
    '    </SoundRecording>\n' +
    '  </ResourceList>\n' +
    '  <DealList>\n' +
    '    <ReleaseDeal DealReference="D1">\n' +
    '      <Deal>\n' +
    '        <DealTerms>\n' +
    '          <CommercialModelType>SubscriptionModel</CommercialModelType>\n' +
    '          <Usage>\n' +
    '            <UseType>OnDemandStream</UseType>\n' +
    '          </Usage>\n' +
    '          <TerritoryCode>Worldwide</TerritoryCode>\n' +
    '          <ValidityPeriod>\n' +
    '            <StartDate>2011-10-18</StartDate>\n' +
    '          </ValidityPeriod>\n' +
    '        </DealTerms>\n' +
    '      </Deal>\n' +
    '    </ReleaseDeal>\n' +
    '    <ReleaseDeal DealReference="D2">\n' +
    '      <Deal>\n' +
    '        <DealTerms>\n' +
    '          <CommercialModelType>AdvertisementSupportedModel</CommercialModelType>\n' +
    '          <Usage>\n' +
    '            <UseType>OnDemandStream</UseType>\n' +
    '          </Usage>\n' +
    '          <TerritoryCode>Worldwide</TerritoryCode>\n' +
    '          <ValidityPeriod>\n' +
    '            <StartDate>2011-10-18</StartDate>\n' +
    '          </ValidityPeriod>\n' +
    '        </DealTerms>\n' +
    '      </Deal>\n' +
    '    </ReleaseDeal>\n' +
    '    <ReleaseDeal DealReference="D3">\n' +
    '      <Deal>\n' +
    '        <DealTerms>\n' +
    '          <CommercialModelType>SubscriptionModel</CommercialModelType>\n' +
    '          <Usage>\n' +
    '            <UseType>NonInteractiveStream</UseType>\n' +
    '          </Usage>\n' +
    '          <TerritoryCode>Worldwide</TerritoryCode>\n' +
    '          <ValidityPeriod>\n' +
    '            <StartDate>2011-10-18</StartDate>\n' +
    '          </ValidityPeriod>\n' +
    '        </DealTerms>\n' +
    '      </Deal>\n' +
    '    </ReleaseDeal>\n' +
    '    <ReleaseDeal DealReference="D4">\n' +
    '      <Deal>\n' +
    '        <DealTerms>\n' +
    '          <CommercialModelType>AdvertisementSupportedModel</CommercialModelType>\n' +
    '          <Usage>\n' +
    '            <UseType>NonInteractiveStream</UseType>\n' +
    '          </Usage>\n' +
    '          <TerritoryCode>Worldwide</TerritoryCode>\n' +
    '          <ValidityPeriod>\n' +
    '            <StartDate>2011-10-18</StartDate>\n' +
    '          </ValidityPeriod>\n' +
    '        </DealTerms>\n' +
    '      </Deal>\n' +
    '    </ReleaseDeal>\n' +
    '    <ReleaseDeal DealReference="D5">\n' +
    '      <Deal>\n' +
    '        <DealTerms>\n' +
    '          <CommercialModelType>PayAsYouGoModel</CommercialModelType>\n' +
    '          <Usage>\n' +
    '            <UseType>PermanentDownload</UseType>\n' +
    '          </Usage>\n' +
    '          <TerritoryCode>Worldwide</TerritoryCode>\n' +
    '          <ValidityPeriod>\n' +
    '            <StartDate>2011-10-18</StartDate>\n' +
    '          </ValidityPeriod>\n' +
    '        </DealTerms>\n' +
    '      </Deal>\n' +
    '    </ReleaseDeal>\n' +
    '  </DealList>\n' +
    '</ern:NewReleaseMessage>\n'
}

·········(node:9238) Warning: `--localstorage-file` was provided without a valid path
(Use `node --trace-warnings ...` to show where the warning was created)
(node:9244) Warning: `--localstorage-file` was provided without a valid path
(Use `node --trace-warnings ...` to show where the warning was created)
·····(node:9237) Warning: `--localstorage-file` was provided without a valid path
(Use `node --trace-warnings ...` to show where the warning was created)
(node:9235) Warning: `--localstorage-file` was provided without a valid path
(Use `node --trace-warnings ...` to show where the warning was created)
stdout | packages/firebase/src/__tests__/video_generation_security.test.ts > 🛡️ Shield: Video Generation Security > should ENFORCE Safety Settings in Veo 3.1 API Request
[Inngest] Starting video generation for Job: job-security-test (Thinking: false)
[Inngest] Updating status to processing for job-security-test

stdout | packages/firebase/src/__tests__/video_generation_security.test.ts > 🛡️ Shield: Video Generation Security > should ENFORCE Safety Settings in Veo 3.1 API Request
[Inngest] Status updated to processing for job-security-test

··stdout | packages/renderer/src/services/image/__tests__/ImageGenerationService.test.ts > ImageGenerationService > generateImages > should generate images with basic options
[ImageGen DEBUG] Entering generateImages { prompt: 'A test image', count: 1 }

stdout | packages/renderer/src/services/image/__tests__/ImageGenerationService.test.ts > ImageGenerationService > generateImages > should generate images with basic options
[ImageGen] Auth token refreshed successfully.

stdout | packages/renderer/src/services/image/__tests__/ImageGenerationService.test.ts > ImageGenerationService > generateImages > should generate images with basic options
[ImageGen DEBUG] Quota check result: { allowed: true }
[ImageGen DEBUG] Calling generateImageV3
[ImageGen DEBUG] Full payload: {
  model: 'fast',
  aspectRatio: '1:1',
  imageSize: undefined,
  hasImages: false,
  hasThinking: false,
  hasGrounding: false,
  hasHistory: false
}

stdout | packages/renderer/src/services/image/__tests__/ImageGenerationService.test.ts > ImageGenerationService > generateImages > should generate images with basic options
[ImageGen DEBUG] generateImageV3 returned: { data: { images: [ [Object] ] } }

stdout | packages/renderer/src/services/image/__tests__/ImageGenerationService.test.ts > ImageGenerationService > generateImages > should generate images with basic options
[MetadataPersistence] ✅ Saved image to users/test-user/generated_images/mock-doc-id

stdout | packages/renderer/src/services/agent/memory/AutoMemoryExtractor.test.ts > AutoMemoryExtractor > extractNow() returns 0 when there is no active session
[AutoMemoryExtractor] Starting automated memory extraction

stdout | packages/renderer/src/services/agent/memory/AutoMemoryExtractor.test.ts > AutoMemoryExtractor > extractNow() returns 0 when the active session has no messages
[AutoMemoryExtractor] Starting automated memory extraction

stdout | packages/renderer/src/services/agent/memory/AutoMemoryExtractor.test.ts > AutoMemoryExtractor > extractNow() ingests recent messages and returns the count
[AutoMemoryExtractor] Starting automated memory extraction

stdout | packages/renderer/src/services/image/__tests__/ImageGenerationService.test.ts > ImageGenerationService > generateImages > should handle distributor-aware cover art generation
[ImageGen DEBUG] Entering generateImages {
  prompt: 'My album cover',
  isCoverArt: true,
  userProfile: { distributor: 'tune-core', distributionMethod: 'aggregator' }
}

stdout | packages/renderer/src/services/image/__tests__/ImageGenerationService.test.ts > ImageGenerationService > generateImages > should handle distributor-aware cover art generation
[ImageGen] Auth token refreshed successfully.

stdout | packages/renderer/src/services/image/__tests__/ImageGenerationService.test.ts > ImageGenerationService > generateImages > should handle distributor-aware cover art generation
[ImageGen DEBUG] Quota check result: { allowed: true }
[ImageGen DEBUG] Calling generateImageV3
[ImageGen DEBUG] Full payload: {
  model: 'fast',
  aspectRatio: '1:1',
  imageSize: undefined,
  hasImages: false,
  hasThinking: false,
  hasGrounding: false,
  hasHistory: false
}

stdout | packages/renderer/src/services/image/__tests__/ImageGenerationService.test.ts > ImageGenerationService > generateImages > should handle distributor-aware cover art generation
[ImageGen DEBUG] generateImageV3 returned: { data: { images: [ [Object] ] } }

stdout | packages/renderer/src/services/image/__tests__/ImageGenerationService.test.ts > ImageGenerationService > generateImages > should handle distributor-aware cover art generation
[MetadataPersistence] ✅ Saved image to users/test-user/generated_images/mock-doc-id

stdout | packages/renderer/src/services/image/__tests__/ImageGenerationService.test.ts > ImageGenerationService > generateImages > should handle image uploads (reference images)
[ImageGen DEBUG] Entering generateImages {
  prompt: 'Edit this image',
  sourceImages: [ { mimeType: 'image/jpeg', data: 'refdata' } ]
}

stdout | packages/renderer/src/services/image/__tests__/ImageGenerationService.test.ts > ImageGenerationService > generateImages > should handle image uploads (reference images)
[ImageGen] Auth token refreshed successfully.

stdout | packages/renderer/src/services/image/__tests__/ImageGenerationService.test.ts > ImageGenerationService > generateImages > should handle image uploads (reference images)
[ImageGen DEBUG] Quota check result: { allowed: true }
[ImageGen DEBUG] Calling generateImageV3
[ImageGen DEBUG] Full payload: {
  model: 'fast',
  aspectRatio: '1:1',
  imageSize: undefined,
  hasImages: true,
  hasThinking: false,
  hasGrounding: false,
  hasHistory: false
}

stdout | packages/renderer/src/services/image/__tests__/ImageGenerationService.test.ts > ImageGenerationService > generateImages > should handle image uploads (reference images)
[ImageGen DEBUG] generateImageV3 returned: { data: { images: [ [Object] ] } }

stdout | packages/renderer/src/services/image/__tests__/ImageGenerationService.test.ts > ImageGenerationService > generateImages > should handle image uploads (reference images)
[MetadataPersistence] ✅ Saved image to users/test-user/generated_images/mock-doc-id

stdout | packages/renderer/src/services/agent/memory/AutoMemoryExtractor.test.ts > AutoMemoryExtractor > extractNow() filters empty messages
[AutoMemoryExtractor] Starting automated memory extraction

stdout | packages/renderer/src/services/image/__tests__/ImageGenerationService.test.ts > ImageGenerationService > generateImages > should return empty array when no candidates
[ImageGen DEBUG] Entering generateImages { prompt: 'A test image' }

stdout | packages/renderer/src/services/image/__tests__/ImageGenerationService.test.ts > ImageGenerationService > generateImages > should return empty array when no candidates
[ImageGen] Auth token refreshed successfully.

stdout | packages/renderer/src/services/image/__tests__/ImageGenerationService.test.ts > ImageGenerationService > generateImages > should return empty array when no candidates
[ImageGen DEBUG] Quota check result: { allowed: true }
[ImageGen DEBUG] Calling generateImageV3
[ImageGen DEBUG] Full payload: {
  model: 'fast',
  aspectRatio: '1:1',
  imageSize: undefined,
  hasImages: false,
  hasThinking: false,
  hasGrounding: false,
  hasHistory: false
}

stdout | packages/renderer/src/services/image/__tests__/ImageGenerationService.test.ts > ImageGenerationService > generateImages > should return empty array when no candidates
[ImageGen DEBUG] generateImageV3 returned: { data: { images: [] } }

stdout | packages/renderer/src/services/image/__tests__/ImageGenerationService.test.ts > ImageGenerationService > generateImages > should return fallback or empty on generation failure
[ImageGen DEBUG] Entering generateImages { prompt: 'A test image' }

stdout | packages/renderer/src/services/image/__tests__/ImageGenerationService.test.ts > ImageGenerationService > generateImages > should return fallback or empty on generation failure
[ImageGen] Auth token refreshed successfully.

stdout | packages/renderer/src/services/image/__tests__/ImageGenerationService.test.ts > ImageGenerationService > generateImages > should return fallback or empty on generation failure
[ImageGen DEBUG] Quota check result: { allowed: true }
[ImageGen DEBUG] Calling generateImageV3
[ImageGen DEBUG] Full payload: {
  model: 'fast',
  aspectRatio: '1:1',
  imageSize: undefined,
  hasImages: false,
  hasThinking: false,
  hasGrounding: false,
  hasHistory: false
}

stderr | packages/renderer/src/services/image/__tests__/ImageGenerationService.test.ts > ImageGenerationService > generateImages > should return fallback or empty on generation failure
Image Generation Error { message: 'Generation failed', code: undefined, details: undefined }

stdout | packages/renderer/src/services/agent/memory/AutoMemoryExtractor.test.ts > AutoMemoryExtractor > extractNow() truncates to last 20 messages
[AutoMemoryExtractor] Starting automated memory extraction

stdout | packages/renderer/src/services/image/__tests__/ImageGenerationService.test.ts > ImageGenerationService > generateCoverArt > should generate cover art with distributor constraints
[ImageGen DEBUG] Entering generateImages {
  prompt: 'My Album Cover',
  userProfile: { distributor: 'distribute', distributionMethod: 'aggregator' },
  isCoverArt: true,
  aspectRatio: '1:1'
}

stdout | packages/renderer/src/services/image/__tests__/ImageGenerationService.test.ts > ImageGenerationService > generateCoverArt > should generate cover art with distributor constraints
[ImageGen] Auth token refreshed successfully.

stdout | packages/renderer/src/services/image/__tests__/ImageGenerationService.test.ts > ImageGenerationService > generateCoverArt > should generate cover art with distributor constraints
[ImageGen DEBUG] Quota check result: { allowed: true }
[ImageGen DEBUG] Calling generateImageV3
[ImageGen DEBUG] Full payload: {
  model: 'fast',
  aspectRatio: '1:1',
  imageSize: undefined,
  hasImages: false,
  hasThinking: false,
  hasGrounding: false,
  hasHistory: false
}

stdout | packages/renderer/src/services/image/__tests__/ImageGenerationService.test.ts > ImageGenerationService > generateCoverArt > should generate cover art with distributor constraints
[ImageGen DEBUG] generateImageV3 returned: { data: { images: [ [Object] ] } }

stdout | packages/renderer/src/services/image/__tests__/ImageGenerationService.test.ts > ImageGenerationService > generateCoverArt > should generate cover art with distributor constraints
[MetadataPersistence] ✅ Saved image to users/test-user/generated_images/mock-doc-id

stdout | packages/renderer/src/services/image/__tests__/ImageGenerationService.test.ts > ImageGenerationService > remixImage > should remix images with style reference via Direct SDK
[ImageGen] remixImage: using Direct SDK path { hasContent: true, hasStyle: true, promptSnippet: 'Apply this style' }

stdout | packages/renderer/src/services/agent/memory/AutoMemoryExtractor.test.ts > AutoMemoryExtractor > extractNow swallows errors without throwing
[AutoMemoryExtractor] Starting automated memory extraction

···········stdout | packages/firebase/src/__tests__/video_generation_security.test.ts > 🛡️ Shield: Video Generation Security > should ENFORCE Safety Settings in Veo 3.1 API Request
[Inngest] Operation started: projects/123/locations/us-central1/operations/op-123

stdout | packages/firebase/src/__tests__/video_generation_security.test.ts > 🛡️ Shield: Video Generation Security > should ENFORCE Safety Settings in Veo 3.1 API Request
[Inngest] Final Result from Google AI: {
  "done": true,
  "response": {
    "generateVideoResponse": {
      "generatedSamples": []
    }
  }
}

stderr | packages/firebase/src/__tests__/video_generation_security.test.ts > 🛡️ Shield: Video Generation Security > should ENFORCE Safety Settings in Veo 3.1 API Request
[Inngest] Error in Video Generation (job-security-test): Error: No video data or URI/generatedSamples found in operation response: {"generateVideoResponse":{"generatedSamples":[]}}
    at /Volumes/X SSD 2025/Users/narrowchannel/indiiOS-Clean/packages/firebase/src/lib/video_generation.ts:417:23
    at Object.<anonymous> (/Volumes/X SSD 2025/Users/narrowchannel/indiiOS-Clean/packages/firebase/src/__tests__/video_generation_security.test.ts:81:44)
    at Object.Mock [as run] (file:///Volumes/X%20SSD%202025/Users/narrowchannel/indiiOS-Clean/node_modules/@vitest/spy/dist/index.js:332:34)
    at /Volumes/X SSD 2025/Users/narrowchannel/indiiOS-Clean/packages/firebase/src/lib/video_generation.ts:333:55
    at processTicksAndRejections (node:internal/process/task_queues:104:5)
    at /Volumes/X SSD 2025/Users/narrowchannel/indiiOS-Clean/packages/firebase/src/__tests__/video_generation_security.test.ts:113:13
    at file:///Volumes/X%20SSD%202025/Users/narrowchannel/indiiOS-Clean/node_modules/@vitest/runner/dist/chunk-artifact.js:1903:20

stdout | packages/firebase/src/__tests__/video_generation_security.test.ts > 🛡️ Shield: Video Generation Security > should ENFORCE Safety Settings in Veo 3.1 API Request
Request Body: {
  "instances": [
    {
      "prompt": "generate a chaotic explosion"
    }
  ],
  "parameters": {
    "sampleCount": 1,
    "aspectRatio": "16:9",
    "personGeneration": "allow_adult",
    "generateAudio": true
  },
  "safetySettings": [
    {
      "category": "HARM_CATEGORY_HATE_SPEECH",
      "threshold": "BLOCK_MEDIUM_AND_ABOVE"
    },
    {
      "category": "HARM_CATEGORY_DANGEROUS_CONTENT",
      "threshold": "BLOCK_MEDIUM_AND_ABOVE"
    },
    {
      "category": "HARM_CATEGORY_SEXUALLY_EXPLICIT",
      "threshold": "BLOCK_MEDIUM_AND_ABOVE"
    },
    {
      "category": "HARM_CATEGORY_HARASSMENT",
      "threshold": "BLOCK_MEDIUM_AND_ABOVE"
    }
  ]
}

·············stderr | packages/renderer/src/services/agent/memory/AutoMemoryExtractor.test.ts > AutoMemoryExtractor > extractNow swallows errors without throwing
[AutoMemoryExtractor] Extraction failed: Error: engine boom
    at /Volumes/X SSD 2025/Users/narrowchannel/indiiOS-Clean/packages/renderer/src/services/agent/memory/AutoMemoryExtractor.test.ts:189:53
    at file:///Volumes/X%20SSD%202025/Users/narrowchannel/indiiOS-Clean/node_modules/@vitest/runner/dist/chunk-artifact.js:302:11
    at file:///Volumes/X%20SSD%202025/Users/narrowchannel/indiiOS-Clean/node_modules/@vitest/runner/dist/chunk-artifact.js:1903:26
    at file:///Volumes/X%20SSD%202025/Users/narrowchannel/indiiOS-Clean/node_modules/@vitest/runner/dist/chunk-artifact.js:2326:20
    at new Promise (<anonymous>)
    at runWithCancel (file:///Volumes/X%20SSD%202025/Users/narrowchannel/indiiOS-Clean/node_modules/@vitest/runner/dist/chunk-artifact.js:2323:10)
    at file:///Volumes/X%20SSD%202025/Users/narrowchannel/indiiOS-Clean/node_modules/@vitest/runner/dist/chunk-artifact.js:2305:20
    at new Promise (<anonymous>)
    at runWithTimeout (file:///Volumes/X%20SSD%202025/Users/narrowchannel/indiiOS-Clean/node_modules/@vitest/runner/dist/chunk-artifact.js:2272:10)
    at file:///Volumes/X%20SSD%202025/Users/narrowchannel/indiiOS-Clean/node_modules/@vitest/runner/dist/chunk-artifact.js:2955:64

······························(node:9242) Warning: `--localstorage-file` was provided without a valid path
(Use `node --trace-warnings ...` to show where the warning was created)
(node:9239) Warning: `--localstorage-file` was provided without a valid path
(Use `node --trace-warnings ...` to show where the warning was created)
·stdout | packages/renderer/src/services/firebase.appcheck.test.ts > Firebase App Check Initialization > should NOT initialize App Check in Electron environment (no debug token)
[Firebase] Performance Monitoring not available

stdout | packages/renderer/src/services/firebase.appcheck.test.ts > Firebase App Check Initialization > should NOT initialize App Check in Electron environment (no debug token)
[Firebase] Performance Monitoring not available

stdout | packages/renderer/src/services/firebase.appcheck.test.ts > Firebase App Check Initialization > should initialize App Check in Electron environment WITH debug token
[App Check] Initializing in Electron with Debug Token

stdout | packages/renderer/src/services/firebase.appcheck.test.ts > Firebase App Check Initialization > should initialize App Check in Electron environment WITH debug token
[Firebase] Performance Monitoring not available

··stdout | packages/renderer/src/services/ai/__tests__/ContextStress.test.ts > ContextManager Stress Tests > should handle massive conversation histories (10,000+ turns)
[STRESS] Truncated 10,000 turns in 21ms

stdout | packages/renderer/src/services/agent/LedgerCircuitBreaker.test.ts > Ledger Circuit Breaker (Integration) > 💸 stops execution when "Fake High Usage" metadata triggers the budget limit
[AgentIdentity] Minted identity for Ledger Agent (ledger-agent): instance=6b62a76f..., fingerprint=9e9094696ef0...

stdout | packages/renderer/src/services/agent/LedgerCircuitBreaker.test.ts > Ledger Circuit Breaker (Integration) > 💸 stops execution when "Fake High Usage" metadata triggers the budget limit
[ModelArmor] Scanning input...

stderr | packages/renderer/src/services/agent/LedgerCircuitBreaker.test.ts > Ledger Circuit Breaker (Integration) > 💸 stops execution when "Fake High Usage" metadata triggers the budget limit
[BaseAgent] Budget DENIED in ledger-agent. profileEmail=(empty), authEmail=(no auth user), Tier: Free, Max: $1.00/day, Remaining: $-0.25

stdout | packages/renderer/src/services/agent/LedgerCircuitBreaker.test.ts > Ledger Circuit Breaker (Integration) > 💸 stops execution when "Fake High Usage" metadata triggers the budget limit
💸 [Ledger] Test Verification:
        - Spend Recorded: $1.25
        - Circuit Breaker Tripped: Daily spend limit reached
        

·stderr | packages/renderer/src/services/ai/__tests__/ContextStress.test.ts > ContextManager Stress Tests > should handle large multimodal attachments without crashing
[ContextManager] Context over limit (2518/400) after 0 drops. Recent messages are too large.

stderr | packages/main/src/handlers/video_render.security.test.ts > 🛡️ Shield: Video Render Security Test > should BLOCK malicious output paths (Path Traversal)
18:00:49.256 › [VideoHandler] Render failed: Error: Security Violation: Path traversal detected
    at /Volumes/X SSD 2025/Users/narrowchannel/indiiOS-Clean/packages/main/src/handlers/video.ts:141:23
    at invoke (/Volumes/X SSD 2025/Users/narrowchannel/indiiOS-Clean/packages/main/src/handlers/video_render.security.test.ts:80:16)
    at /Volumes/X SSD 2025/Users/narrowchannel/indiiOS-Clean/packages/main/src/handlers/video_render.security.test.ts:93:22
    at file:///Volumes/X%20SSD%202025/Users/narrowchannel/indiiOS-Clean/node_modules/@vitest/runner/dist/chunk-artifact.js:302:11
    at file:///Volumes/X%20SSD%202025/Users/narrowchannel/indiiOS-Clean/node_modules/@vitest/runner/dist/chunk-artifact.js:1903:26
    at file:///Volumes/X%20SSD%202025/Users/narrowchannel/indiiOS-Clean/node_modules/@vitest/runner/dist/chunk-artifact.js:2326:20
    at new Promise (<anonymous>)
    at runWithCancel (file:///Volumes/X%20SSD%202025/Users/narrowchannel/indiiOS-Clean/node_modules/@vitest/runner/dist/chunk-artifact.js:2323:10)
    at file:///Volumes/X%20SSD%202025/Users/narrowchannel/indiiOS-Clean/node_modules/@vitest/runner/dist/chunk-artifact.js:2305:20
    at new Promise (<anonymous>)

·stderr | packages/main/src/handlers/video_render.security.test.ts > 🛡️ Shield: Video Render Security Test > should BLOCK unauthorized output locations via AccessControlService
18:00:49.314 › [VideoHandler] Render failed: Error: Security Violation: Access Denied to output location
    at /Volumes/X SSD 2025/Users/narrowchannel/indiiOS-Clean/packages/main/src/handlers/video.ts:136:23
    at invoke (/Volumes/X SSD 2025/Users/narrowchannel/indiiOS-Clean/packages/main/src/handlers/video_render.security.test.ts:80:16)
    at /Volumes/X SSD 2025/Users/narrowchannel/indiiOS-Clean/packages/main/src/handlers/video_render.security.test.ts:105:22
    at file:///Volumes/X%20SSD%202025/Users/narrowchannel/indiiOS-Clean/node_modules/@vitest/runner/dist/chunk-artifact.js:302:11
    at file:///Volumes/X%20SSD%202025/Users/narrowchannel/indiiOS-Clean/node_modules/@vitest/runner/dist/chunk-artifact.js:1903:26
    at file:///Volumes/X%20SSD%202025/Users/narrowchannel/indiiOS-Clean/node_modules/@vitest/runner/dist/chunk-artifact.js:2326:20
    at new Promise (<anonymous>)
    at runWithCancel (file:///Volumes/X%20SSD%202025/Users/narrowchannel/indiiOS-Clean/node_modules/@vitest/runner/dist/chunk-artifact.js:2323:10)
    at file:///Volumes/X%20SSD%202025/Users/narrowchannel/indiiOS-Clean/node_modules/@vitest/runner/dist/chunk-artifact.js:2305:20
    at new Promise (<anonymous>)

stderr | packages/main/src/handlers/video_render.security.test.ts > 🛡️ Shield: Video Render Security Test > should BLOCK disallowed extensions
18:00:49.315 › [VideoHandler] Render failed: Error: Security Violation: File type .exe is not allowed
    at /Volumes/X SSD 2025/Users/narrowchannel/indiiOS-Clean/packages/main/src/handlers/video.ts:148:23
    at invoke (/Volumes/X SSD 2025/Users/narrowchannel/indiiOS-Clean/packages/main/src/handlers/video_render.security.test.ts:80:16)
    at /Volumes/X SSD 2025/Users/narrowchannel/indiiOS-Clean/packages/main/src/handlers/video_render.security.test.ts:115:22
    at file:///Volumes/X%20SSD%202025/Users/narrowchannel/indiiOS-Clean/node_modules/@vitest/runner/dist/chunk-artifact.js:302:11
    at file:///Volumes/X%20SSD%202025/Users/narrowchannel/indiiOS-Clean/node_modules/@vitest/runner/dist/chunk-artifact.js:1903:26
    at file:///Volumes/X%20SSD%202025/Users/narrowchannel/indiiOS-Clean/node_modules/@vitest/runner/dist/chunk-artifact.js:2326:20
    at new Promise (<anonymous>)
    at runWithCancel (file:///Volumes/X%20SSD%202025/Users/narrowchannel/indiiOS-Clean/node_modules/@vitest/runner/dist/chunk-artifact.js:2323:10)
    at file:///Volumes/X%20SSD%202025/Users/narrowchannel/indiiOS-Clean/node_modules/@vitest/runner/dist/chunk-artifact.js:2305:20
    at new Promise (<anonymous>)

·······stderr | packages/renderer/src/services/ai/__tests__/ContextStress.test.ts > ContextManager Stress Tests > should terminate via safety valve (MAX_DROPS/Safety break) if history is malformed or loop hangs
[ContextManager] Context over limit (5000/10) after 10000 drops. Recent messages are too large.

stderr | packages/renderer/src/services/ai/__tests__/ContextStress.test.ts > ContextManager Stress Tests > should handle extreme multimodal payloads (20+ attachments) effortlessly
[ContextManager] Context over limit (12507/1000) after 0 drops. Recent messages are too large.

······(node:9314) Warning: `--localstorage-file` was provided without a valid path
(Use `node --trace-warnings ...` to show where the warning was created)
·····(node:9262) Warning: `--localstorage-file` was provided without a valid path
(Use `node --trace-warnings ...` to show where the warning was created)
(node:9312) Warning: `--localstorage-file` was provided without a valid path
(Use `node --trace-warnings ...` to show where the warning was created)
stdout | packages/main/src/services/HistoryStore.resilience.test.ts > 📚 Keeper: Electron HistoryStore Resilience
[Keeper] Testing resilience in: /var/folders/h5/_k0rmph56n571tfjcqf1ldbh0000gp/T/indii-keeper-test-resilience
[Keeper] Injected corrupted JSON file.

stdout | packages/main/src/services/HistoryStore.resilience.test.ts > 📚 Keeper: Electron HistoryStore Resilience > should have reset to default empty state
18:00:49.753 › [HistoryStore] Initialized at: /var/folders/h5/_k0rmph56n571tfjcqf1ldbh0000gp/T/indii-keeper-test-resilience/chat-history.json

stderr | packages/main/src/services/HistoryStore.resilience.test.ts > 📚 Keeper: Electron HistoryStore Resilience > should have reset to default empty state
[MockStore] JSON Parse Error detected (simulating recovery): SyntaxError: Unterminated string in JSON at position 42 (line 1 column 43)
    at JSON.parse (<anonymous>)
    at new Store (/Volumes/X SSD 2025/Users/narrowchannel/indiiOS-Clean/packages/main/src/services/HistoryStore.resilience.test.ts:69:50)
    at HistoryStore.get store [as store] (/Volumes/X SSD 2025/Users/narrowchannel/indiiOS-Clean/packages/main/src/services/HistoryStore.ts:28:27)
    at HistoryStore.getAll (/Volumes/X SSD 2025/Users/narrowchannel/indiiOS-Clean/packages/main/src/services/HistoryStore.ts:52:31)
    at /Volumes/X SSD 2025/Users/narrowchannel/indiiOS-Clean/packages/main/src/services/HistoryStore.resilience.test.ts:146:39
    at file:///Volumes/X%20SSD%202025/Users/narrowchannel/indiiOS-Clean/node_modules/@vitest/runner/dist/chunk-artifact.js:302:11
    at file:///Volumes/X%20SSD%202025/Users/narrowchannel/indiiOS-Clean/node_modules/@vitest/runner/dist/chunk-artifact.js:1903:26
    at file:///Volumes/X%20SSD%202025/Users/narrowchannel/indiiOS-Clean/node_modules/@vitest/runner/dist/chunk-artifact.js:2326:20
    at new Promise (<anonymous>)
    at runWithCancel (file:///Volumes/X%20SSD%202025/Users/narrowchannel/indiiOS-Clean/node_modules/@vitest/runner/dist/chunk-artifact.js:2323:10)

···stdout | packages/renderer/src/services/ai/FirebaseAIService.test.ts > FirebaseAIService > should bootstrap by fetching remote config and initializing model
[FirebaseAIService] App Check Debug: {
  DEV: undefined,
  debugToken: 'mock-debug-token',
  key: 'mock-app-check-key'
}

stdout | packages/renderer/src/services/ai/FirebaseAIService.test.ts > FirebaseAIService > should bootstrap by fetching remote config and initializing model
[FirebaseAIService] Initialized with Firebase AI SDK

stdout | packages/renderer/src/services/ai/FirebaseAIService.test.ts > FirebaseAIService > should enforce safety settings in generateContent
[DEBUG-PAYLOAD] modelName: gemini-3-flash-preview
[DEBUG-PAYLOAD] prompt: "Safe Prompt"...
[DEBUG-PAYLOAD] config: {"temperature":0.5}

stdout | packages/renderer/src/services/ai/FirebaseAIService.test.ts > FirebaseAIService > should enforce safety settings in generateContent
[FirebaseAIService] App Check Debug: {
  DEV: undefined,
  debugToken: 'mock-debug-token',
  key: 'mock-app-check-key'
}

stdout | packages/renderer/src/services/ai/FirebaseAIService.test.ts > FirebaseAIService > should enforce safety settings in generateContent
[FirebaseAIService] Initialized with Firebase AI SDK

stdout | packages/renderer/src/services/ai/FirebaseAIService.test.ts > FirebaseAIService > should auto-initialize on first generateContent call
[DEBUG-PAYLOAD] modelName: gemini-3-flash-preview
[DEBUG-PAYLOAD] prompt: "Test Prompt"...
[DEBUG-PAYLOAD] config: undefined

stdout | packages/renderer/src/services/ai/FirebaseAIService.test.ts > FirebaseAIService > should auto-initialize on first generateContent call
[FirebaseAIService] App Check Debug: {
  DEV: undefined,
  debugToken: 'mock-debug-token',
  key: 'mock-app-check-key'
}

stdout | packages/renderer/src/services/ai/FirebaseAIService.test.ts > FirebaseAIService > should auto-initialize on first generateContent call
[FirebaseAIService] Initialized with Firebase AI SDK

stdout | packages/renderer/src/services/ai/FirebaseAIService.test.ts > FirebaseAIService > should handle generateText with system instructions
[FirebaseAIService] App Check Debug: {
  DEV: undefined,
  debugToken: 'mock-debug-token',
  key: 'mock-app-check-key'
}

stdout | packages/renderer/src/services/ai/FirebaseAIService.test.ts > FirebaseAIService > should handle generateText with system instructions
[FirebaseAIService] Initialized with Firebase AI SDK

stdout | packages/renderer/src/services/ai/FirebaseAIService.test.ts > FirebaseAIService > should handle chat sessions
[FirebaseAIService] App Check Debug: {
  DEV: undefined,
  debugToken: 'mock-debug-token',
  key: 'mock-app-check-key'
}

stdout | packages/renderer/src/services/ai/FirebaseAIService.test.ts > FirebaseAIService > should handle chat sessions
[FirebaseAIService] Initialized with Firebase AI SDK

stdout | packages/renderer/src/services/ai/FirebaseAIService.test.ts > FirebaseAIService > should handle generateStructuredData
[FirebaseAIService] App Check Debug: {
  DEV: undefined,
  debugToken: 'mock-debug-token',
  key: 'mock-app-check-key'
}

stdout | packages/renderer/src/services/ai/FirebaseAIService.test.ts > FirebaseAIService > should handle generateStructuredData
[FirebaseAIService] Initialized with Firebase AI SDK

stdout | packages/renderer/src/services/ai/FirebaseAIService.test.ts > FirebaseAIService > should handle analyzeImage
[FirebaseAIService] App Check Debug: {
  DEV: undefined,
  debugToken: 'mock-debug-token',
  key: 'mock-app-check-key'
}

stdout | packages/renderer/src/services/ai/FirebaseAIService.test.ts > FirebaseAIService > should handle analyzeImage
[FirebaseAIService] Initialized with Firebase AI SDK

stdout | packages/renderer/src/services/ai/FirebaseAIService.test.ts > FirebaseAIService > should handle analyzeMultimodal
[FirebaseAIService] App Check Debug: {
  DEV: undefined,
  debugToken: 'mock-debug-token',
  key: 'mock-app-check-key'
}

stdout | packages/renderer/src/services/ai/FirebaseAIService.test.ts > FirebaseAIService > should handle analyzeMultimodal
[FirebaseAIService] Initialized with Firebase AI SDK

stdout | packages/renderer/src/services/ai/FirebaseAIService.test.ts > FirebaseAIService > should handle generateGroundedContent
[FirebaseAIService] App Check Debug: {
  DEV: undefined,
  debugToken: 'mock-debug-token',
  key: 'mock-app-check-key'
}

stdout | packages/renderer/src/services/ai/FirebaseAIService.test.ts > FirebaseAIService > should handle generateGroundedContent
[FirebaseAIService] Initialized with Firebase AI SDK

stdout | packages/renderer/src/services/ai/FirebaseAIService.test.ts > FirebaseAIService > should handle embedContent
[FirebaseAIService] App Check Debug: {
  DEV: undefined,
  debugToken: 'mock-debug-token',
  key: 'mock-app-check-key'
}

stdout | packages/renderer/src/services/ai/FirebaseAIService.test.ts > FirebaseAIService > should handle embedContent
[FirebaseAIService] Initialized with Firebase AI SDK

stdout | packages/renderer/src/services/ai/FirebaseAIService.test.ts > FirebaseAIService > should handle getLiveModel
[FirebaseAIService] App Check Debug: {
  DEV: undefined,
  debugToken: 'mock-debug-token',
  key: 'mock-app-check-key'
}

stdout | packages/renderer/src/services/ai/FirebaseAIService.test.ts > FirebaseAIService > should handle getLiveModel
[FirebaseAIService] Initialized with Firebase AI SDK

stdout | packages/renderer/src/services/ai/FirebaseAIService.test.ts > FirebaseAIService > should fall back to direct SDK on App Check failure
[FirebaseAIService] App Check Debug: {
  DEV: undefined,
  debugToken: 'mock-debug-token',
  key: 'mock-app-check-key'
}

stderr | packages/renderer/src/services/ai/FirebaseAIService.test.ts > FirebaseAIService > should fall back to direct SDK on App Check failure
[FirebaseAIService] Bootstrap failed, attempting fallback: Error: firebase-app-check-token-invalid
    at /Volumes/X SSD 2025/Users/narrowchannel/indiiOS-Clean/packages/renderer/src/services/ai/FirebaseAIService.test.ts:307:59
    at file:///Volumes/X%20SSD%202025/Users/narrowchannel/indiiOS-Clean/node_modules/@vitest/runner/dist/chunk-artifact.js:1903:20

stdout | packages/renderer/src/services/ai/FirebaseAIService.test.ts > FirebaseAIService > should fall back to direct SDK on App Check failure
[FirebaseAIService] Fallback Mode Initialization: {
  foundKey: true,
  source: 'env.VITE_API_KEY',
  keyPrefix: 'mock-goo...'
}
[FirebaseAIService] Initialized with direct Gemini SDK (fallback mode)

stdout | packages/renderer/src/services/ai/FirebaseAIService.test.ts > FirebaseAIService > should handle content streams
[FirebaseAIService] App Check Debug: {
  DEV: undefined,
  debugToken: 'mock-debug-token',
  key: 'mock-app-check-key'
}

stdout | packages/renderer/src/services/ai/FirebaseAIService.test.ts > FirebaseAIService > should handle content streams
[FirebaseAIService] Initialized with Firebase AI SDK

stdout | packages/renderer/src/services/ai/FirebaseAIService.test.ts > FirebaseAIService > should falling back if bootstrap fails (Resilience)
[FirebaseAIService] App Check Debug: {
  DEV: undefined,
  debugToken: 'mock-debug-token',
  key: 'mock-app-check-key'
}

stdout | packages/renderer/src/services/ai/FirebaseAIService.test.ts > FirebaseAIService > should falling back if bootstrap fails (Resilience)
[FirebaseAIService] Fallback Mode Initialization: {
  foundKey: true,
  source: 'env.VITE_API_KEY',
  keyPrefix: 'mock-goo...'
}
[FirebaseAIService] Initialized with direct Gemini SDK (fallback mode)

stderr | packages/renderer/src/services/ai/FirebaseAIService.test.ts > FirebaseAIService > should falling back if bootstrap fails (Resilience)
[FirebaseAIService] Bootstrap failed, attempting fallback: Error: firebase-app-check-token-invalid
    at /Volumes/X SSD 2025/Users/narrowchannel/indiiOS-Clean/packages/renderer/src/services/ai/FirebaseAIService.test.ts:324:59
    at file:///Volumes/X%20SSD%202025/Users/narrowchannel/indiiOS-Clean/node_modules/@vitest/runner/dist/chunk-artifact.js:1903:20

stdout | packages/renderer/src/services/ai/FirebaseAIService.test.ts > FirebaseAIService > should throw if BOTH primary and fallback fail
[FirebaseAIService] App Check Debug: {
  DEV: undefined,
  debugToken: 'mock-debug-token',
  key: 'mock-app-check-key'
}

stdout | packages/renderer/src/services/ai/FirebaseAIService.test.ts > FirebaseAIService > should throw if BOTH primary and fallback fail
[FirebaseAIService] Fallback Mode Initialization: {
  foundKey: true,
  source: 'env.VITE_API_KEY',
  keyPrefix: 'mock-goo...'
}
[FirebaseAIService] Initialized with direct Gemini SDK (fallback mode)

stderr | packages/renderer/src/services/ai/FirebaseAIService.test.ts > FirebaseAIService > should throw if BOTH primary and fallback fail
[FirebaseAIService] Bootstrap failed, attempting fallback: Error: firebase-app-check-token-invalid
    at /Volumes/X SSD 2025/Users/narrowchannel/indiiOS-Clean/packages/renderer/src/services/ai/FirebaseAIService.test.ts:334:59
    at file:///Volumes/X%20SSD%202025/Users/narrowchannel/indiiOS-Clean/node_modules/@vitest/runner/dist/chunk-artifact.js:1903:20

stdout | packages/renderer/src/services/ai/FirebaseAIService.test.ts > FirebaseAIService > should handle generateVideo with polling
[FirebaseAIService] App Check Debug: {
  DEV: undefined,
  debugToken: 'mock-debug-token',
  key: 'mock-app-check-key'
}

stdout | packages/renderer/src/services/ai/FirebaseAIService.test.ts > FirebaseAIService > should handle generateVideo with polling
[FirebaseAIService] Initialized with Firebase AI SDK

stdout | packages/renderer/src/services/ai/FirebaseAIService.test.ts > FirebaseAIService > should handle generateVideo with polling
[FirebaseAIService] Fallback Mode Initialization: {
  foundKey: true,
  source: 'env.VITE_API_KEY',
  keyPrefix: 'mock-goo...'
}
[FirebaseAIService] Initialized with direct Gemini SDK (fallback mode)

stdout | packages/renderer/src/services/ai/FirebaseAIService.test.ts > FirebaseAIService > should handle generateVideo with polling
[FirebaseAI] generateVideo() — entering circuit breaker... { model: 'veo-v1', promptLength: 15, breakerState: 'CLOSED' }

stdout | packages/renderer/src/services/ai/FirebaseAIService.test.ts > FirebaseAIService > should handle generateVideo with polling
[FirebaseAI] Delegating to MediaGenerator...

stdout | packages/renderer/src/services/ai/FirebaseAIService.test.ts > FirebaseAIService > should handle generateVideo with polling
[MediaGenerator] Generating video with @google/genai SDK: {
  model: 'veo-v1',
  promptLength: 15,
  promptPreview: 'Cinematic video',
  durationSeconds: 5,
  clampedDuration: 5,
  hasImage: false,
  config: '{"numberOfVideos":1,"durationSeconds":5,"aspectRatio":"16:9"}',
  timeoutMs: 60000
}
[MediaGenerator] 🚀 Submitting generateVideos request...

stdout | packages/renderer/src/services/ai/FirebaseAIService.test.ts > FirebaseAIService > should handle generateVideo with polling
[MediaGenerator] ✅ Operation created successfully. {
  operationName: '(no name)',
  done: false,
  hasResponse: false,
  hasError: false
}

stdout | packages/renderer/src/services/ai/FirebaseAIService.test.ts > FirebaseAIService > should handle generateVideo with polling
[MediaGenerator] Poll 1/6: {
  done: true,
  hasResponse: true,
  hasError: false,
  videoCount: 1,
  raiFiltered: 0
}
[MediaGenerator] First poll — operation keys: [ 'done', 'response' ]
[MediaGenerator] First poll — response keys: [ 'generatedVideos' ]
[MediaGenerator] ✅ Operation completed. Extracting results...
[MediaGenerator] Response inspection: {
  hasResponse: true,
  generatedVideoCount: 1,
  hasError: false,
  raiFilteredCount: 0,
  raiReasons: [],
  responseKeys: [ 'generatedVideos' ]
}
[MediaGenerator] First video inspection: {
  hasUri: true,
  uriPreview: 'http://video.mp4',
  hasVideoBytes: false,
  videoBytesLength: 0,
  mimeType: '(not set)',
  videoKeys: [ 'uri' ]
}
[MediaGenerator] ✅ Video URI received, fetching bytes for playback...
[MediaGenerator] Fetching video bytes from authenticated URI...

stderr | packages/renderer/src/services/ai/FirebaseAIService.test.ts > FirebaseAIService > should handle generateVideo with polling
[MediaGenerator] ⚠️ Failed to fetch video bytes (fetch unavailable in tests), falling back to raw URI

stdout | packages/renderer/src/services/ai/FirebaseAIService.test.ts > FirebaseAIService > should handle generateVideo with polling
[FirebaseAI] generateVideo() — success. URL length: 16

stdout | packages/renderer/src/services/ai/FirebaseAIService.test.ts > FirebaseAIService > should retry on transient errors
[DEBUG-PAYLOAD] modelName: gemini-3-flash-preview
[DEBUG-PAYLOAD] prompt: "Retry me"...
[DEBUG-PAYLOAD] config: undefined

stdout | packages/renderer/src/services/ai/FirebaseAIService.test.ts > FirebaseAIService > should retry on transient errors
[FirebaseAIService] App Check Debug: {
  DEV: undefined,
  debugToken: 'mock-debug-token',
  key: 'mock-app-check-key'
}

stdout | packages/renderer/src/services/ai/FirebaseAIService.test.ts > FirebaseAIService > should retry on transient errors
[FirebaseAIService] Initialized with Firebase AI SDK

stderr | packages/renderer/src/services/ai/FirebaseAIService.test.ts > FirebaseAIService > should retry on transient errors
[FirebaseAIService] Transient error, retrying in 1045ms... (Attempt 1/3)

stderr | packages/renderer/src/services/ai/FirebaseAIService.test.ts > FirebaseAIService > should retry on transient errors
[FirebaseAIService] Transient error, retrying in 2088ms... (Attempt 2/3)

stdout | packages/renderer/src/services/ai/FirebaseAIService.test.ts > FirebaseAIService > should abort retry if user cancels
[DEBUG-PAYLOAD] modelName: gemini-3-flash-preview
[DEBUG-PAYLOAD] prompt: "Cancel me"...
[DEBUG-PAYLOAD] config: undefined

stdout | packages/renderer/src/services/ai/FirebaseAIService.test.ts > FirebaseAIService > should abort retry if user cancels
[FirebaseAIService] App Check Debug: {
  DEV: undefined,
  debugToken: 'mock-debug-token',
  key: 'mock-app-check-key'
}

stdout | packages/renderer/src/services/ai/FirebaseAIService.test.ts > FirebaseAIService > should abort retry if user cancels
[FirebaseAIService] Initialized with Firebase AI SDK

stderr | packages/renderer/src/services/ai/FirebaseAIService.test.ts > FirebaseAIService > should abort retry if user cancels
[FirebaseAIService] Transient error, retrying in 1089ms... (Attempt 1/3)

stderr | packages/renderer/src/services/ai/FirebaseAIService.test.ts > FirebaseAIService > should abort retry if user cancels
[CircuitBreaker] Failure 1/5 in CLOSED state. Error: Operation cancelled by user during retry backoff

stdout | packages/renderer/src/services/ai/FirebaseAIService.test.ts > FirebaseAIService > should fallback on Firebase Installations API errors
[FirebaseAIService] App Check Debug: {
  DEV: undefined,
  debugToken: 'mock-debug-token',
  key: 'mock-app-check-key'
}

stderr | packages/renderer/src/services/ai/FirebaseAIService.test.ts > FirebaseAIService > should fallback on Firebase Installations API errors
[FirebaseAIService] Bootstrap failed, attempting fallback: Error: Installations: Create Installation request failed with error "403 PERMISSION_DENIED"
    at /Volumes/X SSD 2025/Users/narrowchannel/indiiOS-Clean/packages/renderer/src/services/ai/FirebaseAIService.test.ts:421:59
    at file:///Volumes/X%20SSD%202025/Users/narrowchannel/indiiOS-Clean/node_modules/@vitest/runner/dist/chunk-artifact.js:1903:20

stdout | packages/renderer/src/services/ai/FirebaseAIService.test.ts > FirebaseAIService > should fallback on Firebase Installations API errors
[FirebaseAIService] Fallback Mode Initialization: {
  foundKey: true,
  source: 'env.VITE_API_KEY',
  keyPrefix: 'mock-goo...'
}
[FirebaseAIService] Initialized with direct Gemini SDK (fallback mode)

···················(node:9315) Warning: `--localstorage-file` was provided without a valid path
(Use `node --trace-warnings ...` to show where the warning was created)
·········(node:9263) Warning: `--localstorage-file` was provided without a valid path
(Use `node --trace-warnings ...` to show where the warning was created)
(node:9261) Warning: `--localstorage-file` was provided without a valid path
(Use `node --trace-warnings ...` to show where the warning was created)
(node:9267) Warning: `--localstorage-file` was provided without a valid path
(Use `node --trace-warnings ...` to show where the warning was created)
····(node:9266) Warning: `--localstorage-file` was provided without a valid path
(Use `node --trace-warnings ...` to show where the warning was created)
··········(node:9277) Warning: `--localstorage-file` was provided without a valid path
(Use `node --trace-warnings ...` to show where the warning was created)
(node:9271) Warning: `--localstorage-file` was provided without a valid path
(Use `node --trace-warnings ...` to show where the warning was created)
stdout | packages/renderer/src/services/ai/context/Keeper_ContextIntegrity.test.ts > 📚 Keeper: Context Integrity > should use ContextManager to truncate history instead of naive slicing
[AgentIdentity] Minted identity for Keeper (keeper): instance=f1d127cf..., fingerprint=b427c1f3c84e...

···stdout | packages/renderer/src/services/ai/context/Keeper_ContextIntegrity.test.ts > 📚 Keeper: Context Integrity > should use ContextManager to truncate history instead of naive slicing
[ModelArmor] Scanning input...

stdout | packages/renderer/src/services/ai/context/Keeper_ContextIntegrity.test.ts > 📚 Keeper: Context Integrity > should use ContextManager to truncate history instead of naive slicing
[ModelArmor] Scanning output...

·········(node:9276) Warning: `--localstorage-file` was provided without a valid path
(Use `node --trace-warnings ...` to show where the warning was created)
(node:9329) Warning: `--localstorage-file` was provided without a valid path
(Use `node --trace-warnings ...` to show where the warning was created)
··················stdout | packages/renderer/src/services/video/LensVeoResilience.test.ts > Lens 🎥 - Veo 3.1 Resilience & Fallback Strategy > should proceed with generation (Resilience) when Temporal Context Analysis fails
[VideoGeneration] 🎬 generateVideo() called: {
  promptPreview: 'A cinematic shot of a cyberpunk city',
  model: 'veo-3.1-generate-preview',
  duration: 8,
  aspectRatio: undefined,
  hasFirstFrame: true,
  hasLastFrame: false,
  hasReferenceImages: false,
  userId: 'test-user-lens'
}

stdout | packages/renderer/src/services/video/LensVeoResilience.test.ts > Lens 🎥 - Veo 3.1 Resilience & Fallback Strategy > should proceed with generation (Resilience) when Temporal Context Analysis fails
[VideoGeneration] 🚀 Calling GenAI.generateVideo() with: {
  model: 'veo-3.1-generate-preview',
  promptLength: 36,
  hasImage: true,
  config: '{"aspectRatio":"16:9","durationSeconds":8}'
}
[MetadataPersistence] ✅ Saved video to users/test-user-lens/generated_videos/mock-doc

stdout | packages/renderer/src/services/video/LensVeoResilience.test.ts > Lens 🎥 - Veo 3.1 Resilience & Fallback Strategy > should proceed with generation (Fallback) when Quota Service fails
[VideoGeneration] 🎬 generateVideo() called: {
  promptPreview: 'A calm ocean view',
  model: 'veo-3.1-generate-preview',
  duration: 8,
  aspectRatio: undefined,
  hasFirstFrame: false,
  hasLastFrame: false,
  hasReferenceImages: false,
  userId: 'test-user-lens'
}

stderr | packages/renderer/src/services/video/LensVeoResilience.test.ts > Lens 🎥 - Veo 3.1 Resilience & Fallback Strategy > should proceed with generation (Fallback) when Quota Service fails
[VideoGeneration] Quota check failed: Error: Network Error
    at /Volumes/X SSD 2025/Users/narrowchannel/indiiOS-Clean/packages/renderer/src/services/video/LensVeoResilience.test.ts:130:50
    at file:///Volumes/X%20SSD%202025/Users/narrowchannel/indiiOS-Clean/node_modules/@vitest/runner/dist/chunk-artifact.js:302:11
    at file:///Volumes/X%20SSD%202025/Users/narrowchannel/indiiOS-Clean/node_modules/@vitest/runner/dist/chunk-artifact.js:1903:26
    at file:///Volumes/X%20SSD%202025/Users/narrowchannel/indiiOS-Clean/node_modules/@vitest/runner/dist/chunk-artifact.js:2326:20
    at new Promise (<anonymous>)
    at runWithCancel (file:///Volumes/X%20SSD%202025/Users/narrowchannel/indiiOS-Clean/node_modules/@vitest/runner/dist/chunk-artifact.js:2323:10)
    at file:///Volumes/X%20SSD%202025/Users/narrowchannel/indiiOS-Clean/node_modules/@vitest/runner/dist/chunk-artifact.js:2305:20
    at new Promise (<anonymous>)
    at runWithTimeout (file:///Volumes/X%20SSD%202025/Users/narrowchannel/indiiOS-Clean/node_modules/@vitest/runner/dist/chunk-artifact.js:2272:10)
    at file:///Volumes/X%20SSD%202025/Users/narrowchannel/indiiOS-Clean/node_modules/@vitest/runner/dist/chunk-artifact.js:2955:64

stdout | packages/renderer/src/services/video/LensVeoResilience.test.ts > Lens 🎥 - Veo 3.1 Resilience & Fallback Strategy > should proceed with generation (Fallback) when Quota Service fails
[VideoGeneration] 🚀 Calling GenAI.generateVideo() with: {
  model: 'veo-3.1-generate-preview',
  promptLength: 17,
  hasImage: false,
  config: '{"aspectRatio":"16:9","durationSeconds":8}'
}
[MetadataPersistence] ✅ Saved video to users/test-user-lens/generated_videos/mock-doc

stdout | packages/renderer/src/services/video/LensVeoResilience.test.ts > Lens 🎥 - Veo 3.1 Resilience & Fallback Strategy > should BLOCK generation when Quota is strictly exceeded
[VideoGeneration] 🎬 generateVideo() called: {
  promptPreview: 'Expensive video generation',
  model: 'veo-3.1-generate-preview',
  duration: 8,
  aspectRatio: undefined,
  hasFirstFrame: false,
  hasLastFrame: false,
  hasReferenceImages: false,
  userId: 'test-user-lens'
}

··stdout | packages/renderer/src/services/video/LensVeoResilience.test.ts > Lens 🎥 - Veo 3.1 Resilience & Fallback Strategy > should correctly enrich prompt with Veo 3.1 parameters even during Fallback
[VideoGeneration] 🎬 generateVideo() called: {
  promptPreview: 'A car chase',
  model: 'veo-3.1-generate-preview',
  duration: 8,
  aspectRatio: undefined,
  hasFirstFrame: false,
  hasLastFrame: false,
  hasReferenceImages: false,
  userId: 'test-user-lens'
}

stdout | packages/renderer/src/services/video/LensVeoResilience.test.ts > Lens 🎥 - Veo 3.1 Resilience & Fallback Strategy > should correctly enrich prompt with Veo 3.1 parameters even during Fallback
[VideoGeneration] 🚀 Calling GenAI.generateVideo() with: {
  model: 'veo-3.1-generate-preview',
  promptLength: 63,
  hasImage: false,
  config: '{"aspectRatio":"16:9","durationSeconds":8}'
}
[MetadataPersistence] ✅ Saved video to users/test-user-lens/generated_videos/mock-doc

stdout | packages/renderer/src/services/video/LensVeoResilience.test.ts > Lens 🎥 - Veo 3.1 Resilience & Fallback Strategy > should verify E2E pipeline: Trigger -> Wait -> Success with Veo 3.1 Metadata
[VideoGeneration] 🎬 generateVideo() called: {
  promptPreview: 'Test video',
  model: 'veo-3.1-generate-preview',
  duration: 8,
  aspectRatio: undefined,
  hasFirstFrame: false,
  hasLastFrame: false,
  hasReferenceImages: false,
  userId: 'test-user-lens'
}

stdout | packages/renderer/src/services/video/LensVeoResilience.test.ts > Lens 🎥 - Veo 3.1 Resilience & Fallback Strategy > should verify E2E pipeline: Trigger -> Wait -> Success with Veo 3.1 Metadata
[VideoGeneration] 🚀 Calling GenAI.generateVideo() with: {
  model: 'veo-3.1-generate-preview',
  promptLength: 10,
  hasImage: false,
  config: '{"aspectRatio":"16:9","durationSeconds":8}'
}
[MetadataPersistence] ✅ Saved video to users/test-user-lens/generated_videos/mock-doc

···(node:9283) Warning: `--localstorage-file` was provided without a valid path
(Use `node --trace-warnings ...` to show where the warning was created)
·(node:9291) Warning: `--localstorage-file` was provided without a valid path
(Use `node --trace-warnings ...` to show where the warning was created)
·····(node:9294) Warning: `--localstorage-file` was provided without a valid path
(Use `node --trace-warnings ...` to show where the warning was created)
·························(node:9288) Warning: `--localstorage-file` was provided without a valid path
(Use `node --trace-warnings ...` to show where the warning was created)
(node:9290) Warning: `--localstorage-file` was provided without a valid path
(Use `node --trace-warnings ...` to show where the warning was created)
(node:9299) Warning: `--localstorage-file` was provided without a valid path
(Use `node --trace-warnings ...` to show where the warning was created)
(node:9301) Warning: `--localstorage-file` was provided without a valid path
(Use `node --trace-warnings ...` to show where the warning was created)
(node:9303) Warning: `--localstorage-file` was provided without a valid path
(Use `node --trace-warnings ...` to show where the warning was created)
(node:9302) Warning: `--localstorage-file` was provided without a valid path
(Use `node --trace-warnings ...` to show where the warning was created)
(node:9296) Warning: `--localstorage-file` was provided without a valid path
(Use `node --trace-warnings ...` to show where the warning was created)
··(node:9300) Warning: `--localstorage-file` was provided without a valid path
(Use `node --trace-warnings ...` to show where the warning was created)
(node:9297) Warning: `--localstorage-file` was provided without a valid path
(Use `node --trace-warnings ...` to show where the warning was created)
(node:9310) Warning: `--localstorage-file` was provided without a valid path
(Use `node --trace-warnings ...` to show where the warning was created)
(node:9316) Warning: `--localstorage-file` was provided without a valid path
(Use `node --trace-warnings ...` to show where the warning was created)
···(node:9322) Warning: `--localstorage-file` was provided without a valid path
(Use `node --trace-warnings ...` to show where the warning was created)
(node:9311) Warning: `--localstorage-file` was provided without a valid path
(Use `node --trace-warnings ...` to show where the warning was created)
stdout | packages/renderer/src/hooks/useContextStack.test.ts > useContextStack > Stack Operations > should push context frame
[ContextStack] Pushed frame frame-1778018453309-8a8fpdow6 at depth 0 (0 tokens)

····(node:9321) Warning: `--localstorage-file` was provided without a valid path
(Use `node --trace-warnings ...` to show where the warning was created)
stderr | packages/renderer/src/core/store/slices/authSlice.test.ts > AuthSlice > loginAsGuest > should bypass disabled anonymous auth and mock user for founders demo
[Auth] Anonymous Auth blocked by Firebase. Injecting local mock user for Founders Demo.

stdout | packages/renderer/src/core/store/slices/authSlice.test.ts > AuthSlice > initializeAuthListener > should set user on state change
[Auth] Initializing Auth Listener...
[Auth] onAuthStateChanged fired. User: 123, lastKnownUser: null
[Auth] User went from null to valid — debouncing for 500ms to guard against rapid transitions...
[Auth] Confirmed login after debounce. Setting authLoading to false.
[Auth] onAuthStateChanged fired. User: null, lastKnownUser: 123
[Auth] User went null — debouncing for 500ms to guard against token refresh race...
[Auth] Confirmed logout after debounce.

stdout | packages/renderer/src/core/store/slices/authSlice.test.ts > AuthSlice > initializeAuthListener > should return early with authLoading=false when API key is fake
[Auth] Initializing Auth Listener...

stderr | packages/renderer/src/core/store/slices/authSlice.test.ts > AuthSlice > initializeAuthListener > should return early with authLoading=false when API key is fake
[Auth] No valid API Key found and not in E2E mode.

stdout | packages/renderer/src/core/store/slices/authSlice.test.ts > AuthSlice > initializeAuthListener > should timeout after 10s if onAuthStateChanged never fires
[Auth] Initializing Auth Listener...

stderr | packages/renderer/src/core/store/slices/authSlice.test.ts > AuthSlice > initializeAuthListener > should timeout after 10s if onAuthStateChanged never fires
[Auth] Auth listener timed out after 10s — falling through to login.

stdout | packages/renderer/src/core/store/slices/authSlice.test.ts > AuthSlice > initializeAuthListener > should cancel debounce if valid user arrives during debounce window
[Auth] Initializing Auth Listener...
[Auth] onAuthStateChanged fired. User: 123, lastKnownUser: null
[Auth] User went from null to valid — debouncing for 500ms to guard against rapid transitions...
[Auth] Confirmed login after debounce. Setting authLoading to false.
[Auth] onAuthStateChanged fired. User: null, lastKnownUser: 123
[Auth] User went null — debouncing for 500ms to guard against token refresh race...
[Auth] onAuthStateChanged fired. User: 123, lastKnownUser: 123
[Auth] Steady state reached. Setting authLoading to false. User: 123

································(node:9306) Warning: `--localstorage-file` was provided without a valid path
(Use `node --trace-warnings ...` to show where the warning was created)
(node:9320) Warning: `--localstorage-file` was provided without a valid path
(Use `node --trace-warnings ...` to show where the warning was created)
(node:9319) Warning: `--localstorage-file` was provided without a valid path
(Use `node --trace-warnings ...` to show where the warning was created)
stdout | packages/renderer/src/hooks/useContextStack.test.ts > useContextStack > Stack Operations > should clear context
[ContextStack] Pushed frame frame-1778018453458-puq4kgn92 at depth 1 (0 tokens)
[ContextStack] Cleared all frames

·········stdout | packages/firebase/src/__tests__/video_generation_pipeline.test.ts > Video Generation Pipeline (Lens) > 🎥 Happy Path: Generates video and saves metadata contract
[Inngest] Starting video generation for Job: job-123 (Thinking: false)
[Inngest] Updating status to processing for job-123

stdout | packages/firebase/src/__tests__/video_generation_pipeline.test.ts > Video Generation Pipeline (Lens) > 🎥 Happy Path: Generates video and saves metadata contract
[Inngest] Status updated to processing for job-123

stdout | packages/firebase/src/__tests__/video_generation_pipeline.test.ts > Video Generation Pipeline (Lens) > 🎥 Happy Path: Generates video and saves metadata contract
[Inngest] Operation started: operations/123

stdout | packages/firebase/src/__tests__/video_generation_pipeline.test.ts > Video Generation Pipeline (Lens) > 🎥 Happy Path: Generates video and saves metadata contract
[Inngest] Final Result from Google AI: {
  "done": true,
  "response": {
    "generateVideoResponse": {
      "generatedSamples": [
        {
          "video": {
            "uri": "https://veo.google/video.mp4"
          }
        }
      ]
    }
  }
}
[Inngest] Found video URI: https://veo.google/video.mp4

stdout | packages/firebase/src/__tests__/video_generation_pipeline.test.ts > Video Generation Pipeline (Lens) > 🎥 Handles "9:16" aspect ratio correctly in metadata
[Inngest] Starting video generation for Job: job-123 (Thinking: false)
[Inngest] Updating status to processing for job-123

stdout | packages/firebase/src/__tests__/video_generation_pipeline.test.ts > Video Generation Pipeline (Lens) > 🎥 Handles "9:16" aspect ratio correctly in metadata
[Inngest] Status updated to processing for job-123

stdout | packages/firebase/src/__tests__/video_generation_pipeline.test.ts > Video Generation Pipeline (Lens) > 🎥 Handles "9:16" aspect ratio correctly in metadata
[Inngest] Operation started: operations/123

stdout | packages/firebase/src/__tests__/video_generation_pipeline.test.ts > Video Generation Pipeline (Lens) > 🎥 Handles "9:16" aspect ratio correctly in metadata
[Inngest] Final Result from Google AI: {
  "done": true,
  "response": {
    "generateVideoResponse": {
      "generatedSamples": [
        {
          "video": {
            "uri": "https://veo.google/video.mp4"
          }
        }
      ]
    }
  }
}
[Inngest] Found video URI: https://veo.google/video.mp4

stdout | packages/firebase/src/__tests__/video_generation_pipeline.test.ts > Video Generation Pipeline (Lens) > ⚡ Flash vs Pro: Verify polling mechanism handles delays
[Inngest] Starting video generation for Job: job-123 (Thinking: false)
[Inngest] Updating status to processing for job-123

stdout | packages/firebase/src/__tests__/video_generation_pipeline.test.ts > Video Generation Pipeline (Lens) > ⚡ Flash vs Pro: Verify polling mechanism handles delays
[Inngest] Status updated to processing for job-123

stdout | packages/firebase/src/__tests__/video_generation_pipeline.test.ts > Video Generation Pipeline (Lens) > ⚡ Flash vs Pro: Verify polling mechanism handles delays
[Inngest] Operation started: operations/slow

stdout | packages/firebase/src/__tests__/video_generation_pipeline.test.ts > Video Generation Pipeline (Lens) > ⚡ Flash vs Pro: Verify polling mechanism handles delays
[Inngest] Final Result from Google AI: {
  "done": true,
  "response": {
    "generateVideoResponse": {
      "generatedSamples": [
        {
          "video": {
            "uri": "https://veo.google/slow.mp4"
          }
        }
      ]
    }
  }
}
[Inngest] Found video URI: https://veo.google/slow.mp4

stdout | packages/firebase/src/__tests__/video_generation_pipeline.test.ts > Video Generation Pipeline (Lens) > 🛑 Handles API Error Gracefully
[Inngest] Starting video generation for Job: job-123 (Thinking: false)
[Inngest] Updating status to processing for job-123

stdout | packages/firebase/src/__tests__/video_generation_pipeline.test.ts > Video Generation Pipeline (Lens) > 🛑 Handles API Error Gracefully
[Inngest] Status updated to processing for job-123

stderr | packages/firebase/src/__tests__/video_generation_pipeline.test.ts > Video Generation Pipeline (Lens) > 🛑 Handles API Error Gracefully
[Inngest] Error in Video Generation (job-123): Error: Vertex AI Trigger Error: 500 Internal Server Error
    at /Volumes/X SSD 2025/Users/narrowchannel/indiiOS-Clean/packages/firebase/src/lib/video_generation.ts:260:27
    at processTicksAndRejections (node:internal/process/task_queues:104:5)
    at Object.run (/Volumes/X SSD 2025/Users/narrowchannel/indiiOS-Clean/packages/firebase/src/__tests__/video_generation_pipeline.test.ts:89:24)
    at /Volumes/X SSD 2025/Users/narrowchannel/indiiOS-Clean/packages/firebase/src/lib/video_generation.ts:62:31
    at /Volumes/X SSD 2025/Users/narrowchannel/indiiOS-Clean/packages/firebase/src/__tests__/video_generation_pipeline.test.ts:228:9
    at file:///Volumes/X%20SSD%202025/Users/narrowchannel/indiiOS-Clean/node_modules/@vitest/runner/dist/chunk-artifact.js:1903:20

stdout | packages/firebase/src/__tests__/video_generation_pipeline.test.ts > Video Generation Pipeline (Lens) > 🛑 Handles "SafetySettings" or Policy Violation
[Inngest] Starting video generation for Job: job-123 (Thinking: false)
[Inngest] Updating status to processing for job-123

stdout | packages/firebase/src/__tests__/video_generation_pipeline.test.ts > Video Generation Pipeline (Lens) > 🛑 Handles "SafetySettings" or Policy Violation
[Inngest] Status updated to processing for job-123

stdout | packages/firebase/src/__tests__/video_generation_pipeline.test.ts > Video Generation Pipeline (Lens) > 🛑 Handles "SafetySettings" or Policy Violation
[Inngest] Operation started: operations/unsafe

stdout | packages/firebase/src/__tests__/video_generation_pipeline.test.ts > Video Generation Pipeline (Lens) > 🛑 Handles "SafetySettings" or Policy Violation
[Inngest] Final Result from Google AI: {
  "done": true,
  "response": {
    "generateVideoResponse": {
      "generatedSamples": []
    }
  }
}

stderr | packages/firebase/src/__tests__/video_generation_pipeline.test.ts > Video Generation Pipeline (Lens) > 🛑 Handles "SafetySettings" or Policy Violation
[Inngest] Error in Video Generation (job-123): Error: No video data or URI/generatedSamples found in operation response: {"generateVideoResponse":{"generatedSamples":[]}}
    at /Volumes/X SSD 2025/Users/narrowchannel/indiiOS-Clean/packages/firebase/src/lib/video_generation.ts:417:23
    at Object.run (/Volumes/X SSD 2025/Users/narrowchannel/indiiOS-Clean/packages/firebase/src/__tests__/video_generation_pipeline.test.ts:89:30)
    at /Volumes/X SSD 2025/Users/narrowchannel/indiiOS-Clean/packages/firebase/src/lib/video_generation.ts:333:55
    at processTicksAndRejections (node:internal/process/task_queues:104:5)
    at /Volumes/X SSD 2025/Users/narrowchannel/indiiOS-Clean/packages/firebase/src/__tests__/video_generation_pipeline.test.ts:258:9
    at file:///Volumes/X%20SSD%202025/Users/narrowchannel/indiiOS-Clean/node_modules/@vitest/runner/dist/chunk-artifact.js:1903:20

·····(node:9318) Warning: `--localstorage-file` was provided without a valid path
(Use `node --trace-warnings ...` to show where the warning was created)
stderr | packages/renderer/src/tests/features/video-gen.test.ts > VideoTools Feature > generate_video > should handle generation failures gracefully
[Tool:generate_video] execution failed: Error: API Error
    at /Volumes/X SSD 2025/Users/narrowchannel/indiiOS-Clean/packages/renderer/src/tests/features/video-gen.test.ts:121:65
    at file:///Volumes/X%20SSD%202025/Users/narrowchannel/indiiOS-Clean/node_modules/@vitest/runner/dist/chunk-artifact.js:302:11
    at file:///Volumes/X%20SSD%202025/Users/narrowchannel/indiiOS-Clean/node_modules/@vitest/runner/dist/chunk-artifact.js:1903:26
    at file:///Volumes/X%20SSD%202025/Users/narrowchannel/indiiOS-Clean/node_modules/@vitest/runner/dist/chunk-artifact.js:2326:20
    at new Promise (<anonymous>)
    at runWithCancel (file:///Volumes/X%20SSD%202025/Users/narrowchannel/indiiOS-Clean/node_modules/@vitest/runner/dist/chunk-artifact.js:2323:10)
    at file:///Volumes/X%20SSD%202025/Users/narrowchannel/indiiOS-Clean/node_modules/@vitest/runner/dist/chunk-artifact.js:2305:20
    at new Promise (<anonymous>)
    at runWithTimeout (file:///Volumes/X%20SSD%202025/Users/narrowchannel/indiiOS-Clean/node_modules/@vitest/runner/dist/chunk-artifact.js:2272:10)
    at file:///Volumes/X%20SSD%202025/Users/narrowchannel/indiiOS-Clean/node_modules/@vitest/runner/dist/chunk-artifact.js:2955:64

·····stderr | packages/main/src/handlers/agent_security.test.ts > 🛡️ Shield: Agent IPC Security Test > should BLOCK navigation to Localhost (SSRF)
18:00:53.582 › Agent Navigate Failed: ZodError: [
  {
    "code": "custom",
    "message": "Invalid URL: Must be a public HTTP/HTTPS URL. Local/Private IPs are blocked.",
    "path": [
      "url"
    ]
  }
]
    at Object.get error [as error] (file:///Volumes/X%20SSD%202025/Users/narrowchannel/indiiOS-Clean/node_modules/zod/v3/types.js:39:31)
    at ZodObject.parse (file:///Volumes/X%20SSD%202025/Users/narrowchannel/indiiOS-Clean/node_modules/zod/v3/types.js:114:22)
    at /Volumes/X SSD 2025/Users/narrowchannel/indiiOS-Clean/packages/main/src/handlers/agent.ts:86:55
    at invokeHandler (/Volumes/X SSD 2025/Users/narrowchannel/indiiOS-Clean/packages/main/src/handlers/agent_security.test.ts:109:16)
    at /Volumes/X SSD 2025/Users/narrowchannel/indiiOS-Clean/packages/main/src/handlers/agent_security.test.ts:113:30
    at file:///Volumes/X%20SSD%202025/Users/narrowchannel/indiiOS-Clean/node_modules/@vitest/runner/dist/chunk-artifact.js:302:11
    at file:///Volumes/X%20SSD%202025/Users/narrowchannel/indiiOS-Clean/node_modules/@vitest/runner/dist/chunk-artifact.js:1903:26
    at file:///Volumes/X%20SSD%202025/Users/narrowchannel/indiiOS-Clean/node_modules/@vitest/runner/dist/chunk-artifact.js:2326:20
    at new Promise (<anonymous>)
    at runWithCancel (file:///Volumes/X%20SSD%202025/Users/narrowchannel/indiiOS-Clean/node_modules/@vitest/runner/dist/chunk-artifact.js:2323:10)

stderr | packages/main/src/handlers/agent_security.test.ts > 🛡️ Shield: Agent IPC Security Test > should BLOCK navigation to Private IPs (127.0.0.1)
18:00:53.592 › Agent Navigate Failed: ZodError: [
  {
    "code": "custom",
    "message": "Invalid URL: Must be a public HTTP/HTTPS URL. Local/Private IPs are blocked.",
    "path": [
      "url"
    ]
  }
]
    at Object.get error [as error] (file:///Volumes/X%20SSD%202025/Users/narrowchannel/indiiOS-Clean/node_modules/zod/v3/types.js:39:31)
    at ZodObject.parse (file:///Volumes/X%20SSD%202025/Users/narrowchannel/indiiOS-Clean/node_modules/zod/v3/types.js:114:22)
    at /Volumes/X SSD 2025/Users/narrowchannel/indiiOS-Clean/packages/main/src/handlers/agent.ts:86:55
    at invokeHandler (/Volumes/X SSD 2025/Users/narrowchannel/indiiOS-Clean/packages/main/src/handlers/agent_security.test.ts:109:16)
    at /Volumes/X SSD 2025/Users/narrowchannel/indiiOS-Clean/packages/main/src/handlers/agent_security.test.ts:121:30
    at file:///Volumes/X%20SSD%202025/Users/narrowchannel/indiiOS-Clean/node_modules/@vitest/runner/dist/chunk-artifact.js:302:11
    at file:///Volumes/X%20SSD%202025/Users/narrowchannel/indiiOS-Clean/node_modules/@vitest/runner/dist/chunk-artifact.js:1903:26
    at file:///Volumes/X%20SSD%202025/Users/narrowchannel/indiiOS-Clean/node_modules/@vitest/runner/dist/chunk-artifact.js:2326:20
    at new Promise (<anonymous>)
    at runWithCancel (file:///Volumes/X%20SSD%202025/Users/narrowchannel/indiiOS-Clean/node_modules/@vitest/runner/dist/chunk-artifact.js:2323:10)

·stderr | packages/main/src/handlers/agent_security.test.ts > 🛡️ Shield: Agent IPC Security Test > should BLOCK navigation to Cloud Metadata (AWS)
18:00:53.667 › Agent Navigate Failed: ZodError: [
  {
    "code": "custom",
    "message": "Invalid URL: Must be a public HTTP/HTTPS URL. Local/Private IPs are blocked.",
    "path": [
      "url"
    ]
  }
]
    at Object.get error [as error] (file:///Volumes/X%20SSD%202025/Users/narrowchannel/indiiOS-Clean/node_modules/zod/v3/types.js:39:31)
    at ZodObject.parse (file:///Volumes/X%20SSD%202025/Users/narrowchannel/indiiOS-Clean/node_modules/zod/v3/types.js:114:22)
    at /Volumes/X SSD 2025/Users/narrowchannel/indiiOS-Clean/packages/main/src/handlers/agent.ts:86:55
    at invokeHandler (/Volumes/X SSD 2025/Users/narrowchannel/indiiOS-Clean/packages/main/src/handlers/agent_security.test.ts:109:16)
    at /Volumes/X SSD 2025/Users/narrowchannel/indiiOS-Clean/packages/main/src/handlers/agent_security.test.ts:128:30
    at file:///Volumes/X%20SSD%202025/Users/narrowchannel/indiiOS-Clean/node_modules/@vitest/runner/dist/chunk-artifact.js:302:11
    at file:///Volumes/X%20SSD%202025/Users/narrowchannel/indiiOS-Clean/node_modules/@vitest/runner/dist/chunk-artifact.js:1903:26
    at file:///Volumes/X%20SSD%202025/Users/narrowchannel/indiiOS-Clean/node_modules/@vitest/runner/dist/chunk-artifact.js:2326:20
    at new Promise (<anonymous>)
    at runWithCancel (file:///Volumes/X%20SSD%202025/Users/narrowchannel/indiiOS-Clean/node_modules/@vitest/runner/dist/chunk-artifact.js:2323:10)

stderr | packages/main/src/handlers/agent_security.test.ts > 🛡️ Shield: Agent IPC Security Test > should BLOCK navigation to Domains resolving to Private IPs (DNS Rebinding)
18:00:53.670 › Agent Navigate Failed: Error: Security Violation: Domain 'internal.corp' resolves to private IP 10.0.0.5.
    at validateSafeHostAsync (/Volumes/X SSD 2025/Users/narrowchannel/indiiOS-Clean/packages/main/src/utils/network-security.ts:155:23)
    at processTicksAndRejections (node:internal/process/task_queues:104:5)
    at validateSafeUrlAsync (/Volumes/X SSD 2025/Users/narrowchannel/indiiOS-Clean/packages/main/src/utils/network-security.ts:184:5)
    at /Volumes/X SSD 2025/Users/narrowchannel/indiiOS-Clean/packages/main/src/handlers/agent.ts:89:17

stderr | packages/main/src/handlers/agent_security.test.ts > 🛡️ Shield: Agent IPC Security Test > should BLOCK malicious protocols (file://)
18:00:53.680 › Agent Navigate Failed: ZodError: [
  {
    "code": "custom",
    "message": "Invalid URL: Must be a public HTTP/HTTPS URL. Local/Private IPs are blocked.",
    "path": [
      "url"
    ]
  }
]
    at Object.get error [as error] (file:///Volumes/X%20SSD%202025/Users/narrowchannel/indiiOS-Clean/node_modules/zod/v3/types.js:39:31)
    at ZodObject.parse (file:///Volumes/X%20SSD%202025/Users/narrowchannel/indiiOS-Clean/node_modules/zod/v3/types.js:114:22)
    at /Volumes/X SSD 2025/Users/narrowchannel/indiiOS-Clean/packages/main/src/handlers/agent.ts:86:55
    at invokeHandler (/Volumes/X SSD 2025/Users/narrowchannel/indiiOS-Clean/packages/main/src/handlers/agent_security.test.ts:109:16)
    at /Volumes/X SSD 2025/Users/narrowchannel/indiiOS-Clean/packages/main/src/handlers/agent_security.test.ts:151:30
    at file:///Volumes/X%20SSD%202025/Users/narrowchannel/indiiOS-Clean/node_modules/@vitest/runner/dist/chunk-artifact.js:302:11
    at file:///Volumes/X%20SSD%202025/Users/narrowchannel/indiiOS-Clean/node_modules/@vitest/runner/dist/chunk-artifact.js:1903:26
    at file:///Volumes/X%20SSD%202025/Users/narrowchannel/indiiOS-Clean/node_modules/@vitest/runner/dist/chunk-artifact.js:2326:20
    at new Promise (<anonymous>)
    at runWithCancel (file:///Volumes/X%20SSD%202025/Users/narrowchannel/indiiOS-Clean/node_modules/@vitest/runner/dist/chunk-artifact.js:2323:10)

····stderr | packages/main/src/handlers/distribution.security.test.ts > 🛡️ Shield: Distribution Security Test > should BLOCK Path Traversal when staging files (Sandbox Escape)
18:00:53.532 › [Distribution] Stage release failed: ZodError: File name must not contain path traversal characters
    at Object.<anonymous> (/Volumes/X SSD 2025/Users/narrowchannel/indiiOS-Clean/packages/main/src/handlers/distribution.security.test.ts:140:25)
    at Object.Mock [as parse] (file:///Volumes/X%20SSD%202025/Users/narrowchannel/indiiOS-Clean/node_modules/@vitest/spy/dist/index.js:332:34)
    at /Volumes/X SSD 2025/Users/narrowchannel/indiiOS-Clean/packages/main/src/handlers/distribution.ts:41:62
    at invoke (/Volumes/X SSD 2025/Users/narrowchannel/indiiOS-Clean/packages/main/src/handlers/distribution.security.test.ts:132:16)
    at /Volumes/X SSD 2025/Users/narrowchannel/indiiOS-Clean/packages/main/src/handlers/distribution.security.test.ts:150:30
    at processTicksAndRejections (node:internal/process/task_queues:104:5)
    at file:///Volumes/X%20SSD%202025/Users/narrowchannel/indiiOS-Clean/node_modules/@vitest/runner/dist/chunk-artifact.js:1903:20

stderr | packages/main/src/handlers/distribution.security.test.ts > 🛡️ Shield: Distribution Security Test > should BLOCK Absolute Path Injection (Sandbox Escape)
18:00:53.579 › [Distribution] Stage release failed: ZodError: File name must not contain path traversal characters
    at Object.<anonymous> (/Volumes/X SSD 2025/Users/narrowchannel/indiiOS-Clean/packages/main/src/handlers/distribution.security.test.ts:160:25)
    at Object.Mock [as parse] (file:///Volumes/X%20SSD%202025/Users/narrowchannel/indiiOS-Clean/node_modules/@vitest/spy/dist/index.js:332:34)
    at /Volumes/X SSD 2025/Users/narrowchannel/indiiOS-Clean/packages/main/src/handlers/distribution.ts:41:62
    at invoke (/Volumes/X SSD 2025/Users/narrowchannel/indiiOS-Clean/packages/main/src/handlers/distribution.security.test.ts:132:16)
    at /Volumes/X SSD 2025/Users/narrowchannel/indiiOS-Clean/packages/main/src/handlers/distribution.security.test.ts:171:30
    at processTicksAndRejections (node:internal/process/task_queues:104:5)
    at file:///Volumes/X%20SSD%202025/Users/narrowchannel/indiiOS-Clean/node_modules/@vitest/runner/dist/chunk-artifact.js:1903:20

stderr | packages/main/src/handlers/distribution.security.test.ts > 🛡️ Shield: Distribution Security Test > should BLOCK LFI (Local File Inclusion) from system paths
18:00:53.580 › [Distribution] Stage release failed: Error: Security Violation: Access to /etc/passwd is denied. File was not authorized by user.
    at /Volumes/X SSD 2025/Users/narrowchannel/indiiOS-Clean/packages/main/src/handlers/distribution.ts:89:31
    at processTicksAndRejections (node:internal/process/task_queues:104:5)
    at /Volumes/X SSD 2025/Users/narrowchannel/indiiOS-Clean/packages/main/src/handlers/distribution.security.test.ts:199:24
    at file:///Volumes/X%20SSD%202025/Users/narrowchannel/indiiOS-Clean/node_modules/@vitest/runner/dist/chunk-artifact.js:1903:20

stderr | packages/main/src/handlers/distribution.security.test.ts > 🛡️ Shield: Distribution Security Test > should BLOCK Symlink Attack (Bypass via valid extension)
18:00:53.582 › [Distribution] Stage release failed: Error: Security Violation: Access to /Users/alice/music/song.wav is denied. File was not authorized by user.
    at /Volumes/X SSD 2025/Users/narrowchannel/indiiOS-Clean/packages/main/src/handlers/distribution.ts:89:31
    at processTicksAndRejections (node:internal/process/task_queues:104:5)
    at /Volumes/X SSD 2025/Users/narrowchannel/indiiOS-Clean/packages/main/src/handlers/distribution.security.test.ts:227:24
    at file:///Volumes/X%20SSD%202025/Users/narrowchannel/indiiOS-Clean/node_modules/@vitest/runner/dist/chunk-artifact.js:1903:20

stdout | packages/main/src/handlers/distribution.security.test.ts > 🛡️ Shield: Distribution Security Test > should ALLOW safe file staging via path
18:00:53.584 › [Distribution] Staged release 123e4567-e89b-12d3-a456-426614174000 at /mock/tmp/indiiOS-releases/123e4567-e89b-12d3-a456-426614174000

stdout | packages/main/src/handlers/distribution.security.test.ts > 🛡️ Shield: Distribution Security Test > should ALLOW safe file staging via content
18:00:53.585 › [Distribution] Staged release 123e4567-e89b-12d3-a456-426614174000 at /mock/tmp/indiiOS-releases/123e4567-e89b-12d3-a456-426614174000

stderr | packages/main/src/handlers/distribution.security.test.ts > 🛡️ Shield: Distribution Security Test > should BLOCK Path Traversal in package-itmsp
18:00:53.586 › [Distribution] Packaging failed: Error: Security Error: Invalid releaseId format. Must be a UUID.
    at /Volumes/X SSD 2025/Users/narrowchannel/indiiOS-Clean/packages/main/src/handlers/distribution.ts:142:23
    at invoke (/Volumes/X SSD 2025/Users/narrowchannel/indiiOS-Clean/packages/main/src/handlers/distribution.security.test.ts:132:16)
    at /Volumes/X SSD 2025/Users/narrowchannel/indiiOS-Clean/packages/main/src/handlers/distribution.security.test.ts:282:30
    at file:///Volumes/X%20SSD%202025/Users/narrowchannel/indiiOS-Clean/node_modules/@vitest/runner/dist/chunk-artifact.js:302:11
    at file:///Volumes/X%20SSD%202025/Users/narrowchannel/indiiOS-Clean/node_modules/@vitest/runner/dist/chunk-artifact.js:1903:26
    at file:///Volumes/X%20SSD%202025/Users/narrowchannel/indiiOS-Clean/node_modules/@vitest/runner/dist/chunk-artifact.js:2326:20
    at new Promise (<anonymous>)
    at runWithCancel (file:///Volumes/X%20SSD%202025/Users/narrowchannel/indiiOS-Clean/node_modules/@vitest/runner/dist/chunk-artifact.js:2323:10)
    at file:///Volumes/X%20SSD%202025/Users/narrowchannel/indiiOS-Clean/node_modules/@vitest/runner/dist/chunk-artifact.js:2305:20
    at new Promise (<anonymous>)

·······(node:9317) Warning: `--localstorage-file` was provided without a valid path
(Use `node --trace-warnings ...` to show where the warning was created)
(node:9313) Warning: `--localstorage-file` was provided without a valid path
(Use `node --trace-warnings ...` to show where the warning was created)
stdout | packages/main/src/handlers/audio_security.test.ts
18:00:53.710 › [AudioHandler] FFmpeg path set to: /Volumes/X SSD 2025/Users/narrowchannel/indiiOS-Clean/node_modules/ffmpeg-static/ffmpeg
18:00:53.714 › [AudioHandler] FFprobe path set to: /Volumes/X SSD 2025/Users/narrowchannel/indiiOS-Clean/node_modules/ffprobe-static/bin/darwin/arm64/ffprobe

····stdout | packages/main/src/handlers/audio_security.test.ts > 🛡️ Shield: Audio Analysis Security > should BLOCK Path Traversal attempting to analyze system files
18:00:53.720 › Audio analysis requested for: ../../etc/passwd.mp3

stderr | packages/main/src/handlers/audio_security.test.ts > 🛡️ Shield: Audio Analysis Security > should BLOCK Path Traversal attempting to analyze system files
18:00:53.721 › Audio analysis failed: ZodError: [
  {
    "code": "custom",
    "message": "Invalid audio file path (Traversal detected or unsupported extension)",
    "path": []
  }
]
    at Object.get error [as error] (file:///Volumes/X%20SSD%202025/Users/narrowchannel/indiiOS-Clean/node_modules/zod/v3/types.js:39:31)
    at ZodEffects.parse (file:///Volumes/X%20SSD%202025/Users/narrowchannel/indiiOS-Clean/node_modules/zod/v3/types.js:114:22)
    at /Volumes/X SSD 2025/Users/narrowchannel/indiiOS-Clean/packages/main/src/handlers/audio.ts:58:48
    at invokeHandler (/Volumes/X SSD 2025/Users/narrowchannel/indiiOS-Clean/packages/main/src/handlers/audio_security.test.ts:106:16)
    at /Volumes/X SSD 2025/Users/narrowchannel/indiiOS-Clean/packages/main/src/handlers/audio_security.test.ts:114:30
    at file:///Volumes/X%20SSD%202025/Users/narrowchannel/indiiOS-Clean/node_modules/@vitest/runner/dist/chunk-artifact.js:302:11
    at file:///Volumes/X%20SSD%202025/Users/narrowchannel/indiiOS-Clean/node_modules/@vitest/runner/dist/chunk-artifact.js:1903:26
    at file:///Volumes/X%20SSD%202025/Users/narrowchannel/indiiOS-Clean/node_modules/@vitest/runner/dist/chunk-artifact.js:2326:20
    at new Promise (<anonymous>)
    at runWithCancel (file:///Volumes/X%20SSD%202025/Users/narrowchannel/indiiOS-Clean/node_modules/@vitest/runner/dist/chunk-artifact.js:2323:10)

stdout | packages/main/src/handlers/audio_security.test.ts > 🛡️ Shield: Audio Analysis Security > should BLOCK Path Traversal with encoded characters (Basic)
18:00:53.731 › Audio analysis requested for: /tmp/../etc/shadow.wav

stderr | packages/main/src/handlers/audio_security.test.ts > 🛡️ Shield: Audio Analysis Security > should BLOCK Path Traversal with encoded characters (Basic)
18:00:53.732 › Audio analysis failed: ZodError: [
  {
    "code": "custom",
    "message": "Invalid audio file path (Traversal detected or unsupported extension)",
    "path": []
  }
]
    at Object.get error [as error] (file:///Volumes/X%20SSD%202025/Users/narrowchannel/indiiOS-Clean/node_modules/zod/v3/types.js:39:31)
    at ZodEffects.parse (file:///Volumes/X%20SSD%202025/Users/narrowchannel/indiiOS-Clean/node_modules/zod/v3/types.js:114:22)
    at /Volumes/X SSD 2025/Users/narrowchannel/indiiOS-Clean/packages/main/src/handlers/audio.ts:58:48
    at invokeHandler (/Volumes/X SSD 2025/Users/narrowchannel/indiiOS-Clean/packages/main/src/handlers/audio_security.test.ts:106:16)
    at /Volumes/X SSD 2025/Users/narrowchannel/indiiOS-Clean/packages/main/src/handlers/audio_security.test.ts:126:30
    at file:///Volumes/X%20SSD%202025/Users/narrowchannel/indiiOS-Clean/node_modules/@vitest/runner/dist/chunk-artifact.js:302:11
    at file:///Volumes/X%20SSD%202025/Users/narrowchannel/indiiOS-Clean/node_modules/@vitest/runner/dist/chunk-artifact.js:1903:26
    at file:///Volumes/X%20SSD%202025/Users/narrowchannel/indiiOS-Clean/node_modules/@vitest/runner/dist/chunk-artifact.js:2326:20
    at new Promise (<anonymous>)
    at runWithCancel (file:///Volumes/X%20SSD%202025/Users/narrowchannel/indiiOS-Clean/node_modules/@vitest/runner/dist/chunk-artifact.js:2323:10)

stdout | packages/main/src/handlers/audio_security.test.ts > 🛡️ Shield: Audio Analysis Security > should BLOCK unsupported file types (e.g. executables)
18:00:53.733 › Audio analysis requested for: /tmp/malware.exe

stderr | packages/main/src/handlers/audio_security.test.ts > 🛡️ Shield: Audio Analysis Security > should BLOCK unsupported file types (e.g. executables)
18:00:53.733 › Audio analysis failed: ZodError: [
  {
    "code": "custom",
    "message": "Invalid audio file path (Traversal detected or unsupported extension)",
    "path": []
  }
]
    at Object.get error [as error] (file:///Volumes/X%20SSD%202025/Users/narrowchannel/indiiOS-Clean/node_modules/zod/v3/types.js:39:31)
    at ZodEffects.parse (file:///Volumes/X%20SSD%202025/Users/narrowchannel/indiiOS-Clean/node_modules/zod/v3/types.js:114:22)
    at /Volumes/X SSD 2025/Users/narrowchannel/indiiOS-Clean/packages/main/src/handlers/audio.ts:58:48
    at invokeHandler (/Volumes/X SSD 2025/Users/narrowchannel/indiiOS-Clean/packages/main/src/handlers/audio_security.test.ts:106:16)
    at /Volumes/X SSD 2025/Users/narrowchannel/indiiOS-Clean/packages/main/src/handlers/audio_security.test.ts:137:30
    at file:///Volumes/X%20SSD%202025/Users/narrowchannel/indiiOS-Clean/node_modules/@vitest/runner/dist/chunk-artifact.js:302:11
    at file:///Volumes/X%20SSD%202025/Users/narrowchannel/indiiOS-Clean/node_modules/@vitest/runner/dist/chunk-artifact.js:1903:26
    at file:///Volumes/X%20SSD%202025/Users/narrowchannel/indiiOS-Clean/node_modules/@vitest/runner/dist/chunk-artifact.js:2326:20
    at new Promise (<anonymous>)
    at runWithCancel (file:///Volumes/X%20SSD%202025/Users/narrowchannel/indiiOS-Clean/node_modules/@vitest/runner/dist/chunk-artifact.js:2323:10)

stdout | packages/main/src/handlers/audio_security.test.ts > 🛡️ Shield: Audio Analysis Security > should ALLOW valid audio files in safe paths
18:00:53.734 › Audio analysis requested for: /Users/jules/Music/song.mp3

stdout | packages/main/src/handlers/audio_security.test.ts > 🛡️ Shield: Audio Analysis Security > should ALLOW valid audio files in safe paths
18:00:53.735 › Analysis Complete. Hash: mock-has...

stdout | packages/main/src/handlers/audio_security.test.ts > 🛡️ Shield: Audio Analysis Security > should BLOCK execution from untrusted IPC sender (e.g. Web)
18:00:53.736 › Audio analysis requested for: /tmp/song.mp3

stderr | packages/main/src/handlers/audio_security.test.ts > 🛡️ Shield: Audio Analysis Security > should BLOCK execution from untrusted IPC sender (e.g. Web)
18:00:53.736 › Audio analysis failed: Error: Security: Unauthorized sender URL: https://evil.com/exploit.html
    at validateSender (/Volumes/X SSD 2025/Users/narrowchannel/indiiOS-Clean/packages/main/src/utils/ipc-security.ts:62:11)
    at /Volumes/X SSD 2025/Users/narrowchannel/indiiOS-Clean/packages/main/src/handlers/audio.ts:56:13
    at /Volumes/X SSD 2025/Users/narrowchannel/indiiOS-Clean/packages/main/src/handlers/audio_security.test.ts:184:22
    at file:///Volumes/X%20SSD%202025/Users/narrowchannel/indiiOS-Clean/node_modules/@vitest/runner/dist/chunk-artifact.js:302:11
    at file:///Volumes/X%20SSD%202025/Users/narrowchannel/indiiOS-Clean/node_modules/@vitest/runner/dist/chunk-artifact.js:1903:26
    at file:///Volumes/X%20SSD%202025/Users/narrowchannel/indiiOS-Clean/node_modules/@vitest/runner/dist/chunk-artifact.js:2326:20
    at new Promise (<anonymous>)
    at runWithCancel (file:///Volumes/X%20SSD%202025/Users/narrowchannel/indiiOS-Clean/node_modules/@vitest/runner/dist/chunk-artifact.js:2323:10)
    at file:///Volumes/X%20SSD%202025/Users/narrowchannel/indiiOS-Clean/node_modules/@vitest/runner/dist/chunk-artifact.js:2305:20
    at new Promise (<anonymous>)

································stdout | packages/renderer/src/core/store/slices/__tests__/agentCanvasSlice.test.ts > agentCanvasSlice > pushCanvas > should push a panel and open the canvas
[AgentCanvasSlice] Canvas push: "Test Panel" (markdown) from conductor

stdout | packages/renderer/src/core/store/slices/__tests__/agentCanvasSlice.test.ts > agentCanvasSlice > pushCanvas > should accumulate multiple panels
[AgentCanvasSlice] Canvas push: "Test Panel" (markdown) from conductor
[AgentCanvasSlice] Canvas push: "Test Panel" (markdown) from conductor
[AgentCanvasSlice] Canvas push: "Test Panel" (markdown) from conductor

stdout | packages/renderer/src/core/store/slices/__tests__/agentCanvasSlice.test.ts > agentCanvasSlice > clearCanvas > should remove all panels and close canvas
[AgentCanvasSlice] Canvas push: "Test Panel" (markdown) from conductor
[AgentCanvasSlice] Canvas push: "Test Panel" (markdown) from conductor
[AgentCanvasSlice] Clearing all canvas panels

stdout | packages/renderer/src/core/store/slices/__tests__/agentCanvasSlice.test.ts > agentCanvasSlice > removePanel > should remove a specific panel by ID
[AgentCanvasSlice] Canvas push: "Test Panel" (markdown) from conductor
[AgentCanvasSlice] Canvas push: "Test Panel" (markdown) from conductor

stdout | packages/renderer/src/core/store/slices/__tests__/agentCanvasSlice.test.ts > agentCanvasSlice > removePanel > should close canvas when last panel is removed
[AgentCanvasSlice] Canvas push: "Test Panel" (markdown) from conductor

stdout | packages/renderer/src/services/agent/AlwaysOnMemoryEngine.test.ts > AlwaysOnMemoryEngine > should instantiate successfully
[AlwaysOnMemoryEngine] Stopped.

stdout | packages/renderer/src/services/agent/AlwaysOnMemoryEngine.test.ts > AlwaysOnMemoryEngine > Lifecycle Methods > should start and report isRunning = true
[AlwaysOnMemoryEngine] Stopped.
[AlwaysOnMemoryEngine] Started for user test-user-id. Consolidation every 30m.

stdout | packages/renderer/src/services/agent/AlwaysOnMemoryEngine.test.ts > AlwaysOnMemoryEngine > Lifecycle Methods > should start and report isRunning = true
[AlwaysOnMemoryEngine] Stopped.

·······stdout | packages/renderer/src/services/agent/AlwaysOnMemoryEngine.test.ts > AlwaysOnMemoryEngine > Lifecycle Methods > should stop and report isRunning = false
[AlwaysOnMemoryEngine] Stopped.
[AlwaysOnMemoryEngine] Started for user test-user-id. Consolidation every 30m.
[AlwaysOnMemoryEngine] Stopped.

stdout | packages/renderer/src/services/agent/AlwaysOnMemoryEngine.test.ts > AlwaysOnMemoryEngine > Lifecycle Methods > should stop and report isRunning = false
[AlwaysOnMemoryEngine] Stopped.

stderr | packages/renderer/src/services/agent/AlwaysOnMemoryEngine.test.ts > AlwaysOnMemoryEngine > ingestText > should process text and store as memory
[AlwaysOnMemoryEngine] Batch embedding failed: TypeError: ai.embedContent is not a function
    at RequestBatcher.embeddingBatcher.__vite_ssr_import_2__.RequestBatcher.maxBatchSize [as fn] (/Volumes/X SSD 2025/Users/narrowchannel/indiiOS-Clean/packages/renderer/src/services/agent/AlwaysOnMemoryEngine.ts:104:45)
    at RequestBatcher.add (/Volumes/X SSD 2025/Users/narrowchannel/indiiOS-Clean/packages/renderer/src/services/agent/AlwaysOnMemoryEngine.test.ts:81:40)
    at AlwaysOnMemoryEngine.getEmbedding (/Volumes/X SSD 2025/Users/narrowchannel/indiiOS-Clean/packages/renderer/src/services/agent/AlwaysOnMemoryEngine.ts:150:48)
    at AlwaysOnMemoryEngine.ingestText (/Volumes/X SSD 2025/Users/narrowchannel/indiiOS-Clean/packages/renderer/src/services/agent/AlwaysOnMemoryEngine.ts:270:42)
    at processTicksAndRejections (node:internal/process/task_queues:104:5)
    at /Volumes/X SSD 2025/Users/narrowchannel/indiiOS-Clean/packages/renderer/src/services/agent/AlwaysOnMemoryEngine.test.ts:173:30
    at file:///Volumes/X%20SSD%202025/Users/narrowchannel/indiiOS-Clean/node_modules/@vitest/runner/dist/chunk-artifact.js:1903:20

stderr | packages/renderer/src/services/agent/AlwaysOnMemoryEngine.test.ts > AlwaysOnMemoryEngine > ingestText > should process text and store as memory
[AlwaysOnMemoryEngine] Embedding failed (non-blocking): TypeError: ai.embedContent is not a function
    at RequestBatcher.embeddingBatcher.__vite_ssr_import_2__.RequestBatcher.maxBatchSize [as fn] (/Volumes/X SSD 2025/Users/narrowchannel/indiiOS-Clean/packages/renderer/src/services/agent/AlwaysOnMemoryEngine.ts:104:45)
    at RequestBatcher.add (/Volumes/X SSD 2025/Users/narrowchannel/indiiOS-Clean/packages/renderer/src/services/agent/AlwaysOnMemoryEngine.test.ts:81:40)
    at AlwaysOnMemoryEngine.getEmbedding (/Volumes/X SSD 2025/Users/narrowchannel/indiiOS-Clean/packages/renderer/src/services/agent/AlwaysOnMemoryEngine.ts:150:48)
    at AlwaysOnMemoryEngine.ingestText (/Volumes/X SSD 2025/Users/narrowchannel/indiiOS-Clean/packages/renderer/src/services/agent/AlwaysOnMemoryEngine.ts:270:42)
    at processTicksAndRejections (node:internal/process/task_queues:104:5)
    at /Volumes/X SSD 2025/Users/narrowchannel/indiiOS-Clean/packages/renderer/src/services/agent/AlwaysOnMemoryEngine.test.ts:173:30
    at file:///Volumes/X%20SSD%202025/Users/narrowchannel/indiiOS-Clean/node_modules/@vitest/runner/dist/chunk-artifact.js:1903:20

stdout | packages/renderer/src/services/agent/AlwaysOnMemoryEngine.test.ts > AlwaysOnMemoryEngine > ingestText > should process text and store as memory
[AlwaysOnMemoryEngine] 📥 Ingested memory #mock-id: This is a test memory fact....

stdout | packages/renderer/src/services/agent/AlwaysOnMemoryEngine.test.ts > AlwaysOnMemoryEngine > ingestText > should process text and store as memory
[AlwaysOnMemoryEngine] Stopped.

stderr | packages/renderer/src/services/agent/AlwaysOnMemoryEngine.test.ts > AlwaysOnMemoryEngine > ingestText > should reject empty text
[AlwaysOnMemoryEngine] Empty text, skipping ingestion.

stdout | packages/renderer/src/services/agent/AlwaysOnMemoryEngine.test.ts > AlwaysOnMemoryEngine > ingestText > should reject empty text
[AlwaysOnMemoryEngine] Stopped.

stdout | packages/renderer/src/services/agent/AlwaysOnMemoryEngine.test.ts > AlwaysOnMemoryEngine > ingestText > should detect duplicates and return existing id
[AlwaysOnMemoryEngine] Duplicate detected, skipping.

stdout | packages/renderer/src/services/agent/AlwaysOnMemoryEngine.test.ts > AlwaysOnMemoryEngine > ingestText > should detect duplicates and return existing id
[AlwaysOnMemoryEngine] Stopped.

stdout | packages/renderer/src/services/agent/AlwaysOnMemoryEngine.test.ts > AlwaysOnMemoryEngine > queryMemory > should return early message when no memories exist
[AlwaysOnMemoryEngine] Stopped.

stderr | packages/renderer/src/services/agent/AlwaysOnMemoryEngine.test.ts > AlwaysOnMemoryEngine > queryMemory > should generate an answer when memories exist
[AlwaysOnMemoryEngine] Batch embedding failed: TypeError: ai.embedContent is not a function
    at RequestBatcher.embeddingBatcher.__vite_ssr_import_2__.RequestBatcher.maxBatchSize [as fn] (/Volumes/X SSD 2025/Users/narrowchannel/indiiOS-Clean/packages/renderer/src/services/agent/AlwaysOnMemoryEngine.ts:104:45)
    at RequestBatcher.add (/Volumes/X SSD 2025/Users/narrowchannel/indiiOS-Clean/packages/renderer/src/services/agent/AlwaysOnMemoryEngine.test.ts:81:40)
    at AlwaysOnMemoryEngine.getEmbedding (/Volumes/X SSD 2025/Users/narrowchannel/indiiOS-Clean/packages/renderer/src/services/agent/AlwaysOnMemoryEngine.ts:150:48)
    at AlwaysOnMemoryEngine.rankMemories (/Volumes/X SSD 2025/Users/narrowchannel/indiiOS-Clean/packages/renderer/src/services/agent/AlwaysOnMemoryEngine.ts:866:43)
    at AlwaysOnMemoryEngine.queryMemory (/Volumes/X SSD 2025/Users/narrowchannel/indiiOS-Clean/packages/renderer/src/services/agent/AlwaysOnMemoryEngine.ts:400:49)
    at processTicksAndRejections (node:internal/process/task_queues:104:5)
    at /Volumes/X SSD 2025/Users/narrowchannel/indiiOS-Clean/packages/renderer/src/services/agent/AlwaysOnMemoryEngine.test.ts:215:28

stderr | packages/renderer/src/services/agent/AlwaysOnMemoryEngine.test.ts > AlwaysOnMemoryEngine > queryMemory > should generate an answer when memories exist
[AlwaysOnMemoryEngine] Embedding failed (non-blocking): TypeError: ai.embedContent is not a function
    at RequestBatcher.embeddingBatcher.__vite_ssr_import_2__.RequestBatcher.maxBatchSize [as fn] (/Volumes/X SSD 2025/Users/narrowchannel/indiiOS-Clean/packages/renderer/src/services/agent/AlwaysOnMemoryEngine.ts:104:45)
    at RequestBatcher.add (/Volumes/X SSD 2025/Users/narrowchannel/indiiOS-Clean/packages/renderer/src/services/agent/AlwaysOnMemoryEngine.test.ts:81:40)
    at AlwaysOnMemoryEngine.getEmbedding (/Volumes/X SSD 2025/Users/narrowchannel/indiiOS-Clean/packages/renderer/src/services/agent/AlwaysOnMemoryEngine.ts:150:48)
    at AlwaysOnMemoryEngine.rankMemories (/Volumes/X SSD 2025/Users/narrowchannel/indiiOS-Clean/packages/renderer/src/services/agent/AlwaysOnMemoryEngine.ts:866:43)
    at AlwaysOnMemoryEngine.queryMemory (/Volumes/X SSD 2025/Users/narrowchannel/indiiOS-Clean/packages/renderer/src/services/agent/AlwaysOnMemoryEngine.ts:400:49)
    at processTicksAndRejections (node:internal/process/task_queues:104:5)
    at /Volumes/X SSD 2025/Users/narrowchannel/indiiOS-Clean/packages/renderer/src/services/agent/AlwaysOnMemoryEngine.test.ts:215:28

stdout | packages/renderer/src/services/agent/AlwaysOnMemoryEngine.test.ts > AlwaysOnMemoryEngine > queryMemory > should generate an answer when memories exist
[AlwaysOnMemoryEngine] Stopped.

stdout | packages/renderer/src/services/agent/AlwaysOnMemoryEngine.test.ts > AlwaysOnMemoryEngine > runConsolidation > should skip if insufficient unconsolidated memories
[AlwaysOnMemoryEngine] 🔄 Skipping consolidation (0 unconsolidated, need 2).

stdout | packages/renderer/src/services/agent/AlwaysOnMemoryEngine.test.ts > AlwaysOnMemoryEngine > runConsolidation > should skip if insufficient unconsolidated memories
[AlwaysOnMemoryEngine] Stopped.

stdout | packages/renderer/src/services/agent/AlwaysOnMemoryEngine.test.ts > AlwaysOnMemoryEngine > runConsolidation > should generate an insight when enough unconsolidated memories exist
[AlwaysOnMemoryEngine] 🔄 Running consolidation on 3 memories...

stdout | packages/renderer/src/services/agent/AlwaysOnMemoryEngine.test.ts > AlwaysOnMemoryEngine > runConsolidation > should generate an insight when enough unconsolidated memories exist
[WikiCompiler] Starting compilation for input: Insight: Mock Insight
Context: Mock Summary...

stderr | packages/renderer/src/services/agent/AlwaysOnMemoryEngine.test.ts > AlwaysOnMemoryEngine > runConsolidation > should generate an insight when enough unconsolidated memories exist
[WikiCompiler] Compilation pipeline failed: TypeError: service.set is not a function
    at WikiStorageAdapter.writeWikiDoc (/Volumes/X SSD 2025/Users/narrowchannel/indiiOS-Clean/packages/renderer/src/services/agent/memory/WikiStorageAdapter.ts:78:27)
    at processTicksAndRejections (node:internal/process/task_queues:104:5)
    at WikiCompiler.compileInteraction (/Volumes/X SSD 2025/Users/narrowchannel/indiiOS-Clean/packages/renderer/src/services/agent/memory/WikiCompiler.ts:78:13)
    at AlwaysOnMemoryEngine.runConsolidation (/Volumes/X SSD 2025/Users/narrowchannel/indiiOS-Clean/packages/renderer/src/services/agent/AlwaysOnMemoryEngine.ts:530:13)
    at /Volumes/X SSD 2025/Users/narrowchannel/indiiOS-Clean/packages/renderer/src/services/agent/AlwaysOnMemoryEngine.test.ts:239:29
    at file:///Volumes/X%20SSD%202025/Users/narrowchannel/indiiOS-Clean/node_modules/@vitest/runner/dist/chunk-artifact.js:1903:20

stderr | packages/renderer/src/services/agent/AlwaysOnMemoryEngine.test.ts > AlwaysOnMemoryEngine > runConsolidation > should generate an insight when enough unconsolidated memories exist
[AlwaysOnMemoryEngine] Batch embedding failed: TypeError: ai.embedContent is not a function
    at RequestBatcher.embeddingBatcher.__vite_ssr_import_2__.RequestBatcher.maxBatchSize [as fn] (/Volumes/X SSD 2025/Users/narrowchannel/indiiOS-Clean/packages/renderer/src/services/agent/AlwaysOnMemoryEngine.ts:104:45)
    at RequestBatcher.add (/Volumes/X SSD 2025/Users/narrowchannel/indiiOS-Clean/packages/renderer/src/services/agent/AlwaysOnMemoryEngine.test.ts:81:40)
    at AlwaysOnMemoryEngine.getEmbedding (/Volumes/X SSD 2025/Users/narrowchannel/indiiOS-Clean/packages/renderer/src/services/agent/AlwaysOnMemoryEngine.ts:150:48)
    at AlwaysOnMemoryEngine.ingestText (/Volumes/X SSD 2025/Users/narrowchannel/indiiOS-Clean/packages/renderer/src/services/agent/AlwaysOnMemoryEngine.ts:270:42)
    at processTicksAndRejections (node:internal/process/task_queues:104:5)
    at AlwaysOnMemoryEngine.runConsolidation (/Volumes/X SSD 2025/Users/narrowchannel/indiiOS-Clean/packages/renderer/src/services/agent/AlwaysOnMemoryEngine.ts:537:13)
    at /Volumes/X SSD 2025/Users/narrowchannel/indiiOS-Clean/packages/renderer/src/services/agent/AlwaysOnMemoryEngine.test.ts:239:29
    at file:///Volumes/X%20SSD%202025/Users/narrowchannel/indiiOS-Clean/node_modules/@vitest/runner/dist/chunk-artifact.js:1903:20

stderr | packages/renderer/src/services/agent/AlwaysOnMemoryEngine.test.ts > AlwaysOnMemoryEngine > runConsolidation > should generate an insight when enough unconsolidated memories exist
[AlwaysOnMemoryEngine] Embedding failed (non-blocking): TypeError: ai.embedContent is not a function
    at RequestBatcher.embeddingBatcher.__vite_ssr_import_2__.RequestBatcher.maxBatchSize [as fn] (/Volumes/X SSD 2025/Users/narrowchannel/indiiOS-Clean/packages/renderer/src/services/agent/AlwaysOnMemoryEngine.ts:104:45)
    at RequestBatcher.add (/Volumes/X SSD 2025/Users/narrowchannel/indiiOS-Clean/packages/renderer/src/services/agent/AlwaysOnMemoryEngine.test.ts:81:40)
    at AlwaysOnMemoryEngine.getEmbedding (/Volumes/X SSD 2025/Users/narrowchannel/indiiOS-Clean/packages/renderer/src/services/agent/AlwaysOnMemoryEngine.ts:150:48)
    at AlwaysOnMemoryEngine.ingestText (/Volumes/X SSD 2025/Users/narrowchannel/indiiOS-Clean/packages/renderer/src/services/agent/AlwaysOnMemoryEngine.ts:270:42)
    at processTicksAndRejections (node:internal/process/task_queues:104:5)
    at AlwaysOnMemoryEngine.runConsolidation (/Volumes/X SSD 2025/Users/narrowchannel/indiiOS-Clean/packages/renderer/src/services/agent/AlwaysOnMemoryEngine.ts:537:13)
    at /Volumes/X SSD 2025/Users/narrowchannel/indiiOS-Clean/packages/renderer/src/services/agent/AlwaysOnMemoryEngine.test.ts:239:29
    at file:///Volumes/X%20SSD%202025/Users/narrowchannel/indiiOS-Clean/node_modules/@vitest/runner/dist/chunk-artifact.js:1903:20

stdout | packages/renderer/src/services/agent/AlwaysOnMemoryEngine.test.ts > AlwaysOnMemoryEngine > runConsolidation > should generate an insight when enough unconsolidated memories exist
[AlwaysOnMemoryEngine] 📥 Ingested memory #mock-id: Consolidation Insight: Mock Insight

Context: Mock Summary...

stdout | packages/renderer/src/services/agent/AlwaysOnMemoryEngine.test.ts > AlwaysOnMemoryEngine > runConsolidation > should generate an insight when enough unconsolidated memories exist
[AlwaysOnMemoryEngine] 🔄 Consolidation complete. Insight: Mock Insight...

stdout | packages/renderer/src/services/agent/AlwaysOnMemoryEngine.test.ts > AlwaysOnMemoryEngine > runConsolidation > should generate an insight when enough unconsolidated memories exist
[AlwaysOnMemoryEngine] Stopped.

stdout | packages/renderer/src/services/agent/AlwaysOnMemoryEngine.test.ts > AlwaysOnMemoryEngine > getStatus > should return correct initial stats
[AlwaysOnMemoryEngine] Stopped.

stdout | packages/renderer/src/services/agent/AlwaysOnMemoryEngine.test.ts > AlwaysOnMemoryEngine > getStatus > should reflect running state after start
[AlwaysOnMemoryEngine] Stopped.
[AlwaysOnMemoryEngine] Started for user test-user-id. Consolidation every 30m.

stdout | packages/renderer/src/services/agent/AlwaysOnMemoryEngine.test.ts > AlwaysOnMemoryEngine > getStatus > should reflect running state after start
[AlwaysOnMemoryEngine] Stopped.

stdout | packages/renderer/src/services/agent/AlwaysOnMemoryEngine.test.ts > AlwaysOnMemoryEngine > getStatus > should return correct counts with memories
[AlwaysOnMemoryEngine] Stopped.

stdout | packages/renderer/src/services/agent/AlwaysOnMemoryEngine.test.ts > AlwaysOnMemoryEngine > clearAll > should delete all data and return counts
[AlwaysOnMemoryEngine] 🗑️ Cleared 2 memories, 1 insights.

stdout | packages/renderer/src/services/agent/AlwaysOnMemoryEngine.test.ts > AlwaysOnMemoryEngine > clearAll > should delete all data and return counts
[AlwaysOnMemoryEngine] Stopped.

··············stderr | packages/renderer/src/modules/publishing/hooks/useReleases.test.ts > useReleases > handles errors from Firestore
Error fetching releases: Error: Firestore Error
    at /Volumes/X SSD 2025/Users/narrowchannel/indiiOS-Clean/packages/renderer/src/modules/publishing/hooks/useReleases.test.ts:104:27
    at file:///Volumes/X%20SSD%202025/Users/narrowchannel/indiiOS-Clean/node_modules/@vitest/runner/dist/chunk-artifact.js:302:11
    at file:///Volumes/X%20SSD%202025/Users/narrowchannel/indiiOS-Clean/node_modules/@vitest/runner/dist/chunk-artifact.js:1903:26
    at file:///Volumes/X%20SSD%202025/Users/narrowchannel/indiiOS-Clean/node_modules/@vitest/runner/dist/chunk-artifact.js:2326:20
    at new Promise (<anonymous>)
    at runWithCancel (file:///Volumes/X%20SSD%202025/Users/narrowchannel/indiiOS-Clean/node_modules/@vitest/runner/dist/chunk-artifact.js:2323:10)
    at file:///Volumes/X%20SSD%202025/Users/narrowchannel/indiiOS-Clean/node_modules/@vitest/runner/dist/chunk-artifact.js:2305:20
    at new Promise (<anonymous>)
    at runWithTimeout (file:///Volumes/X%20SSD%202025/Users/narrowchannel/indiiOS-Clean/node_modules/@vitest/runner/dist/chunk-artifact.js:2272:10)
    at file:///Volumes/X%20SSD%202025/Users/narrowchannel/indiiOS-Clean/node_modules/@vitest/runner/dist/chunk-artifact.js:2955:64

(node:9323) Warning: `--localstorage-file` was provided without a valid path
(Use `node --trace-warnings ...` to show where the warning was created)
stderr | packages/main/src/handlers/distribution_sandbox.security.test.ts > 🛡️ Shield: Distribution Sandbox Escape Test > should BLOCK attempts to write files outside the staging directory (Path Traversal)
18:00:53.880 › [Distribution] Stage release failed: Error: File name must not contain path traversal characters
    at Object.<anonymous> (/Volumes/X SSD 2025/Users/narrowchannel/indiiOS-Clean/packages/main/src/handlers/distribution_sandbox.security.test.ts:68:27)
    at Object.Mock [as parse] (file:///Volumes/X%20SSD%202025/Users/narrowchannel/indiiOS-Clean/node_modules/@vitest/spy/dist/index.js:332:34)
    at /Volumes/X SSD 2025/Users/narrowchannel/indiiOS-Clean/packages/main/src/handlers/distribution.ts:41:62
    at invoke (/Volumes/X SSD 2025/Users/narrowchannel/indiiOS-Clean/packages/main/src/handlers/distribution_sandbox.security.test.ts:118:16)
    at /Volumes/X SSD 2025/Users/narrowchannel/indiiOS-Clean/packages/main/src/handlers/distribution_sandbox.security.test.ts:131:30
    at file:///Volumes/X%20SSD%202025/Users/narrowchannel/indiiOS-Clean/node_modules/@vitest/runner/dist/chunk-artifact.js:302:11
    at file:///Volumes/X%20SSD%202025/Users/narrowchannel/indiiOS-Clean/node_modules/@vitest/runner/dist/chunk-artifact.js:1903:26
    at file:///Volumes/X%20SSD%202025/Users/narrowchannel/indiiOS-Clean/node_modules/@vitest/runner/dist/chunk-artifact.js:2326:20
    at new Promise (<anonymous>)
    at runWithCancel (file:///Volumes/X%20SSD%202025/Users/narrowchannel/indiiOS-Clean/node_modules/@vitest/runner/dist/chunk-artifact.js:2323:10)

stderr | packages/main/src/handlers/distribution_sandbox.security.test.ts > 🛡️ Shield: Distribution Sandbox Escape Test > should BLOCK attempts to read sensitive system files (LFI)
18:00:53.889 › [Distribution] Stage release failed: Error: Security Violation: Access to /etc/passwd is denied. File was not authorized by user.
    at /Volumes/X SSD 2025/Users/narrowchannel/indiiOS-Clean/packages/main/src/handlers/distribution.ts:89:31
    at processTicksAndRejections (node:internal/process/task_queues:104:5)
    at /Volumes/X SSD 2025/Users/narrowchannel/indiiOS-Clean/packages/main/src/handlers/distribution_sandbox.security.test.ts:158:24
    at file:///Volumes/X%20SSD%202025/Users/narrowchannel/indiiOS-Clean/node_modules/@vitest/runner/dist/chunk-artifact.js:1903:20

stderr | packages/main/src/handlers/distribution_sandbox.security.test.ts > 🛡️ Shield: Distribution Sandbox Escape Test > should BLOCK attempts to read from hidden user directories (~/.ssh)
18:00:53.891 › [Distribution] Stage release failed: Error: Security Violation: Access to /Users/victim/.ssh/id_rsa is denied. File was not authorized by user.
    at /Volumes/X SSD 2025/Users/narrowchannel/indiiOS-Clean/packages/main/src/handlers/distribution.ts:89:31
    at processTicksAndRejections (node:internal/process/task_queues:104:5)
    at /Volumes/X SSD 2025/Users/narrowchannel/indiiOS-Clean/packages/main/src/handlers/distribution_sandbox.security.test.ts:183:24
    at file:///Volumes/X%20SSD%202025/Users/narrowchannel/indiiOS-Clean/node_modules/@vitest/runner/dist/chunk-artifact.js:1903:20

stderr | packages/main/src/handlers/distribution_sandbox.security.test.ts > 🛡️ Shield: Distribution Sandbox Escape Test > should BLOCK Symlink attacks pointing to sensitive files
18:00:53.891 › [Distribution] Stage release failed: Error: Security Violation: Access to /Users/victim/Music/my_song.mp3 is denied. File was not authorized by user.
    at /Volumes/X SSD 2025/Users/narrowchannel/indiiOS-Clean/packages/main/src/handlers/distribution.ts:89:31
    at processTicksAndRejections (node:internal/process/task_queues:104:5)
    at /Volumes/X SSD 2025/Users/narrowchannel/indiiOS-Clean/packages/main/src/handlers/distribution_sandbox.security.test.ts:210:24
    at file:///Volumes/X%20SSD%202025/Users/narrowchannel/indiiOS-Clean/node_modules/@vitest/runner/dist/chunk-artifact.js:1903:20

stderr | packages/main/src/handlers/distribution_sandbox.security.test.ts > 🛡️ Shield: Distribution Sandbox Escape Test > should BLOCK files with dangerous extensions (.exe, .sh)
18:00:53.892 › [Distribution] Stage release failed: Error: Security Violation: File type '.exe' is not allowed for distribution
    at /Volumes/X SSD 2025/Users/narrowchannel/indiiOS-Clean/packages/main/src/handlers/distribution_sandbox.security.test.ts:225:19
    at Mock (file:///Volumes/X%20SSD%202025/Users/narrowchannel/indiiOS-Clean/node_modules/@vitest/spy/dist/index.js:332:34)
    at /Volumes/X SSD 2025/Users/narrowchannel/indiiOS-Clean/packages/main/src/handlers/distribution.ts:93:21
    at processTicksAndRejections (node:internal/process/task_queues:104:5)
    at /Volumes/X SSD 2025/Users/narrowchannel/indiiOS-Clean/packages/main/src/handlers/distribution_sandbox.security.test.ts:240:24
    at file:///Volumes/X%20SSD%202025/Users/narrowchannel/indiiOS-Clean/node_modules/@vitest/runner/dist/chunk-artifact.js:1903:20

stdout | packages/main/src/handlers/distribution_sandbox.security.test.ts > 🛡️ Shield: Distribution Sandbox Escape Test > should ALLOW valid operations to verify the test harness works
18:00:53.894 › [Distribution] Staged release 123e4567-e89b-12d3-a456-426614174000 at /mock/tmp/indiiOS-releases/123e4567-e89b-12d3-a456-426614174000

·············stdout | packages/renderer/src/services/agent/specialists/specialists_tools.test.ts > Specialist Agent Tools > DirectorAgent should have visual generation tools
[AgentRegistry] Loading agent 'director'...

stdout | packages/renderer/src/services/agent/specialists/specialists_tools.test.ts > Specialist Agent Tools > DirectorAgent should have visual generation tools
[AgentRegistry] Agent 'director' loaded successfully

stdout | packages/renderer/src/services/agent/specialists/specialists_tools.test.ts > Specialist Agent Tools > BrandAgent should have verify_output tool
[AgentRegistry] Loading agent 'brand'...

stdout | packages/renderer/src/services/agent/specialists/specialists_tools.test.ts > Specialist Agent Tools > BrandAgent should have verify_output tool
[AgentRegistry] Agent 'brand' loaded successfully

stdout | packages/renderer/src/services/agent/specialists/specialists_tools.test.ts > Specialist Agent Tools > RoadAgent should have ops tools
[AgentRegistry] Loading agent 'road'...

stdout | packages/renderer/src/services/agent/specialists/specialists_tools.test.ts > Specialist Agent Tools > RoadAgent should have ops tools
[AgentRegistry] Agent 'road' loaded successfully

stdout | packages/renderer/src/services/agent/specialists/specialists_tools.test.ts > Specialist Agent Tools > PublicistAgent should have PR tools
[AgentRegistry] Loading agent 'publicist'...

stdout | packages/renderer/src/services/agent/specialists/specialists_tools.test.ts > Specialist Agent Tools > PublicistAgent should have PR tools
[AgentRegistry] Agent 'publicist' loaded successfully

stdout | packages/renderer/src/services/agent/specialists/specialists_tools.test.ts > Specialist Agent Tools > SocialAgent should have social and trend tools
[AgentRegistry] Loading agent 'social'...

stdout | packages/renderer/src/services/agent/specialists/specialists_tools.test.ts > Specialist Agent Tools > SocialAgent should have social and trend tools
[AgentRegistry] Agent 'social' loaded successfully

stdout | packages/renderer/src/services/agent/specialists/specialists_tools.test.ts > Specialist Agent Tools > FinanceAgent should have budget tools
[AgentRegistry] Loading agent 'finance'...

stdout | packages/renderer/src/services/agent/specialists/specialists_tools.test.ts > Specialist Agent Tools > FinanceAgent should have budget tools
[AgentRegistry] Agent 'finance' loaded successfully

stdout | packages/renderer/src/services/agent/specialists/specialists_tools.test.ts > Specialist Agent Tools > PublishingAgent should have registration tools
[AgentRegistry] Loading agent 'publishing'...

stdout | packages/renderer/src/services/agent/specialists/specialists_tools.test.ts > Specialist Agent Tools > PublishingAgent should have registration tools
[AgentRegistry] Agent 'publishing' loaded successfully

stdout | packages/renderer/src/services/agent/specialists/specialists_tools.test.ts > Specialist Agent Tools > LicensingAgent should have clearance tools
[AgentRegistry] Loading agent 'licensing'...

stdout | packages/renderer/src/services/agent/specialists/specialists_tools.test.ts > Specialist Agent Tools > LicensingAgent should have clearance tools
[AgentRegistry] Agent 'licensing' loaded successfully

········(node:9348) Warning: `--localstorage-file` was provided without a valid path
(Use `node --trace-warnings ...` to show where the warning was created)
stdout | packages/firebase/src/lib/image_generation.test.ts > generateImageV3Fn > should construct correct payload with full Gemini 3 parameters
[GeminiImageService:generate] Tier: pro | Model: gemini-3-pro-image-preview | Prompt: "test prompt..."
[GeminiImageService] Initializing Google Gen AI Client (API_KEY: test...)
[GeminiImageService:generate] Config: {"model":"gemini-3-pro-image-preview","responseModalities":["TEXT","IMAGE"],"hasImageConfig":true,"hasThinkingConfig":false,"hasTools":true,"contentsTurns":1,"refImageCount":0}

stdout | packages/firebase/src/lib/image_generation.test.ts > generateImageV3Fn > should use fast model with correct defaults
[GeminiImageService:generate] Tier: fast | Model: gemini-3.1-flash-image-preview | Prompt: "simple prompt..."
[GeminiImageService:generate] Config: {"model":"gemini-3.1-flash-image-preview","responseModalities":["IMAGE"],"hasImageConfig":true,"hasThinkingConfig":false,"hasTools":false,"contentsTurns":1,"refImageCount":0}

stdout | packages/firebase/src/lib/image_generation.test.ts > generateImageV3Fn > should use legacy model when specified
[GeminiImageService:generate] Tier: legacy | Model: gemini-2.5-flash-image | Prompt: "legacy prompt..."
[GeminiImageService:generate] Config: {"model":"gemini-2.5-flash-image","responseModalities":["IMAGE"],"hasImageConfig":true,"hasThinkingConfig":false,"hasTools":false,"contentsTurns":1,"refImageCount":0}

stdout | packages/firebase/src/lib/image_generation.test.ts > generateImageV3Fn > should handle reference images in contents
[GeminiImageService:generate] Tier: fast | Model: gemini-3.1-flash-image-preview | Prompt: "generate with reference..."
[GeminiImageService:generate] Config: {"model":"gemini-3.1-flash-image-preview","responseModalities":["IMAGE"],"hasImageConfig":true,"hasThinkingConfig":false,"hasTools":false,"contentsTurns":1,"refImageCount":2}

stdout | packages/firebase/src/lib/image_generation.test.ts > generateImageV3Fn > should handle conversation history for multi-turn
[GeminiImageService:generate] Tier: fast | Model: gemini-3.1-flash-image-preview | Prompt: "make it bluer..."
[GeminiImageService:generate] Config: {"model":"gemini-3.1-flash-image-preview","responseModalities":["IMAGE"],"hasImageConfig":true,"hasThinkingConfig":false,"hasTools":false,"contentsTurns":3,"refImageCount":0}

stdout | packages/firebase/src/lib/image_generation.test.ts > generateImageV3Fn > should extract thoughtSignature from response
[GeminiImageService:generate] Tier: pro | Model: gemini-3-pro-image-preview | Prompt: "test..."
[GeminiImageService:generate] Config: {"model":"gemini-3-pro-image-preview","responseModalities":["IMAGE"],"hasImageConfig":true,"hasThinkingConfig":false,"hasTools":false,"contentsTurns":1,"refImageCount":0}

stdout | packages/firebase/src/lib/image_generation.test.ts > generateImageV3Fn > should handle Flash + Image Search grounding
[GeminiImageService:generate] Tier: fast | Model: gemini-3.1-flash-image-preview | Prompt: "test with image search..."
[GeminiImageService:generate] Config: {"model":"gemini-3.1-flash-image-preview","responseModalities":["IMAGE"],"hasImageConfig":true,"hasThinkingConfig":false,"hasTools":true,"contentsTurns":1,"refImageCount":0}

stdout | packages/firebase/src/lib/image_generation.test.ts > generateImageV3Fn > should support all 14 aspect ratios for fast tier
[GeminiImageService:generate] Tier: fast | Model: gemini-3.1-flash-image-preview | Prompt: "test..."
[GeminiImageService:generate] Config: {"model":"gemini-3.1-flash-image-preview","responseModalities":["IMAGE"],"hasImageConfig":true,"hasThinkingConfig":false,"hasTools":false,"contentsTurns":1,"refImageCount":0}

stdout | packages/firebase/src/lib/image_generation.test.ts > generateImageV3Fn > should support all 14 aspect ratios for fast tier
[GeminiImageService:generate] Tier: fast | Model: gemini-3.1-flash-image-preview | Prompt: "test..."
[GeminiImageService:generate] Config: {"model":"gemini-3.1-flash-image-preview","responseModalities":["IMAGE"],"hasImageConfig":true,"hasThinkingConfig":false,"hasTools":false,"contentsTurns":1,"refImageCount":0}

stdout | packages/firebase/src/lib/image_generation.test.ts > generateImageV3Fn > should support all 14 aspect ratios for fast tier
[GeminiImageService:generate] Tier: fast | Model: gemini-3.1-flash-image-preview | Prompt: "test..."
[GeminiImageService:generate] Config: {"model":"gemini-3.1-flash-image-preview","responseModalities":["IMAGE"],"hasImageConfig":true,"hasThinkingConfig":false,"hasTools":false,"contentsTurns":1,"refImageCount":0}

stdout | packages/firebase/src/lib/image_generation.test.ts > generateImageV3Fn > should support all 14 aspect ratios for fast tier
[GeminiImageService:generate] Tier: fast | Model: gemini-3.1-flash-image-preview | Prompt: "test..."
[GeminiImageService:generate] Config: {"model":"gemini-3.1-flash-image-preview","responseModalities":["IMAGE"],"hasImageConfig":true,"hasThinkingConfig":false,"hasTools":false,"contentsTurns":1,"refImageCount":0}

stdout | packages/firebase/src/lib/image_generation.test.ts > generateImageV3Fn > should support all 14 aspect ratios for fast tier
[GeminiImageService:generate] Tier: fast | Model: gemini-3.1-flash-image-preview | Prompt: "test..."
[GeminiImageService:generate] Config: {"model":"gemini-3.1-flash-image-preview","responseModalities":["IMAGE"],"hasImageConfig":true,"hasThinkingConfig":false,"hasTools":false,"contentsTurns":1,"refImageCount":0}

stdout | packages/firebase/src/lib/image_generation.test.ts > generateImageV3Fn > should support all 14 aspect ratios for fast tier
[GeminiImageService:generate] Tier: fast | Model: gemini-3.1-flash-image-preview | Prompt: "test..."
[GeminiImageService:generate] Config: {"model":"gemini-3.1-flash-image-preview","responseModalities":["IMAGE"],"hasImageConfig":true,"hasThinkingConfig":false,"hasTools":false,"contentsTurns":1,"refImageCount":0}

stdout | packages/firebase/src/lib/image_generation.test.ts > generateImageV3Fn > should support all 14 aspect ratios for fast tier
[GeminiImageService:generate] Tier: fast | Model: gemini-3.1-flash-image-preview | Prompt: "test..."
[GeminiImageService:generate] Config: {"model":"gemini-3.1-flash-image-preview","responseModalities":["IMAGE"],"hasImageConfig":true,"hasThinkingConfig":false,"hasTools":false,"contentsTurns":1,"refImageCount":0}

stdout | packages/firebase/src/lib/image_generation.test.ts > generateImageV3Fn > should support all 14 aspect ratios for fast tier
[GeminiImageService:generate] Tier: fast | Model: gemini-3.1-flash-image-preview | Prompt: "test..."
[GeminiImageService:generate] Config: {"model":"gemini-3.1-flash-image-preview","responseModalities":["IMAGE"],"hasImageConfig":true,"hasThinkingConfig":false,"hasTools":false,"contentsTurns":1,"refImageCount":0}

stdout | packages/firebase/src/lib/image_generation.test.ts > generateImageV3Fn > should support all 14 aspect ratios for fast tier
[GeminiImageService:generate] Tier: fast | Model: gemini-3.1-flash-image-preview | Prompt: "test..."
[GeminiImageService:generate] Config: {"model":"gemini-3.1-flash-image-preview","responseModalities":["IMAGE"],"hasImageConfig":true,"hasThinkingConfig":false,"hasTools":false,"contentsTurns":1,"refImageCount":0}

stdout | packages/firebase/src/lib/image_generation.test.ts > generateImageV3Fn > should support all 14 aspect ratios for fast tier
[GeminiImageService:generate] Tier: fast | Model: gemini-3.1-flash-image-preview | Prompt: "test..."
[GeminiImageService:generate] Config: {"model":"gemini-3.1-flash-image-preview","responseModalities":["IMAGE"],"hasImageConfig":true,"hasThinkingConfig":false,"hasTools":false,"contentsTurns":1,"refImageCount":0}

stdout | packages/firebase/src/lib/image_generation.test.ts > generateImageV3Fn > should support all 14 aspect ratios for fast tier
[GeminiImageService:generate] Tier: fast | Model: gemini-3.1-flash-image-preview | Prompt: "test..."
[GeminiImageService:generate] Config: {"model":"gemini-3.1-flash-image-preview","responseModalities":["IMAGE"],"hasImageConfig":true,"hasThinkingConfig":false,"hasTools":false,"contentsTurns":1,"refImageCount":0}

stdout | packages/firebase/src/lib/image_generation.test.ts > generateImageV3Fn > should support all 14 aspect ratios for fast tier
[GeminiImageService:generate] Tier: fast | Model: gemini-3.1-flash-image-preview | Prompt: "test..."
[GeminiImageService:generate] Config: {"model":"gemini-3.1-flash-image-preview","responseModalities":["IMAGE"],"hasImageConfig":true,"hasThinkingConfig":false,"hasTools":false,"contentsTurns":1,"refImageCount":0}

stdout | packages/firebase/src/lib/image_generation.test.ts > generateImageV3Fn > should support all 14 aspect ratios for fast tier
[GeminiImageService:generate] Tier: fast | Model: gemini-3.1-flash-image-preview | Prompt: "test..."
[GeminiImageService:generate] Config: {"model":"gemini-3.1-flash-image-preview","responseModalities":["IMAGE"],"hasImageConfig":true,"hasThinkingConfig":false,"hasTools":false,"contentsTurns":1,"refImageCount":0}

stdout | packages/firebase/src/lib/image_generation.test.ts > generateImageV3Fn > should support all 14 aspect ratios for fast tier
[GeminiImageService:generate] Tier: fast | Model: gemini-3.1-flash-image-preview | Prompt: "test..."
[GeminiImageService:generate] Config: {"model":"gemini-3.1-flash-image-preview","responseModalities":["IMAGE"],"hasImageConfig":true,"hasThinkingConfig":false,"hasTools":false,"contentsTurns":1,"refImageCount":0}

stdout | packages/firebase/src/lib/image_generation.test.ts > generateImageV3Fn > should handle backward-compatible legacy fields
[GeminiImageService:generate] Tier: fast | Model: gemini-3.1-flash-image-preview | Prompt: "legacy call..."
[GeminiImageService:generate] Config: {"model":"gemini-3.1-flash-image-preview","responseModalities":["IMAGE"],"hasImageConfig":true,"hasThinkingConfig":true,"hasTools":true,"contentsTurns":1,"refImageCount":0}

stdout | packages/firebase/src/lib/image_generation.test.ts > editImageFn > should construct correct edit payload
[GeminiImageService:edit] Model: gemini-3-pro-image-preview | Prompt: "remove the background..."

stdout | packages/firebase/src/lib/image_generation.test.ts > editImageFn > should include mask in edit payload
[GeminiImageService:edit] Model: gemini-3-pro-image-preview | Prompt: "replace masked area with flowers..."

stdout | packages/firebase/src/lib/image_generation.test.ts > editImageFn > should pass reference images array
[GeminiImageService:edit] Model: gemini-3-pro-image-preview | Prompt: "blend with references..."

··························(node:9327) Warning: `--localstorage-file` was provided without a valid path
(Use `node --trace-warnings ...` to show where the warning was created)
················stdout | packages/renderer/src/services/video/VideoGenerationService.schema.test.ts > VideoGenerationService - Forge Hardening (Schema & Input) > Input Validation (Schema) > should accept valid inputs
[VideoGeneration] 🎬 generateVideo() called: {
  promptPreview: 'A beautiful sunset',
  model: 'veo-3.1-generate-preview',
  duration: 5,
  aspectRatio: '16:9',
  hasFirstFrame: false,
  hasLastFrame: false,
  hasReferenceImages: false,
  userId: 'test-user'
}

stdout | packages/renderer/src/services/video/VideoGenerationService.schema.test.ts > VideoGenerationService - Forge Hardening (Schema & Input) > Input Validation (Schema) > should accept valid inputs
[VideoGeneration] 🚀 Calling GenAI.generateVideo() with: {
  model: 'veo-3.1-generate-preview',
  promptLength: 18,
  hasImage: false,
  config: '{"aspectRatio":"16:9","resolution":"1080p","durationSeconds":5}'
}
[MetadataPersistence] ✅ Saved video to users/test-user/generated_videos/mock-doc

stdout | packages/renderer/src/services/video/VideoGenerationService.schema.test.ts > VideoGenerationService - Forge Hardening (Schema & Input) > Input Sanitization & Edge Cases > should handle extra fields by stripping them (Zod default behavior) or ignoring them
[VideoGeneration] 🎬 generateVideo() called: {
  promptPreview: 'test',
  model: 'veo-3.1-generate-preview',
  duration: 8,
  aspectRatio: undefined,
  hasFirstFrame: false,
  hasLastFrame: false,
  hasReferenceImages: false,
  userId: 'test-user'
}

stdout | packages/renderer/src/services/video/VideoGenerationService.schema.test.ts > VideoGenerationService - Forge Hardening (Schema & Input) > Input Sanitization & Edge Cases > should handle extra fields by stripping them (Zod default behavior) or ignoring them
[VideoGeneration] 🚀 Calling GenAI.generateVideo() with: {
  model: 'veo-3.1-generate-preview',
  promptLength: 4,
  hasImage: false,
  config: '{"aspectRatio":"16:9","durationSeconds":8}'
}
[MetadataPersistence] ✅ Saved video to users/test-user/generated_videos/mock-doc

··········(node:9326) Warning: `--localstorage-file` was provided without a valid path
(Use `node --trace-warnings ...` to show where the warning was created)
······(node:9330) Warning: `--localstorage-file` was provided without a valid path
(Use `node --trace-warnings ...` to show where the warning was created)
(node:9328) Warning: `--localstorage-file` was provided without a valid path
(Use `node --trace-warnings ...` to show where the warning was created)
(node:9361) Warning: `--localstorage-file` was provided without a valid path
(Use `node --trace-warnings ...` to show where the warning was created)
·(node:9362) Warning: `--localstorage-file` was provided without a valid path
(Use `node --trace-warnings ...` to show where the warning was created)
··························(node:9335) Warning: `--localstorage-file` was provided without a valid path
(Use `node --trace-warnings ...` to show where the warning was created)
···············(node:9333) Warning: `--localstorage-file` was provided without a valid path
(Use `node --trace-warnings ...` to show where the warning was created)
(node:9336) Warning: `--localstorage-file` was provided without a valid path
(Use `node --trace-warnings ...` to show where the warning was created)
(node:9337) Warning: `--localstorage-file` was provided without a valid path
(Use `node --trace-warnings ...` to show where the warning was created)
··stdout | packages/renderer/src/services/agent/BaseAgentUsage.test.ts > BaseAgent Usage Defenses > should handle response WITHOUT usage method gracefully
[AgentIdentity] Minted identity for Test Agent (generalist): instance=dcbe0cea..., fingerprint=724165db5cc2...

stdout | packages/renderer/src/services/agent/BaseAgentUsage.test.ts > BaseAgent Usage Defenses > should handle response WITHOUT usage method gracefully
[ModelArmor] Scanning input...

stdout | packages/renderer/src/services/agent/BaseAgentUsage.test.ts > BaseAgent Usage Defenses > should handle response WITHOUT usage method gracefully
[ModelArmor] Scanning output...

stdout | packages/renderer/src/services/agent/BaseAgentUsage.test.ts > BaseAgent Usage Defenses > should handle response WITH usage method
[AgentIdentity] Minted identity for Test Agent (generalist): instance=3dfbc201..., fingerprint=724165db5cc2...

stdout | packages/renderer/src/services/agent/BaseAgentUsage.test.ts > BaseAgent Usage Defenses > should handle response WITH usage method
[ModelArmor] Scanning input...

stdout | packages/renderer/src/services/agent/BaseAgentUsage.test.ts > BaseAgent Usage Defenses > should handle response WITH usage method
[ModelArmor] Scanning output...

··(node:9334) Warning: `--localstorage-file` was provided without a valid path
(Use `node --trace-warnings ...` to show where the warning was created)
stderr | packages/renderer/src/services/agent/tools/__tests__/StorageTools.test.ts > StorageTools > search_files > should handle service errors gracefully
[Tool:search_files] execution failed: Error: Database error
    at /Volumes/X SSD 2025/Users/narrowchannel/indiiOS-Clean/packages/renderer/src/services/agent/tools/__tests__/StorageTools.test.ts:105:69
    at file:///Volumes/X%20SSD%202025/Users/narrowchannel/indiiOS-Clean/node_modules/@vitest/runner/dist/chunk-artifact.js:302:11
    at file:///Volumes/X%20SSD%202025/Users/narrowchannel/indiiOS-Clean/node_modules/@vitest/runner/dist/chunk-artifact.js:1903:26
    at file:///Volumes/X%20SSD%202025/Users/narrowchannel/indiiOS-Clean/node_modules/@vitest/runner/dist/chunk-artifact.js:2326:20
    at new Promise (<anonymous>)
    at runWithCancel (file:///Volumes/X%20SSD%202025/Users/narrowchannel/indiiOS-Clean/node_modules/@vitest/runner/dist/chunk-artifact.js:2323:10)
    at file:///Volumes/X%20SSD%202025/Users/narrowchannel/indiiOS-Clean/node_modules/@vitest/runner/dist/chunk-artifact.js:2305:20
    at new Promise (<anonymous>)
    at runWithTimeout (file:///Volumes/X%20SSD%202025/Users/narrowchannel/indiiOS-Clean/node_modules/@vitest/runner/dist/chunk-artifact.js:2272:10)
    at file:///Volumes/X%20SSD%202025/Users/narrowchannel/indiiOS-Clean/node_modules/@vitest/runner/dist/chunk-artifact.js:2955:64

·········stderr | packages/renderer/src/services/agent/tools/__tests__/PublicistTools.test.ts > PublicistTools > handles AI failure gracefully
[Tool:write_press_release] execution failed: Error: AI Down
    at /Volumes/X SSD 2025/Users/narrowchannel/indiiOS-Clean/packages/renderer/src/services/agent/tools/__tests__/PublicistTools.test.ts:85:67
    at file:///Volumes/X%20SSD%202025/Users/narrowchannel/indiiOS-Clean/node_modules/@vitest/runner/dist/chunk-artifact.js:302:11
    at file:///Volumes/X%20SSD%202025/Users/narrowchannel/indiiOS-Clean/node_modules/@vitest/runner/dist/chunk-artifact.js:1903:26
    at file:///Volumes/X%20SSD%202025/Users/narrowchannel/indiiOS-Clean/node_modules/@vitest/runner/dist/chunk-artifact.js:2326:20
    at new Promise (<anonymous>)
    at runWithCancel (file:///Volumes/X%20SSD%202025/Users/narrowchannel/indiiOS-Clean/node_modules/@vitest/runner/dist/chunk-artifact.js:2323:10)
    at file:///Volumes/X%20SSD%202025/Users/narrowchannel/indiiOS-Clean/node_modules/@vitest/runner/dist/chunk-artifact.js:2305:20
    at new Promise (<anonymous>)
    at runWithTimeout (file:///Volumes/X%20SSD%202025/Users/narrowchannel/indiiOS-Clean/node_modules/@vitest/runner/dist/chunk-artifact.js:2272:10)
    at file:///Volumes/X%20SSD%202025/Users/narrowchannel/indiiOS-Clean/node_modules/@vitest/runner/dist/chunk-artifact.js:2955:64

·····stdout | packages/renderer/src/services/agent/CostCircuitBreaker.test.ts > BaseAgent Cost Circuit Breaker > 🛑 should stop execution when budget is exceeded (Cost Circuit Breaker)
[AgentIdentity] Minted identity for Ledger Agent (ledger-agent): instance=efe53e51..., fingerprint=9e9094696ef0...

stdout | packages/renderer/src/services/agent/CostCircuitBreaker.test.ts > BaseAgent Cost Circuit Breaker > 🛑 should stop execution when budget is exceeded (Cost Circuit Breaker)
[ModelArmor] Scanning input...

stdout | packages/renderer/src/services/agent/CostCircuitBreaker.test.ts > BaseAgent Cost Circuit Breaker > 🛑 should stop execution when budget is exceeded (Cost Circuit Breaker)
[ModelArmor] Scanning input...

stderr | packages/renderer/src/services/agent/CostCircuitBreaker.test.ts > BaseAgent Cost Circuit Breaker > 🛑 should stop execution when budget is exceeded (Cost Circuit Breaker)
[BaseAgent] Budget DENIED in ledger-agent. profileEmail=(empty), authEmail=(no auth user), Tier: Free, Max: $1.00/day, Remaining: $-0.10

stdout | packages/renderer/src/services/agent/CostCircuitBreaker.test.ts > BaseAgent Cost Circuit Breaker > 🛑 should stop execution when budget is exceeded (Cost Circuit Breaker)
[ExecutionContext] Rolling back 0 modifications for agent ledger-agent

·(node:9338) Warning: `--localstorage-file` was provided without a valid path
(Use `node --trace-warnings ...` to show where the warning was created)
(node:9339) Warning: `--localstorage-file` was provided without a valid path
(Use `node --trace-warnings ...` to show where the warning was created)
··········stderr | packages/renderer/src/services/agent/governance/MultiTurnAutorater.test.ts > MultiTurnAutorater > evaluateTrace > returns null when GenAI returns null
[MultiTurnAutorater] Received empty evaluation for trace trace-2

stderr | packages/renderer/src/services/agent/governance/MultiTurnAutorater.test.ts > MultiTurnAutorater > evaluateTrace > returns null and does not throw when GenAI rejects
[MultiTurnAutorater] Error evaluating trace trace-3: Error: boom
    at /Volumes/X SSD 2025/Users/narrowchannel/indiiOS-Clean/packages/renderer/src/services/agent/governance/MultiTurnAutorater.test.ts:71:71
    at file:///Volumes/X%20SSD%202025/Users/narrowchannel/indiiOS-Clean/node_modules/@vitest/runner/dist/chunk-artifact.js:302:11
    at file:///Volumes/X%20SSD%202025/Users/narrowchannel/indiiOS-Clean/node_modules/@vitest/runner/dist/chunk-artifact.js:1903:26
    at file:///Volumes/X%20SSD%202025/Users/narrowchannel/indiiOS-Clean/node_modules/@vitest/runner/dist/chunk-artifact.js:2326:20
    at new Promise (<anonymous>)
    at runWithCancel (file:///Volumes/X%20SSD%202025/Users/narrowchannel/indiiOS-Clean/node_modules/@vitest/runner/dist/chunk-artifact.js:2323:10)
    at file:///Volumes/X%20SSD%202025/Users/narrowchannel/indiiOS-Clean/node_modules/@vitest/runner/dist/chunk-artifact.js:2305:20
    at new Promise (<anonymous>)
    at runWithTimeout (file:///Volumes/X%20SSD%202025/Users/narrowchannel/indiiOS-Clean/node_modules/@vitest/runner/dist/chunk-artifact.js:2272:10)
    at file:///Volumes/X%20SSD%202025/Users/narrowchannel/indiiOS-Clean/node_modules/@vitest/runner/dist/chunk-artifact.js:2955:64

···stdout | packages/renderer/src/services/agent/governance/MultiTurnAutorater.test.ts > MultiTurnAutorater > evaluateAndRegister > registers high-quality traces (goalCompletion >= 9, toolEfficiency >= 9, overallPass)
[MultiTurnAutorater] Trace trace-5 (Quality: 9.5/10) registered for fine-tuning (Agent: creative)

stderr | packages/renderer/src/services/agent/governance/MultiTurnAutorater.test.ts > MultiTurnAutorater > evaluateAndRegister > does not throw if Firestore write fails
[MultiTurnAutorater] Failed to register trace trace-10 for fine-tuning: Error: firestore down
    at /Volumes/X SSD 2025/Users/narrowchannel/indiiOS-Clean/packages/renderer/src/services/agent/governance/MultiTurnAutorater.test.ts:131:46
    at file:///Volumes/X%20SSD%202025/Users/narrowchannel/indiiOS-Clean/node_modules/@vitest/runner/dist/chunk-artifact.js:302:11
    at file:///Volumes/X%20SSD%202025/Users/narrowchannel/indiiOS-Clean/node_modules/@vitest/runner/dist/chunk-artifact.js:1903:26
    at file:///Volumes/X%20SSD%202025/Users/narrowchannel/indiiOS-Clean/node_modules/@vitest/runner/dist/chunk-artifact.js:2326:20
    at new Promise (<anonymous>)
    at runWithCancel (file:///Volumes/X%20SSD%202025/Users/narrowchannel/indiiOS-Clean/node_modules/@vitest/runner/dist/chunk-artifact.js:2323:10)
    at file:///Volumes/X%20SSD%202025/Users/narrowchannel/indiiOS-Clean/node_modules/@vitest/runner/dist/chunk-artifact.js:2305:20
    at new Promise (<anonymous>)
    at runWithTimeout (file:///Volumes/X%20SSD%202025/Users/narrowchannel/indiiOS-Clean/node_modules/@vitest/runner/dist/chunk-artifact.js:2272:10)
    at file:///Volumes/X%20SSD%202025/Users/narrowchannel/indiiOS-Clean/node_modules/@vitest/runner/dist/chunk-artifact.js:2955:64

·······(node:9344) Warning: `--localstorage-file` was provided without a valid path
(Use `node --trace-warnings ...` to show where the warning was created)
··(node:9345) Warning: `--localstorage-file` was provided without a valid path
(Use `node --trace-warnings ...` to show where the warning was created)
(node:9343) Warning: `--localstorage-file` was provided without a valid path
(Use `node --trace-warnings ...` to show where the warning was created)
(node:9389) Warning: `--localstorage-file` was provided without a valid path
(Use `node --trace-warnings ...` to show where the warning was created)
stdout | packages/renderer/src/core/store/slices/profileSlice.test.ts > ProfileSlice Persistence > loadUserProfile should load profile from storage
[Profile] Loading user profile for: test-uid

stdout | packages/renderer/src/core/store/slices/profileSlice.test.ts > ProfileSlice Persistence > loadUserProfile should load profile from storage
[Profile] Loaded profile for: test-uid

stdout | packages/renderer/src/core/store/slices/profileSlice.test.ts > ProfileSlice Persistence > loadUserProfile should use default profile if storage is empty
[Profile] Loading user profile for: test-uid

stdout | packages/renderer/src/core/store/slices/profileSlice.test.ts > ProfileSlice Persistence > loadUserProfile should use default profile if storage is empty
[Profile] No profile found, creating default for: test-uid

····(node:9352) Warning: `--localstorage-file` was provided without a valid path
(Use `node --trace-warnings ...` to show where the warning was created)
(node:9357) Warning: `--localstorage-file` was provided without a valid path
(Use `node --trace-warnings ...` to show where the warning was created)
(node:9360) Warning: `--localstorage-file` was provided without a valid path
(Use `node --trace-warnings ...` to show where the warning was created)
(node:9354) Warning: `--localstorage-file` was provided without a valid path
(Use `node --trace-warnings ...` to show where the warning was created)
·(node:9368) Warning: `--localstorage-file` was provided without a valid path
(Use `node --trace-warnings ...` to show where the warning was created)
····(node:9350) Warning: `--localstorage-file` was provided without a valid path
(Use `node --trace-warnings ...` to show where the warning was created)
······················(node:9367) Warning: `--localstorage-file` was provided without a valid path
(Use `node --trace-warnings ...` to show where the warning was created)
(node:9358) Warning: `--localstorage-file` was provided without a valid path
(Use `node --trace-warnings ...` to show where the warning was created)
stdout | packages/renderer/src/services/agent/MemoryService.test.ts > MemoryService > retrieveRelevantMemories > should rank recent high-importance memories highest
[MemoryService] Searching 3 memories for: "query"

stdout | packages/renderer/src/services/agent/MemoryService.test.ts > MemoryService > retrieveRelevantMemories > should rank recent high-importance memories highest
[MemoryService] Top scores: "recent important…" (0.785 vec=1.000 kw=0.000) | "old important…" (0.672 vec=1.000 kw=0.000) | "recent trivial…" (0.665 vec=1.000 kw=0.000)
[MemoryService] Threshold=0.25, matched=3

stdout | packages/renderer/src/services/agent/MemoryService.test.ts > MemoryService > retrieveRelevantMemories > should update access stats for retrieved items
[MemoryService] Searching 1 memories for: "query"

stdout | packages/renderer/src/services/agent/MemoryService.test.ts > MemoryService > retrieveRelevantMemories > should update access stats for retrieved items
[MemoryService] Top scores: "recent important…" (0.785 vec=1.000 kw=0.000)
[MemoryService] Threshold=0.25, matched=1

······stdout | packages/renderer/src/services/agent/MemoryService.test.ts > MemoryService > retrieveRelevantMemories > should filter memories by type
[MemoryService] Searching 3 memories for: "query"
[MemoryService] All memories excluded by metadata filters.

stdout | packages/renderer/src/services/agent/MemoryService.test.ts > MemoryService > retrieveRelevantMemories > should filter memories by type
[MemoryService] Searching 4 memories for: "query"

stdout | packages/renderer/src/services/agent/MemoryService.test.ts > MemoryService > retrieveRelevantMemories > should filter memories by type
[MemoryService] Top scores: "Always do X…" (0.935 vec=1.000 kw=0.000)
[MemoryService] Threshold=0.25, matched=1

stdout | packages/renderer/src/services/agent/MemoryService.test.ts > MemoryService > retrieveRelevantMemories > should filter memories by date range
[MemoryService] Searching 2 memories for: "query"

stdout | packages/renderer/src/services/agent/MemoryService.test.ts > MemoryService > retrieveRelevantMemories > should filter memories by date range
[MemoryService] Top scores: "recent important…" (0.635 vec=1.000 kw=0.000)
[MemoryService] Threshold=0.25, matched=1

stdout | packages/renderer/src/services/agent/MemoryService.test.ts > MemoryService > consolidateMemories > should consolidate memories using AI
[MemoryService] Consolidated 2 memories into 1 summaries.

·········(node:9363) Warning: `--localstorage-file` was provided without a valid path
(Use `node --trace-warnings ...` to show where the warning was created)
·········(node:9349) Warning: `--localstorage-file` was provided without a valid path
(Use `node --trace-warnings ...` to show where the warning was created)
···········(node:9351) Warning: `--localstorage-file` was provided without a valid path
(Use `node --trace-warnings ...` to show where the warning was created)
(node:9359) Warning: `--localstorage-file` was provided without a valid path
(Use `node --trace-warnings ...` to show where the warning was created)
stdout | packages/main/src/handlers/audio_symlink.security.test.ts
18:00:58.794 › [AccessControl] Initialized

stdout | packages/main/src/handlers/audio_symlink.security.test.ts
18:00:58.796 › [AudioHandler] FFmpeg path set to: /Volumes/X SSD 2025/Users/narrowchannel/indiiOS-Clean/node_modules/ffmpeg-static/ffmpeg
18:00:58.796 › [AudioHandler] FFprobe path set to: /Volumes/X SSD 2025/Users/narrowchannel/indiiOS-Clean/node_modules/ffprobe-static/bin/darwin/arm64/ffprobe

(node:9353) Warning: `--localstorage-file` was provided without a valid path
(Use `node --trace-warnings ...` to show where the warning was created)
(node:9365) Warning: `--localstorage-file` was provided without a valid path
(Use `node --trace-warnings ...` to show where the warning was created)
stdout | packages/renderer/src/services/ddex/ERNService.test.ts > ERNService > should generate a valid ERN object from metadata
RESULT {
  success: true,
  xml: '<?xml version="1.0" encoding="UTF-8"?>\n' +
    '<ern:NewReleaseMessage xmlns:ern="http://ddex.net/xml/ern/43" xmlns:xsi="http://www.w3.org/2001/XMLSchema-instance" MessageSchemaVersionId="4.3" LanguageAndScriptCode="en">\n' +
    '  <MessageHeader>\n' +
    '    <MessageId>MSG-1778018458796</MessageId>\n' +
    '    <MessageSender>\n' +
    '      <PartyId>PA-DPIDA-2025122604-E</PartyId>\n' +
    '      <PartyName>Mute Records</PartyName>\n' +
    '    </MessageSender>\n' +
    '    <MessageRecipient>\n' +
    '      <PartyId>PADPIDA2012110501U</PartyId>\n' +
    '      <PartyName>Distributor</PartyName>\n' +
    '    </MessageRecipient>\n' +
    '    <MessageCreatedDateTime>2026-05-05T22:00:58.795Z</MessageCreatedDateTime>\n' +
    '    <MessageControlType>LiveMessage</MessageControlType>\n' +
    '  </MessageHeader>\n' +
    '  <ReleaseList>\n' +
    '    <Release ReleaseReference="R1">\n' +
    '      <ReleaseId>\n' +
    '        <ICPN>123456789012</ICPN>\n' +
    '        <CatalogNumber>MUTE123</CatalogNumber>\n' +
    '      </ReleaseId>\n' +
    '      <ReleaseDetailsByTerritory>\n' +
    '        <TerritoryCode>Worldwide</TerritoryCode>\n' +
    '        <Title TitleType="FormalTitle">\n' +
    '          <TitleText>Midnight City</TitleText>\n' +
    '        </Title>\n' +
    '        <DisplayArtistName>M83</DisplayArtistName>\n' +
    '        <LabelName>Mute Records</LabelName>\n' +
    '        <Genre>\n' +
    '          <GenreText>Electronic</GenreText>\n' +
    '        </Genre>\n' +
    '        <ParentalWarningType>NotExplicit</ParentalWarningType>\n' +
    '        <MarketingComment>Hit single</MarketingComment>\n' +
    '      </ReleaseDetailsByTerritory>\n' +
    '      <ReleaseType>Single</ReleaseType>\n' +
    '      <ReleaseResourceReferenceList>\n' +
    '        <ReleaseResourceReference>AS1</ReleaseResourceReference>\n' +
    '      </ReleaseResourceReferenceList>\n' +
    '      <AIGenerationInfo>\n' +
    '        <IsFullyAIGenerated>false</IsFullyAIGenerated>\n' +
    '        <IsPartiallyAIGenerated>false</IsPartiallyAIGenerated>\n' +
    '        <AIToolsUsed/>\n' +
    '      </AIGenerationInfo>\n' +
    '    </Release>\n' +
    '  </ReleaseList>\n' +
    '  <ResourceList>\n' +
    '    <SoundRecording ResourceReference="AS1">\n' +
    '      <ResourceId>\n' +
    '        <ISRC>USM831100012</ISRC>\n' +
    '      </ResourceId>\n' +
    '      <ReferenceTitle>\n' +
    '        <TitleText>Midnight City</TitleText>\n' +
    '      </ReferenceTitle>\n' +
    '      <SoundRecordingDetailsByTerritory>\n' +
    '        <TerritoryCode>Worldwide</TerritoryCode>\n' +
    '        <Title TitleType="FormalTitle">\n' +
    '          <TitleText>Midnight City</TitleText>\n' +
    '        </Title>\n' +
    '        <DisplayArtistName>M83</DisplayArtistName>\n' +
    '        <LanguageOfPerformance>zxx</LanguageOfPerformance>\n' +
    '      </SoundRecordingDetailsByTerritory>\n' +
    '    </SoundRecording>\n' +
    '  </ResourceList>\n' +
    '  <DealList>\n' +
    '    <ReleaseDeal DealReference="D1">\n' +
    '      <Deal>\n' +
    '        <DealTerms>\n' +
    '          <CommercialModelType>SubscriptionModel</CommercialModelType>\n' +
    '          <Usage>\n' +
    '            <UseType>OnDemandStream</UseType>\n' +
    '          </Usage>\n' +
    '          <TerritoryCode>Worldwide</TerritoryCode>\n' +
    '          <ValidityPeriod>\n' +
    '            <StartDate>2011-10-18</StartDate>\n' +
    '          </ValidityPeriod>\n' +
    '        </DealTerms>\n' +
    '      </Deal>\n' +
    '    </ReleaseDeal>\n' +
    '    <ReleaseDeal DealReference="D2">\n' +
    '      <Deal>\n' +
    '        <DealTerms>\n' +
    '          <CommercialModelType>AdvertisementSupportedModel</CommercialModelType>\n' +
    '          <Usage>\n' +
    '            <UseType>OnDemandStream</UseType>\n' +
    '          </Usage>\n' +
    '          <TerritoryCode>Worldwide</TerritoryCode>\n' +
    '          <ValidityPeriod>\n' +
    '            <StartDate>2011-10-18</StartDate>\n' +
    '          </ValidityPeriod>\n' +
    '        </DealTerms>\n' +
    '      </Deal>\n' +
    '    </ReleaseDeal>\n' +
    '    <ReleaseDeal DealReference="D3">\n' +
    '      <Deal>\n' +
    '        <DealTerms>\n' +
    '          <CommercialModelType>SubscriptionModel</CommercialModelType>\n' +
    '          <Usage>\n' +
    '            <UseType>NonInteractiveStream</UseType>\n' +
    '          </Usage>\n' +
    '          <TerritoryCode>Worldwide</TerritoryCode>\n' +
    '          <ValidityPeriod>\n' +
    '            <StartDate>2011-10-18</StartDate>\n' +
    '          </ValidityPeriod>\n' +
    '        </DealTerms>\n' +
    '      </Deal>\n' +
    '    </ReleaseDeal>\n' +
    '    <ReleaseDeal DealReference="D4">\n' +
    '      <Deal>\n' +
    '        <DealTerms>\n' +
    '          <CommercialModelType>AdvertisementSupportedModel</CommercialModelType>\n' +
    '          <Usage>\n' +
    '            <UseType>NonInteractiveStream</UseType>\n' +
    '          </Usage>\n' +
    '          <TerritoryCode>Worldwide</TerritoryCode>\n' +
    '          <ValidityPeriod>\n' +
    '            <StartDate>2011-10-18</StartDate>\n' +
    '          </ValidityPeriod>\n' +
    '        </DealTerms>\n' +
    '      </Deal>\n' +
    '    </ReleaseDeal>\n' +
    '    <ReleaseDeal DealReference="D5">\n' +
    '      <Deal>\n' +
    '        <DealTerms>\n' +
    '          <CommercialModelType>PayAsYouGoModel</CommercialModelType>\n' +
    '          <Usage>\n' +
    '            <UseType>PermanentDownload</UseType>\n' +
    '          </Usage>\n' +
    '          <TerritoryCode>Worldwide</TerritoryCode>\n' +
    '          <ValidityPeriod>\n' +
    '            <StartDate>2011-10-18</StartDate>\n' +
    '          </ValidityPeriod>\n' +
    '        </DealTerms>\n' +
    '      </Deal>\n' +
    '    </ReleaseDeal>\n' +
    '  </DealList>\n' +
    '</ern:NewReleaseMessage>\n'
}

·······························stdout | packages/renderer/src/services/video/LensVeoMultimodal.test.ts > Lens 🎥 - Gemini 3 Native Multimodal Pipeline > should inject Gemini 3 temporal analysis into Veo prompt when `firstFrame` is present
[VideoGeneration] 🎬 generateVideo() called: {
  promptPreview: 'A cybernetic cat jumping',
  model: 'veo-3.1-generate-preview',
  duration: 8,
  aspectRatio: undefined,
  hasFirstFrame: true,
  hasLastFrame: false,
  hasReferenceImages: false,
  userId: 'lens-user'
}

stdout | packages/renderer/src/services/video/LensVeoMultimodal.test.ts > Lens 🎥 - Gemini 3 Native Multimodal Pipeline > should inject Gemini 3 temporal analysis into Veo prompt when `firstFrame` is present
[VideoGeneration] 🚀 Calling GenAI.generateVideo() with: {
  model: 'veo-3.1-generate-preview',
  promptLength: 93,
  hasImage: true,
  config: '{"aspectRatio":"16:9","durationSeconds":8}'
}
[MetadataPersistence] ✅ Saved video to users/lens-user/generated_videos/mock-doc-id

stdout | packages/renderer/src/services/video/LensVeoMultimodal.test.ts > Lens 🎥 - Gemini 3 Native Multimodal Pipeline > should bypass temporal analysis if no reference frame is provided
[VideoGeneration] 🎬 generateVideo() called: {
  promptPreview: 'Pure text generation',
  model: 'veo-3.1-generate-preview',
  duration: 8,
  aspectRatio: undefined,
  hasFirstFrame: false,
  hasLastFrame: false,
  hasReferenceImages: false,
  userId: 'lens-user'
}

stdout | packages/renderer/src/services/video/LensVeoMultimodal.test.ts > Lens 🎥 - Gemini 3 Native Multimodal Pipeline > should bypass temporal analysis if no reference frame is provided
[VideoGeneration] 🚀 Calling GenAI.generateVideo() with: {
  model: 'veo-3.1-generate-preview',
  promptLength: 20,
  hasImage: false,
  config: '{"aspectRatio":"16:9","durationSeconds":8}'
}
[MetadataPersistence] ✅ Saved video to users/lens-user/generated_videos/mock-doc-id

stdout | packages/main/src/handlers/audio_symlink.security.test.ts > 🛡️ Shield: Audio IPC Symlink Attack > should DETECT and BLOCK symlinks pointing to system files (/etc/passwd)
18:00:58.802 › Audio analysis requested for: /Users/victim/Music/innocent_song.mp3

stderr | packages/main/src/handlers/audio_symlink.security.test.ts > 🛡️ Shield: Audio IPC Symlink Attack > should DETECT and BLOCK symlinks pointing to system files (/etc/passwd)
18:00:58.804 › Audio analysis failed: Error: Security Violation: Access to system directory '/etc/passwd.mp3' is denied
    at validateSafeAudioPath (/Volumes/X SSD 2025/Users/narrowchannel/indiiOS-Clean/packages/main/src/utils/file-security.ts:47:15)
    at /Volumes/X SSD 2025/Users/narrowchannel/indiiOS-Clean/packages/main/src/handlers/audio.ts:66:35
    at invokeHandler (/Volumes/X SSD 2025/Users/narrowchannel/indiiOS-Clean/packages/main/src/handlers/audio_symlink.security.test.ts:61:16)
    at /Volumes/X SSD 2025/Users/narrowchannel/indiiOS-Clean/packages/main/src/handlers/audio_symlink.security.test.ts:91:28
    at file:///Volumes/X%20SSD%202025/Users/narrowchannel/indiiOS-Clean/node_modules/@vitest/runner/dist/chunk-artifact.js:302:11
    at file:///Volumes/X%20SSD%202025/Users/narrowchannel/indiiOS-Clean/node_modules/@vitest/runner/dist/chunk-artifact.js:1903:26
    at file:///Volumes/X%20SSD%202025/Users/narrowchannel/indiiOS-Clean/node_modules/@vitest/runner/dist/chunk-artifact.js:2326:20
    at new Promise (<anonymous>)
    at runWithCancel (file:///Volumes/X%20SSD%202025/Users/narrowchannel/indiiOS-Clean/node_modules/@vitest/runner/dist/chunk-artifact.js:2323:10)
    at file:///Volumes/X%20SSD%202025/Users/narrowchannel/indiiOS-Clean/node_modules/@vitest/runner/dist/chunk-artifact.js:2305:20

stdout | packages/main/src/handlers/audio_symlink.security.test.ts > 🛡️ Shield: Audio IPC Symlink Attack > should ALLOW safe files that are real paths
18:00:58.897 › Audio analysis requested for: /Users/victim/Music/real_song.mp3

stdout | packages/main/src/handlers/audio_symlink.security.test.ts > 🛡️ Shield: Audio IPC Symlink Attack > should ALLOW safe files that are real paths
18:00:58.898 › Analysis Complete. Hash: e3b0c442...

··(node:9364) Warning: `--localstorage-file` was provided without a valid path
(Use `node --trace-warnings ...` to show where the warning was created)
············································stdout | packages/renderer/src/services/blockchain/SmartContractService.test.ts > SmartContractService > should deploy a split contract and return an address
[SmartContract] Deploying Split Contract for ISRC: US-XYZ-26-00001...

stderr | packages/renderer/src/services/blockchain/SmartContractService.test.ts > SmartContractService > should deploy a split contract and return an address
[SmartContract] No wallet available — recording deployment intent to Firestore

stdout | packages/renderer/src/services/blockchain/SmartContractService.test.ts > SmartContractService > should deploy a split contract and return an address
[Blockchain Ledger] New Block: b9a061a2be1639e5... | SPLIT_EXECUTION | US-XYZ-26-00001

stdout | packages/renderer/src/services/blockchain/SmartContractService.test.ts > SmartContractService > should throw error for invalid split percentages
[SmartContract] Deploying Split Contract for ISRC: US-FAIL...

stdout | packages/renderer/src/services/blockchain/SmartContractService.test.ts > SmartContractService > should record transactions to the immutable ledger
[SmartContract] Deploying Split Contract for ISRC: US-LEDGER-TEST...

stderr | packages/renderer/src/services/blockchain/SmartContractService.test.ts > SmartContractService > should record transactions to the immutable ledger
[SmartContract] No wallet available — recording deployment intent to Firestore

stdout | packages/renderer/src/services/blockchain/SmartContractService.test.ts > SmartContractService > should record transactions to the immutable ledger
[Blockchain Ledger] New Block: 82923c6e4a8c6b3a... | SPLIT_EXECUTION | US-LEDGER-TEST

stdout | packages/renderer/src/services/blockchain/SmartContractService.test.ts > SmartContractService > should mint tokens (SongShares)
[SmartContract] Minting 100 SongShares for US-TOKEN...

stderr | packages/renderer/src/services/blockchain/SmartContractService.test.ts > SmartContractService > should mint tokens (SongShares)
[SmartContract] No wallet available — token recorded to Firestore only.

stdout | packages/renderer/src/services/blockchain/SmartContractService.test.ts > SmartContractService > should mint tokens (SongShares)
[Blockchain Ledger] New Block: 64ab10b5795119d1... | TOKEN_MINT | US-TOKEN

····(node:9369) Warning: `--localstorage-file` was provided without a valid path
(Use `node --trace-warnings ...` to show where the warning was created)
(node:9370) Warning: `--localstorage-file` was provided without a valid path
(Use `node --trace-warnings ...` to show where the warning was created)
(node:9366) Warning: `--localstorage-file` was provided without a valid path
(Use `node --trace-warnings ...` to show where the warning was created)
(node:9373) Warning: `--localstorage-file` was provided without a valid path
(Use `node --trace-warnings ...` to show where the warning was created)
stdout | packages/renderer/src/services/ai/__tests__/QA_Streaming.test.ts > Streaming QA > should pass AbortSignal to SDK
[FirebaseAIService] App Check Debug: { DEV: undefined, debugToken: undefined, key: undefined }
[FirebaseAIService] Fallback Mode Initialization: {
  foundKey: true,
  source: 'env.VITE_API_KEY',
  keyPrefix: 'mock-key...'
}
[FirebaseAIService] Initialized with direct Gemini SDK (fallback mode)

stderr | packages/renderer/src/services/ai/__tests__/QA_Streaming.test.ts > Streaming QA > should pass AbortSignal to SDK
[FirebaseAIService] App Check not configured, using direct Gemini SDK fallback

stdout | packages/renderer/src/services/ai/__tests__/QA_Streaming.test.ts > Streaming QA > should pass AbortSignal to SDK
[FallbackClient] Model "gemini-3-flash-preview" is not available on the Developer API. Using fallback model "gemini-2.5-flash" instead.

stdout | packages/renderer/src/services/ai/__tests__/QA_Streaming.test.ts > Streaming QA > should tolerate chunk errors
[FirebaseAIService] App Check Debug: { DEV: undefined, debugToken: undefined, key: undefined }
[FirebaseAIService] Fallback Mode Initialization: {
  foundKey: true,
  source: 'env.VITE_API_KEY',
  keyPrefix: 'mock-key...'
}
[FirebaseAIService] Initialized with direct Gemini SDK (fallback mode)

stderr | packages/renderer/src/services/ai/__tests__/QA_Streaming.test.ts > Streaming QA > should tolerate chunk errors
[FirebaseAIService] App Check not configured, using direct Gemini SDK fallback

stdout | packages/renderer/src/services/ai/__tests__/QA_Streaming.test.ts > Streaming QA > should tolerate chunk errors
[FallbackClient] Model "gemini-3-flash-preview" is not available on the Developer API. Using fallback model "gemini-2.5-flash" instead.

stdout | packages/renderer/src/services/ai/__tests__/QA_Streaming.test.ts > Streaming QA > should tolerate chunk errors
CAUGHT CHUNK ERROR Error: Bad
    at Object.text (/Volumes/X SSD 2025/Users/narrowchannel/indiiOS-Clean/packages/renderer/src/services/ai/__tests__/QA_Streaming.test.ts:117:41)
    at Object.start (/Volumes/X SSD 2025/Users/narrowchannel/indiiOS-Clean/packages/renderer/src/services/ai/fallback/FallbackClient.ts:277:70)
    at processTicksAndRejections (node:internal/process/task_queues:104:5)

····················stdout | packages/renderer/src/services/agent/ContextStackService.test.ts > 📚 ContextStackService > Persistence > should serialize and restore the stack losslessly
[ContextStackImpl] Restored 2 frames

stderr | packages/renderer/src/services/agent/ContextStackService.test.ts > 📚 ContextStackService > Persistence > should silently handle invalid serialized data
[ContextStackImpl] Restore failed: invalid JSON

stdout | packages/renderer/src/services/agent/ContextStackService.test.ts > 📚 ContextStackService > Persistence > should filter out frames with invalid structure during restore
[ContextStackImpl] Restored 1 frames

stdout | packages/renderer/src/services/agent/ContextStackService.test.ts > 📚 ContextStackService > Persistence > should enforce maxFrames during restore
[ContextStackImpl] Restored 5 frames

·················stdout | packages/renderer/src/services/ai/context/Keeper_EndToEnd.test.ts > 📚 Keeper: End-to-End Context & Persistence > should truncate massive history before sending to AI, but persist full history to disk
[AgentIdentity] Minted identity for Keeper (keeper): instance=4cd5dd8c..., fingerprint=249f0a0da2e8...

stdout | packages/renderer/src/services/ai/context/Keeper_EndToEnd.test.ts > 📚 Keeper: End-to-End Context & Persistence > should truncate massive history before sending to AI, but persist full history to disk
[ModelArmor] Scanning input...

(node:9372) Warning: `--localstorage-file` was provided without a valid path
(Use `node --trace-warnings ...` to show where the warning was created)
stdout | packages/renderer/src/services/ai/context/Keeper_EndToEnd.test.ts > 📚 Keeper: End-to-End Context & Persistence > should truncate massive history before sending to AI, but persist full history to disk
[ModelArmor] Scanning output...

·(node:9371) Warning: `--localstorage-file` was provided without a valid path
(Use `node --trace-warnings ...` to show where the warning was created)
···················(node:9378) Warning: `--localstorage-file` was provided without a valid path
(Use `node --trace-warnings ...` to show where the warning was created)
(node:9384) Warning: `--localstorage-file` was provided without a valid path
(Use `node --trace-warnings ...` to show where the warning was created)
stdout | packages/renderer/src/services/payment/PaymentService.test.ts > PaymentService > createOneTimePayment > should create a checkout session and return the URL
[PaymentService] Checkout session created: cs_test_abc

stdout | packages/renderer/src/services/payment/PaymentService.test.ts > PaymentService > createOneTimePayment > should use custom success/cancel URLs when provided
[PaymentService] Checkout session created: cs_test_def

stderr | packages/renderer/src/services/payment/PaymentService.test.ts > PaymentService > createOneTimePayment > should throw when no checkout URL is returned
[PaymentService] Failed to create checkout session: Error: No checkout URL returned from server.
    at Module.createOneTimePayment (/Volumes/X SSD 2025/Users/narrowchannel/indiiOS-Clean/packages/renderer/src/services/payment/PaymentService.ts:62:19)
    at processTicksAndRejections (node:internal/process/task_queues:104:5)

(node:9374) Warning: `--localstorage-file` was provided without a valid path
(Use `node --trace-warnings ...` to show where the warning was created)
(node:9377) Warning: `--localstorage-file` was provided without a valid path
(Use `node --trace-warnings ...` to show where the warning was created)
stderr | packages/renderer/src/services/publishing/MechanicalRoyaltyService.test.ts > MechanicalRoyaltyService > searchComposition > should return null if API fails
MechanicalRoyaltyService.searchComposition: CF unavailable or failed Error: Songfile search failed: 500
    at Object.searchComposition (/Volumes/X SSD 2025/Users/narrowchannel/indiiOS-Clean/packages/renderer/src/services/publishing/MechanicalRoyaltyService.ts:70:32)
    at processTicksAndRejections (node:internal/process/task_queues:104:5)
    at /Volumes/X SSD 2025/Users/narrowchannel/indiiOS-Clean/packages/renderer/src/services/publishing/MechanicalRoyaltyService.test.ts:57:28

stdout | packages/renderer/src/services/publishing/MechanicalRoyaltyService.test.ts > MechanicalRoyaltyService > createLicense > should create a license record in Firestore
MechanicalRoyaltyService: License record created { licenseId: 'ml_test-user-id_1778018459464' }

stdout | packages/renderer/src/services/publishing/MechanicalRoyaltyService.test.ts > MechanicalRoyaltyService > requestLicense > should call the proxy API and update status
MechanicalRoyaltyService: License requested { licenseId: 'ml_123', licenseNumber: 'HFA123' }

········stderr | packages/renderer/src/services/payment/PaymentService.test.ts > PaymentService > createOneTimePayment > should propagate Cloud Function errors
[PaymentService] Failed to create checkout session: Error: Stripe rate limit exceeded
    at /Volumes/X SSD 2025/Users/narrowchannel/indiiOS-Clean/packages/renderer/src/services/payment/PaymentService.test.ts:108:17
    at file:///Volumes/X%20SSD%202025/Users/narrowchannel/indiiOS-Clean/node_modules/@vitest/runner/dist/chunk-artifact.js:302:11
    at file:///Volumes/X%20SSD%202025/Users/narrowchannel/indiiOS-Clean/node_modules/@vitest/runner/dist/chunk-artifact.js:1903:26
    at file:///Volumes/X%20SSD%202025/Users/narrowchannel/indiiOS-Clean/node_modules/@vitest/runner/dist/chunk-artifact.js:2326:20
    at new Promise (<anonymous>)
    at runWithCancel (file:///Volumes/X%20SSD%202025/Users/narrowchannel/indiiOS-Clean/node_modules/@vitest/runner/dist/chunk-artifact.js:2323:10)
    at file:///Volumes/X%20SSD%202025/Users/narrowchannel/indiiOS-Clean/node_modules/@vitest/runner/dist/chunk-artifact.js:2305:20
    at new Promise (<anonymous>)
    at runWithTimeout (file:///Volumes/X%20SSD%202025/Users/narrowchannel/indiiOS-Clean/node_modules/@vitest/runner/dist/chunk-artifact.js:2272:10)
    at file:///Volumes/X%20SSD%202025/Users/narrowchannel/indiiOS-Clean/node_modules/@vitest/runner/dist/chunk-artifact.js:2955:64

······stdout | packages/renderer/src/services/ai/__tests__/Caching.test.ts > AI Caching (Browser Environment) > should cache generated text responses
[FirebaseAIService] App Check Debug: {
  DEV: true,
  debugToken: 'test-debug-token',
  key: 'test-app-check-key'
}

stderr | packages/renderer/src/services/ai/__tests__/Caching.test.ts > AI Caching (Browser Environment) > should cache generated text responses
[safeJsonParse] Failed to parse JSON: SyntaxError: Unexpected token 'm', "mock-model" is not valid JSON
    at JSON.parse (<anonymous>)
    at safeJsonParse (/Volumes/X SSD 2025/Users/narrowchannel/indiiOS-Clean/packages/renderer/src/services/utils/json.ts:6:21)
    at FirebaseAIService.bootstrap (/Volumes/X SSD 2025/Users/narrowchannel/indiiOS-Clean/packages/renderer/src/services/ai/FirebaseAIService.ts:165:40)
    at FirebaseAIService.ensureInitialized (/Volumes/X SSD 2025/Users/narrowchannel/indiiOS-Clean/packages/renderer/src/services/ai/FirebaseAIService.ts:1017:13)
    at generateText (/Volumes/X SSD 2025/Users/narrowchannel/indiiOS-Clean/packages/renderer/src/services/ai/generators/HighLevelAPI.ts:36:5)

stdout | packages/renderer/src/services/ai/__tests__/Caching.test.ts > AI Caching (Browser Environment) > should cache generated text responses
[FirebaseAIService] Initialized with Firebase AI SDK

···stdout | packages/renderer/src/services/ai/__tests__/RemoteAIConfig.test.ts > RemoteAIConfig & Dynamic Switching > should use default model when no remote config override exists
[FirebaseAIService] App Check Debug: { DEV: undefined, debugToken: undefined, key: 'mock-key' }

stdout | packages/renderer/src/services/ai/__tests__/RemoteAIConfig.test.ts > RemoteAIConfig & Dynamic Switching > should use default model when no remote config override exists
[FirebaseAIService] Initialized with Firebase AI SDK

stdout | packages/renderer/src/services/ai/__tests__/RemoteAIConfig.test.ts > RemoteAIConfig & Dynamic Switching > should use default model when no remote config override exists
[DEBUG-PAYLOAD] modelName: gemini-3-pro-preview
[DEBUG-PAYLOAD] prompt: "test"...
[DEBUG-PAYLOAD] config: undefined

(node:9417) Warning: `--localstorage-file` was provided without a valid path
(Use `node --trace-warnings ...` to show where the warning was created)
(node:9382) Warning: `--localstorage-file` was provided without a valid path
(Use `node --trace-warnings ...` to show where the warning was created)
············stdout | packages/renderer/src/services/ai/__tests__/RemoteAIConfig.test.ts > RemoteAIConfig & Dynamic Switching > should intercept and replace model ID when override is present
[FirebaseAIService] App Check Debug: { DEV: undefined, debugToken: undefined, key: 'mock-key' }

stdout | packages/renderer/src/services/ai/__tests__/RemoteAIConfig.test.ts > RemoteAIConfig & Dynamic Switching > should intercept and replace model ID when override is present
[FirebaseAIService] Loaded dynamic AI config from Remote Config
[FirebaseAIService] Initialized with Firebase AI SDK

stdout | packages/renderer/src/services/ai/__tests__/RemoteAIConfig.test.ts > RemoteAIConfig & Dynamic Switching > should intercept and replace model ID when override is present
Requesting model: gemini-3-pro-preview
[DEBUG-PAYLOAD] modelName: gemini-3-pro-preview
[DEBUG-PAYLOAD] prompt: "test"...
[DEBUG-PAYLOAD] config: undefined

stdout | packages/renderer/src/services/ai/__tests__/RemoteAIConfig.test.ts > RemoteAIConfig & Dynamic Switching > should intercept and replace model ID when override is present
getGenerativeModel calls: [
  {
    "model": "gemini-3-flash-preview",
    "safetySettings": [
      {
        "category": "HARM_CATEGORY_HARASSMENT",
        "threshold": "BLOCK_MEDIUM_AND_ABOVE"
      },
      {
        "category": "HARM_CATEGORY_HATE_SPEECH",
        "threshold": "BLOCK_MEDIUM_AND_ABOVE"
      },
      {
        "category": "HARM_CATEGORY_SEXUALLY_EXPLICIT",
        "threshold": "BLOCK_MEDIUM_AND_ABOVE"
      },
      {
        "category": "HARM_CATEGORY_DANGEROUS_CONTENT",
        "threshold": "BLOCK_MEDIUM_AND_ABOVE"
      }
    ]
  },
  {
    "model": "gemini-4-ultra",
    "generationConfig": {},
    "safetySettings": [
      {
        "category": "HARM_CATEGORY_HARASSMENT",
        "threshold": "BLOCK_MEDIUM_AND_ABOVE"
      },
      {
        "category": "HARM_CATEGORY_HATE_SPEECH",
        "threshold": "BLOCK_MEDIUM_AND_ABOVE"
      },
      {
        "category": "HARM_CATEGORY_SEXUALLY_EXPLICIT",
        "threshold": "BLOCK_MEDIUM_AND_ABOVE"
      },
      {
        "category": "HARM_CATEGORY_DANGEROUS_CONTENT",
        "threshold": "BLOCK_MEDIUM_AND_ABOVE"
      }
    ]
  }
]

stdout | packages/renderer/src/services/ai/__tests__/RemoteAIConfig.test.ts > RemoteAIConfig & Dynamic Switching > should fall back if remote schema is invalid
[FirebaseAIService] App Check Debug: { DEV: undefined, debugToken: undefined, key: 'mock-key' }

stdout | packages/renderer/src/services/agent/WorkflowStateService.test.ts > WorkflowStateService > createExecution > should create a new execution with all steps as planned
[WorkflowState] Created execution test-execution-id for workflow 'CAMPAIGN_LAUNCH' with 3 steps and 0 edges

stderr | packages/renderer/src/services/ai/__tests__/RemoteAIConfig.test.ts > RemoteAIConfig & Dynamic Switching > should fall back if remote schema is invalid
[safeJsonParse] Failed to parse JSON: SyntaxError: Expected ',' or '}' after property value in JSON at position 16 (line 1 column 17)
    at JSON.parse (<anonymous>)
    at safeJsonParse (/Volumes/X SSD 2025/Users/narrowchannel/indiiOS-Clean/packages/renderer/src/services/utils/json.ts:6:21)
    at FirebaseAIService.bootstrap (/Volumes/X SSD 2025/Users/narrowchannel/indiiOS-Clean/packages/renderer/src/services/ai/FirebaseAIService.ts:165:40)
    at processTicksAndRejections (node:internal/process/task_queues:104:5)
    at /Volumes/X SSD 2025/Users/narrowchannel/indiiOS-Clean/packages/renderer/src/services/ai/__tests__/RemoteAIConfig.test.ts:138:9

stdout | packages/renderer/src/services/ai/__tests__/RemoteAIConfig.test.ts > RemoteAIConfig & Dynamic Switching > should fall back if remote schema is invalid
[FirebaseAIService] Initialized with Firebase AI SDK

stdout | packages/renderer/src/services/ai/__tests__/RemoteAIConfig.test.ts > RemoteAIConfig & Dynamic Switching > should fall back if remote schema is invalid
[DEBUG-PAYLOAD] modelName: gemini-3-pro-preview
[DEBUG-PAYLOAD] prompt: "test"...
[DEBUG-PAYLOAD] config: undefined

stdout | packages/renderer/src/services/agent/WorkflowStateService.test.ts > WorkflowStateService > advanceStep > should mark the workflow as completed when all steps are done
[WorkflowState] Execution exec-2 fully completed

stderr | packages/renderer/src/services/agent/WorkflowStateService.test.ts > WorkflowStateService > failStep > should mark a step and the workflow as failed while preserving remaining planned steps
[WorkflowState] Step step_1 (marketing) failed: API timeout

stdout | packages/renderer/src/services/agent/WorkflowStateService.test.ts > WorkflowStateService > cancelExecution > should cancel the execution and all non-terminal steps
[WorkflowState] Execution exec-4 cancelled

··········stderr | packages/renderer/src/services/dashboard/DashboardService.test.ts > DashboardService > getSalesAnalytics falls back to zero state on fetch failure
[Dashboard] API fetch failed, falling back to Firestore: Error: Network Error
    at /Volumes/X SSD 2025/Users/narrowchannel/indiiOS-Clean/packages/renderer/src/services/dashboard/DashboardService.test.ts:147:53
    at file:///Volumes/X%20SSD%202025/Users/narrowchannel/indiiOS-Clean/node_modules/@vitest/runner/dist/chunk-artifact.js:302:11
    at file:///Volumes/X%20SSD%202025/Users/narrowchannel/indiiOS-Clean/node_modules/@vitest/runner/dist/chunk-artifact.js:1903:26
    at file:///Volumes/X%20SSD%202025/Users/narrowchannel/indiiOS-Clean/node_modules/@vitest/runner/dist/chunk-artifact.js:2326:20
    at new Promise (<anonymous>)
    at runWithCancel (file:///Volumes/X%20SSD%202025/Users/narrowchannel/indiiOS-Clean/node_modules/@vitest/runner/dist/chunk-artifact.js:2323:10)
    at file:///Volumes/X%20SSD%202025/Users/narrowchannel/indiiOS-Clean/node_modules/@vitest/runner/dist/chunk-artifact.js:2305:20
    at new Promise (<anonymous>)
    at runWithTimeout (file:///Volumes/X%20SSD%202025/Users/narrowchannel/indiiOS-Clean/node_modules/@vitest/runner/dist/chunk-artifact.js:2272:10)
    at file:///Volumes/X%20SSD%202025/Users/narrowchannel/indiiOS-Clean/node_modules/@vitest/runner/dist/chunk-artifact.js:2955:64

stderr | packages/renderer/src/services/dashboard/DashboardService.test.ts > DashboardService > getSalesAnalytics falls back to zero state on fetch failure
[Dashboard] Firestore data failed schema validation: ZodError: [
  {
    "code": "invalid_type",
    "expected": "object",
    "received": "undefined",
    "path": [
      "conversionRate"
    ],
    "message": "Required"
  },
  {
    "code": "invalid_type",
    "expected": "object",
    "received": "undefined",
    "path": [
      "totalVisitors"
    ],
    "message": "Required"
  },
  {
    "code": "invalid_type",
    "expected": "object",
    "received": "undefined",
    "path": [
      "clickRate"
    ],
    "message": "Required"
  },
  {
    "code": "invalid_type",
    "expected": "object",
    "received": "undefined",
    "path": [
      "avgOrderValue"
    ],
    "message": "Required"
  },
  {
    "code": "invalid_type",
    "expected": "array",
    "received": "undefined",
    "path": [
      "revenueChart"
    ],
    "message": "Required"
  }
]
    at Object.get error [as error] (file:///Volumes/X%20SSD%202025/Users/narrowchannel/indiiOS-Clean/node_modules/zod/v3/types.js:39:31)
    at DashboardService.getSalesAnalytics (/Volumes/X SSD 2025/Users/narrowchannel/indiiOS-Clean/packages/renderer/src/services/dashboard/DashboardService.ts:609:109)
    at processTicksAndRejections (node:internal/process/task_queues:104:5)
    at /Volumes/X SSD 2025/Users/narrowchannel/indiiOS-Clean/packages/renderer/src/services/dashboard/DashboardService.test.ts:153:24
    at file:///Volumes/X%20SSD%202025/Users/narrowchannel/indiiOS-Clean/node_modules/@vitest/runner/dist/chunk-artifact.js:1903:20 {
  issues: [
    {
      code: 'invalid_type',
      expected: 'object',
      received: 'undefined',
      path: [Array],
      message: 'Required'
    },
    {
      code: 'invalid_type',
      expected: 'object',
      received: 'undefined',
      path: [Array],
      message: 'Required'
    },
    {
      code: 'invalid_type',
      expected: 'object',
      received: 'undefined',
      path: [Array],
      message: 'Required'
    },
    {
      code: 'invalid_type',
      expected: 'object',
      received: 'undefined',
      path: [Array],
      message: 'Required'
    },
    {
      code: 'invalid_type',
      expected: 'array',
      received: 'undefined',
      path: [Array],
      message: 'Required'
    }
  ],
  addIssue: [Function (anonymous)],
  addIssues: [Function (anonymous)]
}

(node:9383) Warning: `--localstorage-file` was provided without a valid path
(Use `node --trace-warnings ...` to show where the warning was created)
·······(node:9379) Warning: `--localstorage-file` was provided without a valid path
(Use `node --trace-warnings ...` to show where the warning was created)
stdout | packages/renderer/src/services/video/__tests__/LensVideoVerification.test.ts > 🎥 Lens: Veo 3.1 & Gemini 3 Integration Verification > Prompt Enhancer Flow > should inject camera and motion parameters into the prompt
[VideoGeneration] 🎬 generateVideo() called: {
  promptPreview: 'A Cyberpunk city',
  model: 'veo-3.1-generate-preview',
  duration: 8,
  aspectRatio: undefined,
  hasFirstFrame: false,
  hasLastFrame: false,
  hasReferenceImages: false,
  userId: 'lens-verifier'
}

stdout | packages/renderer/src/services/video/__tests__/LensVideoVerification.test.ts > 🎥 Lens: Veo 3.1 & Gemini 3 Integration Verification > Prompt Enhancer Flow > should inject camera and motion parameters into the prompt
[VideoGeneration] 🚀 Calling GenAI.generateVideo() with: {
  model: 'veo-3.1-generate-preview',
  promptLength: 74,
  hasImage: false,
  config: '{"aspectRatio":"16:9","durationSeconds":8}'
}

·············stdout | packages/renderer/src/services/video/__tests__/VideoDistributorIntegration.test.ts
[DistributorService] Registered adapter: DistroKid
[DistributorService] Registered adapter: TuneCore
[DistributorService] Registered adapter: CDBaby
[DistributorService] Registered adapter: Symphonic

(node:9385) Warning: `--localstorage-file` was provided without a valid path
(Use `node --trace-warnings ...` to show where the warning was created)
(node:9386) Warning: `--localstorage-file` was provided without a valid path
(Use `node --trace-warnings ...` to show where the warning was created)
····················stdout | packages/renderer/src/services/agent/BaseAgentValidation.test.ts > BaseAgent Tool Validation > should execute tool when args are valid
[AgentIdentity] Minted identity for Test Agent (generalist): instance=beb39700..., fingerprint=724165db5cc2...

stdout | packages/renderer/src/services/agent/BaseAgentValidation.test.ts > BaseAgent Tool Validation > should execute tool when args are valid
[ModelArmor] Scanning input...

stdout | packages/renderer/src/services/agent/BaseAgentValidation.test.ts > BaseAgent Tool Validation > should execute tool when args are valid
[ModelArmor] Scanning input...

stdout | packages/renderer/src/services/agent/BaseAgentValidation.test.ts > BaseAgent Tool Validation > should execute tool when args are valid
[ModelArmor] Scanning output...

stdout | packages/renderer/src/services/agent/BaseAgentValidation.test.ts > BaseAgent Tool Validation > should block tool execution when args are invalid
[AgentIdentity] Minted identity for Test Agent (generalist): instance=b78d8c33..., fingerprint=724165db5cc2...

stdout | packages/renderer/src/services/agent/BaseAgentValidation.test.ts > BaseAgent Tool Validation > should block tool execution when args are invalid
[ModelArmor] Scanning input...

stdout | packages/renderer/src/services/agent/BaseAgentValidation.test.ts > BaseAgent Tool Validation > should block tool execution when args are invalid
[ModelArmor] Scanning input...

stdout | packages/renderer/src/services/agent/BaseAgentValidation.test.ts > BaseAgent Tool Validation > should block tool execution when args are invalid
[ModelArmor] Scanning output...

··stdout | packages/renderer/src/services/video/__tests__/VideoDistributorIntegration.test.ts > VideoGenerationService - Distributor Integration > Distributors with Canvas support (9:16) > applies 9:16 for DistroKid Canvas
[VideoGeneration] 🎬 generateVideo() called: {
  promptPreview: 'A cool video',
  model: 'veo-3.1-generate-preview',
  duration: 8,
  aspectRatio: undefined,
  hasFirstFrame: false,
  hasLastFrame: false,
  hasReferenceImages: false,
  userId: 'test-user'
}

stdout | packages/renderer/src/services/video/__tests__/VideoDistributorIntegration.test.ts > VideoGenerationService - Distributor Integration > Distributors with Canvas support (9:16) > applies 9:16 for DistroKid Canvas
[VideoGeneration] 🚀 Calling GenAI.generateVideo() with: {
  model: 'veo-3.1-generate-preview',
  promptLength: 95,
  hasImage: false,
  config: '{"aspectRatio":"9:16","durationSeconds":8}'
}

(node:9436) Warning: `--localstorage-file` was provided without a valid path
(Use `node --trace-warnings ...` to show where the warning was created)
stdout | packages/renderer/src/services/video/__tests__/VideoDistributorIntegration.test.ts > VideoGenerationService - Distributor Integration > Distributors with Canvas support (9:16) > applies 9:16 for TuneCore Canvas
[VideoGeneration] 🎬 generateVideo() called: {
  promptPreview: 'A cool video',
  model: 'veo-3.1-generate-preview',
  duration: 8,
  aspectRatio: undefined,
  hasFirstFrame: false,
  hasLastFrame: false,
  hasReferenceImages: false,
  userId: 'test-user'
}

stdout | packages/renderer/src/services/video/__tests__/VideoDistributorIntegration.test.ts > VideoGenerationService - Distributor Integration > Distributors with Canvas support (9:16) > applies 9:16 for TuneCore Canvas
[VideoGeneration] 🚀 Calling GenAI.generateVideo() with: {
  model: 'veo-3.1-generate-preview',
  promptLength: 95,
  hasImage: false,
  config: '{"aspectRatio":"9:16","durationSeconds":8}'
}

stdout | packages/renderer/src/services/video/__tests__/VideoDistributorIntegration.test.ts > VideoGenerationService - Distributor Integration > Distributors without Canvas support > does NOT apply Canvas constraints for CD Baby
[VideoGeneration] 🎬 generateVideo() called: {
  promptPreview: 'A cool video',
  model: 'veo-3.1-generate-preview',
  duration: 8,
  aspectRatio: undefined,
  hasFirstFrame: false,
  hasLastFrame: false,
  hasReferenceImages: false,
  userId: 'test-user'
}

stdout | packages/renderer/src/services/video/__tests__/VideoDistributorIntegration.test.ts > VideoGenerationService - Distributor Integration > Distributors without Canvas support > does NOT apply Canvas constraints for CD Baby
[VideoGeneration] 🚀 Calling GenAI.generateVideo() with: {
  model: 'veo-3.1-generate-preview',
  promptLength: 12,
  hasImage: false,
  config: '{"aspectRatio":"16:9","durationSeconds":8}'
}

stdout | packages/renderer/src/services/video/__tests__/VideoDistributorIntegration.test.ts > VideoGenerationService - Distributor Integration > Distributors without Canvas support > does NOT apply Canvas constraints for Ditto
[VideoGeneration] 🎬 generateVideo() called: {
  promptPreview: 'A cool video',
  model: 'veo-3.1-generate-preview',
  duration: 8,
  aspectRatio: undefined,
  hasFirstFrame: false,
  hasLastFrame: false,
  hasReferenceImages: false,
  userId: 'test-user'
}

stdout | packages/renderer/src/services/video/__tests__/VideoDistributorIntegration.test.ts > VideoGenerationService - Distributor Integration > Distributors without Canvas support > does NOT apply Canvas constraints for Ditto
[VideoGeneration] 🚀 Calling GenAI.generateVideo() with: {
  model: 'veo-3.1-generate-preview',
  promptLength: 12,
  hasImage: false,
  config: '{"aspectRatio":"16:9","durationSeconds":8}'
}

stdout | packages/renderer/src/services/video/__tests__/VideoDistributorIntegration.test.ts > VideoGenerationService - Distributor Integration > Distributors without Canvas support > does NOT apply Canvas constraints for AWAL
[VideoGeneration] 🎬 generateVideo() called: {
  promptPreview: 'A cool video',
  model: 'veo-3.1-generate-preview',
  duration: 8,
  aspectRatio: undefined,
  hasFirstFrame: false,
  hasLastFrame: false,
  hasReferenceImages: false,
  userId: 'test-user'
}

stdout | packages/renderer/src/services/video/__tests__/VideoDistributorIntegration.test.ts > VideoGenerationService - Distributor Integration > Distributors without Canvas support > does NOT apply Canvas constraints for AWAL
[VideoGeneration] 🚀 Calling GenAI.generateVideo() with: {
  model: 'veo-3.1-generate-preview',
  promptLength: 12,
  hasImage: false,
  config: '{"aspectRatio":"16:9","durationSeconds":8}'
}

stdout | packages/renderer/src/services/video/__tests__/VideoDistributorIntegration.test.ts > VideoGenerationService - Distributor Integration > Distributors without Canvas support > does NOT apply Canvas constraints for UnitedMasters
[VideoGeneration] 🎬 generateVideo() called: {
  promptPreview: 'A cool video',
  model: 'veo-3.1-generate-preview',
  duration: 8,
  aspectRatio: undefined,
  hasFirstFrame: false,
  hasLastFrame: false,
  hasReferenceImages: false,
  userId: 'test-user'
}

stdout | packages/renderer/src/services/video/__tests__/VideoDistributorIntegration.test.ts > VideoGenerationService - Distributor Integration > Distributors without Canvas support > does NOT apply Canvas constraints for UnitedMasters
[VideoGeneration] 🚀 Calling GenAI.generateVideo() with: {
  model: 'veo-3.1-generate-preview',
  promptLength: 12,
  hasImage: false,
  config: '{"aspectRatio":"16:9","durationSeconds":8}'
}

stdout | packages/renderer/src/services/video/__tests__/VideoDistributorIntegration.test.ts > VideoGenerationService - Distributor Integration > Distributors without Canvas support > does NOT apply Canvas constraints for Amuse
[VideoGeneration] 🎬 generateVideo() called: {
  promptPreview: 'A cool video',
  model: 'veo-3.1-generate-preview',
  duration: 8,
  aspectRatio: undefined,
  hasFirstFrame: false,
  hasLastFrame: false,
  hasReferenceImages: false,
  userId: 'test-user'
}

stdout | packages/renderer/src/services/video/__tests__/VideoDistributorIntegration.test.ts > VideoGenerationService - Distributor Integration > Distributors without Canvas support > does NOT apply Canvas constraints for Amuse
[VideoGeneration] 🚀 Calling GenAI.generateVideo() with: {
  model: 'veo-3.1-generate-preview',
  promptLength: 12,
  hasImage: false,
  config: '{"aspectRatio":"16:9","durationSeconds":8}'
}

stdout | packages/renderer/src/services/video/__tests__/VideoDistributorIntegration.test.ts > VideoGenerationService - Distributor Integration > Edge cases > falls back to defaults when no distributor configured
[VideoGeneration] 🎬 generateVideo() called: {
  promptPreview: 'A cool video',
  model: 'veo-3.1-generate-preview',
  duration: 8,
  aspectRatio: undefined,
  hasFirstFrame: false,
  hasLastFrame: false,
  hasReferenceImages: false,
  userId: 'test-user'
}

stdout | packages/renderer/src/services/video/__tests__/VideoDistributorIntegration.test.ts > VideoGenerationService - Distributor Integration > Edge cases > falls back to defaults when no distributor configured
[VideoGeneration] 🚀 Calling GenAI.generateVideo() with: {
  model: 'veo-3.1-generate-preview',
  promptLength: 12,
  hasImage: false,
  config: '{"aspectRatio":"16:9","durationSeconds":8}'
}

stdout | packages/renderer/src/services/video/__tests__/VideoDistributorIntegration.test.ts > VideoGenerationService - Distributor Integration > Edge cases > falls back to defaults when no userProfile provided
[VideoGeneration] 🎬 generateVideo() called: {
  promptPreview: 'A cool video',
  model: 'veo-3.1-generate-preview',
  duration: 8,
  aspectRatio: undefined,
  hasFirstFrame: false,
  hasLastFrame: false,
  hasReferenceImages: false,
  userId: 'test-user'
}

stdout | packages/renderer/src/services/video/__tests__/VideoDistributorIntegration.test.ts > VideoGenerationService - Distributor Integration > Edge cases > falls back to defaults when no userProfile provided
[VideoGeneration] 🚀 Calling GenAI.generateVideo() with: {
  model: 'veo-3.1-generate-preview',
  promptLength: 12,
  hasImage: false,
  config: '{"aspectRatio":"16:9","durationSeconds":8}'
}

stdout | packages/renderer/src/services/video/__tests__/VideoDistributorIntegration.test.ts > VideoGenerationService - Distributor Integration > Edge cases > explicit aspectRatio overrides distributor default
[VideoGeneration] 🎬 generateVideo() called: {
  promptPreview: 'A cool video',
  model: 'veo-3.1-generate-preview',
  duration: 8,
  aspectRatio: '16:9',
  hasFirstFrame: false,
  hasLastFrame: false,
  hasReferenceImages: false,
  userId: 'test-user'
}

stdout | packages/renderer/src/services/video/__tests__/VideoDistributorIntegration.test.ts > VideoGenerationService - Distributor Integration > Edge cases > explicit aspectRatio overrides distributor default
[VideoGeneration] 🚀 Calling GenAI.generateVideo() with: {
  model: 'veo-3.1-generate-preview',
  promptLength: 95,
  hasImage: false,
  config: '{"aspectRatio":"16:9","durationSeconds":8}'
}

stdout | packages/renderer/src/services/video/__tests__/VideoDistributorIntegration.test.ts > VideoGenerationService - Distributor Integration > Edge cases > handles unknown distributor gracefully
[VideoGeneration] 🎬 generateVideo() called: {
  promptPreview: 'A cool video',
  model: 'veo-3.1-generate-preview',
  duration: 8,
  aspectRatio: undefined,
  hasFirstFrame: false,
  hasLastFrame: false,
  hasReferenceImages: false,
  userId: 'test-user'
}

stdout | packages/renderer/src/services/video/__tests__/VideoDistributorIntegration.test.ts > VideoGenerationService - Distributor Integration > Edge cases > handles unknown distributor gracefully
[VideoGeneration] 🚀 Calling GenAI.generateVideo() with: {
  model: 'veo-3.1-generate-preview',
  promptLength: 12,
  hasImage: false,
  config: '{"aspectRatio":"16:9","durationSeconds":8}'
}

stdout | packages/renderer/src/services/video/__tests__/VideoDistributorIntegration.test.ts > VideoGenerationService - Distributor Integration > Long-form video generation > applies distributor constraints to long-form videos
[DaisyChain] Segment 1/4: Last frame extracted (image/jpeg)

stdout | packages/renderer/src/services/video/__tests__/VideoDistributorIntegration.test.ts > VideoGenerationService - Distributor Integration > Long-form video generation > applies distributor constraints to long-form videos
[DaisyChain] Segment 1/4: Scene analysis complete — "Mock analysis text..."

stdout | packages/renderer/src/services/video/__tests__/VideoDistributorIntegration.test.ts > VideoGenerationService - Distributor Integration > Long-form video generation > applies distributor constraints to long-form videos
[DaisyChain] Segment 2/4: Last frame extracted (image/jpeg)

stdout | packages/renderer/src/services/video/__tests__/VideoDistributorIntegration.test.ts > VideoGenerationService - Distributor Integration > Long-form video generation > applies distributor constraints to long-form videos
[DaisyChain] Segment 2/4: Scene analysis complete — "Mock analysis text..."

stdout | packages/renderer/src/services/video/__tests__/VideoDistributorIntegration.test.ts > VideoGenerationService - Distributor Integration > Long-form video generation > applies distributor constraints to long-form videos
[DaisyChain] Segment 3/4: Last frame extracted (image/jpeg)

stdout | packages/renderer/src/services/video/__tests__/VideoDistributorIntegration.test.ts > VideoGenerationService - Distributor Integration > Long-form video generation > applies distributor constraints to long-form videos
[DaisyChain] Segment 3/4: Scene analysis complete — "Mock analysis text..."

·····················(node:9390) Warning: `--localstorage-file` was provided without a valid path
(Use `node --trace-warnings ...` to show where the warning was created)
(node:9391) Warning: `--localstorage-file` was provided without a valid path
(Use `node --trace-warnings ...` to show where the warning was created)
·····················(node:9400) Warning: `--localstorage-file` was provided without a valid path
(Use `node --trace-warnings ...` to show where the warning was created)
·······(node:9403) Warning: `--localstorage-file` was provided without a valid path
(Use `node --trace-warnings ...` to show where the warning was created)
(node:9409) Warning: `--localstorage-file` was provided without a valid path
(Use `node --trace-warnings ...` to show where the warning was created)
(node:9413) Warning: `--localstorage-file` was provided without a valid path
(Use `node --trace-warnings ...` to show where the warning was created)
···············(node:9410) Warning: `--localstorage-file` was provided without a valid path
(Use `node --trace-warnings ...` to show where the warning was created)
(node:9421) Warning: `--localstorage-file` was provided without a valid path
(Use `node --trace-warnings ...` to show where the warning was created)
(node:9419) Warning: `--localstorage-file` was provided without a valid path
(Use `node --trace-warnings ...` to show where the warning was created)
(node:9411) Warning: `--localstorage-file` was provided without a valid path
(Use `node --trace-warnings ...` to show where the warning was created)
(node:9407) Warning: `--localstorage-file` was provided without a valid path
(Use `node --trace-warnings ...` to show where the warning was created)
···············(node:9420) Warning: `--localstorage-file` was provided without a valid path
(Use `node --trace-warnings ...` to show where the warning was created)
····stdout | packages/renderer/src/services/ddex/RINService.test.ts > ERNService > should generate a valid ERN object from metadata
RESULT {
  success: true,
  xml: '<?xml version="1.0" encoding="UTF-8"?>\n' +
    '<ern:NewReleaseMessage xmlns:ern="http://ddex.net/xml/ern/43" xmlns:xsi="http://www.w3.org/2001/XMLSchema-instance" MessageSchemaVersionId="4.3" LanguageAndScriptCode="en">\n' +
    '  <MessageHeader>\n' +
    '    <MessageId>MSG-1778018463660</MessageId>\n' +
    '    <MessageSender>\n' +
    '      <PartyId>PA-DPIDA-2025122604-E</PartyId>\n' +
    '      <PartyName>Mute Records</PartyName>\n' +
    '    </MessageSender>\n' +
    '    <MessageRecipient>\n' +
    '      <PartyId>PADPIDA2012110501U</PartyId>\n' +
    '      <PartyName>Distributor</PartyName>\n' +
    '    </MessageRecipient>\n' +
    '    <MessageCreatedDateTime>2026-05-05T22:01:03.660Z</MessageCreatedDateTime>\n' +
    '    <MessageControlType>LiveMessage</MessageControlType>\n' +
    '  </MessageHeader>\n' +
    '  <ReleaseList>\n' +
    '    <Release ReleaseReference="R1">\n' +
    '      <ReleaseId>\n' +
    '        <ICPN>123456789012</ICPN>\n' +
    '        <CatalogNumber>MUTE123</CatalogNumber>\n' +
    '      </ReleaseId>\n' +
    '      <ReleaseDetailsByTerritory>\n' +
    '        <TerritoryCode>Worldwide</TerritoryCode>\n' +
    '        <Title TitleType="FormalTitle">\n' +
    '          <TitleText>Midnight City</TitleText>\n' +
    '        </Title>\n' +
    '        <DisplayArtistName>M83</DisplayArtistName>\n' +
    '        <LabelName>Mute Records</LabelName>\n' +
    '        <Genre>\n' +
    '          <GenreText>Electronic</GenreText>\n' +
    '        </Genre>\n' +
    '        <ParentalWarningType>NotExplicit</ParentalWarningType>\n' +
    '        <MarketingComment>Hit single</MarketingComment>\n' +
    '      </ReleaseDetailsByTerritory>\n' +
    '      <ReleaseType>Single</ReleaseType>\n' +
    '      <ReleaseResourceReferenceList>\n' +
    '        <ReleaseResourceReference>AS1</ReleaseResourceReference>\n' +
    '      </ReleaseResourceReferenceList>\n' +
    '      <AIGenerationInfo>\n' +
    '        <IsFullyAIGenerated>false</IsFullyAIGenerated>\n' +
    '        <IsPartiallyAIGenerated>false</IsPartiallyAIGenerated>\n' +
    '        <AIToolsUsed/>\n' +
    '      </AIGenerationInfo>\n' +
    '    </Release>\n' +
    '  </ReleaseList>\n' +
    '  <ResourceList>\n' +
    '    <SoundRecording ResourceReference="AS1">\n' +
    '      <ResourceId>\n' +
    '        <ISRC>USM831100012</ISRC>\n' +
    '      </ResourceId>\n' +
    '      <ReferenceTitle>\n' +
    '        <TitleText>Midnight City</TitleText>\n' +
    '      </ReferenceTitle>\n' +
    '      <SoundRecordingDetailsByTerritory>\n' +
    '        <TerritoryCode>Worldwide</TerritoryCode>\n' +
    '        <Title TitleType="FormalTitle">\n' +
    '          <TitleText>Midnight City</TitleText>\n' +
    '        </Title>\n' +
    '        <DisplayArtistName>M83</DisplayArtistName>\n' +
    '        <LanguageOfPerformance>zxx</LanguageOfPerformance>\n' +
    '      </SoundRecordingDetailsByTerritory>\n' +
    '    </SoundRecording>\n' +
    '  </ResourceList>\n' +
    '  <DealList>\n' +
    '    <ReleaseDeal DealReference="D1">\n' +
    '      <Deal>\n' +
    '        <DealTerms>\n' +
    '          <CommercialModelType>SubscriptionModel</CommercialModelType>\n' +
    '          <Usage>\n' +
    '            <UseType>OnDemandStream</UseType>\n' +
    '          </Usage>\n' +
    '          <TerritoryCode>Worldwide</TerritoryCode>\n' +
    '          <ValidityPeriod>\n' +
    '            <StartDate>2011-10-18</StartDate>\n' +
    '          </ValidityPeriod>\n' +
    '        </DealTerms>\n' +
    '      </Deal>\n' +
    '    </ReleaseDeal>\n' +
    '    <ReleaseDeal DealReference="D2">\n' +
    '      <Deal>\n' +
    '        <DealTerms>\n' +
    '          <CommercialModelType>AdvertisementSupportedModel</CommercialModelType>\n' +
    '          <Usage>\n' +
    '            <UseType>OnDemandStream</UseType>\n' +
    '          </Usage>\n' +
    '          <TerritoryCode>Worldwide</TerritoryCode>\n' +
    '          <ValidityPeriod>\n' +
    '            <StartDate>2011-10-18</StartDate>\n' +
    '          </ValidityPeriod>\n' +
    '        </DealTerms>\n' +
    '      </Deal>\n' +
    '    </ReleaseDeal>\n' +
    '    <ReleaseDeal DealReference="D3">\n' +
    '      <Deal>\n' +
    '        <DealTerms>\n' +
    '          <CommercialModelType>SubscriptionModel</CommercialModelType>\n' +
    '          <Usage>\n' +
    '            <UseType>NonInteractiveStream</UseType>\n' +
    '          </Usage>\n' +
    '          <TerritoryCode>Worldwide</TerritoryCode>\n' +
    '          <ValidityPeriod>\n' +
    '            <StartDate>2011-10-18</StartDate>\n' +
    '          </ValidityPeriod>\n' +
    '        </DealTerms>\n' +
    '      </Deal>\n' +
    '    </ReleaseDeal>\n' +
    '    <ReleaseDeal DealReference="D4">\n' +
    '      <Deal>\n' +
    '        <DealTerms>\n' +
    '          <CommercialModelType>AdvertisementSupportedModel</CommercialModelType>\n' +
    '          <Usage>\n' +
    '            <UseType>NonInteractiveStream</UseType>\n' +
    '          </Usage>\n' +
    '          <TerritoryCode>Worldwide</TerritoryCode>\n' +
    '          <ValidityPeriod>\n' +
    '            <StartDate>2011-10-18</StartDate>\n' +
    '          </ValidityPeriod>\n' +
    '        </DealTerms>\n' +
    '      </Deal>\n' +
    '    </ReleaseDeal>\n' +
    '    <ReleaseDeal DealReference="D5">\n' +
    '      <Deal>\n' +
    '        <DealTerms>\n' +
    '          <CommercialModelType>PayAsYouGoModel</CommercialModelType>\n' +
    '          <Usage>\n' +
    '            <UseType>PermanentDownload</UseType>\n' +
    '          </Usage>\n' +
    '          <TerritoryCode>Worldwide</TerritoryCode>\n' +
    '          <ValidityPeriod>\n' +
    '            <StartDate>2011-10-18</StartDate>\n' +
    '          </ValidityPeriod>\n' +
    '        </DealTerms>\n' +
    '      </Deal>\n' +
    '    </ReleaseDeal>\n' +
    '  </DealList>\n' +
    '</ern:NewReleaseMessage>\n'
}

··(node:9416) Warning: `--localstorage-file` was provided without a valid path
(Use `node --trace-warnings ...` to show where the warning was created)
stdout | packages/main/src/handlers/audio.security.test.ts
18:01:03.889 › [AccessControl] Initialized

stdout | packages/main/src/handlers/audio.security.test.ts
18:01:03.900 › [AudioHandler] FFmpeg path set to: ffmpeg-bin
18:01:03.900 › [AudioHandler] FFprobe path set to: ffprobe-bin

stdout | packages/main/src/handlers/audio.security.test.ts > Vulnerability: Audio Handler Symlink Exploit > should BLOCK analyzing a symlink that points to a restricted file
18:01:03.925 › Audio analysis requested for: /tmp/exploit.wav

stderr | packages/main/src/handlers/audio.security.test.ts > Vulnerability: Audio Handler Symlink Exploit > should BLOCK analyzing a symlink that points to a restricted file
18:01:03.935 › [AccessControl] Access denied: /etc/passwd
18:01:03.935 › Audio analysis failed: Error: Security Violation: Access to /tmp/exploit.wav is denied. File was not authorized by user.
    at /Volumes/X SSD 2025/Users/narrowchannel/indiiOS-Clean/packages/main/src/handlers/audio.ts:62:23
    at /Volumes/X SSD 2025/Users/narrowchannel/indiiOS-Clean/packages/main/src/handlers/audio.security.test.ts:80:22
    at file:///Volumes/X%20SSD%202025/Users/narrowchannel/indiiOS-Clean/node_modules/@vitest/runner/dist/chunk-artifact.js:302:11
    at file:///Volumes/X%20SSD%202025/Users/narrowchannel/indiiOS-Clean/node_modules/@vitest/runner/dist/chunk-artifact.js:1903:26
    at file:///Volumes/X%20SSD%202025/Users/narrowchannel/indiiOS-Clean/node_modules/@vitest/runner/dist/chunk-artifact.js:2326:20
    at new Promise (<anonymous>)
    at runWithCancel (file:///Volumes/X%20SSD%202025/Users/narrowchannel/indiiOS-Clean/node_modules/@vitest/runner/dist/chunk-artifact.js:2323:10)
    at file:///Volumes/X%20SSD%202025/Users/narrowchannel/indiiOS-Clean/node_modules/@vitest/runner/dist/chunk-artifact.js:2305:20
    at new Promise (<anonymous>)
    at runWithTimeout (file:///Volumes/X%20SSD%202025/Users/narrowchannel/indiiOS-Clean/node_modules/@vitest/runner/dist/chunk-artifact.js:2272:10)

·(node:9415) Warning: `--localstorage-file` was provided without a valid path
(Use `node --trace-warnings ...` to show where the warning was created)
·······(node:9423) Warning: `--localstorage-file` was provided without a valid path
(Use `node --trace-warnings ...` to show where the warning was created)
(node:9424) Warning: `--localstorage-file` was provided without a valid path
(Use `node --trace-warnings ...` to show where the warning was created)
(node:9422) Warning: `--localstorage-file` was provided without a valid path
(Use `node --trace-warnings ...` to show where the warning was created)
(node:9430) Warning: `--localstorage-file` was provided without a valid path
(Use `node --trace-warnings ...` to show where the warning was created)
·······(node:9431) Warning: `--localstorage-file` was provided without a valid path
(Use `node --trace-warnings ...` to show where the warning was created)
(node:9425) Warning: `--localstorage-file` was provided without a valid path
(Use `node --trace-warnings ...` to show where the warning was created)
··stdout | packages/renderer/src/services/video/VideoGenerationService.security.test.ts > 🛡️ Shield: Video Generation PII Security Test > should REDACT Credit Card numbers from prompt before triggering backend generation
[VideoGeneration] 🎬 generateVideo() called: {
  promptPreview: 'Generate a cinematic video of a credit card 4111 1111 1111 1111 lying on a table.',
  model: 'veo-3.1-generate-preview',
  duration: 5,
  aspectRatio: '16:9',
  hasFirstFrame: false,
  hasLastFrame: false,
  hasReferenceImages: false,
  userId: 'test-user'
}

stdout | packages/renderer/src/services/video/VideoGenerationService.security.test.ts > 🛡️ Shield: Video Generation PII Security Test > should REDACT Credit Card numbers from prompt before triggering backend generation
[VideoGeneration] 🚀 Calling GenAI.generateVideo() with: {
  model: 'veo-3.1-generate-preview',
  promptLength: 84,
  hasImage: false,
  config: '{"aspectRatio":"16:9","durationSeconds":5}'
}
[MetadataPersistence] ✅ Saved video to users/test-user/generated_videos/mock-doc-id

stdout | packages/renderer/src/services/video/VideoGenerationService.security.test.ts > 🛡️ Shield: Video Generation PII Security Test > should REDACT Credit Card numbers from prompt before triggering backend generation
Captured Prompt Payload: Generate a cinematic video of a credit card [REDACTED_CREDIT_CARD] lying on a table.

stdout | packages/renderer/src/services/video/VideoGenerationService.security.test.ts > 🛡️ Shield: Video Generation PII Security Test > should REDACT Passwords/Secrets from prompt before triggering backend generation
[VideoGeneration] 🎬 generateVideo() called: {
  promptPreview: 'Show a hacker typing password: SuperSecretPassword123! on a screen.',
  model: 'veo-3.1-generate-preview',
  duration: 5,
  aspectRatio: '16:9',
  hasFirstFrame: false,
  hasLastFrame: false,
  hasReferenceImages: false,
  userId: 'test-user'
}

stdout | packages/renderer/src/services/video/VideoGenerationService.security.test.ts > 🛡️ Shield: Video Generation PII Security Test > should REDACT Passwords/Secrets from prompt before triggering backend generation
[VideoGeneration] 🚀 Calling GenAI.generateVideo() with: {
  model: 'veo-3.1-generate-preview',
  promptLength: 61,
  hasImage: false,
  config: '{"aspectRatio":"16:9","durationSeconds":5}'
}
[MetadataPersistence] ✅ Saved video to users/test-user/generated_videos/mock-doc-id

(node:9426) Warning: `--localstorage-file` was provided without a valid path
(Use `node --trace-warnings ...` to show where the warning was created)
··(node:9438) Warning: `--localstorage-file` was provided without a valid path
(Use `node --trace-warnings ...` to show where the warning was created)
(node:9418) Warning: `--localstorage-file` was provided without a valid path
(Use `node --trace-warnings ...` to show where the warning was created)
stderr | packages/main/src/handlers/distribution_ssrf.security.test.ts > 🛡️ Shield: Distribution & SFTP SSRF Test > should BLOCK sftp:connect to localhost (SSRF Protection)
18:01:04.657 › SFTP Connect Failed: Error: Security Violation: Access to localhost is denied.
    at /Volumes/X SSD 2025/Users/narrowchannel/indiiOS-Clean/packages/main/src/handlers/distribution_ssrf.security.test.ts:138:13
    at file:///Volumes/X%20SSD%202025/Users/narrowchannel/indiiOS-Clean/node_modules/@vitest/runner/dist/chunk-artifact.js:302:11
    at file:///Volumes/X%20SSD%202025/Users/narrowchannel/indiiOS-Clean/node_modules/@vitest/runner/dist/chunk-artifact.js:1903:26
    at file:///Volumes/X%20SSD%202025/Users/narrowchannel/indiiOS-Clean/node_modules/@vitest/runner/dist/chunk-artifact.js:2326:20
    at new Promise (<anonymous>)
    at runWithCancel (file:///Volumes/X%20SSD%202025/Users/narrowchannel/indiiOS-Clean/node_modules/@vitest/runner/dist/chunk-artifact.js:2323:10)
    at file:///Volumes/X%20SSD%202025/Users/narrowchannel/indiiOS-Clean/node_modules/@vitest/runner/dist/chunk-artifact.js:2305:20
    at new Promise (<anonymous>)
    at runWithTimeout (file:///Volumes/X%20SSD%202025/Users/narrowchannel/indiiOS-Clean/node_modules/@vitest/runner/dist/chunk-artifact.js:2272:10)
    at file:///Volumes/X%20SSD%202025/Users/narrowchannel/indiiOS-Clean/node_modules/@vitest/runner/dist/chunk-artifact.js:2955:64

stderr | packages/main/src/handlers/distribution_ssrf.security.test.ts > 🛡️ Shield: Distribution & SFTP SSRF Test > should BLOCK sftp:connect to Metadata Service IP (SSRF Protection)
18:01:04.662 › SFTP Connect Failed: Error: Security Violation: Access to Cloud Metadata services is denied.
    at /Volumes/X SSD 2025/Users/narrowchannel/indiiOS-Clean/packages/main/src/handlers/distribution_ssrf.security.test.ts:157:13
    at file:///Volumes/X%20SSD%202025/Users/narrowchannel/indiiOS-Clean/node_modules/@vitest/runner/dist/chunk-artifact.js:302:11
    at file:///Volumes/X%20SSD%202025/Users/narrowchannel/indiiOS-Clean/node_modules/@vitest/runner/dist/chunk-artifact.js:1903:26
    at file:///Volumes/X%20SSD%202025/Users/narrowchannel/indiiOS-Clean/node_modules/@vitest/runner/dist/chunk-artifact.js:2326:20
    at new Promise (<anonymous>)
    at runWithCancel (file:///Volumes/X%20SSD%202025/Users/narrowchannel/indiiOS-Clean/node_modules/@vitest/runner/dist/chunk-artifact.js:2323:10)
    at file:///Volumes/X%20SSD%202025/Users/narrowchannel/indiiOS-Clean/node_modules/@vitest/runner/dist/chunk-artifact.js:2305:20
    at new Promise (<anonymous>)
    at runWithTimeout (file:///Volumes/X%20SSD%202025/Users/narrowchannel/indiiOS-Clean/node_modules/@vitest/runner/dist/chunk-artifact.js:2272:10)
    at file:///Volumes/X%20SSD%202025/Users/narrowchannel/indiiOS-Clean/node_modules/@vitest/runner/dist/chunk-artifact.js:2955:64

··········(node:9427) Warning: `--localstorage-file` was provided without a valid path
(Use `node --trace-warnings ...` to show where the warning was created)
(node:9428) Warning: `--localstorage-file` was provided without a valid path
(Use `node --trace-warnings ...` to show where the warning was created)
···(node:9435) Warning: `--localstorage-file` was provided without a valid path
(Use `node --trace-warnings ...` to show where the warning was created)
stdout | packages/renderer/src/services/memory/MemoryIndexService.test.ts > MemoryIndexService > Initialization > should initialize without errors
[MemoryIndex] Initialized with Google Generative AI

stdout | packages/renderer/src/services/memory/MemoryIndexService.test.ts > MemoryIndexService > Index Clearing > should clear index without errors
[MemoryIndex] Index cleared

stdout | packages/renderer/src/services/memory/MemoryIndexService.test.ts > MemoryIndexService > Semantic Search > should return empty results for unindexed memories
[MemoryIndex] No indexed memories

·(node:9432) Warning: `--localstorage-file` was provided without a valid path
(Use `node --trace-warnings ...` to show where the warning was created)
································stderr | packages/main/src/utils/ipc-security.test.ts > Sentinel: IPC Validation Security > validateSender (IPC Hijack Protection) > should REJECT file:// URLs outside app bundle (Vulnerability Fix)
18:01:04.851 › Security: Blocked unauthorized file URL: file:///tmp/malicious.html

························(node:9439) Warning: `--localstorage-file` was provided without a valid path
(Use `node --trace-warnings ...` to show where the warning was created)
stdout | packages/renderer/src/modules/finance/hooks/useFinance.test.ts > useFinance > should load earnings on mount if user is logged in
[useFinance] No validated earnings data available for user.

····(node:9429) Warning: `--localstorage-file` was provided without a valid path
(Use `node --trace-warnings ...` to show where the warning was created)
(node:9441) Warning: `--localstorage-file` was provided without a valid path
(Use `node --trace-warnings ...` to show where the warning was created)
···············································stdout | packages/main/src/handlers/distribution_security.test.ts > 🛡️ Shield: Distribution Security > should BLOCK execution of forensics on non-audio files
18:01:05.092 › [Distribution] Running audio forensics on: /tmp/malware.exe

stderr | packages/main/src/handlers/distribution_security.test.ts > 🛡️ Shield: Distribution Security > should BLOCK execution of forensics on non-audio files
18:01:05.095 › [Distribution] Forensics failed: Error: Security Violation: File type '.exe' is not allowed
    at /Volumes/X SSD 2025/Users/narrowchannel/indiiOS-Clean/packages/main/src/handlers/distribution_security.test.ts:133:19
    at Mock (file:///Volumes/X%20SSD%202025/Users/narrowchannel/indiiOS-Clean/node_modules/@vitest/spy/dist/index.js:332:34)
    at /Volumes/X SSD 2025/Users/narrowchannel/indiiOS-Clean/packages/main/src/handlers/distribution.ts:122:13
    at invokeHandler (/Volumes/X SSD 2025/Users/narrowchannel/indiiOS-Clean/packages/main/src/handlers/distribution_security.test.ts:124:16)
    at /Volumes/X SSD 2025/Users/narrowchannel/indiiOS-Clean/packages/main/src/handlers/distribution_security.test.ts:136:30
    at file:///Volumes/X%20SSD%202025/Users/narrowchannel/indiiOS-Clean/node_modules/@vitest/runner/dist/chunk-artifact.js:302:11
    at file:///Volumes/X%20SSD%202025/Users/narrowchannel/indiiOS-Clean/node_modules/@vitest/runner/dist/chunk-artifact.js:1903:26
    at file:///Volumes/X%20SSD%202025/Users/narrowchannel/indiiOS-Clean/node_modules/@vitest/runner/dist/chunk-artifact.js:2326:20
    at new Promise (<anonymous>)
    at runWithCancel (file:///Volumes/X%20SSD%202025/Users/narrowchannel/indiiOS-Clean/node_modules/@vitest/runner/dist/chunk-artifact.js:2323:10)

stdout | packages/main/src/handlers/distribution_security.test.ts > 🛡️ Shield: Distribution Security > should BLOCK execution of forensics on system files
18:01:05.106 › [Distribution] Running audio forensics on: /etc/passwd

stderr | packages/main/src/handlers/distribution_security.test.ts > 🛡️ Shield: Distribution Security > should BLOCK execution of forensics on system files
18:01:05.107 › [Distribution] Forensics failed: Error: Security Violation: Access to system directory '/etc/passwd' is denied
    at /Volumes/X SSD 2025/Users/narrowchannel/indiiOS-Clean/packages/main/src/handlers/distribution_security.test.ts:151:19
    at Mock (file:///Volumes/X%20SSD%202025/Users/narrowchannel/indiiOS-Clean/node_modules/@vitest/spy/dist/index.js:332:34)
    at /Volumes/X SSD 2025/Users/narrowchannel/indiiOS-Clean/packages/main/src/handlers/distribution.ts:122:13
    at invokeHandler (/Volumes/X SSD 2025/Users/narrowchannel/indiiOS-Clean/packages/main/src/handlers/distribution_security.test.ts:124:16)
    at /Volumes/X SSD 2025/Users/narrowchannel/indiiOS-Clean/packages/main/src/handlers/distribution_security.test.ts:154:30
    at file:///Volumes/X%20SSD%202025/Users/narrowchannel/indiiOS-Clean/node_modules/@vitest/runner/dist/chunk-artifact.js:302:11
    at file:///Volumes/X%20SSD%202025/Users/narrowchannel/indiiOS-Clean/node_modules/@vitest/runner/dist/chunk-artifact.js:1903:26
    at file:///Volumes/X%20SSD%202025/Users/narrowchannel/indiiOS-Clean/node_modules/@vitest/runner/dist/chunk-artifact.js:2326:20
    at new Promise (<anonymous>)
    at runWithCancel (file:///Volumes/X%20SSD%202025/Users/narrowchannel/indiiOS-Clean/node_modules/@vitest/runner/dist/chunk-artifact.js:2323:10)

··(node:9440) Warning: `--localstorage-file` was provided without a valid path
(Use `node --trace-warnings ...` to show where the warning was created)
stdout | packages/renderer/src/services/agent/tools/__tests__/BigQueryTools.test.ts > BigQueryTools (Real BigQuery via Cloud Functions) > execute_bigquery_query calls executeBigQueryQuery function
[BigQuery] Executing query: SELECT * FROM sales WHERE year = 2025...

stdout | packages/renderer/src/services/MembershipService.circuitbreaker.test.ts > MembershipService (Ledger Circuit Breaker) > 💸 "Circuit Breaker": Halts a runaway loop exactly at the quota limit

💸 [Ledger] Starting "Runaway Loop" Simulation...
💸 [Ledger] Plan: 10 attempts | Limit: 5

stdout | packages/renderer/src/services/agent/tools/__tests__/BigQueryTools.test.ts > BigQueryTools (Real BigQuery via Cloud Functions) > execute_bigquery_query accepts custom maxResults
[BigQuery] Executing query: SELECT * FROM large_table...

stdout | packages/renderer/src/services/agent/tools/__tests__/BigQueryTools.test.ts > BigQueryTools (Real BigQuery via Cloud Functions) > get_table_schema calls getBigQueryTableSchema function
[BigQuery] Getting schema for: analytics.sales_data

(node:9437) Warning: `--localstorage-file` was provided without a valid path
(Use `node --trace-warnings ...` to show where the warning was created)
stdout | packages/renderer/src/services/agent/tools/__tests__/BigQueryTools.test.ts > BigQueryTools (Real BigQuery via Cloud Functions) > list_datasets calls listBigQueryDatasets function
[BigQuery] Listing datasets

stdout | packages/renderer/src/services/agent/tools/__tests__/BigQueryTools.test.ts > BigQueryTools (Real BigQuery via Cloud Functions) > handles query errors gracefully
[BigQuery] Executing query: INVALID SQL...

stderr | packages/renderer/src/services/agent/tools/__tests__/BigQueryTools.test.ts > BigQueryTools (Real BigQuery via Cloud Functions) > handles query errors gracefully
[Tool:execute_bigquery_query] execution failed: Error: Invalid SQL syntax
    at /Volumes/X SSD 2025/Users/narrowchannel/indiiOS-Clean/packages/renderer/src/services/agent/tools/__tests__/BigQueryTools.test.ts:119:56
    at file:///Volumes/X%20SSD%202025/Users/narrowchannel/indiiOS-Clean/node_modules/@vitest/runner/dist/chunk-artifact.js:302:11
    at file:///Volumes/X%20SSD%202025/Users/narrowchannel/indiiOS-Clean/node_modules/@vitest/runner/dist/chunk-artifact.js:1903:26
    at file:///Volumes/X%20SSD%202025/Users/narrowchannel/indiiOS-Clean/node_modules/@vitest/runner/dist/chunk-artifact.js:2326:20
    at new Promise (<anonymous>)
    at runWithCancel (file:///Volumes/X%20SSD%202025/Users/narrowchannel/indiiOS-Clean/node_modules/@vitest/runner/dist/chunk-artifact.js:2323:10)
    at file:///Volumes/X%20SSD%202025/Users/narrowchannel/indiiOS-Clean/node_modules/@vitest/runner/dist/chunk-artifact.js:2305:20
    at new Promise (<anonymous>)
    at runWithTimeout (file:///Volumes/X%20SSD%202025/Users/narrowchannel/indiiOS-Clean/node_modules/@vitest/runner/dist/chunk-artifact.js:2272:10)
    at file:///Volumes/X%20SSD%202025/Users/narrowchannel/indiiOS-Clean/node_modules/@vitest/runner/dist/chunk-artifact.js:2955:64

stdout | packages/renderer/src/services/agent/tools/__tests__/BigQueryTools.test.ts > BigQueryTools (Real BigQuery via Cloud Functions) > handles schema errors for unknown tables
[BigQuery] Getting schema for: analytics.unknown_table

stderr | packages/renderer/src/services/agent/tools/__tests__/BigQueryTools.test.ts > BigQueryTools (Real BigQuery via Cloud Functions) > handles schema errors for unknown tables
[Tool:get_table_schema] execution failed: Error: Table not found
    at /Volumes/X SSD 2025/Users/narrowchannel/indiiOS-Clean/packages/renderer/src/services/agent/tools/__tests__/BigQueryTools.test.ts:129:56
    at file:///Volumes/X%20SSD%202025/Users/narrowchannel/indiiOS-Clean/node_modules/@vitest/runner/dist/chunk-artifact.js:302:11
    at file:///Volumes/X%20SSD%202025/Users/narrowchannel/indiiOS-Clean/node_modules/@vitest/runner/dist/chunk-artifact.js:1903:26
    at file:///Volumes/X%20SSD%202025/Users/narrowchannel/indiiOS-Clean/node_modules/@vitest/runner/dist/chunk-artifact.js:2326:20
    at new Promise (<anonymous>)
    at runWithCancel (file:///Volumes/X%20SSD%202025/Users/narrowchannel/indiiOS-Clean/node_modules/@vitest/runner/dist/chunk-artifact.js:2323:10)
    at file:///Volumes/X%20SSD%202025/Users/narrowchannel/indiiOS-Clean/node_modules/@vitest/runner/dist/chunk-artifact.js:2305:20
    at new Promise (<anonymous>)
    at runWithTimeout (file:///Volumes/X%20SSD%202025/Users/narrowchannel/indiiOS-Clean/node_modules/@vitest/runner/dist/chunk-artifact.js:2272:10)
    at file:///Volumes/X%20SSD%202025/Users/narrowchannel/indiiOS-Clean/node_modules/@vitest/runner/dist/chunk-artifact.js:2955:64

······stdout | packages/renderer/src/services/agent/GeneralistAgent.test.ts
[DistributorService] Registered adapter: DistroKid
[DistributorService] Registered adapter: TuneCore
[DistributorService] Registered adapter: CDBaby
[DistributorService] Registered adapter: Symphonic

(node:9443) Warning: `--localstorage-file` was provided without a valid path
(Use `node --trace-warnings ...` to show where the warning was created)
·(node:9466) Warning: `--localstorage-file` was provided without a valid path
(Use `node --trace-warnings ...` to show where the warning was created)
stderr | packages/renderer/src/services/agent/GeneralistAgent.test.ts > GeneralistAgent > detects and prevents infinite loops
[GeneralistAgent] Loop detected: same tool test_tool called twice with same args

·········stdout | packages/renderer/src/services/MembershipService.circuitbreaker.test.ts > MembershipService (Ledger Circuit Breaker) > 💸 "Circuit Breaker": Halts a runaway loop exactly at the quota limit
   🛑 Attempt 6: BLOCKED. Usage: 5/5
💸 [Ledger] Simulation Complete. Successes: 5

··stdout | packages/renderer/src/services/agent/__tests__/AgentMultimodal.test.ts > Agent Multimodal Support > should include attachments in AI requests
[AgentIdentity] Minted identity for Vision Expert (video): instance=f5faf9e3..., fingerprint=c563879198e9...

stdout | packages/renderer/src/services/agent/__tests__/AgentMultimodal.test.ts > Agent Multimodal Support > should include attachments in AI requests
[ModelArmor] Scanning input...

stdout | packages/renderer/src/services/agent/__tests__/AgentMultimodal.test.ts > Agent Multimodal Support > should include attachments in AI requests
[ModelArmor] Scanning output...

·stderr | packages/renderer/src/services/agent/__tests__/AgentRouting.stress.test.ts
[MemoryBank] MEM0_API_KEY is not set in environment.

(node:9444) Warning: `--localstorage-file` was provided without a valid path
(Use `node --trace-warnings ...` to show where the warning was created)
·(node:9442) Warning: `--localstorage-file` was provided without a valid path
(Use `node --trace-warnings ...` to show where the warning was created)
stdout | packages/renderer/src/services/MembershipService.ledger.reset.test.ts > MembershipService (Ledger Quota Reset) > 💸 "The Quota Reset": Ensures daily free limits reset correctly at midnight

💸 [Ledger] Starting "Quota Reset" Simulation on 2024-01-01...
💸 [Ledger] Consuming full quota on Day 1...

stdout | packages/renderer/src/services/MembershipService.ledger.reset.test.ts > MembershipService (Ledger Quota Reset) > 💸 "The Quota Reset": Ensures daily free limits reset correctly at midnight
   ✅ Day 1 Quota correctly enforced (Blocked).
💸 [Ledger] 🕛 MIDNIGHT STRIKES! Clock is now 2024-01-02...

stdout | packages/renderer/src/services/MembershipService.ledger.reset.test.ts > MembershipService (Ledger Quota Reset) > 💸 "The Quota Reset": Ensures daily free limits reset correctly at midnight
   ✅ Day 2 Quota reset successful (Allowed).

stdout | packages/renderer/src/services/MembershipService.ledger.reset.test.ts > MembershipService (Ledger Quota Reset) > 💸 "The Quota Reset": Ensures daily free limits reset correctly at midnight
   ✅ Day 1 Audit Trail preserved.

(node:9447) Warning: `--localstorage-file` was provided without a valid path
(Use `node --trace-warnings ...` to show where the warning was created)
········stderr | packages/renderer/src/services/distribution/DistributionService.integration.test.ts > DistributionService Integration > should handle tax calculation errors gracefully
[Distribution] Tax calculation failed: Invalid User ID
[Distribution] Unexpected tax engine error: Error: Invalid User ID
    at DistributionService.calculateWithholding (/Volumes/X SSD 2025/Users/narrowchannel/indiiOS-Clean/packages/renderer/src/services/distribution/DistributionService.ts:200:23)
    at processTicksAndRejections (node:internal/process/task_queues:104:5)

························stdout | packages/renderer/src/services/agent/sdk/AgentSDK.test.ts > Agent SDK Integration > should build and execute an agent using the SDK
[AgentIdentity] Minted identity for Echo Agent (generalist): instance=690b42c2..., fingerprint=21c95ea83b4e...

stdout | packages/renderer/src/services/agent/sdk/AgentSDK.test.ts > Agent SDK Integration > should build and execute an agent using the SDK
[ModelArmor] Scanning input...

stdout | packages/renderer/src/services/agent/sdk/AgentSDK.test.ts > Agent SDK Integration > should build and execute an agent using the SDK
[ModelArmor] Scanning output...

stdout | packages/renderer/src/services/agent/sdk/AgentSDK.test.ts > Agent SDK Integration > should validate tool execution with Test Harness
[AgentIdentity] Minted identity for Tool Agent (generalist): instance=65b0dd76..., fingerprint=4b65c0764d76...

stdout | packages/renderer/src/services/agent/sdk/AgentSDK.test.ts > Agent SDK Integration > should validate tool execution with Test Harness
[ModelArmor] Scanning input...

stdout | packages/renderer/src/services/agent/sdk/AgentSDK.test.ts > Agent SDK Integration > should validate tool execution with Test Harness
[ModelArmor] Scanning input...

stdout | packages/renderer/src/services/agent/sdk/AgentSDK.test.ts > Agent SDK Integration > should validate tool execution with Test Harness
[ModelArmor] Scanning output...

·········(node:9449) Warning: `--localstorage-file` was provided without a valid path
(Use `node --trace-warnings ...` to show where the warning was created)
(node:9445) Warning: `--localstorage-file` was provided without a valid path
(Use `node --trace-warnings ...` to show where the warning was created)
stdout | packages/renderer/src/services/distribution/__tests__/ISRCService.test.ts > ISRCService > should record a new ISRC assignment
[ISRC] Recorded assignment for US-XXX-24-00001

······································(node:9452) Warning: `--localstorage-file` was provided without a valid path
(Use `node --trace-warnings ...` to show where the warning was created)
(node:9459) Warning: `--localstorage-file` was provided without a valid path
(Use `node --trace-warnings ...` to show where the warning was created)
stdout | packages/renderer/src/services/ingestion/TrackIngestionService.test.ts > TrackIngestionService > should skip analysis if track already exists (Idempotency)
[TrackIngestion] Starting ingestion for: test-song.mp3 

stdout | packages/renderer/src/services/ingestion/TrackIngestionService.test.ts > TrackIngestionService > should skip analysis if track already exists (Idempotency)
[TrackIngestion] Track already exists: SONIC-TEST-12345 

stdout | packages/renderer/src/services/ingestion/TrackIngestionService.test.ts > TrackIngestionService > should perform full analysis and save if track is new
[TrackIngestion] Starting ingestion for: test-song.mp3 

stdout | packages/renderer/src/services/ingestion/TrackIngestionService.test.ts > TrackIngestionService > should perform full analysis and save if track is new
[TrackIngestion] Requesting full Audio Intelligence analysis... 

stdout | packages/renderer/src/services/ingestion/TrackIngestionService.test.ts > TrackIngestionService > should perform full analysis and save if track is new
[TrackIngestion] Saving new track metadata... 

stdout | packages/renderer/src/services/ingestion/TrackIngestionService.test.ts > TrackIngestionService > should throw error if fingerprinting fails
[TrackIngestion] Starting ingestion for: test-song.mp3 

···(node:9458) Warning: `--localstorage-file` was provided without a valid path
(Use `node --trace-warnings ...` to show where the warning was created)
····························(node:9464) Warning: `--localstorage-file` was provided without a valid path
(Use `node --trace-warnings ...` to show where the warning was created)
(node:9481) Warning: `--localstorage-file` was provided without a valid path
(Use `node --trace-warnings ...` to show where the warning was created)
(node:9471) Warning: `--localstorage-file` was provided without a valid path
(Use `node --trace-warnings ...` to show where the warning was created)
(node:9460) Warning: `--localstorage-file` was provided without a valid path
(Use `node --trace-warnings ...` to show where the warning was created)
stdout | packages/renderer/src/services/agent/governance/__tests__/ModelArmor.test.ts > ModelArmor > scanInput > should allow clean input
[ModelArmor] Scanning input...

stdout | packages/renderer/src/services/agent/governance/__tests__/ModelArmor.test.ts > ModelArmor > scanInput > should block "ignore previous instructions" injection
[ModelArmor] Scanning input...

stderr | packages/renderer/src/services/agent/governance/__tests__/ModelArmor.test.ts > ModelArmor > scanInput > should block "ignore previous instructions" injection
[ModelArmor] Input blocked: Prompt contains blocked pattern: /ignore previous instructions/i

stdout | packages/renderer/src/services/agent/governance/__tests__/ModelArmor.test.ts > ModelArmor > scanInput > should block DAN injection
[ModelArmor] Scanning input...

stderr | packages/renderer/src/services/agent/governance/__tests__/ModelArmor.test.ts > ModelArmor > scanInput > should block DAN injection
[ModelArmor] Input blocked: Prompt contains blocked pattern: /you are now DAN/i

stdout | packages/renderer/src/services/agent/governance/__tests__/ModelArmor.test.ts > ModelArmor > scanInput > should block system prompt exfiltration: "repeat your instructions"
[ModelArmor] Scanning input...

stderr | packages/renderer/src/services/agent/governance/__tests__/ModelArmor.test.ts > ModelArmor > scanInput > should block system prompt exfiltration: "repeat your instructions"
[ModelArmor] Input blocked: Prompt contains blocked pattern: /repeat your (system )?instructions/i

stdout | packages/renderer/src/services/agent/governance/__tests__/ModelArmor.test.ts > ModelArmor > scanInput > should block system prompt exfiltration: "what is your system prompt"
[ModelArmor] Scanning input...

stderr | packages/renderer/src/services/agent/governance/__tests__/ModelArmor.test.ts > ModelArmor > scanInput > should block system prompt exfiltration: "what is your system prompt"
[ModelArmor] Input blocked: Prompt contains blocked pattern: /what is your (system )?prompt/i

stdout | packages/renderer/src/services/agent/governance/__tests__/ModelArmor.test.ts > ModelArmor > scanInput > should block system prompt exfiltration: "reveal your prompt"
[ModelArmor] Scanning input...

stderr | packages/renderer/src/services/agent/governance/__tests__/ModelArmor.test.ts > ModelArmor > scanInput > should block system prompt exfiltration: "reveal your prompt"
[ModelArmor] Input blocked: Prompt contains blocked pattern: /reveal your (system )?prompt/i

stdout | packages/renderer/src/services/agent/governance/__tests__/ModelArmor.test.ts > ModelArmor > scanInput > should block delimiter injection: [SYSTEM]
[ModelArmor] Scanning input...

stderr | packages/renderer/src/services/agent/governance/__tests__/ModelArmor.test.ts > ModelArmor > scanInput > should block delimiter injection: [SYSTEM]
[ModelArmor] Input blocked: Prompt contains blocked pattern: /\[SYSTEM\]/i

stdout | packages/renderer/src/services/agent/governance/__tests__/ModelArmor.test.ts > ModelArmor > scanInput > should block delimiter injection: [INST]
[ModelArmor] Scanning input...

stderr | packages/renderer/src/services/agent/governance/__tests__/ModelArmor.test.ts > ModelArmor > scanInput > should block delimiter injection: [INST]
[ModelArmor] Input blocked: Prompt contains blocked pattern: /\[INST\]/i

stdout | packages/renderer/src/services/agent/governance/__tests__/ModelArmor.test.ts > ModelArmor > scanInput > should block delimiter injection: <<SYS>>
[ModelArmor] Scanning input...

stderr | packages/renderer/src/services/agent/governance/__tests__/ModelArmor.test.ts > ModelArmor > scanInput > should block delimiter injection: <<SYS>>
[ModelArmor] Input blocked: Prompt contains blocked pattern: /<<SYS>>/i

stdout | packages/renderer/src/services/agent/governance/__tests__/ModelArmor.test.ts > ModelArmor > scanInput > should block "jailbreak" keyword
[ModelArmor] Scanning input...

stderr | packages/renderer/src/services/agent/governance/__tests__/ModelArmor.test.ts > ModelArmor > scanInput > should block "jailbreak" keyword
[ModelArmor] Input blocked: Prompt contains blocked pattern: /jailbreak/i

stdout | packages/renderer/src/services/agent/governance/__tests__/ModelArmor.test.ts > ModelArmor > scanInput > should block "enter developer mode" injection
[ModelArmor] Scanning input...

stderr | packages/renderer/src/services/agent/governance/__tests__/ModelArmor.test.ts > ModelArmor > scanInput > should block "enter developer mode" injection
[ModelArmor] Input blocked: Prompt contains blocked pattern: /enter developer mode/i

stdout | packages/renderer/src/services/agent/governance/__tests__/ModelArmor.test.ts > ModelArmor > scanInput > should block "disregard your instructions" injection
[ModelArmor] Scanning input...

stderr | packages/renderer/src/services/agent/governance/__tests__/ModelArmor.test.ts > ModelArmor > scanInput > should block "disregard your instructions" injection
[ModelArmor] Input blocked: Prompt contains blocked pattern: /disregard your instructions/i

stdout | packages/renderer/src/services/agent/governance/__tests__/ModelArmor.test.ts > ModelArmor > scanInput > should block case-insensitive variations
[ModelArmor] Scanning input...

stderr | packages/renderer/src/services/agent/governance/__tests__/ModelArmor.test.ts > ModelArmor > scanInput > should block case-insensitive variations
[ModelArmor] Input blocked: Prompt contains blocked pattern: /ignore previous instructions/i

stdout | packages/renderer/src/services/agent/governance/__tests__/ModelArmor.test.ts > ModelArmor > scanInput > should aggregate multiple violations from a single prompt
[ModelArmor] Scanning input...

stderr | packages/renderer/src/services/agent/governance/__tests__/ModelArmor.test.ts > ModelArmor > scanInput > should aggregate multiple violations from a single prompt
[ModelArmor] Input blocked: Prompt contains blocked pattern: /ignore previous instructions/i
[ModelArmor] Input blocked: Prompt contains blocked pattern: /jailbreak/i

stdout | packages/renderer/src/services/agent/governance/__tests__/ModelArmor.test.ts > ModelArmor > scanInput > should remain safe when called consecutively (no regex state leakage)
[ModelArmor] Scanning input...

stderr | packages/renderer/src/services/agent/governance/__tests__/ModelArmor.test.ts > ModelArmor > scanInput > should remain safe when called consecutively (no regex state leakage)
[ModelArmor] Input blocked: Prompt contains blocked pattern: /ignore previous instructions/i

stdout | packages/renderer/src/services/agent/governance/__tests__/ModelArmor.test.ts > ModelArmor > scanInput > should remain safe when called consecutively (no regex state leakage)
[ModelArmor] Scanning input...

stderr | packages/renderer/src/services/agent/governance/__tests__/ModelArmor.test.ts > ModelArmor > scanInput > should remain safe when called consecutively (no regex state leakage)
[ModelArmor] Input blocked: Prompt contains blocked pattern: /ignore previous instructions/i

stdout | packages/renderer/src/services/agent/governance/__tests__/ModelArmor.test.ts > ModelArmor > scanInput > should remain safe when called consecutively (no regex state leakage)
[ModelArmor] Scanning input...

stdout | packages/renderer/src/services/agent/governance/__tests__/ModelArmor.test.ts > ModelArmor > scanOutput > should allow clean output
[ModelArmor] Scanning output...

stdout | packages/renderer/src/services/agent/governance/__tests__/ModelArmor.test.ts > ModelArmor > scanOutput > should redact OpenAI API keys
[ModelArmor] Scanning output...

stderr | packages/renderer/src/services/agent/governance/__tests__/ModelArmor.test.ts > ModelArmor > scanOutput > should redact OpenAI API keys
[ModelArmor] Output contains sensitive data: /sk-[a-zA-Z0-9]{32,}/g

stdout | packages/renderer/src/services/agent/governance/__tests__/ModelArmor.test.ts > ModelArmor > scanOutput > should redact multiple API keys
[ModelArmor] Scanning output...

stderr | packages/renderer/src/services/agent/governance/__tests__/ModelArmor.test.ts > ModelArmor > scanOutput > should redact multiple API keys
[ModelArmor] Output contains sensitive data: /sk-[a-zA-Z0-9]{32,}/g
[ModelArmor] Output contains sensitive data: /AIza[0-9A-Za-z\-_]{35}/g

stdout | packages/renderer/src/services/agent/governance/__tests__/ModelArmor.test.ts > ModelArmor > scanOutput > should redact Google API keys (AIza)
[ModelArmor] Scanning output...

stderr | packages/renderer/src/services/agent/governance/__tests__/ModelArmor.test.ts > ModelArmor > scanOutput > should redact Google API keys (AIza)
[ModelArmor] Output contains sensitive data: /AIza[0-9A-Za-z\-_]{35}/g

stdout | packages/renderer/src/services/agent/governance/__tests__/ModelArmor.test.ts > ModelArmor > scanOutput > should not redact if DLP is disabled
[ModelArmor] Scanning output...

stdout | packages/renderer/src/services/agent/governance/__tests__/ModelArmor.test.ts > ModelArmor > scanOutput > should redact GitHub PAT tokens (ghp_)
[ModelArmor] Scanning output...

stderr | packages/renderer/src/services/agent/governance/__tests__/ModelArmor.test.ts > ModelArmor > scanOutput > should redact GitHub PAT tokens (ghp_)
[ModelArmor] Output contains sensitive data: /ghp_[a-zA-Z0-9]{36}/g

stdout | packages/renderer/src/services/agent/governance/__tests__/ModelArmor.test.ts > ModelArmor > scanOutput > should redact AWS Access Key IDs (AKIA)
[ModelArmor] Scanning output...

stderr | packages/renderer/src/services/agent/governance/__tests__/ModelArmor.test.ts > ModelArmor > scanOutput > should redact AWS Access Key IDs (AKIA)
[ModelArmor] Output contains sensitive data: /AKIA[0-9A-Z]{16}/g

stdout | packages/renderer/src/services/agent/governance/__tests__/ModelArmor.test.ts > ModelArmor > scanOutput > should redact Stripe live secret keys (sk_live_)
[ModelArmor] Scanning output...

stderr | packages/renderer/src/services/agent/governance/__tests__/ModelArmor.test.ts > ModelArmor > scanOutput > should redact Stripe live secret keys (sk_live_)
[ModelArmor] Output contains sensitive data: /sk_live_[a-zA-Z0-9]{24,}/g

stdout | packages/renderer/src/services/agent/governance/__tests__/ModelArmor.test.ts > ModelArmor > scanOutput > should redact Social Security Numbers (XXX-XX-XXXX)
[ModelArmor] Scanning output...

stderr | packages/renderer/src/services/agent/governance/__tests__/ModelArmor.test.ts > ModelArmor > scanOutput > should redact Social Security Numbers (XXX-XX-XXXX)
[ModelArmor] Output contains sensitive data: /\b\d{3}-\d{2}-\d{4}\b/g

(node:9467) Warning: `--localstorage-file` was provided without a valid path
(Use `node --trace-warnings ...` to show where the warning was created)
stdout | packages/renderer/src/services/agent/governance/__tests__/ModelArmor.test.ts > ModelArmor > scanOutput > should redact email addresses
[ModelArmor] Scanning output...

stderr | packages/renderer/src/services/agent/governance/__tests__/ModelArmor.test.ts > ModelArmor > scanOutput > should redact email addresses
[ModelArmor] Output contains sensitive data: /\b[A-Za-z0-9._%+-]+@[A-Za-z0-9.-]+\.[A-Z|a-z]{2,7}\b/g

stdout | packages/renderer/src/services/agent/governance/__tests__/ModelArmor.test.ts > ModelArmor > scanOutput > should redact private key headers
[ModelArmor] Scanning output...

stderr | packages/renderer/src/services/agent/governance/__tests__/ModelArmor.test.ts > ModelArmor > scanOutput > should redact private key headers
[ModelArmor] Output contains sensitive data: /-----BEGIN (RSA |EC |DSA |OPENSSH )?PRIVATE KEY-----/g

stdout | packages/renderer/src/services/agent/governance/__tests__/ModelArmor.test.ts > ModelArmor > scanOutput > should redact JWTs (eyJ... pattern)
[ModelArmor] Scanning output...

stderr | packages/renderer/src/services/agent/governance/__tests__/ModelArmor.test.ts > ModelArmor > scanOutput > should redact JWTs (eyJ... pattern)
[ModelArmor] Output contains sensitive data: /eyJ[A-Za-z0-9_-]{10,}\.[A-Za-z0-9_-]{10,}\.[A-Za-z0-9_-]{10,}/g

···························stdout | packages/renderer/src/services/agent/governance/__tests__/ModelArmor.test.ts > ModelArmor > scanOutput > should redact MongoDB connection strings
[ModelArmor] Scanning output...

stderr | packages/renderer/src/services/agent/governance/__tests__/ModelArmor.test.ts > ModelArmor > scanOutput > should redact MongoDB connection strings
[ModelArmor] Output contains sensitive data: /\b[A-Za-z0-9._%+-]+@[A-Za-z0-9.-]+\.[A-Z|a-z]{2,7}\b/g
[ModelArmor] Output contains sensitive data: /mongodb(\+srv)?:\/\/[^\s]+/g

stdout | packages/renderer/src/services/agent/governance/__tests__/ModelArmor.test.ts > ModelArmor > scanOutput > should redact PostgreSQL connection strings
[ModelArmor] Scanning output...

stderr | packages/renderer/src/services/agent/governance/__tests__/ModelArmor.test.ts > ModelArmor > scanOutput > should redact PostgreSQL connection strings
[ModelArmor] Output contains sensitive data: /postgres(ql)?:\/\/[^\s]+/g

stdout | packages/renderer/src/services/agent/governance/__tests__/ModelArmor.test.ts > ModelArmor > scanOutput > should assign correct severity levels to violations
[ModelArmor] Scanning output...

stderr | packages/renderer/src/services/agent/governance/__tests__/ModelArmor.test.ts > ModelArmor > scanOutput > should assign correct severity levels to violations
[ModelArmor] Output contains sensitive data: /-----BEGIN (RSA |EC |DSA |OPENSSH )?PRIVATE KEY-----/g

stdout | packages/renderer/src/services/agent/governance/__tests__/ModelArmor.test.ts > ModelArmor > scanOutput > should assign correct severity levels to violations
[ModelArmor] Scanning output...

stderr | packages/renderer/src/services/agent/governance/__tests__/ModelArmor.test.ts > ModelArmor > scanOutput > should assign correct severity levels to violations
[ModelArmor] Output contains sensitive data: /sk-[a-zA-Z0-9]{32,}/g

stdout | packages/renderer/src/services/agent/governance/__tests__/ModelArmor.test.ts > ModelArmor > scanOutput > should assign correct severity levels to violations
[ModelArmor] Scanning output...

stderr | packages/renderer/src/services/agent/governance/__tests__/ModelArmor.test.ts > ModelArmor > scanOutput > should assign correct severity levels to violations
[ModelArmor] Output contains sensitive data: /\b[A-Za-z0-9._%+-]+@[A-Za-z0-9.-]+\.[A-Z|a-z]{2,7}\b/g

stdout | packages/renderer/src/services/agent/governance/__tests__/ModelArmor.test.ts > ModelArmor > scanOutput > should correctly redact on consecutive calls with the same policy (regex /g state bug)
[ModelArmor] Scanning output...

stderr | packages/renderer/src/services/agent/governance/__tests__/ModelArmor.test.ts > ModelArmor > scanOutput > should correctly redact on consecutive calls with the same policy (regex /g state bug)
[ModelArmor] Output contains sensitive data: /sk-[a-zA-Z0-9]{32,}/g

stdout | packages/renderer/src/services/agent/governance/__tests__/ModelArmor.test.ts > ModelArmor > scanOutput > should correctly redact on consecutive calls with the same policy (regex /g state bug)
[ModelArmor] Scanning output...

stderr | packages/renderer/src/services/agent/governance/__tests__/ModelArmor.test.ts > ModelArmor > scanOutput > should correctly redact on consecutive calls with the same policy (regex /g state bug)
[ModelArmor] Output contains sensitive data: /sk-[a-zA-Z0-9]{32,}/g

stdout | packages/renderer/src/services/agent/governance/__tests__/ModelArmor.test.ts > ModelArmor > scanOutput > should correctly redact on consecutive calls with the same policy (regex /g state bug)
[ModelArmor] Scanning output...

stderr | packages/renderer/src/services/agent/governance/__tests__/ModelArmor.test.ts > ModelArmor > scanOutput > should correctly redact on consecutive calls with the same policy (regex /g state bug)
[ModelArmor] Output contains sensitive data: /sk-[a-zA-Z0-9]{32,}/g

stdout | packages/renderer/src/services/agent/governance/__tests__/ModelArmor.test.ts > ModelArmor > scanOutput > should redact multiple occurrences of the same pattern in one response
[ModelArmor] Scanning output...

stderr | packages/renderer/src/services/agent/governance/__tests__/ModelArmor.test.ts > ModelArmor > scanOutput > should redact multiple occurrences of the same pattern in one response
[ModelArmor] Output contains sensitive data: /sk-[a-zA-Z0-9]{32,}/g

(node:9479) Warning: `--localstorage-file` was provided without a valid path
(Use `node --trace-warnings ...` to show where the warning was created)
········(node:9462) Warning: `--localstorage-file` was provided without a valid path
(Use `node --trace-warnings ...` to show where the warning was created)
·································(node:9469) Warning: `--localstorage-file` was provided without a valid path
(Use `node --trace-warnings ...` to show where the warning was created)
··········(node:9468) Warning: `--localstorage-file` was provided without a valid path
(Use `node --trace-warnings ...` to show where the warning was created)
·····(node:9477) Warning: `--localstorage-file` was provided without a valid path
(Use `node --trace-warnings ...` to show where the warning was created)
············(node:9486) Warning: `--localstorage-file` was provided without a valid path
(Use `node --trace-warnings ...` to show where the warning was created)
(node:9480) Warning: `--localstorage-file` was provided without a valid path
(Use `node --trace-warnings ...` to show where the warning was created)
(node:9476) Warning: `--localstorage-file` was provided without a valid path
(Use `node --trace-warnings ...` to show where the warning was created)
··························(node:9516) Warning: `--localstorage-file` was provided without a valid path
(Use `node --trace-warnings ...` to show where the warning was created)
stdout | packages/main/src/handlers/video.security.test.ts
18:01:09.252 › [AccessControl] Initialized

stderr | packages/main/src/handlers/video.security.test.ts > 🛡️ Shield: Video Handler Security Test > video:save-asset > should validate sender
18:01:09.261 › [VideoHandler] Failed to save asset: Error: Security Violation
    at /Volumes/X SSD 2025/Users/narrowchannel/indiiOS-Clean/packages/main/src/handlers/video.security.test.ts:90:23
    at Mock (file:///Volumes/X%20SSD%202025/Users/narrowchannel/indiiOS-Clean/node_modules/@vitest/spy/dist/index.js:332:34)
    at /Volumes/X SSD 2025/Users/narrowchannel/indiiOS-Clean/packages/main/src/handlers/video.ts:39:13
    at invoke (/Volumes/X SSD 2025/Users/narrowchannel/indiiOS-Clean/packages/main/src/handlers/video.security.test.ts:84:16)
    at /Volumes/X SSD 2025/Users/narrowchannel/indiiOS-Clean/packages/main/src/handlers/video.security.test.ts:93:26
    at file:///Volumes/X%20SSD%202025/Users/narrowchannel/indiiOS-Clean/node_modules/@vitest/runner/dist/chunk-artifact.js:302:11
    at file:///Volumes/X%20SSD%202025/Users/narrowchannel/indiiOS-Clean/node_modules/@vitest/runner/dist/chunk-artifact.js:1903:26
    at file:///Volumes/X%20SSD%202025/Users/narrowchannel/indiiOS-Clean/node_modules/@vitest/runner/dist/chunk-artifact.js:2326:20
    at new Promise (<anonymous>)
    at runWithCancel (file:///Volumes/X%20SSD%202025/Users/narrowchannel/indiiOS-Clean/node_modules/@vitest/runner/dist/chunk-artifact.js:2323:10)

stderr | packages/main/src/handlers/video.security.test.ts > 🛡️ Shield: Video Handler Security Test > video:save-asset > should block non-http/https URLs
18:01:09.267 › [VideoHandler] Failed to save asset: ZodError: [
  {
    "code": "custom",
    "message": "Invalid URL: Must be a public HTTP/HTTPS URL. Local/Private IPs are blocked.",
    "path": []
  }
]
    at Object.get error [as error] (file:///Volumes/X%20SSD%202025/Users/narrowchannel/indiiOS-Clean/node_modules/zod/v3/types.js:39:31)
    at ZodEffects.parse (file:///Volumes/X%20SSD%202025/Users/narrowchannel/indiiOS-Clean/node_modules/zod/v3/types.js:114:22)
    at /Volumes/X SSD 2025/Users/narrowchannel/indiiOS-Clean/packages/main/src/handlers/video.ts:51:28
    at invoke (/Volumes/X SSD 2025/Users/narrowchannel/indiiOS-Clean/packages/main/src/handlers/video.security.test.ts:84:16)
    at /Volumes/X SSD 2025/Users/narrowchannel/indiiOS-Clean/packages/main/src/handlers/video.security.test.ts:99:26
    at file:///Volumes/X%20SSD%202025/Users/narrowchannel/indiiOS-Clean/node_modules/@vitest/runner/dist/chunk-artifact.js:302:11
    at file:///Volumes/X%20SSD%202025/Users/narrowchannel/indiiOS-Clean/node_modules/@vitest/runner/dist/chunk-artifact.js:1903:26
    at file:///Volumes/X%20SSD%202025/Users/narrowchannel/indiiOS-Clean/node_modules/@vitest/runner/dist/chunk-artifact.js:2326:20
    at new Promise (<anonymous>)
    at runWithCancel (file:///Volumes/X%20SSD%202025/Users/narrowchannel/indiiOS-Clean/node_modules/@vitest/runner/dist/chunk-artifact.js:2323:10)

··········(node:9475) Warning: `--localstorage-file` was provided without a valid path
(Use `node --trace-warnings ...` to show where the warning was created)
(node:9482) Warning: `--localstorage-file` was provided without a valid path
(Use `node --trace-warnings ...` to show where the warning was created)
(node:9474) Warning: `--localstorage-file` was provided without a valid path
(Use `node --trace-warnings ...` to show where the warning was created)
(node:9478) Warning: `--localstorage-file` was provided without a valid path
(Use `node --trace-warnings ...` to show where the warning was created)
stderr | packages/main/src/handlers/video.security.test.ts > 🛡️ Shield: Video Handler Security Test > video:save-asset > should block local IPs (SSRF prevention)
18:01:09.268 › [VideoHandler] Failed to save asset: ZodError: [
  {
    "code": "custom",
    "message": "Invalid URL: Must be a public HTTP/HTTPS URL. Local/Private IPs are blocked.",
    "path": []
  }
]
    at Object.get error [as error] (file:///Volumes/X%20SSD%202025/Users/narrowchannel/indiiOS-Clean/node_modules/zod/v3/types.js:39:31)
    at ZodEffects.parse (file:///Volumes/X%20SSD%202025/Users/narrowchannel/indiiOS-Clean/node_modules/zod/v3/types.js:114:22)
    at /Volumes/X SSD 2025/Users/narrowchannel/indiiOS-Clean/packages/main/src/handlers/video.ts:51:28
    at invoke (/Volumes/X SSD 2025/Users/narrowchannel/indiiOS-Clean/packages/main/src/handlers/video.security.test.ts:84:16)
    at /Volumes/X SSD 2025/Users/narrowchannel/indiiOS-Clean/packages/main/src/handlers/video.security.test.ts:105:26
    at file:///Volumes/X%20SSD%202025/Users/narrowchannel/indiiOS-Clean/node_modules/@vitest/runner/dist/chunk-artifact.js:302:11
    at file:///Volumes/X%20SSD%202025/Users/narrowchannel/indiiOS-Clean/node_modules/@vitest/runner/dist/chunk-artifact.js:1903:26
    at file:///Volumes/X%20SSD%202025/Users/narrowchannel/indiiOS-Clean/node_modules/@vitest/runner/dist/chunk-artifact.js:2326:20
    at new Promise (<anonymous>)
    at runWithCancel (file:///Volumes/X%20SSD%202025/Users/narrowchannel/indiiOS-Clean/node_modules/@vitest/runner/dist/chunk-artifact.js:2323:10)

···stderr | packages/main/src/handlers/video.security.test.ts > 🛡️ Shield: Video Handler Security Test > video:save-asset > should sanitize filename to prevent path traversal
18:01:09.428 › [VideoHandler] Failed to save asset: Error: Invalid filename: Path traversal detected in "../../../../etc/passwd"
    at /Volumes/X SSD 2025/Users/narrowchannel/indiiOS-Clean/packages/main/src/handlers/video.ts:44:23
    at invoke (/Volumes/X SSD 2025/Users/narrowchannel/indiiOS-Clean/packages/main/src/handlers/video.security.test.ts:84:16)
    at /Volumes/X SSD 2025/Users/narrowchannel/indiiOS-Clean/packages/main/src/handlers/video.security.test.ts:119:26
    at file:///Volumes/X%20SSD%202025/Users/narrowchannel/indiiOS-Clean/node_modules/@vitest/runner/dist/chunk-artifact.js:302:11
    at file:///Volumes/X%20SSD%202025/Users/narrowchannel/indiiOS-Clean/node_modules/@vitest/runner/dist/chunk-artifact.js:1903:26
    at file:///Volumes/X%20SSD%202025/Users/narrowchannel/indiiOS-Clean/node_modules/@vitest/runner/dist/chunk-artifact.js:2326:20
    at new Promise (<anonymous>)
    at runWithCancel (file:///Volumes/X%20SSD%202025/Users/narrowchannel/indiiOS-Clean/node_modules/@vitest/runner/dist/chunk-artifact.js:2323:10)
    at file:///Volumes/X%20SSD%202025/Users/narrowchannel/indiiOS-Clean/node_modules/@vitest/runner/dist/chunk-artifact.js:2305:20
    at new Promise (<anonymous>)

(node:9483) Warning: `--localstorage-file` was provided without a valid path
(Use `node --trace-warnings ...` to show where the warning was created)
stderr | packages/main/src/handlers/video.security.test.ts > 🛡️ Shield: Video Handler Security Test > video:open-folder > should block path traversal outside asset directory
18:01:09.438 › [VideoHandler] Open folder failed: Error: Security Warning: Unauthorized path access
    at /Volumes/X SSD 2025/Users/narrowchannel/indiiOS-Clean/packages/main/src/handlers/video.ts:108:27
    at invoke (/Volumes/X SSD 2025/Users/narrowchannel/indiiOS-Clean/packages/main/src/handlers/video.security.test.ts:84:16)
    at /Volumes/X SSD 2025/Users/narrowchannel/indiiOS-Clean/packages/main/src/handlers/video.security.test.ts:130:26
    at file:///Volumes/X%20SSD%202025/Users/narrowchannel/indiiOS-Clean/node_modules/@vitest/runner/dist/chunk-artifact.js:302:11
    at file:///Volumes/X%20SSD%202025/Users/narrowchannel/indiiOS-Clean/node_modules/@vitest/runner/dist/chunk-artifact.js:1903:26
    at file:///Volumes/X%20SSD%202025/Users/narrowchannel/indiiOS-Clean/node_modules/@vitest/runner/dist/chunk-artifact.js:2326:20
    at new Promise (<anonymous>)
    at runWithCancel (file:///Volumes/X%20SSD%202025/Users/narrowchannel/indiiOS-Clean/node_modules/@vitest/runner/dist/chunk-artifact.js:2323:10)
    at file:///Volumes/X%20SSD%202025/Users/narrowchannel/indiiOS-Clean/node_modules/@vitest/runner/dist/chunk-artifact.js:2305:20
    at new Promise (<anonymous>)

··stderr | packages/renderer/src/services/agent/tools/__tests__/FinanceTools.test.ts > FinanceTools > analyze_receipt > should handle AI errors gracefully via wrapTool
[Tool:analyze_receipt] execution failed: Error: AI Error
    at /Volumes/X SSD 2025/Users/narrowchannel/indiiOS-Clean/packages/renderer/src/services/agent/tools/__tests__/FinanceTools.test.ts:89:53
    at file:///Volumes/X%20SSD%202025/Users/narrowchannel/indiiOS-Clean/node_modules/@vitest/runner/dist/chunk-artifact.js:302:11
    at file:///Volumes/X%20SSD%202025/Users/narrowchannel/indiiOS-Clean/node_modules/@vitest/runner/dist/chunk-artifact.js:1903:26
    at file:///Volumes/X%20SSD%202025/Users/narrowchannel/indiiOS-Clean/node_modules/@vitest/runner/dist/chunk-artifact.js:2326:20
    at new Promise (<anonymous>)
    at runWithCancel (file:///Volumes/X%20SSD%202025/Users/narrowchannel/indiiOS-Clean/node_modules/@vitest/runner/dist/chunk-artifact.js:2323:10)
    at file:///Volumes/X%20SSD%202025/Users/narrowchannel/indiiOS-Clean/node_modules/@vitest/runner/dist/chunk-artifact.js:2305:20
    at new Promise (<anonymous>)
    at runWithTimeout (file:///Volumes/X%20SSD%202025/Users/narrowchannel/indiiOS-Clean/node_modules/@vitest/runner/dist/chunk-artifact.js:2272:10)
    at file:///Volumes/X%20SSD%202025/Users/narrowchannel/indiiOS-Clean/node_modules/@vitest/runner/dist/chunk-artifact.js:2955:64

······(node:9490) Warning: `--localstorage-file` was provided without a valid path
(Use `node --trace-warnings ...` to show where the warning was created)
stderr | packages/renderer/src/modules/social/tools.test.ts > SOCIAL_TOOLS > generate_social_identity > should throw error if AI fails
Failed to generate social identity Error: AI Error
    at /Volumes/X SSD 2025/Users/narrowchannel/indiiOS-Clean/packages/renderer/src/modules/social/tools.test.ts:50:84
    at file:///Volumes/X%20SSD%202025/Users/narrowchannel/indiiOS-Clean/node_modules/@vitest/runner/dist/chunk-artifact.js:302:11
    at file:///Volumes/X%20SSD%202025/Users/narrowchannel/indiiOS-Clean/node_modules/@vitest/runner/dist/chunk-artifact.js:1903:26
    at file:///Volumes/X%20SSD%202025/Users/narrowchannel/indiiOS-Clean/node_modules/@vitest/runner/dist/chunk-artifact.js:2326:20
    at new Promise (<anonymous>)
    at runWithCancel (file:///Volumes/X%20SSD%202025/Users/narrowchannel/indiiOS-Clean/node_modules/@vitest/runner/dist/chunk-artifact.js:2323:10)
    at file:///Volumes/X%20SSD%202025/Users/narrowchannel/indiiOS-Clean/node_modules/@vitest/runner/dist/chunk-artifact.js:2305:20
    at new Promise (<anonymous>)
    at runWithTimeout (file:///Volumes/X%20SSD%202025/Users/narrowchannel/indiiOS-Clean/node_modules/@vitest/runner/dist/chunk-artifact.js:2272:10)
    at file:///Volumes/X%20SSD%202025/Users/narrowchannel/indiiOS-Clean/node_modules/@vitest/runner/dist/chunk-artifact.js:2955:64

·····································(node:9487) Warning: `--localstorage-file` was provided without a valid path
(Use `node --trace-warnings ...` to show where the warning was created)
stderr | packages/firebase/src/__tests__/stripeWebhook.test.ts > Stripe Webhook Handler (WO-8) > should reject requests with invalid Stripe signature (400)
[stripeWebhook] Signature verification failed: Error: Invalid signature
    at Object.<anonymous> (/Volumes/X SSD 2025/Users/narrowchannel/indiiOS-Clean/packages/firebase/src/__tests__/stripeWebhook.test.ts:204:19)
    at Object.Mock [as constructEvent] (file:///Volumes/X%20SSD%202025/Users/narrowchannel/indiiOS-Clean/node_modules/@vitest/spy/dist/index.js:332:34)
    at verifyStripeWebhook (/Volumes/X SSD 2025/Users/narrowchannel/indiiOS-Clean/packages/firebase/src/stripe/webhookHandler.ts:22:26)
    at /Volumes/X SSD 2025/Users/narrowchannel/indiiOS-Clean/packages/firebase/src/stripe/webhookHandler.ts:306:13
    at /Volumes/X SSD 2025/Users/narrowchannel/indiiOS-Clean/packages/firebase/src/__tests__/stripeWebhook.test.ts:208:15
    at file:///Volumes/X%20SSD%202025/Users/narrowchannel/indiiOS-Clean/node_modules/@vitest/runner/dist/chunk-artifact.js:302:11
    at file:///Volumes/X%20SSD%202025/Users/narrowchannel/indiiOS-Clean/node_modules/@vitest/runner/dist/chunk-artifact.js:1903:26
    at file:///Volumes/X%20SSD%202025/Users/narrowchannel/indiiOS-Clean/node_modules/@vitest/runner/dist/chunk-artifact.js:2326:20
    at new Promise (<anonymous>)
    at runWithCancel (file:///Volumes/X%20SSD%202025/Users/narrowchannel/indiiOS-Clean/node_modules/@vitest/runner/dist/chunk-artifact.js:2323:10)

stdout | packages/firebase/src/__tests__/stripeWebhook.test.ts > Stripe Webhook Handler (WO-8) > should skip duplicate webhook events gracefully
[stripeWebhook] Duplicate delivery skipped: evt_dup

stdout | packages/firebase/src/__tests__/stripeWebhook.test.ts > Stripe Webhook Handler (WO-8) > should handle checkout.session.completed for a subscription
[handleCheckoutCompleted] Updated subscription for user user-123

stdout | packages/firebase/src/__tests__/stripeWebhook.test.ts > Stripe Webhook Handler (WO-8) > should handle checkout.session.completed for a founder pass
[handleFounderPassCheckoutCompleted] Pending activation written for user user-123

stdout | packages/firebase/src/__tests__/stripeWebhook.test.ts > Stripe Webhook Handler (WO-8) > should handle customer.subscription.created
[handleSubscriptionCreated] Updated subscription for user user-123

stdout | packages/firebase/src/__tests__/stripeWebhook.test.ts > Stripe Webhook Handler (WO-8) > should handle customer.subscription.updated
[handleSubscriptionUpdated] Updated subscription for user user-123

stdout | packages/firebase/src/__tests__/stripeWebhook.test.ts > Stripe Webhook Handler (WO-8) > should handle customer.subscription.deleted — downgrades to free
[handleSubscriptionDeleted] Updated subscription for user user-123

stdout | packages/firebase/src/__tests__/stripeWebhook.test.ts > Stripe Webhook Handler (WO-8) > should handle invoice.paid and write ledger entry
[handleInvoicePaid] Updated subscription for user user-123

stdout | packages/firebase/src/__tests__/stripeWebhook.test.ts > Stripe Webhook Handler (WO-8) > should handle invoice.paid and write ledger entry
[handleInvoicePaid] Ledger entry written for user user-123

stdout | packages/firebase/src/__tests__/stripeWebhook.test.ts > Stripe Webhook Handler (WO-8) > should handle invoice.payment_failed and queue dunning notification
[handleInvoicePaymentFailed] Updated subscription for user user-123

stdout | packages/firebase/src/__tests__/stripeWebhook.test.ts > Stripe Webhook Handler (WO-8) > should handle invoice.payment_failed and queue dunning notification
[handleInvoicePaymentFailed] Dunning notification queued for user user-123

stdout | packages/firebase/src/__tests__/stripeWebhook.test.ts > Stripe Webhook Handler (WO-8) > should handle unknown event types gracefully (200 received:true)
[stripeWebhook] Unhandled event type: payment_intent.created

············(node:9484) Warning: `--localstorage-file` was provided without a valid path
(Use `node --trace-warnings ...` to show where the warning was created)
(node:9522) Warning: `--localstorage-file` was provided without a valid path
(Use `node --trace-warnings ...` to show where the warning was created)
(node:9492) Warning: `--localstorage-file` was provided without a valid path
(Use `node --trace-warnings ...` to show where the warning was created)
(node:9485) Warning: `--localstorage-file` was provided without a valid path
(Use `node --trace-warnings ...` to show where the warning was created)
(node:9491) Warning: `--localstorage-file` was provided without a valid path
(Use `node --trace-warnings ...` to show where the warning was created)
stdout | packages/renderer/src/services/distribution/verify-all-adapters.test.ts > All Distribution Adapters Integration > Symphonic Adapter > should connect successfully
[SymphonicAdapter] Attempting real connection...

stdout | packages/renderer/src/services/distribution/verify-all-adapters.test.ts > All Distribution Adapters Integration > Symphonic Adapter > should connect successfully
[SymphonicAdapter] SFTP Connection Verified.
[SymphonicAdapter] Connected successfully.

stdout | packages/renderer/src/services/distribution/verify-all-adapters.test.ts > All Distribution Adapters Integration > Symphonic Adapter > should create release successfully
[Symphonic] Initiating release delivery: Universal Harmony
[Symphonic] Delivering via Electron SFTP...

stdout | packages/renderer/src/services/distribution/verify-all-adapters.test.ts > All Distribution Adapters Integration > Symphonic Adapter > should create release successfully
[Symphonic] Starting SFTP upload: /mock/package -> /deliveries/123456789012

stdout | packages/renderer/src/services/distribution/verify-all-adapters.test.ts > All Distribution Adapters Integration > Symphonic Adapter > should create release successfully
[Symphonic] Upload complete.

stdout | packages/renderer/src/services/distribution/verify-all-adapters.test.ts > All Distribution Adapters Integration > Symphonic Adapter > should create release successfully
[Symphonic] SFTP delivery complete for 123456789012

stdout | packages/renderer/src/services/distribution/verify-all-adapters.test.ts > All Distribution Adapters Integration > DistroKid Adapter > should connect successfully
[DistroKidAdapter] Attempting real connection...

stdout | packages/renderer/src/services/distribution/verify-all-adapters.test.ts > All Distribution Adapters Integration > DistroKid Adapter > should connect successfully
[DistroKidAdapter] SFTP Connection Verified.
[DistroKidAdapter] Connected successfully.

stdout | packages/renderer/src/services/distribution/verify-all-adapters.test.ts > All Distribution Adapters Integration > DistroKid Adapter > should create release successfully
[DistroKid] Executing real SFTP delivery...

stdout | packages/renderer/src/services/distribution/verify-all-adapters.test.ts > All Distribution Adapters Integration > DistroKid Adapter > should create release successfully
[DistroKid] Files staged at /mock/package. Starting upload...
[DistroKid] Starting SFTP upload: /mock/package -> /incoming/123456789012

stdout | packages/renderer/src/services/distribution/verify-all-adapters.test.ts > All Distribution Adapters Integration > DistroKid Adapter > should create release successfully
[DistroKid] Upload complete.

stdout | packages/renderer/src/services/distribution/verify-all-adapters.test.ts > All Distribution Adapters Integration > TuneCore Adapter > should connect successfully
[TuneCoreAdapter] Attempting real connection...

stdout | packages/renderer/src/services/distribution/verify-all-adapters.test.ts > All Distribution Adapters Integration > TuneCore Adapter > should connect successfully
[TuneCoreAdapter] SFTP Connection Verified.
[TuneCoreAdapter] Connected successfully.

stderr | packages/renderer/src/services/distribution/verify-all-adapters.test.ts > All Distribution Adapters Integration > TuneCore Adapter > should create release successfully
[TuneCore] HTTP API delivery failed, returning ERN-ready status: Error: Network unavailable in tests
    at /Volumes/X SSD 2025/Users/narrowchannel/indiiOS-Clean/packages/renderer/src/services/distribution/verify-all-adapters.test.ts:51:50
    at processTicksAndRejections (node:internal/process/task_queues:104:5)
    at VitestModuleEvaluator._runInlinedModule (file:///Volumes/X%20SSD%202025/Users/narrowchannel/indiiOS-Clean/node_modules/vitest/dist/module-evaluator.js:206:4)
    at VitestModuleRunner.directRequest (file:///Volumes/X%20SSD%202025/Users/narrowchannel/indiiOS-Clean/node_modules/vite/dist/node/module-runner.js:1284:61)
    at VitestModuleRunner.cachedRequest (file:///Volumes/X%20SSD%202025/Users/narrowchannel/indiiOS-Clean/node_modules/vite/dist/node/module-runner.js:1180:76)
    at VitestModuleRunner.import (file:///Volumes/X%20SSD%202025/Users/narrowchannel/indiiOS-Clean/node_modules/vite/dist/node/module-runner.js:1117:12)
    at file:///Volumes/X%20SSD%202025/Users/narrowchannel/indiiOS-Clean/node_modules/@vitest/runner/dist/chunk-artifact.js:2457:5
    at collectTests (file:///Volumes/X%20SSD%202025/Users/narrowchannel/indiiOS-Clean/node_modules/@vitest/runner/dist/chunk-artifact.js:2433:3)
    at startTests (file:///Volumes/X%20SSD%202025/Users/narrowchannel/indiiOS-Clean/node_modules/@vitest/runner/dist/chunk-artifact.js:3277:17)
    at file:///Volumes/X%20SSD%202025/Users/narrowchannel/indiiOS-Clean/node_modules/vitest/dist/chunks/base.RR7zL1h0.js:90:5

stdout | packages/renderer/src/services/distribution/verify-all-adapters.test.ts > All Distribution Adapters Integration > CDBaby Adapter > should connect successfully
[CDBabyAdapter] Attempting real connection...

stdout | packages/renderer/src/services/distribution/verify-all-adapters.test.ts > All Distribution Adapters Integration > CDBaby Adapter > should connect successfully
[CDBabyAdapter] SFTP Connection Verified.
[CDBabyAdapter] Connected successfully.

stdout | packages/renderer/src/services/distribution/verify-all-adapters.test.ts > All Distribution Adapters Integration > CDBaby Adapter > should create release successfully
[CDBaby] Staging release files...

stdout | packages/renderer/src/services/distribution/verify-all-adapters.test.ts > All Distribution Adapters Integration > CDBaby Adapter > should create release successfully
[CDBaby] Files staged at /mock/package.
[CDBaby] Starting SFTP upload: /mock/package -> /upload/CDB-1778018469850

stdout | packages/renderer/src/services/distribution/verify-all-adapters.test.ts > All Distribution Adapters Integration > CDBaby Adapter > should create release successfully
[CDBaby] Upload complete.

············stderr | packages/renderer/src/services/agent/governance/__tests__/MultiTurnAutorater.test.ts > MultiTurnAutorater > should handle failures in evaluation gracefully
[MultiTurnAutorater] Error evaluating trace trace-456: Error: AI Service down
    at /Volumes/X SSD 2025/Users/narrowchannel/indiiOS-Clean/packages/renderer/src/services/agent/governance/__tests__/MultiTurnAutorater.test.ts:53:67
    at file:///Volumes/X%20SSD%202025/Users/narrowchannel/indiiOS-Clean/node_modules/@vitest/runner/dist/chunk-artifact.js:302:11
    at file:///Volumes/X%20SSD%202025/Users/narrowchannel/indiiOS-Clean/node_modules/@vitest/runner/dist/chunk-artifact.js:1903:26
    at file:///Volumes/X%20SSD%202025/Users/narrowchannel/indiiOS-Clean/node_modules/@vitest/runner/dist/chunk-artifact.js:2326:20
    at new Promise (<anonymous>)
    at runWithCancel (file:///Volumes/X%20SSD%202025/Users/narrowchannel/indiiOS-Clean/node_modules/@vitest/runner/dist/chunk-artifact.js:2323:10)
    at file:///Volumes/X%20SSD%202025/Users/narrowchannel/indiiOS-Clean/node_modules/@vitest/runner/dist/chunk-artifact.js:2305:20
    at new Promise (<anonymous>)
    at runWithTimeout (file:///Volumes/X%20SSD%202025/Users/narrowchannel/indiiOS-Clean/node_modules/@vitest/runner/dist/chunk-artifact.js:2272:10)
    at file:///Volumes/X%20SSD%202025/Users/narrowchannel/indiiOS-Clean/node_modules/@vitest/runner/dist/chunk-artifact.js:2955:64

stderr | packages/renderer/src/services/agent/governance/__tests__/MultiTurnAutorater.test.ts > MultiTurnAutorater > should handle empty evaluation results
[MultiTurnAutorater] Received empty evaluation for trace trace-789

···(node:9489) Warning: `--localstorage-file` was provided without a valid path
(Use `node --trace-warnings ...` to show where the warning was created)
stdout | packages/renderer/src/services/video/VideoGenerationService.integration.test.ts > VideoGenerationService Integration > generateVideo accepts valid options
[VideoGeneration] 🎬 generateVideo() called: {
  promptPreview: 'A cyberpunk city at night',
  model: 'veo-3.1-generate-preview',
  duration: 5,
  aspectRatio: '16:9',
  hasFirstFrame: false,
  hasLastFrame: false,
  hasReferenceImages: false,
  userId: 'user-123'
}

stdout | packages/renderer/src/services/video/VideoGenerationService.integration.test.ts > VideoGenerationService Integration > generateVideo accepts valid options
[VideoGeneration] 🚀 Calling GenAI.generateVideo() with: {
  model: 'veo-3.1-generate-preview',
  promptLength: 62,
  hasImage: false,
  config: '{"aspectRatio":"16:9","resolution":"1080p","durationSeconds":5}'
}
[MetadataPersistence] ✅ Saved video to users/user-123/generated_videos/mock-doc-id

·····(node:9488) Warning: `--localstorage-file` was provided without a valid path
(Use `node --trace-warnings ...` to show where the warning was created)
···········stdout | packages/renderer/src/services/ai/context/Keeper_ContextIntegrity.repro.test.ts > 📚 Keeper: Context Integrity > should use ContextManager to truncate history and PERSIST it to disk
[AgentIdentity] Minted identity for Keeper (keeper): instance=57121a0b..., fingerprint=b427c1f3c84e...

stdout | packages/renderer/src/services/ai/context/Keeper_ContextIntegrity.repro.test.ts > 📚 Keeper: Context Integrity > should use ContextManager to truncate history and PERSIST it to disk
[ModelArmor] Scanning input...

stdout | packages/renderer/src/services/ai/context/Keeper_ContextIntegrity.repro.test.ts > 📚 Keeper: Context Integrity > should use ContextManager to truncate history and PERSIST it to disk
[ModelArmor] Scanning output...

····stdout | packages/renderer/src/services/ai/__tests__/QA_Voice.test.ts > Voice Interface QA > should sanitize special characters
[FirebaseAIService] App Check Debug: { DEV: undefined, debugToken: undefined, key: undefined }
[FirebaseAIService] Fallback Mode Initialization: {
  foundKey: true,
  source: 'env.VITE_API_KEY',
  keyPrefix: 'mock-key...'
}
[FirebaseAIService] Initialized with direct Gemini SDK (fallback mode)

stderr | packages/renderer/src/services/ai/__tests__/QA_Voice.test.ts > Voice Interface QA > should sanitize special characters
[FirebaseAIService] App Check not configured, using direct Gemini SDK fallback

stdout | packages/renderer/src/services/ai/__tests__/QA_Voice.test.ts > Voice Interface QA > should throw error on API failure
[FirebaseAIService] App Check Debug: { DEV: undefined, debugToken: undefined, key: undefined }
[FirebaseAIService] Fallback Mode Initialization: {
  foundKey: true,
  source: 'env.VITE_API_KEY',
  keyPrefix: 'mock-key...'
}
[FirebaseAIService] Initialized with direct Gemini SDK (fallback mode)

stderr | packages/renderer/src/services/ai/__tests__/QA_Voice.test.ts > Voice Interface QA > should throw error on API failure
[FirebaseAIService] App Check not configured, using direct Gemini SDK fallback

stderr | packages/renderer/src/services/ai/__tests__/QA_Voice.test.ts > Voice Interface QA > should throw error on API failure
[CircuitBreaker] Non-recoverable error bypassing breaker (AppException(INTERNAL_ERROR, retryable=false)): AI Service Failure: API Down

···(node:9499) Warning: `--localstorage-file` was provided without a valid path
(Use `node --trace-warnings ...` to show where the warning was created)
(node:9493) Warning: `--localstorage-file` was provided without a valid path
(Use `node --trace-warnings ...` to show where the warning was created)
(node:9497) Warning: `--localstorage-file` was provided without a valid path
(Use `node --trace-warnings ...` to show where the warning was created)
···················stdout | packages/main/src/services/IndiiRemoteService.test.ts > IndiiRemoteService > startup validation > should fail closed when starting without a password
[IndiiRemoteService] Shutting down remote service...

stdout | packages/main/src/services/IndiiRemoteService.test.ts > IndiiRemoteService > startup validation > should fail closed when starting without a password
[IndiiRemoteService] Shutdown complete.

stdout | packages/main/src/services/IndiiRemoteService.test.ts > IndiiRemoteService > startup validation > should fail closed when starting with an empty password
[IndiiRemoteService] Shutting down remote service...

stdout | packages/main/src/services/IndiiRemoteService.test.ts > IndiiRemoteService > startup validation > should fail closed when starting with an empty password
[IndiiRemoteService] Shutdown complete.

stdout | packages/main/src/services/IndiiRemoteService.test.ts > IndiiRemoteService > concurrent startups > should implement a mutex to prevent multiple concurrent _doStart calls
[IndiiRemoteService] Shutting down remote service...

stdout | packages/main/src/services/IndiiRemoteService.test.ts > IndiiRemoteService > concurrent startups > should implement a mutex to prevent multiple concurrent _doStart calls
[IndiiRemoteService] Shutdown complete.

stderr | packages/main/src/services/IndiiRemoteService.test.ts > IndiiRemoteService > concurrent startups > should implement a mutex to prevent multiple concurrent _doStart calls
[IndiiRemoteService] No Ngrok token provided. Running locally only at http://127.0.0.1:3333

stdout | packages/main/src/services/IndiiRemoteService.test.ts > IndiiRemoteService > concurrent startups > should implement a mutex to prevent multiple concurrent _doStart calls
[IndiiRemoteService] Starting background infrastructure...
[IndiiRemoteService] Startup already in progress, waiting...
[IndiiRemoteService] Local server listening on http://127.0.0.1:3333

stdout | packages/main/src/services/IndiiRemoteService.test.ts > IndiiRemoteService > successful start > should start successfully with a valid password
[IndiiRemoteService] Shutting down remote service...

stdout | packages/main/src/services/IndiiRemoteService.test.ts > IndiiRemoteService > successful start > should start successfully with a valid password
[IndiiRemoteService] Shutdown complete.

stdout | packages/main/src/services/IndiiRemoteService.test.ts > IndiiRemoteService > successful start > should start successfully with a valid password
[IndiiRemoteService] Starting background infrastructure...

stdout | packages/main/src/services/IndiiRemoteService.test.ts > IndiiRemoteService > successful start > should start successfully with a valid password
[IndiiRemoteService] Local server listening on http://127.0.0.1:3333

stderr | packages/main/src/services/IndiiRemoteService.test.ts > IndiiRemoteService > successful start > should start successfully with a valid password
[IndiiRemoteService] No Ngrok token provided. Running locally only at http://127.0.0.1:3333

stdout | packages/main/src/services/IndiiRemoteService.test.ts > IndiiRemoteService > successful start > should return existing url if already running
[IndiiRemoteService] Shutting down remote service...

stdout | packages/main/src/services/IndiiRemoteService.test.ts > IndiiRemoteService > successful start > should return existing url if already running
[IndiiRemoteService] Shutdown complete.

stdout | packages/main/src/services/IndiiRemoteService.test.ts > IndiiRemoteService > successful start > should return existing url if already running
[IndiiRemoteService] Starting background infrastructure...

stdout | packages/main/src/services/IndiiRemoteService.test.ts > IndiiRemoteService > successful start > should return existing url if already running
[IndiiRemoteService] Local server listening on http://127.0.0.1:3333

stderr | packages/main/src/services/IndiiRemoteService.test.ts > IndiiRemoteService > successful start > should return existing url if already running
[IndiiRemoteService] No Ngrok token provided. Running locally only at http://127.0.0.1:3333

stdout | packages/main/src/services/IndiiRemoteService.test.ts > IndiiRemoteService > successful start > should return existing url if already running
[IndiiRemoteService] Already running at: http://127.0.0.1:3333

·····(node:9498) Warning: `--localstorage-file` was provided without a valid path
(Use `node --trace-warnings ...` to show where the warning was created)
stdout | packages/renderer/src/services/agent/OrchestrationService.test.ts
[WorkflowGraph] Successfully validated workflow 'CAMPAIGN_LAUNCH'
[WorkflowGraph] Successfully validated workflow 'AI_MERCH_DROP'
[WorkflowGraph] Successfully validated workflow 'SECURITY_AUDIT'
[WorkflowGraph] Successfully validated workflow 'TOUR_PLANNING'
[WorkflowGraph] Successfully validated workflow 'INDII_GROWTH_PROTOCOL'

stderr | packages/renderer/src/services/subscription/SubscriptionService.test.ts > SubscriptionService (Ledger Checks) > 💸 "God Mode Gate": Verifies custom claim god_mode bypasses limits
[SubscriptionService] God Mode blocked: single request too large (121s)

······stdout | packages/renderer/src/services/agent/OrchestrationService.test.ts > OrchestrationService > should route campaign launch to the correct workflow with state tracking
[Orchestration] Starting workflow: Campaign Launch (CAMPAIGN_LAUNCH), trace: 4d18c751-61a3-438d-87d3-c9cf9908c305

stdout | packages/renderer/src/services/agent/OrchestrationService.test.ts > OrchestrationService > should route campaign launch to the correct workflow with state tracking
[WorkflowGraph] Successfully validated workflow 'CAMPAIGN_LAUNCH'

stdout | packages/renderer/src/services/agent/OrchestrationService.test.ts > OrchestrationService > should route campaign launch to the correct workflow with state tracking
[Orchestration] Batching 1 parallel steps for workflow CAMPAIGN_LAUNCH

stdout | packages/renderer/src/services/agent/OrchestrationService.test.ts > OrchestrationService > should route campaign launch to the correct workflow with state tracking
[Orchestration] Workflow Campaign Launch completed all reachable nodes.

(node:9500) Warning: `--localstorage-file` was provided without a valid path
(Use `node --trace-warnings ...` to show where the warning was created)
stdout | packages/renderer/src/services/agent/OrchestrationService.test.ts > OrchestrationService > should persist failure on the exact step and halt
[Orchestration] Starting workflow: AI Merch Drop (AI_MERCH_DROP), trace: 3a6eebd1-192f-4d3c-bf9c-54feb964304a

stdout | packages/renderer/src/services/agent/OrchestrationService.test.ts > OrchestrationService > should persist failure on the exact step and halt
[WorkflowGraph] Successfully validated workflow 'AI_MERCH_DROP'

stdout | packages/renderer/src/services/agent/OrchestrationService.test.ts > OrchestrationService > should persist failure on the exact step and halt
[Orchestration] Batching 1 parallel steps for workflow AI_MERCH_DROP

(node:9496) Warning: `--localstorage-file` was provided without a valid path
(Use `node --trace-warnings ...` to show where the warning was created)
stdout | packages/renderer/src/services/agent/OrchestrationService.test.ts > OrchestrationService > should route "deploy protocol" to INDII_GROWTH_PROTOCOL
[Orchestration] Starting workflow: indii Growth Protocol (INDII_GROWTH_PROTOCOL), trace: 12e24687-d57f-49b1-94db-8c7232432aea

stdout | packages/renderer/src/services/agent/OrchestrationService.test.ts > OrchestrationService > should route "deploy protocol" to INDII_GROWTH_PROTOCOL
[WorkflowGraph] Successfully validated workflow 'INDII_GROWTH_PROTOCOL'

stdout | packages/renderer/src/services/agent/OrchestrationService.test.ts > OrchestrationService > should route "deploy protocol" to INDII_GROWTH_PROTOCOL
[Orchestration] Batching 1 parallel steps for workflow INDII_GROWTH_PROTOCOL

stdout | packages/renderer/src/services/agent/OrchestrationService.test.ts > OrchestrationService > should route "deploy protocol" to INDII_GROWTH_PROTOCOL
[Orchestration] Workflow indii Growth Protocol completed all reachable nodes.

stdout | packages/renderer/src/services/agent/OrchestrationService.test.ts > OrchestrationService > should process steps in parallel when dependencies are met
[Orchestration] Starting workflow: Parallel Workflow (PARALLEL_WORKFLOW), trace: 9c1103ad-8e43-42d6-ad91-5ffcc241467a

stdout | packages/renderer/src/services/agent/OrchestrationService.test.ts > OrchestrationService > should process steps in parallel when dependencies are met
[WorkflowGraph] Successfully validated workflow 'PARALLEL_WORKFLOW'

stdout | packages/renderer/src/services/agent/OrchestrationService.test.ts > OrchestrationService > should process steps in parallel when dependencies are met
[Orchestration] Batching 1 parallel steps for workflow PARALLEL_WORKFLOW

stdout | packages/renderer/src/services/agent/OrchestrationService.test.ts > OrchestrationService > should process steps in parallel when dependencies are met
[Orchestration] Batching 2 parallel steps for workflow PARALLEL_WORKFLOW

stdout | packages/renderer/src/services/agent/OrchestrationService.test.ts > OrchestrationService > should process steps in parallel when dependencies are met
[Orchestration] Batching 1 parallel steps for workflow PARALLEL_WORKFLOW

stdout | packages/renderer/src/services/agent/OrchestrationService.test.ts > OrchestrationService > should process steps in parallel when dependencies are met
[Orchestration] Workflow Parallel Workflow completed all reachable nodes.

stdout | packages/renderer/src/services/agent/OrchestrationService.test.ts > OrchestrationService > should skip step when edge condition evaluates to false
[Orchestration] Starting workflow: Conditional Workflow (CONDITIONAL_WORKFLOW), trace: be26a103-bff2-463d-a797-53852aa58e35

stdout | packages/renderer/src/services/agent/OrchestrationService.test.ts > OrchestrationService > should skip step when edge condition evaluates to false
[WorkflowGraph] Successfully validated workflow 'CONDITIONAL_WORKFLOW'

stdout | packages/renderer/src/services/agent/OrchestrationService.test.ts > OrchestrationService > should skip step when edge condition evaluates to false
[Orchestration] Batching 1 parallel steps for workflow CONDITIONAL_WORKFLOW

stdout | packages/renderer/src/services/agent/OrchestrationService.test.ts > OrchestrationService > should skip step when edge condition evaluates to false
[Orchestration] Batching 1 parallel steps for workflow CONDITIONAL_WORKFLOW

stdout | packages/renderer/src/services/agent/OrchestrationService.test.ts > OrchestrationService > should skip step when edge condition evaluates to false
[Orchestration] Workflow Conditional Workflow completed all reachable nodes.

·········stderr | packages/renderer/src/services/marketplace/MarketplaceService.test.ts > MarketplaceService > purchaseProduct > should throw error as payments are disabled
[PaymentService] Failed to create checkout session: Error: No checkout URL returned from server.
    at createOneTimePayment (/Volumes/X SSD 2025/Users/narrowchannel/indiiOS-Clean/packages/renderer/src/services/payment/PaymentService.ts:62:19)
    at processTicksAndRejections (node:internal/process/task_queues:104:5)
    at MarketplaceService.purchaseProduct (/Volumes/X SSD 2025/Users/narrowchannel/indiiOS-Clean/packages/renderer/src/services/marketplace/MarketplaceService.ts:200:33)
    at /Volumes/X SSD 2025/Users/narrowchannel/indiiOS-Clean/packages/renderer/src/services/marketplace/MarketplaceService.test.ts:143:13
    at file:///Volumes/X%20SSD%202025/Users/narrowchannel/indiiOS-Clean/node_modules/@vitest/runner/dist/chunk-artifact.js:1903:20

stderr | packages/renderer/src/services/marketplace/MarketplaceService.test.ts > MarketplaceService > purchaseProduct > should throw error as payments are disabled
[MarketplaceService] Purchase failed: Error: No checkout URL returned from server.
    at createOneTimePayment (/Volumes/X SSD 2025/Users/narrowchannel/indiiOS-Clean/packages/renderer/src/services/payment/PaymentService.ts:62:19)
    at processTicksAndRejections (node:internal/process/task_queues:104:5)
    at MarketplaceService.purchaseProduct (/Volumes/X SSD 2025/Users/narrowchannel/indiiOS-Clean/packages/renderer/src/services/marketplace/MarketplaceService.ts:200:33)
    at /Volumes/X SSD 2025/Users/narrowchannel/indiiOS-Clean/packages/renderer/src/services/marketplace/MarketplaceService.test.ts:143:13
    at file:///Volumes/X%20SSD%202025/Users/narrowchannel/indiiOS-Clean/node_modules/@vitest/runner/dist/chunk-artifact.js:1903:20

stdout | packages/renderer/src/services/marketplace/MarketplaceService.test.ts > MarketplaceService > purchaseProduct > should throw error as payments are disabled
[MarketplaceService] Rolled back inventory for prod-1

······stdout | packages/firebase/src/__tests__/image_gen.test.ts > Image and Content Generation Functions > generateImageV3 > should call @google/genai SDK with correct parameters
[GeminiImageService:generate] Tier: fast | Model: gemini-3.1-flash-image-preview | Prompt: "a beautiful cat..."
[GeminiImageService] Initializing Google Gen AI Client (API_KEY: mock...)
[GeminiImageService:generate] Config: {"model":"gemini-3.1-flash-image-preview","responseModalities":["IMAGE"],"hasImageConfig":true,"hasThinkingConfig":false,"hasTools":false,"contentsTurns":1,"refImageCount":0}

stdout | packages/firebase/src/__tests__/image_gen.test.ts > Image and Content Generation Functions > editImage > should construct multimodal parts correctly
[GeminiImageService:edit] Model: gemini-3-pro-image-preview | Prompt: "add a hat..."

···(node:9556) Warning: `--localstorage-file` was provided without a valid path
(Use `node --trace-warnings ...` to show where the warning was created)
(node:9517) Warning: `--localstorage-file` was provided without a valid path
(Use `node --trace-warnings ...` to show where the warning was created)
·········(node:9524) Warning: `--localstorage-file` was provided without a valid path
(Use `node --trace-warnings ...` to show where the warning was created)
(node:9521) Warning: `--localstorage-file` was provided without a valid path
(Use `node --trace-warnings ...` to show where the warning was created)
·(node:9527) Warning: `--localstorage-file` was provided without a valid path
(Use `node --trace-warnings ...` to show where the warning was created)
(node:9534) Warning: `--localstorage-file` was provided without a valid path
(Use `node --trace-warnings ...` to show where the warning was created)
··(node:9529) Warning: `--localstorage-file` was provided without a valid path
(Use `node --trace-warnings ...` to show where the warning was created)
(node:9523) Warning: `--localstorage-file` was provided without a valid path
(Use `node --trace-warnings ...` to show where the warning was created)
(node:9532) Warning: `--localstorage-file` was provided without a valid path
(Use `node --trace-warnings ...` to show where the warning was created)
stderr | packages/renderer/src/services/revenue/DistributionRevenueService.test.ts > DistributionRevenueService > getAggregatedEarnings > should handle adapter errors gracefully
Failed to fetch earnings from DistroKid Error: API timeout
    at /Volumes/X SSD 2025/Users/narrowchannel/indiiOS-Clean/packages/renderer/src/services/revenue/DistributionRevenueService.test.ts:163:56
    at file:///Volumes/X%20SSD%202025/Users/narrowchannel/indiiOS-Clean/node_modules/@vitest/runner/dist/chunk-artifact.js:302:11
    at file:///Volumes/X%20SSD%202025/Users/narrowchannel/indiiOS-Clean/node_modules/@vitest/runner/dist/chunk-artifact.js:1903:26
    at file:///Volumes/X%20SSD%202025/Users/narrowchannel/indiiOS-Clean/node_modules/@vitest/runner/dist/chunk-artifact.js:2326:20
    at new Promise (<anonymous>)
    at runWithCancel (file:///Volumes/X%20SSD%202025/Users/narrowchannel/indiiOS-Clean/node_modules/@vitest/runner/dist/chunk-artifact.js:2323:10)
    at file:///Volumes/X%20SSD%202025/Users/narrowchannel/indiiOS-Clean/node_modules/@vitest/runner/dist/chunk-artifact.js:2305:20
    at new Promise (<anonymous>)
    at runWithTimeout (file:///Volumes/X%20SSD%202025/Users/narrowchannel/indiiOS-Clean/node_modules/@vitest/runner/dist/chunk-artifact.js:2272:10)
    at file:///Volumes/X%20SSD%202025/Users/narrowchannel/indiiOS-Clean/node_modules/@vitest/runner/dist/chunk-artifact.js:2955:64

········stdout | packages/renderer/src/services/distribution/verify-adapters.test.ts
[DistributorService] Registered adapter: DistroKid
[DistributorService] Registered adapter: TuneCore
[DistributorService] Registered adapter: CDBaby
[DistributorService] Registered adapter: Symphonic

(node:9528) Warning: `--localstorage-file` was provided without a valid path
(Use `node --trace-warnings ...` to show where the warning was created)
stderr | packages/renderer/src/services/agent/tools/__tests__/FinanceTools.integration.test.ts > FinanceTools > initiate_split_escrow > gracefully falls back when Cloud Function is unavailable
[FinanceTools] Escrow Cloud Function unavailable, using local tracking: Error: Function not deployed
    at /Volumes/X SSD 2025/Users/narrowchannel/indiiOS-Clean/packages/renderer/src/services/agent/tools/__tests__/FinanceTools.integration.test.ts:78:23
    at /Volumes/X SSD 2025/Users/narrowchannel/indiiOS-Clean/packages/renderer/src/services/agent/tools/FinanceTools.ts:193:34
    at Object.initiate_split_escrow (/Volumes/X SSD 2025/Users/narrowchannel/indiiOS-Clean/packages/renderer/src/services/agent/utils/ToolUtils.ts:48:34)
    at /Volumes/X SSD 2025/Users/narrowchannel/indiiOS-Clean/packages/renderer/src/services/agent/tools/__tests__/FinanceTools.integration.test.ts:81:47
    at processTicksAndRejections (node:internal/process/task_queues:104:5)
    at file:///Volumes/X%20SSD%202025/Users/narrowchannel/indiiOS-Clean/node_modules/@vitest/runner/dist/chunk-artifact.js:1903:20

····(node:9535) Warning: `--localstorage-file` was provided without a valid path
(Use `node --trace-warnings ...` to show where the warning was created)
(node:9525) Warning: `--localstorage-file` was provided without a valid path
(Use `node --trace-warnings ...` to show where the warning was created)
stdout | packages/renderer/src/services/distribution/verify-adapters.test.ts > Distribution System Verification
[DistributorService] Registered adapter: DistroKid
[DistributorService] Registered adapter: TuneCore
[DistributorService] Registered adapter: CDBaby
[DistributorService] Registered adapter: Symphonic

stdout | packages/renderer/src/services/distribution/verify-adapters.test.ts > Distribution System Verification > DistroKid Adapter > should connect successfully
[DistroKidAdapter] Attempting real connection...

stdout | packages/renderer/src/services/distribution/verify-adapters.test.ts > Distribution System Verification > DistroKid Adapter > should connect successfully
[DistroKidAdapter] SFTP Connection Verified.
[DistroKidAdapter] Connected successfully.

stdout | packages/renderer/src/services/distribution/verify-adapters.test.ts > Distribution System Verification > DistroKid Adapter > should create release
[DistroKid] Executing real SFTP delivery...

stdout | packages/renderer/src/services/distribution/verify-adapters.test.ts > Distribution System Verification > DistroKid Adapter > should create release
[DistroKid] Files staged at /mock/staging/path. Starting upload...
[DistroKid] Starting SFTP upload: /mock/staging/path -> /incoming/123456789012

stdout | packages/renderer/src/services/distribution/verify-adapters.test.ts > Distribution System Verification > DistroKid Adapter > should create release
[DistroKid] Upload complete.

stdout | packages/renderer/src/services/distribution/verify-adapters.test.ts > Distribution System Verification > TuneCore Adapter > should connect successfully
[TuneCoreAdapter] Attempting real connection...
[TuneCoreAdapter] Connected successfully.

(node:9531) Warning: `--localstorage-file` was provided without a valid path
(Use `node --trace-warnings ...` to show where the warning was created)
(node:9526) Warning: `--localstorage-file` was provided without a valid path
(Use `node --trace-warnings ...` to show where the warning was created)
stdout | packages/renderer/src/services/music/__tests__/MusicLibraryService.test.ts > MusicLibraryService > should save analysis to Firestore
[MusicLibrary] Saved analysis for track: test.mp3 (track-1)

stdout | packages/renderer/src/services/music/__tests__/MusicLibraryService.test.ts > MusicLibraryService > should retrieve cached analysis
[MusicLibrary] Cache hit for track: track-1

stdout | packages/renderer/src/services/music/__tests__/MusicLibraryService.test.ts > MusicLibraryService > should list library items
[MusicLibrary] Listing library for user: user-123

stdout | packages/renderer/src/services/music/__tests__/MusicLibraryService.test.ts > MusicLibraryService > should list library items
[MusicLibrary] Found 2 analyzed tracks.

·····stderr | packages/renderer/src/services/distribution/verify-adapters.test.ts > Distribution System Verification > TuneCore Adapter > should create release
[TuneCore] HTTP API delivery failed, returning ERN-ready status: Error: Network unavailable in tests
    at /Volumes/X SSD 2025/Users/narrowchannel/indiiOS-Clean/packages/renderer/src/services/distribution/verify-adapters.test.ts:50:50
    at processTicksAndRejections (node:internal/process/task_queues:104:5)
    at VitestModuleEvaluator._runInlinedModule (file:///Volumes/X%20SSD%202025/Users/narrowchannel/indiiOS-Clean/node_modules/vitest/dist/module-evaluator.js:206:4)
    at VitestModuleRunner.directRequest (file:///Volumes/X%20SSD%202025/Users/narrowchannel/indiiOS-Clean/node_modules/vite/dist/node/module-runner.js:1284:61)
    at VitestModuleRunner.cachedRequest (file:///Volumes/X%20SSD%202025/Users/narrowchannel/indiiOS-Clean/node_modules/vite/dist/node/module-runner.js:1180:76)
    at VitestModuleRunner.import (file:///Volumes/X%20SSD%202025/Users/narrowchannel/indiiOS-Clean/node_modules/vite/dist/node/module-runner.js:1117:12)
    at file:///Volumes/X%20SSD%202025/Users/narrowchannel/indiiOS-Clean/node_modules/@vitest/runner/dist/chunk-artifact.js:2457:5
    at collectTests (file:///Volumes/X%20SSD%202025/Users/narrowchannel/indiiOS-Clean/node_modules/@vitest/runner/dist/chunk-artifact.js:2433:3)
    at startTests (file:///Volumes/X%20SSD%202025/Users/narrowchannel/indiiOS-Clean/node_modules/@vitest/runner/dist/chunk-artifact.js:3277:17)
    at file:///Volumes/X%20SSD%202025/Users/narrowchannel/indiiOS-Clean/node_modules/vitest/dist/chunks/base.RR7zL1h0.js:90:5

stdout | packages/renderer/src/services/distribution/verify-adapters.test.ts > Distribution System Verification > CD Baby Adapter > should connect successfully
[CDBabyAdapter] Attempting real connection...
[CDBabyAdapter] Connected successfully.

stdout | packages/renderer/src/services/distribution/verify-adapters.test.ts > Distribution System Verification > CD Baby Adapter > should create release
[CDBaby] Staging release files...

stdout | packages/renderer/src/services/distribution/verify-adapters.test.ts > Distribution System Verification > CD Baby Adapter > should create release
[CDBaby] Files staged at /mock/staging/path.

stdout | packages/renderer/src/services/distribution/verify-adapters.test.ts > Distribution System Verification > Symphonic Adapter > should connect successfully
[SymphonicAdapter] Attempting real connection...
[SymphonicAdapter] Connected successfully.

stdout | packages/renderer/src/services/distribution/verify-adapters.test.ts > Distribution System Verification > Symphonic Adapter > should create release
[Symphonic] Initiating release delivery: Neon Nights

stderr | packages/renderer/src/services/distribution/verify-adapters.test.ts > Distribution System Verification > Symphonic Adapter > should create release
[Symphonic] SFTP credentials required. Configure them in Settings > Integrations.

(node:9542) Warning: `--localstorage-file` was provided without a valid path
(Use `node --trace-warnings ...` to show where the warning was created)
(node:9533) Warning: `--localstorage-file` was provided without a valid path
(Use `node --trace-warnings ...` to show where the warning was created)
(node:9530) Warning: `--localstorage-file` was provided without a valid path
(Use `node --trace-warnings ...` to show where the warning was created)
····(node:9536) Warning: `--localstorage-file` was provided without a valid path
(Use `node --trace-warnings ...` to show where the warning was created)
·············stdout | packages/renderer/src/services/account/DataExportService.test.ts > DataExportService > exportUserData > should export user profile from Firestore
[DataExport] Starting data export for user: uid-test-abc

stdout | packages/renderer/src/services/account/DataExportService.test.ts > DataExportService > exportUserData > should export user profile from Firestore
[DataExport] Found 0 storage files
[DataExport] Export complete for uid-test-abc

stdout | packages/renderer/src/services/account/DataExportService.test.ts > DataExportService > exportUserData > should export subcollection documents
[DataExport] Starting data export for user: uid-test-abc

stdout | packages/renderer/src/services/account/DataExportService.test.ts > DataExportService > exportUserData > should export subcollection documents
[DataExport] Exported 2 docs from releases

stdout | packages/renderer/src/services/account/DataExportService.test.ts > DataExportService > exportUserData > should export subcollection documents
[DataExport] Found 0 storage files
[DataExport] Export complete for uid-test-abc

stdout | packages/renderer/src/services/account/DataExportService.test.ts > DataExportService > exportUserData > should include Storage file URLs
[DataExport] Starting data export for user: uid-test-abc

stdout | packages/renderer/src/services/account/DataExportService.test.ts > DataExportService > exportUserData > should include Storage file URLs
[DataExport] Found 2 storage files
[DataExport] Export complete for uid-test-abc

stdout | packages/renderer/src/services/account/DataExportService.test.ts > DataExportService > exportUserData > should handle restricted Storage files gracefully
[DataExport] Starting data export for user: uid-test-abc

stdout | packages/renderer/src/services/account/DataExportService.test.ts > DataExportService > exportUserData > should handle restricted Storage files gracefully
[DataExport] Found 1 storage files
[DataExport] Export complete for uid-test-abc

stdout | packages/renderer/src/services/account/DataExportService.test.ts > DataExportService > exportUserData > should record errors but not fail completely
[DataExport] Starting data export for user: uid-test-abc

stdout | packages/renderer/src/services/account/DataExportService.test.ts > DataExportService > exportUserData > should record errors but not fail completely
[DataExport] Found 0 storage files
[DataExport] Export completed with errors for uid-test-abc

stdout | packages/renderer/src/services/account/DataExportService.test.ts > DataExportService > exportUserData > should include export metadata
[DataExport] Starting data export for user: uid-test-abc

stdout | packages/renderer/src/services/account/DataExportService.test.ts > DataExportService > exportUserData > should include export metadata
[DataExport] Found 0 storage files
[DataExport] Export complete for uid-test-abc

stdout | packages/renderer/src/services/image/__tests__/CanvasBatchService.test.ts > CanvasBatchService > should export selected dimensions and update store
[CanvasBatch] Initiating batch export for 2 targets...
[CanvasBatch] Processing Instagram Post (1:1) (1080x1080)

··········stdout | packages/renderer/src/services/image/__tests__/CanvasBatchService.test.ts > CanvasBatchService > should export selected dimensions and update store
[CanvasBatch] Processing Snapchat / Story (720x1280)

···············stdout | packages/renderer/src/services/image/__tests__/CanvasBatchService.test.ts > CanvasBatchService > should handle errors gracefully
[CanvasBatch] Initiating batch export for 1 targets...
[CanvasBatch] Processing Instagram Post (1:1) (1080x1080)

stderr | packages/renderer/src/services/image/__tests__/CanvasBatchService.test.ts > CanvasBatchService > should handle errors gracefully
[CanvasBatch] Batch export failed: Error: Store update failed
    at Object.<anonymous> (/Volumes/X SSD 2025/Users/narrowchannel/indiiOS-Clean/packages/renderer/src/services/image/__tests__/CanvasBatchService.test.ts:60:19)
    at Object.Mock [as updateJobProgress] (file:///Volumes/X%20SSD%202025/Users/narrowchannel/indiiOS-Clean/node_modules/@vitest/spy/dist/index.js:332:34)
    at CanvasBatchService.exportBatch (/Volumes/X SSD 2025/Users/narrowchannel/indiiOS-Clean/packages/renderer/src/services/image/CanvasBatchService.ts:66:23)
    at /Volumes/X SSD 2025/Users/narrowchannel/indiiOS-Clean/packages/renderer/src/services/image/__tests__/CanvasBatchService.test.ts:63:44
    at file:///Volumes/X%20SSD%202025/Users/narrowchannel/indiiOS-Clean/node_modules/@vitest/runner/dist/chunk-artifact.js:302:11
    at file:///Volumes/X%20SSD%202025/Users/narrowchannel/indiiOS-Clean/node_modules/@vitest/runner/dist/chunk-artifact.js:1903:26
    at file:///Volumes/X%20SSD%202025/Users/narrowchannel/indiiOS-Clean/node_modules/@vitest/runner/dist/chunk-artifact.js:2326:20
    at new Promise (<anonymous>)
    at runWithCancel (file:///Volumes/X%20SSD%202025/Users/narrowchannel/indiiOS-Clean/node_modules/@vitest/runner/dist/chunk-artifact.js:2323:10)
    at file:///Volumes/X%20SSD%202025/Users/narrowchannel/indiiOS-Clean/node_modules/@vitest/runner/dist/chunk-artifact.js:2305:20

stdout | packages/renderer/src/services/image/__tests__/CanvasBatchService.test.ts > CanvasBatchService > should log reframing
[CanvasBatch] Applying intelligent reframing for 1080x1080

···(node:9544) Warning: `--localstorage-file` was provided without a valid path
(Use `node --trace-warnings ...` to show where the warning was created)
(node:9543) Warning: `--localstorage-file` was provided without a valid path
(Use `node --trace-warnings ...` to show where the warning was created)
stdout | packages/renderer/src/services/account/AccountDeletionService.test.ts > AccountDeletionService > successful deletion > returns success when all operations succeed with no data
[AccountDeletion] Starting account deletion for user: user-123 (test@example.com)

stdout | packages/renderer/src/services/account/AccountDeletionService.test.ts > AccountDeletionService > successful deletion > returns success when all operations succeed with no data
[AccountDeletion] Deleted 0 storage files

stdout | packages/renderer/src/services/account/AccountDeletionService.test.ts > AccountDeletionService > successful deletion > returns success when all operations succeed with no data
[AccountDeletion] Firebase Auth account deleted
[AccountDeletion] Deletion complete for user-123

stdout | packages/renderer/src/services/account/AccountDeletionService.test.ts > AccountDeletionService > successful deletion > writes an audit log before deletion
[AccountDeletion] Starting account deletion for user: user-123 (test@example.com)

stdout | packages/renderer/src/services/account/AccountDeletionService.test.ts > AccountDeletionService > successful deletion > writes an audit log before deletion
[AccountDeletion] Deleted 0 storage files

stdout | packages/renderer/src/services/account/AccountDeletionService.test.ts > AccountDeletionService > successful deletion > writes an audit log before deletion
[AccountDeletion] Firebase Auth account deleted
[AccountDeletion] Deletion complete for user-123

(node:9540) Warning: `--localstorage-file` was provided without a valid path
(Use `node --trace-warnings ...` to show where the warning was created)
··························stdout | packages/renderer/src/services/MembershipService.ledger_transaction.test.ts > MembershipService (Ledger Transaction Integrity) > 💸 "The Standard Transaction": Verifies correct credit deduction flow
   ✅ Transaction Verified: $0.2 deducted from wallet.

stdout | packages/renderer/src/services/MembershipService.ledger_transaction.test.ts > MembershipService (Ledger Transaction Integrity) > 💸 "The Hard Limit Rejection": Aborts transaction when funds are insufficient
   🛑 Transaction Aborted: Insufficient funds.

stdout | packages/renderer/src/services/MembershipService.ledger_transaction.test.ts > MembershipService (Ledger Transaction Integrity) > 💸 "Fake High Usage Injection": Triggers Stop Switch immediately
   🛑 Stop Switch Triggered: Detected High Usage (999999).

··········(node:9539) Warning: `--localstorage-file` was provided without a valid path
(Use `node --trace-warnings ...` to show where the warning was created)
··stdout | packages/renderer/src/services/account/AccountDeletionService.test.ts > AccountDeletionService > successful deletion > lists expected pending external actions
[AccountDeletion] Starting account deletion for user: user-123 (test@example.com)

stdout | packages/renderer/src/services/account/AccountDeletionService.test.ts > AccountDeletionService > successful deletion > lists expected pending external actions
[AccountDeletion] Deleted 0 storage files

stdout | packages/renderer/src/services/account/AccountDeletionService.test.ts > AccountDeletionService > successful deletion > lists expected pending external actions
[AccountDeletion] Firebase Auth account deleted
[AccountDeletion] Deletion complete for user-123

stdout | packages/renderer/src/services/account/AccountDeletionService.test.ts > AccountDeletionService > partial failures > continues deletion when audit log fails
[AccountDeletion] Starting account deletion for user: user-123 (test@example.com)

stderr | packages/renderer/src/services/account/AccountDeletionService.test.ts > AccountDeletionService > partial failures > continues deletion when audit log fails
[AccountDeletion] Failed to write pre-deletion audit log

stdout | packages/renderer/src/services/account/AccountDeletionService.test.ts > AccountDeletionService > partial failures > continues deletion when audit log fails
[AccountDeletion] Deleted 0 storage files

stdout | packages/renderer/src/services/account/AccountDeletionService.test.ts > AccountDeletionService > partial failures > continues deletion when audit log fails
[AccountDeletion] Firebase Auth account deleted
[AccountDeletion] Deletion complete for user-123

stdout | packages/renderer/src/services/account/AccountDeletionService.test.ts > AccountDeletionService > partial failures > records errors when subcollection deletion fails
[AccountDeletion] Starting account deletion for user: user-123 (test@example.com)

stderr | packages/renderer/src/services/account/AccountDeletionService.test.ts > AccountDeletionService > partial failures > records errors when subcollection deletion fails
[AccountDeletion] Failed to delete auditLogs: Error: Permission denied

stderr | packages/renderer/src/services/account/AccountDeletionService.test.ts > AccountDeletionService > partial failures > records errors when subcollection deletion fails
[AccountDeletion] Failed to delete releases: Error: Permission denied

stderr | packages/renderer/src/services/account/AccountDeletionService.test.ts > AccountDeletionService > partial failures > records errors when subcollection deletion fails
[AccountDeletion] Failed to delete tracks: Error: Permission denied

stderr | packages/renderer/src/services/account/AccountDeletionService.test.ts > AccountDeletionService > partial failures > records errors when subcollection deletion fails
[AccountDeletion] Failed to delete contracts: Error: Permission denied

stderr | packages/renderer/src/services/account/AccountDeletionService.test.ts > AccountDeletionService > partial failures > records errors when subcollection deletion fails
[AccountDeletion] Failed to delete campaigns: Error: Permission denied

stderr | packages/renderer/src/services/account/AccountDeletionService.test.ts > AccountDeletionService > partial failures > records errors when subcollection deletion fails
[AccountDeletion] Failed to delete notifications: Error: Permission denied

stderr | packages/renderer/src/services/account/AccountDeletionService.test.ts > AccountDeletionService > partial failures > records errors when subcollection deletion fails
[AccountDeletion] Failed to delete analytics: Error: Permission denied

stderr | packages/renderer/src/services/account/AccountDeletionService.test.ts > AccountDeletionService > partial failures > records errors when subcollection deletion fails
[AccountDeletion] Failed to delete brandAssets: Error: Permission denied

stderr | packages/renderer/src/services/account/AccountDeletionService.test.ts > AccountDeletionService > partial failures > records errors when subcollection deletion fails
[AccountDeletion] Failed to delete generatedImages: Error: Permission denied

stderr | packages/renderer/src/services/account/AccountDeletionService.test.ts > AccountDeletionService > partial failures > records errors when subcollection deletion fails
[AccountDeletion] Failed to delete generatedVideos: Error: Permission denied

stderr | packages/renderer/src/services/account/AccountDeletionService.test.ts > AccountDeletionService > partial failures > records errors when subcollection deletion fails
[AccountDeletion] Failed to delete splitSheets: Error: Permission denied

stderr | packages/renderer/src/services/account/AccountDeletionService.test.ts > AccountDeletionService > partial failures > records errors when subcollection deletion fails
[AccountDeletion] Failed to delete invoices: Error: Permission denied

stderr | packages/renderer/src/services/account/AccountDeletionService.test.ts > AccountDeletionService > partial failures > records errors when subcollection deletion fails
[AccountDeletion] Failed to delete messages: Error: Permission denied

stdout | packages/renderer/src/services/account/AccountDeletionService.test.ts > AccountDeletionService > partial failures > records errors when subcollection deletion fails
[AccountDeletion] Deleted 0 storage files

stdout | packages/renderer/src/services/account/AccountDeletionService.test.ts > AccountDeletionService > partial failures > records errors when subcollection deletion fails
[AccountDeletion] Firebase Auth account deleted
[AccountDeletion] Deletion completed with errors for user-123

stdout | packages/renderer/src/services/account/AccountDeletionService.test.ts > AccountDeletionService > partial failures > reports error when user is not signed in for auth deletion
[AccountDeletion] Starting account deletion for user: user-123 (test@example.com)

stdout | packages/renderer/src/services/account/AccountDeletionService.test.ts > AccountDeletionService > partial failures > reports error when user is not signed in for auth deletion
[AccountDeletion] Deleted 0 storage files
[AccountDeletion] Deletion completed with errors for user-123

stdout | packages/renderer/src/services/account/AccountDeletionService.test.ts > AccountDeletionService > partial failures > reports error when signed-in user UID does not match
[AccountDeletion] Starting account deletion for user: user-123 (test@example.com)

stdout | packages/renderer/src/services/account/AccountDeletionService.test.ts > AccountDeletionService > partial failures > reports error when signed-in user UID does not match
[AccountDeletion] Deleted 0 storage files
[AccountDeletion] Deletion completed with errors for user-123

stdout | packages/renderer/src/services/account/AccountDeletionService.test.ts > AccountDeletionService > result structure > returns proper DeletionResult interface
[AccountDeletion] Starting account deletion for user: user-123 (test@example.com)

stdout | packages/renderer/src/services/account/AccountDeletionService.test.ts > AccountDeletionService > result structure > returns proper DeletionResult interface
[AccountDeletion] Deleted 0 storage files

stdout | packages/renderer/src/services/account/AccountDeletionService.test.ts > AccountDeletionService > result structure > returns proper DeletionResult interface
[AccountDeletion] Firebase Auth account deleted
[AccountDeletion] Deletion complete for user-123

······(node:9547) Warning: `--localstorage-file` was provided without a valid path
(Use `node --trace-warnings ...` to show where the warning was created)
(node:9546) Warning: `--localstorage-file` was provided without a valid path
(Use `node --trace-warnings ...` to show where the warning was created)
(node:9552) Warning: `--localstorage-file` was provided without a valid path
(Use `node --trace-warnings ...` to show where the warning was created)
···stderr | packages/renderer/src/services/agent/AgentService.torture.test.ts
[MemoryBank] MEM0_API_KEY is not set in environment.

(node:9550) Warning: `--localstorage-file` was provided without a valid path
(Use `node --trace-warnings ...` to show where the warning was created)
···stdout | packages/renderer/src/services/agent/AgentService.torture.test.ts > 🛡️ Shield: Agent Torture Test > 🛡️ Jailbreak Resistance: Agent receives the jailbreak prompt but execution is sandboxed
[AgentService] sendMessage routing: { isBoardroomMode: undefined }

stdout | packages/renderer/src/services/agent/AgentService.torture.test.ts > 🛡️ Shield: Agent Torture Test > 🛡️ Jailbreak Resistance: Agent receives the jailbreak prompt but execution is sandboxed
[AgentService] Orchestration Path: single { reasoning: 'Forced by user' }

··stdout | packages/firebase/src/__tests__/video.test.ts > Video Functions > triggerVideoJob > should successfully queue a video job
[VideoJob] Triggered for JobID: job-123, User: user123

stdout | packages/firebase/src/__tests__/video.test.ts > Video Functions > triggerVideoJob > should accept generateAudio option
[VideoJob] Triggered for JobID: job-audio-123, User: user123

·····stderr | Object.error (/Volumes/X SSD 2025/Users/narrowchannel/indiiOS-Clean/packages/renderer/src/utils/logger.ts:16:21)
[MultiTurnAutorater] Error evaluating trace 784f31da-eeaa-45a0-a74c-2e9454a99904: TypeError: __vite_ssr_import_0__.GenAI.generateStructuredData is not a function
    at MultiTurnAutorater.evaluateTrace (/Volumes/X SSD 2025/Users/narrowchannel/indiiOS-Clean/packages/renderer/src/services/agent/governance/MultiTurnAutorater.ts:70:40)
    at MultiTurnAutorater.evaluateAndRegister (/Volumes/X SSD 2025/Users/narrowchannel/indiiOS-Clean/packages/renderer/src/services/agent/governance/MultiTurnAutorater.ts:102:34)
    at AgentService.triggerAutorater (/Volumes/X SSD 2025/Users/narrowchannel/indiiOS-Clean/packages/renderer/src/services/agent/AgentService.ts:1199:38)
    at processTicksAndRejections (node:internal/process/task_queues:104:5)

(node:9554) Warning: `--localstorage-file` was provided without a valid path
(Use `node --trace-warnings ...` to show where the warning was created)
(node:9553) Warning: `--localstorage-file` was provided without a valid path
(Use `node --trace-warnings ...` to show where the warning was created)
··········(node:9558) Warning: `--localstorage-file` was provided without a valid path
(Use `node --trace-warnings ...` to show where the warning was created)
(node:9551) Warning: `--localstorage-file` was provided without a valid path
(Use `node --trace-warnings ...` to show where the warning was created)
stdout | packages/main/src/services/CredentialService.test.ts > CredentialService > saveCredentials > should save encrypted credentials when encryption is available
[CredentialService] Securely saved credentials for dist1

stderr | packages/main/src/services/CredentialService.test.ts > CredentialService > saveCredentials > should throw an error when encryption is not available
[CredentialService] safeStorage not available, refusing to store credentials in plaintext
[CredentialService] Failed to save credentials for dist1 Error: Encryption is not available. Credentials cannot be stored securely.
    at CredentialService.saveCredentials (/Volumes/X SSD 2025/Users/narrowchannel/indiiOS-Clean/packages/main/src/services/CredentialService.ts:32:23)
    at /Volumes/X SSD 2025/Users/narrowchannel/indiiOS-Clean/packages/main/src/services/CredentialService.test.ts:55:34
    at file:///Volumes/X%20SSD%202025/Users/narrowchannel/indiiOS-Clean/node_modules/@vitest/runner/dist/chunk-artifact.js:302:11
    at file:///Volumes/X%20SSD%202025/Users/narrowchannel/indiiOS-Clean/node_modules/@vitest/runner/dist/chunk-artifact.js:1903:26
    at file:///Volumes/X%20SSD%202025/Users/narrowchannel/indiiOS-Clean/node_modules/@vitest/runner/dist/chunk-artifact.js:2326:20
    at new Promise (<anonymous>)
    at runWithCancel (file:///Volumes/X%20SSD%202025/Users/narrowchannel/indiiOS-Clean/node_modules/@vitest/runner/dist/chunk-artifact.js:2323:10)
    at file:///Volumes/X%20SSD%202025/Users/narrowchannel/indiiOS-Clean/node_modules/@vitest/runner/dist/chunk-artifact.js:2305:20
    at new Promise (<anonymous>)
    at runWithTimeout (file:///Volumes/X%20SSD%202025/Users/narrowchannel/indiiOS-Clean/node_modules/@vitest/runner/dist/chunk-artifact.js:2272:10)

stderr | packages/main/src/services/CredentialService.test.ts > CredentialService > saveCredentials > should propagate errors from keytar
[CredentialService] Failed to save credentials for dist1 Error: keytar error
    at /Volumes/X SSD 2025/Users/narrowchannel/indiiOS-Clean/packages/main/src/services/CredentialService.test.ts:65:27
    at file:///Volumes/X%20SSD%202025/Users/narrowchannel/indiiOS-Clean/node_modules/@vitest/runner/dist/chunk-artifact.js:302:11
    at file:///Volumes/X%20SSD%202025/Users/narrowchannel/indiiOS-Clean/node_modules/@vitest/runner/dist/chunk-artifact.js:1903:26
    at file:///Volumes/X%20SSD%202025/Users/narrowchannel/indiiOS-Clean/node_modules/@vitest/runner/dist/chunk-artifact.js:2326:20
    at new Promise (<anonymous>)
    at runWithCancel (file:///Volumes/X%20SSD%202025/Users/narrowchannel/indiiOS-Clean/node_modules/@vitest/runner/dist/chunk-artifact.js:2323:10)
    at file:///Volumes/X%20SSD%202025/Users/narrowchannel/indiiOS-Clean/node_modules/@vitest/runner/dist/chunk-artifact.js:2305:20
    at new Promise (<anonymous>)
    at runWithTimeout (file:///Volumes/X%20SSD%202025/Users/narrowchannel/indiiOS-Clean/node_modules/@vitest/runner/dist/chunk-artifact.js:2272:10)
    at file:///Volumes/X%20SSD%202025/Users/narrowchannel/indiiOS-Clean/node_modules/@vitest/runner/dist/chunk-artifact.js:2955:64

stderr | packages/main/src/services/CredentialService.test.ts > CredentialService > getCredentials > should throw error inside try if safeStorage is not available for encrypted data, and return null
[CredentialService] Decryption failed, may be legacy or corrupted data

stderr | packages/main/src/services/CredentialService.test.ts > CredentialService > getCredentials > should return null if decryption throws and payload is not legacy JSON
[CredentialService] Decryption failed, may be legacy or corrupted data

stderr | packages/main/src/services/CredentialService.test.ts > CredentialService > getCredentials > should catch keytar errors and return null
[CredentialService] Failed to get credentials for dist1 Error: keytar error
    at /Volumes/X SSD 2025/Users/narrowchannel/indiiOS-Clean/packages/main/src/services/CredentialService.test.ts:125:61
    at file:///Volumes/X%20SSD%202025/Users/narrowchannel/indiiOS-Clean/node_modules/@vitest/runner/dist/chunk-artifact.js:302:11
    at file:///Volumes/X%20SSD%202025/Users/narrowchannel/indiiOS-Clean/node_modules/@vitest/runner/dist/chunk-artifact.js:1903:26
    at file:///Volumes/X%20SSD%202025/Users/narrowchannel/indiiOS-Clean/node_modules/@vitest/runner/dist/chunk-artifact.js:2326:20
    at new Promise (<anonymous>)
    at runWithCancel (file:///Volumes/X%20SSD%202025/Users/narrowchannel/indiiOS-Clean/node_modules/@vitest/runner/dist/chunk-artifact.js:2323:10)
    at file:///Volumes/X%20SSD%202025/Users/narrowchannel/indiiOS-Clean/node_modules/@vitest/runner/dist/chunk-artifact.js:2305:20
    at new Promise (<anonymous>)
    at runWithTimeout (file:///Volumes/X%20SSD%202025/Users/narrowchannel/indiiOS-Clean/node_modules/@vitest/runner/dist/chunk-artifact.js:2272:10)
    at file:///Volumes/X%20SSD%202025/Users/narrowchannel/indiiOS-Clean/node_modules/@vitest/runner/dist/chunk-artifact.js:2955:64

stderr | packages/main/src/services/CredentialService.test.ts > CredentialService > deleteCredentials > should catch keytar errors and return false
[CredentialService] Failed to delete credentials for dist1 Error: keytar error
    at /Volumes/X SSD 2025/Users/narrowchannel/indiiOS-Clean/packages/main/src/services/CredentialService.test.ts:143:64
    at file:///Volumes/X%20SSD%202025/Users/narrowchannel/indiiOS-Clean/node_modules/@vitest/runner/dist/chunk-artifact.js:302:11
    at file:///Volumes/X%20SSD%202025/Users/narrowchannel/indiiOS-Clean/node_modules/@vitest/runner/dist/chunk-artifact.js:1903:26
    at file:///Volumes/X%20SSD%202025/Users/narrowchannel/indiiOS-Clean/node_modules/@vitest/runner/dist/chunk-artifact.js:2326:20
    at new Promise (<anonymous>)
    at runWithCancel (file:///Volumes/X%20SSD%202025/Users/narrowchannel/indiiOS-Clean/node_modules/@vitest/runner/dist/chunk-artifact.js:2323:10)
    at file:///Volumes/X%20SSD%202025/Users/narrowchannel/indiiOS-Clean/node_modules/@vitest/runner/dist/chunk-artifact.js:2305:20
    at new Promise (<anonymous>)
    at runWithTimeout (file:///Volumes/X%20SSD%202025/Users/narrowchannel/indiiOS-Clean/node_modules/@vitest/runner/dist/chunk-artifact.js:2272:10)
    at file:///Volumes/X%20SSD%202025/Users/narrowchannel/indiiOS-Clean/node_modules/@vitest/runner/dist/chunk-artifact.js:2955:64

(node:9549) Warning: `--localstorage-file` was provided without a valid path
(Use `node --trace-warnings ...` to show where the warning was created)
···········(node:9586) Warning: `--localstorage-file` was provided without a valid path
(Use `node --trace-warnings ...` to show where the warning was created)
··stdout | packages/renderer/src/services/agent/orchestration/__tests__/AgentGraphService.test.ts > AgentGraphService > should execute a simple 2-node linear graph
[AgentGraph] Starting graph execution: Test Graph (graph-1), trace: 128dfb43-b806-462b-8c7a-dee6ee4c2320, execution: exec-123

stdout | packages/renderer/src/services/agent/orchestration/__tests__/AgentGraphService.test.ts > AgentGraphService > should execute a simple 2-node linear graph
[AgentGraph] Iteration 1: Starting 1 nodes in parallel: node-1

stdout | packages/renderer/src/services/agent/orchestration/__tests__/AgentGraphService.test.ts > AgentGraphService > should execute a simple 2-node linear graph
[AgentGraph] Iteration 2: Starting 1 nodes in parallel: node-2

stdout | packages/renderer/src/services/agent/orchestration/__tests__/AgentGraphService.test.ts > AgentGraphService > should handle parallel execution of independent nodes
[AgentGraph] Starting graph execution: Test Graph (parallel-graph), trace: 2f86c433-ef24-4105-a860-cb05e85e341f, execution: exec-parallel

stdout | packages/renderer/src/services/agent/orchestration/__tests__/AgentGraphService.test.ts > AgentGraphService > should handle parallel execution of independent nodes
[AgentGraph] Iteration 1: Starting 1 nodes in parallel: node-1

stdout | packages/renderer/src/services/agent/orchestration/__tests__/AgentGraphService.test.ts > AgentGraphService > should handle parallel execution of independent nodes
[AgentGraph] Iteration 2: Starting 2 nodes in parallel: node-2, node-3

stdout | packages/renderer/src/services/agent/orchestration/__tests__/AgentGraphService.test.ts > AgentGraphService > should handle conditional branching (regex matching)
[AgentGraph] Starting graph execution: Test Graph (conditional-graph), trace: 81e47d66-aeb2-44b8-97c6-c7d7e6fc5945, execution: exec-conditional

stdout | packages/renderer/src/services/agent/orchestration/__tests__/AgentGraphService.test.ts > AgentGraphService > should handle conditional branching (regex matching)
[AgentGraph] Iteration 1: Starting 1 nodes in parallel: node-1

stdout | packages/renderer/src/services/agent/orchestration/__tests__/AgentGraphService.test.ts > AgentGraphService > should handle conditional branching (regex matching)
[AgentGraph] Skipping node node-3: 'all' wait condition not met.

stdout | packages/renderer/src/services/agent/orchestration/__tests__/AgentGraphService.test.ts > AgentGraphService > should handle conditional branching (regex matching)
[AgentGraph] Iteration 2: Starting 1 nodes in parallel: node-2

stdout | packages/renderer/src/services/agent/orchestration/__tests__/AgentGraphService.test.ts > AgentGraphService > should fail the graph if a node fails
[AgentGraph] Starting graph execution: Test Graph (graph-1), trace: 164b66e0-3737-4d71-b385-6dcbb72cbd6e, execution: exec-fail

stdout | packages/renderer/src/services/agent/orchestration/__tests__/AgentGraphService.test.ts > AgentGraphService > should fail the graph if a node fails
[AgentGraph] Iteration 1: Starting 1 nodes in parallel: node-1

stderr | packages/renderer/src/services/agent/orchestration/__tests__/AgentGraphService.test.ts > AgentGraphService > should fail the graph if a node fails
[AgentGraph] Node node-1 failed: Agent Crash

stderr | packages/renderer/src/services/agent/orchestration/__tests__/AgentGraphService.test.ts > AgentGraphService > should fail the graph if a node fails
[AgentGraph] Node node-1 failed. Pruning descendants.

stdout | packages/renderer/src/services/agent/orchestration/__tests__/AgentGraphService.test.ts > AgentGraphService > should fail the graph if a node fails
[AgentGraph] No more active nodes after pruning. Finalizing graph exec-fail.

stdout | packages/renderer/src/services/agent/orchestration/__tests__/AgentGraphService.test.ts > AgentGraphService > should resume a previously interrupted graph execution
[AgentGraph] Resuming graph execution: exec-resume, state: executing

stdout | packages/renderer/src/services/agent/orchestration/__tests__/AgentGraphService.test.ts > AgentGraphService > should resume a previously interrupted graph execution
[AgentGraph] Iteration 1: Starting 1 nodes in parallel: node-2

stdout | packages/renderer/src/services/agent/orchestration/__tests__/AgentGraphService.test.ts > AgentGraphService > should resume a previously interrupted graph execution
[AgentGraph] Execution exec-resume complete (no more nodes to process).

·········(node:9595) Warning: `--localstorage-file` was provided without a valid path
(Use `node --trace-warnings ...` to show where the warning was created)
(node:9557) Warning: `--localstorage-file` was provided without a valid path
(Use `node --trace-warnings ...` to show where the warning was created)
·········(node:9555) Warning: `--localstorage-file` was provided without a valid path
(Use `node --trace-warnings ...` to show where the warning was created)
stdout | packages/firebase/src/lib/image_edit_vertex.test.ts > GeminiImageService Dual-Client Logic > should use standard client (API Key) when no mask is provided
[GeminiImageService:edit] Model: gemini-3-pro-image-preview | Prompt: "test prompt..."
[GeminiImageService] Initializing Google Gen AI Client (API_KEY: mock...)

stdout | packages/firebase/src/lib/image_edit_vertex.test.ts > GeminiImageService Dual-Client Logic > should use the standard API-key client when mask is provided
[GeminiImageService:edit] Model: gemini-3-pro-image-preview | Prompt: "test prompt..."
[GeminiImageService] Initializing Google Gen AI Client (API_KEY: mock...)

··(node:9562) Warning: `--localstorage-file` was provided without a valid path
(Use `node --trace-warnings ...` to show where the warning was created)
···········(node:9561) Warning: `--localstorage-file` was provided without a valid path
(Use `node --trace-warnings ...` to show where the warning was created)
(node:9601) Warning: `--localstorage-file` was provided without a valid path
(Use `node --trace-warnings ...` to show where the warning was created)
···········stderr | packages/renderer/src/services/agent/tools/__tests__/MemoryTools.test.ts > MemoryTools > recall_memories > should handle recall errors
[Tool:recall_memories] execution failed: Error: Database unavailable
    at /Volumes/X SSD 2025/Users/narrowchannel/indiiOS-Clean/packages/renderer/src/services/agent/tools/__tests__/MemoryTools.test.ts:152:17
    at file:///Volumes/X%20SSD%202025/Users/narrowchannel/indiiOS-Clean/node_modules/@vitest/runner/dist/chunk-artifact.js:302:11
    at file:///Volumes/X%20SSD%202025/Users/narrowchannel/indiiOS-Clean/node_modules/@vitest/runner/dist/chunk-artifact.js:1903:26
    at file:///Volumes/X%20SSD%202025/Users/narrowchannel/indiiOS-Clean/node_modules/@vitest/runner/dist/chunk-artifact.js:2326:20
    at new Promise (<anonymous>)
    at runWithCancel (file:///Volumes/X%20SSD%202025/Users/narrowchannel/indiiOS-Clean/node_modules/@vitest/runner/dist/chunk-artifact.js:2323:10)
    at file:///Volumes/X%20SSD%202025/Users/narrowchannel/indiiOS-Clean/node_modules/@vitest/runner/dist/chunk-artifact.js:2305:20
    at new Promise (<anonymous>)
    at runWithTimeout (file:///Volumes/X%20SSD%202025/Users/narrowchannel/indiiOS-Clean/node_modules/@vitest/runner/dist/chunk-artifact.js:2272:10)
    at file:///Volumes/X%20SSD%202025/Users/narrowchannel/indiiOS-Clean/node_modules/@vitest/runner/dist/chunk-artifact.js:2955:64

stderr | packages/renderer/src/services/agent/tools/__tests__/MemoryTools.test.ts > MemoryTools > verify_output > should handle verification errors
[Tool:verify_output] execution failed: Error: API unavailable
    at /Volumes/X SSD 2025/Users/narrowchannel/indiiOS-Clean/packages/renderer/src/services/agent/tools/__tests__/MemoryTools.test.ts:258:64
    at file:///Volumes/X%20SSD%202025/Users/narrowchannel/indiiOS-Clean/node_modules/@vitest/runner/dist/chunk-artifact.js:302:11
    at file:///Volumes/X%20SSD%202025/Users/narrowchannel/indiiOS-Clean/node_modules/@vitest/runner/dist/chunk-artifact.js:1903:26
    at file:///Volumes/X%20SSD%202025/Users/narrowchannel/indiiOS-Clean/node_modules/@vitest/runner/dist/chunk-artifact.js:2326:20
    at new Promise (<anonymous>)
    at runWithCancel (file:///Volumes/X%20SSD%202025/Users/narrowchannel/indiiOS-Clean/node_modules/@vitest/runner/dist/chunk-artifact.js:2323:10)
    at file:///Volumes/X%20SSD%202025/Users/narrowchannel/indiiOS-Clean/node_modules/@vitest/runner/dist/chunk-artifact.js:2305:20
    at new Promise (<anonymous>)
    at runWithTimeout (file:///Volumes/X%20SSD%202025/Users/narrowchannel/indiiOS-Clean/node_modules/@vitest/runner/dist/chunk-artifact.js:2272:10)
    at file:///Volumes/X%20SSD%202025/Users/narrowchannel/indiiOS-Clean/node_modules/@vitest/runner/dist/chunk-artifact.js:2955:64

stderr | packages/renderer/src/services/agent/tools/__tests__/MemoryTools.test.ts > MemoryTools > verify_output > should handle unknown errors
[Tool:verify_output] execution failed: Unknown error type

··············(node:9571) Warning: `--localstorage-file` was provided without a valid path
(Use `node --trace-warnings ...` to show where the warning was created)
stdout | packages/renderer/src/services/agent/tools/__tests__/CanvasTools.test.ts > CanvasTools > canvas_push > should push a markdown panel
[CanvasTools] Pushed "Analysis Results" (markdown) to canvas

stdout | packages/renderer/src/services/agent/tools/__tests__/CanvasTools.test.ts > CanvasTools > canvas_push > should push a table panel
[CanvasTools] Pushed "Track Status" (table) to canvas

stdout | packages/renderer/src/services/agent/tools/__tests__/CanvasTools.test.ts > CanvasTools > canvas_clear > should clear all panels
[CanvasTools] Canvas cleared

·····(node:9572) Warning: `--localstorage-file` was provided without a valid path
(Use `node --trace-warnings ...` to show where the warning was created)
stdout | packages/renderer/src/services/agent/hybrid/__tests__/HybridOrchestrator.test.ts > HybridOrchestrator Integration > should handle multi-turn reasoning to completion
[indii:Hybrid] Turn 1/10...

stdout | packages/renderer/src/services/agent/hybrid/__tests__/HybridOrchestrator.test.ts > HybridOrchestrator Integration > should handle multi-turn reasoning to completion
[indii:Hybrid] Using system tool: browser_control

stdout | packages/renderer/src/services/agent/hybrid/__tests__/HybridOrchestrator.test.ts > HybridOrchestrator Integration > should handle multi-turn reasoning to completion
[indii:Hybrid] Turn 2/10...

stdout | packages/renderer/src/services/agent/hybrid/__tests__/HybridOrchestrator.test.ts > HybridOrchestrator Integration > should prune excessively long tool results
[indii:Hybrid] Turn 1/10...

stdout | packages/renderer/src/services/agent/hybrid/__tests__/HybridOrchestrator.test.ts > HybridOrchestrator Integration > should prune excessively long tool results
[indii:Hybrid] Using system tool: browser_control

stdout | packages/renderer/src/services/agent/hybrid/__tests__/HybridOrchestrator.test.ts > HybridOrchestrator Integration > should prune excessively long tool results
[indii:Hybrid] Turn 2/10...

··(node:9588) Warning: `--localstorage-file` was provided without a valid path
(Use `node --trace-warnings ...` to show where the warning was created)
(node:9575) Warning: `--localstorage-file` was provided without a valid path
(Use `node --trace-warnings ...` to show where the warning was created)
(node:9576) Warning: `--localstorage-file` was provided without a valid path
(Use `node --trace-warnings ...` to show where the warning was created)
(node:9577) Warning: `--localstorage-file` was provided without a valid path
(Use `node --trace-warnings ...` to show where the warning was created)
(node:9578) Warning: `--localstorage-file` was provided without a valid path
(Use `node --trace-warnings ...` to show where the warning was created)
stderr | packages/renderer/src/services/agent/tools/__tests__/AgentTools.test.ts > Agent Tools Validation > BrandTools > verify_output handles invalid JSON response gracefully
[Tool:verify_output] execution failed: Error: AI Generation Failed
    at /Volumes/X SSD 2025/Users/narrowchannel/indiiOS-Clean/packages/renderer/src/services/agent/tools/__tests__/AgentTools.test.ts:62:71
    at file:///Volumes/X%20SSD%202025/Users/narrowchannel/indiiOS-Clean/node_modules/@vitest/runner/dist/chunk-artifact.js:302:11
    at file:///Volumes/X%20SSD%202025/Users/narrowchannel/indiiOS-Clean/node_modules/@vitest/runner/dist/chunk-artifact.js:1903:26
    at file:///Volumes/X%20SSD%202025/Users/narrowchannel/indiiOS-Clean/node_modules/@vitest/runner/dist/chunk-artifact.js:2326:20
    at new Promise (<anonymous>)
    at runWithCancel (file:///Volumes/X%20SSD%202025/Users/narrowchannel/indiiOS-Clean/node_modules/@vitest/runner/dist/chunk-artifact.js:2323:10)
    at file:///Volumes/X%20SSD%202025/Users/narrowchannel/indiiOS-Clean/node_modules/@vitest/runner/dist/chunk-artifact.js:2305:20
    at new Promise (<anonymous>)
    at runWithTimeout (file:///Volumes/X%20SSD%202025/Users/narrowchannel/indiiOS-Clean/node_modules/@vitest/runner/dist/chunk-artifact.js:2272:10)
    at file:///Volumes/X%20SSD%202025/Users/narrowchannel/indiiOS-Clean/node_modules/@vitest/runner/dist/chunk-artifact.js:2955:64

··stdout | packages/renderer/src/services/agent/tools/__tests__/AgentTools.test.ts > Agent Tools Validation > MarketingTools > create_campaign_brief handles valid JSON response
[MarketingTools] Campaign brief persisted: Test Campaign

··(node:9597) Warning: `--localstorage-file` was provided without a valid path
(Use `node --trace-warnings ...` to show where the warning was created)
(node:9582) Warning: `--localstorage-file` was provided without a valid path
(Use `node --trace-warnings ...` to show where the warning was created)
stderr | packages/renderer/src/services/ai/__tests__/QA_Stress.test.ts > QA Stress Tests: Reliability & Stability > CircuitBreaker Recovery Under Load > should open circuit after threshold failures and block immediately
[CircuitBreaker] Failure 1/3 in CLOSED state. Error: Service Down

stderr | packages/renderer/src/services/ai/__tests__/QA_Stress.test.ts > QA Stress Tests: Reliability & Stability > CircuitBreaker Recovery Under Load > should open circuit after threshold failures and block immediately
[CircuitBreaker] Failure 2/3 in CLOSED state. Error: Service Down

stderr | packages/renderer/src/services/ai/__tests__/QA_Stress.test.ts > QA Stress Tests: Reliability & Stability > CircuitBreaker Recovery Under Load > should open circuit after threshold failures and block immediately
[CircuitBreaker] 🔴 Failure threshold reached (3/3) — CLOSED → OPEN. Last error: Service Down

stderr | packages/renderer/src/services/ai/__tests__/QA_Stress.test.ts > QA Stress Tests: Reliability & Stability > CircuitBreaker Recovery Under Load > should open circuit after threshold failures and block immediately
[CircuitBreaker] Circuit OPEN — rejecting request. Retry in 5s

stderr | packages/renderer/src/services/ai/__tests__/QA_Stress.test.ts > QA Stress Tests: Reliability & Stability > CircuitBreaker Recovery Under Load > should attempt recovery (HALF_OPEN) after timeout
[CircuitBreaker] Failure 1/3 in CLOSED state. Error: Fail 1

stderr | packages/renderer/src/services/ai/__tests__/QA_Stress.test.ts > QA Stress Tests: Reliability & Stability > CircuitBreaker Recovery Under Load > should attempt recovery (HALF_OPEN) after timeout
[CircuitBreaker] Failure 2/3 in CLOSED state. Error: Fail 2

stderr | packages/renderer/src/services/ai/__tests__/QA_Stress.test.ts > QA Stress Tests: Reliability & Stability > CircuitBreaker Recovery Under Load > should attempt recovery (HALF_OPEN) after timeout
[CircuitBreaker] 🔴 Failure threshold reached (3/3) — CLOSED → OPEN. Last error: Fail 3

stdout | packages/renderer/src/services/ai/__tests__/QA_Stress.test.ts > QA Stress Tests: Reliability & Stability > CircuitBreaker Recovery Under Load > should attempt recovery (HALF_OPEN) after timeout
[CircuitBreaker] Timeout elapsed, transitioning OPEN → HALF_OPEN for probe attempt

stdout | packages/renderer/src/services/ai/__tests__/QA_Stress.test.ts > QA Stress Tests: Reliability & Stability > CircuitBreaker Recovery Under Load > should attempt recovery (HALF_OPEN) after timeout
[CircuitBreaker] ✅ Probe succeeded — HALF_OPEN → CLOSED. Service recovered.

stderr | packages/renderer/src/services/ai/__tests__/QA_Stress.test.ts > QA Stress Tests: Reliability & Stability > CircuitBreaker Recovery Under Load > should re-open circuit if probe fails in HALF_OPEN state
[CircuitBreaker] Failure 1/3 in CLOSED state. Error: Persistent Failure

stderr | packages/renderer/src/services/ai/__tests__/QA_Stress.test.ts > QA Stress Tests: Reliability & Stability > CircuitBreaker Recovery Under Load > should re-open circuit if probe fails in HALF_OPEN state
[CircuitBreaker] Failure 2/3 in CLOSED state. Error: Persistent Failure

stderr | packages/renderer/src/services/ai/__tests__/QA_Stress.test.ts > QA Stress Tests: Reliability & Stability > CircuitBreaker Recovery Under Load > should re-open circuit if probe fails in HALF_OPEN state
[CircuitBreaker] 🔴 Failure threshold reached (3/3) — CLOSED → OPEN. Last error: Persistent Failure

stdout | packages/renderer/src/services/ai/__tests__/QA_Stress.test.ts > QA Stress Tests: Reliability & Stability > CircuitBreaker Recovery Under Load > should re-open circuit if probe fails in HALF_OPEN state
[CircuitBreaker] Timeout elapsed, transitioning OPEN → HALF_OPEN for probe attempt

stderr | packages/renderer/src/services/ai/__tests__/QA_Stress.test.ts > QA Stress Tests: Reliability & Stability > CircuitBreaker Recovery Under Load > should re-open circuit if probe fails in HALF_OPEN state
[CircuitBreaker] ❌ Probe failed — HALF_OPEN → OPEN. Error: Persistent Failure

(node:9584) Warning: `--localstorage-file` was provided without a valid path
(Use `node --trace-warnings ...` to show where the warning was created)
·····(node:9587) Warning: `--localstorage-file` was provided without a valid path
(Use `node --trace-warnings ...` to show where the warning was created)
(node:9592) Warning: `--localstorage-file` was provided without a valid path
(Use `node --trace-warnings ...` to show where the warning was created)
···(node:9581) Warning: `--localstorage-file` was provided without a valid path
(Use `node --trace-warnings ...` to show where the warning was created)
(node:9583) Warning: `--localstorage-file` was provided without a valid path
(Use `node --trace-warnings ...` to show where the warning was created)
stderr | packages/renderer/src/services/agent/components/__tests__/AgentExecutor.test.ts > AgentExecutor > should fail trace if agent throws error
[AgentExecutor] Agent Mock Agent failed: Error: Agent Failed
    at /Volumes/X SSD 2025/Users/narrowchannel/indiiOS-Clean/packages/renderer/src/services/agent/components/__tests__/AgentExecutor.test.ts:94:48
    at file:///Volumes/X%20SSD%202025/Users/narrowchannel/indiiOS-Clean/node_modules/@vitest/runner/dist/chunk-artifact.js:302:11
    at file:///Volumes/X%20SSD%202025/Users/narrowchannel/indiiOS-Clean/node_modules/@vitest/runner/dist/chunk-artifact.js:1903:26
    at file:///Volumes/X%20SSD%202025/Users/narrowchannel/indiiOS-Clean/node_modules/@vitest/runner/dist/chunk-artifact.js:2326:20
    at new Promise (<anonymous>)
    at runWithCancel (file:///Volumes/X%20SSD%202025/Users/narrowchannel/indiiOS-Clean/node_modules/@vitest/runner/dist/chunk-artifact.js:2323:10)
    at file:///Volumes/X%20SSD%202025/Users/narrowchannel/indiiOS-Clean/node_modules/@vitest/runner/dist/chunk-artifact.js:2305:20
    at new Promise (<anonymous>)
    at runWithTimeout (file:///Volumes/X%20SSD%202025/Users/narrowchannel/indiiOS-Clean/node_modules/@vitest/runner/dist/chunk-artifact.js:2272:10)
    at file:///Volumes/X%20SSD%202025/Users/narrowchannel/indiiOS-Clean/node_modules/@vitest/runner/dist/chunk-artifact.js:2955:64

···············(node:9593) Warning: `--localstorage-file` was provided without a valid path
(Use `node --trace-warnings ...` to show where the warning was created)
·················(node:9585) Warning: `--localstorage-file` was provided without a valid path
(Use `node --trace-warnings ...` to show where the warning was created)
·········stdout | packages/renderer/src/services/agent/governance/__tests__/DigitalHandshake.test.ts > DigitalHandshake > should allow execution if budget not exceeded and non-destructive
[ModelArmor] Scanning input...

stdout | packages/renderer/src/services/agent/governance/__tests__/DigitalHandshake.test.ts > DigitalHandshake > should pause execution if budget exceeded
[ModelArmor] Scanning input...

stdout | packages/renderer/src/services/agent/governance/__tests__/DigitalHandshake.test.ts > DigitalHandshake > should pause execution if budget exceeded
[DigitalHandshake] Pinging ~/indiiOS/memory-inbox/ for User user_123

stderr | packages/renderer/src/services/agent/governance/__tests__/DigitalHandshake.test.ts > DigitalHandshake > should pause execution if budget exceeded
[DigitalHandshake] Action Paused: Budget exceeded Action
[DigitalHandshake] Compute Exceeded: true, RiskTier: unset, Destructive: false, ArmorBlocked: false

stdout | packages/renderer/src/services/agent/governance/__tests__/DigitalHandshake.test.ts > DigitalHandshake > should allow execution if budget exceeded BUT maximizer mode active
[ModelArmor] Scanning input...

stdout | packages/renderer/src/services/agent/governance/__tests__/DigitalHandshake.test.ts > DigitalHandshake > should pause execution if destructive action regardless of budget
[ModelArmor] Scanning input...

stdout | packages/renderer/src/services/agent/governance/__tests__/DigitalHandshake.test.ts > DigitalHandshake > should pause execution if destructive action regardless of budget
[DigitalHandshake] Pinging ~/indiiOS/memory-inbox/ for User user_123

stderr | packages/renderer/src/services/agent/governance/__tests__/DigitalHandshake.test.ts > DigitalHandshake > should pause execution if destructive action regardless of budget
[DigitalHandshake] Action Paused: Destructive Action
[DigitalHandshake] Compute Exceeded: false, RiskTier: unset, Destructive: true, ArmorBlocked: false

····(node:9594) Warning: `--localstorage-file` was provided without a valid path
(Use `node --trace-warnings ...` to show where the warning was created)
·····stdout | packages/renderer/src/services/agent/__tests__/AlwaysOnMemoryEngine.benchmark.test.ts > AlwaysOnMemoryEngine ClearAll Optimization Verification > should use deleteMany in clearAll
[AlwaysOnMemoryEngine] 🗑️ Cleared 100 memories, 100 insights.

········stdout | packages/renderer/src/services/ai/FirebaseAIService.security.test.ts > FirebaseAIService Security > should NOT leak raw PII in debug logs
[FirebaseAIService] Initialized with direct Gemini SDK (fallback mode)

stderr | packages/renderer/src/services/ai/FirebaseAIService.security.test.ts > FirebaseAIService Security > should NOT leak raw PII in debug logs
[FirebaseAIService] App Check not configured, using direct Gemini SDK fallback

stdout | packages/renderer/src/services/ai/FirebaseAIService.security.test.ts > FirebaseAIService Security > should NOT leak raw PII in debug logs
[FallbackClient] Model "gemini-3-flash-preview" is not available on the Developer API. Using fallback model "gemini-2.5-flash" instead.

·stdout | packages/main/src/handlers/distribution_transmit.security.test.ts > Distribution Security - Argument Leakage > does not pass password as argument and it is not in logs
18:01:18.733 › [PythonBridge] Executing: python3 /Volumes/X SSD 2025/Users/narrowchannel/indiiOS-Clean/execution/distribution/sftp_uploader.py --host localhost --user testuser --local test.xml

stderr | packages/main/src/handlers/distribution_transmit.security.test.ts > Distribution Security - Argument Leakage > does not pass password as argument and it is not in logs
18:01:18.735 › [PythonBridge] Could not parse output as JSON, returning raw string.

·(node:9596) Warning: `--localstorage-file` was provided without a valid path
(Use `node --trace-warnings ...` to show where the warning was created)
stdout | packages/renderer/src/services/ai/FirebaseAIService.config.test.ts > FirebaseAIService Configuration Mapping > should map thinkingBudget and set includeThoughts in generateText
[FirebaseAIService] App Check Debug: { DEV: undefined, debugToken: undefined, key: 'mock-key' }

stdout | packages/renderer/src/services/ai/FirebaseAIService.config.test.ts > FirebaseAIService Configuration Mapping > should map thinkingBudget and set includeThoughts in generateText
[FirebaseAIService] Initialized with Firebase AI SDK

stdout | packages/renderer/src/services/ai/FirebaseAIService.config.test.ts > FirebaseAIService Configuration Mapping > should map thinkingBudget in generateStructuredData
[FirebaseAIService] App Check Debug: { DEV: undefined, debugToken: undefined, key: 'mock-key' }

stdout | packages/renderer/src/services/ai/FirebaseAIService.config.test.ts > FirebaseAIService Configuration Mapping > should map thinkingBudget in generateStructuredData
[FirebaseAIService] Initialized with Firebase AI SDK

stdout | packages/renderer/src/services/ai/FirebaseAIService.config.test.ts > FirebaseAIService Configuration Mapping > should configure dynamic retrieval in generateGroundedContent
[FirebaseAIService] App Check Debug: { DEV: undefined, debugToken: undefined, key: 'mock-key' }

stdout | packages/renderer/src/services/ai/FirebaseAIService.config.test.ts > FirebaseAIService Configuration Mapping > should configure dynamic retrieval in generateGroundedContent
[FirebaseAIService] Initialized with Firebase AI SDK

stdout | packages/renderer/src/services/ai/FirebaseAIService.config.test.ts > FirebaseAIService Configuration Mapping > should use basic google search if no dynamic options provided
[FirebaseAIService] App Check Debug: { DEV: undefined, debugToken: undefined, key: 'mock-key' }

stdout | packages/renderer/src/services/ai/FirebaseAIService.config.test.ts > FirebaseAIService Configuration Mapping > should use basic google search if no dynamic options provided
[FirebaseAIService] Initialized with Firebase AI SDK

·····(node:9598) Warning: `--localstorage-file` was provided without a valid path
(Use `node --trace-warnings ...` to show where the warning was created)
(node:9605) Warning: `--localstorage-file` was provided without a valid path
(Use `node --trace-warnings ...` to show where the warning was created)
(node:9606) Warning: `--localstorage-file` was provided without a valid path
(Use `node --trace-warnings ...` to show where the warning was created)
(node:9600) Warning: `--localstorage-file` was provided without a valid path
(Use `node --trace-warnings ...` to show where the warning was created)
·····(node:9599) Warning: `--localstorage-file` was provided without a valid path
(Use `node --trace-warnings ...` to show where the warning was created)
··············(node:9604) Warning: `--localstorage-file` was provided without a valid path
(Use `node --trace-warnings ...` to show where the warning was created)
(node:9629) Warning: `--localstorage-file` was provided without a valid path
(Use `node --trace-warnings ...` to show where the warning was created)
····(node:9612) Warning: `--localstorage-file` was provided without a valid path
(Use `node --trace-warnings ...` to show where the warning was created)
··(node:9608) Warning: `--localstorage-file` was provided without a valid path
(Use `node --trace-warnings ...` to show where the warning was created)
(node:9609) Warning: `--localstorage-file` was provided without a valid path
(Use `node --trace-warnings ...` to show where the warning was created)
·····(node:9611) Warning: `--localstorage-file` was provided without a valid path
(Use `node --trace-warnings ...` to show where the warning was created)
(node:9610) Warning: `--localstorage-file` was provided without a valid path
(Use `node --trace-warnings ...` to show where the warning was created)
···(node:9607) Warning: `--localstorage-file` was provided without a valid path
(Use `node --trace-warnings ...` to show where the warning was created)
(node:9613) Warning: `--localstorage-file` was provided without a valid path
(Use `node --trace-warnings ...` to show where the warning was created)
stdout | packages/renderer/src/core/store/slices/__tests__/agentPlanSlice.test.ts > agentPlanSlice > setPlan > should set the active plan
[AgentPlanSlice] New plan: "Test Plan" with 3 steps

stdout | packages/renderer/src/core/store/slices/__tests__/agentPlanSlice.test.ts > agentPlanSlice > setPlan > should replace existing active plan
[AgentPlanSlice] New plan: "Test Plan" with 3 steps
[AgentPlanSlice] New plan: "Plan 2" with 3 steps

stdout | packages/renderer/src/core/store/slices/__tests__/agentPlanSlice.test.ts > agentPlanSlice > updatePlanStep > should update a step status to running
[AgentPlanSlice] New plan: "Test Plan" with 3 steps

stdout | packages/renderer/src/core/store/slices/__tests__/agentPlanSlice.test.ts > agentPlanSlice > updatePlanStep > should update a step status to done
[AgentPlanSlice] New plan: "Test Plan" with 3 steps

stdout | packages/renderer/src/core/store/slices/__tests__/agentPlanSlice.test.ts > agentPlanSlice > updatePlanStep > should update a step status to failed with error
[AgentPlanSlice] New plan: "Test Plan" with 3 steps

stdout | packages/renderer/src/core/store/slices/__tests__/agentPlanSlice.test.ts > agentPlanSlice > updatePlanStep > should not update if plan ID does not match
[AgentPlanSlice] New plan: "Test Plan" with 3 steps

stderr | packages/renderer/src/core/store/slices/__tests__/agentPlanSlice.test.ts > agentPlanSlice > updatePlanStep > should not update if plan ID does not match
[AgentPlanSlice] Cannot update step — plan "wrong-plan" is not active

stdout | packages/renderer/src/core/store/slices/__tests__/agentPlanSlice.test.ts > agentPlanSlice > updatePlanStep > should move plan to history when all steps are terminal
[AgentPlanSlice] New plan: "Test Plan" with 3 steps
[AgentPlanSlice] Plan "Test Plan" completed — all steps terminal

stdout | packages/renderer/src/core/store/slices/__tests__/agentPlanSlice.test.ts > agentPlanSlice > updatePlanStep > should not move to history when steps are mixed terminal and non-terminal
[AgentPlanSlice] New plan: "Test Plan" with 3 steps

stdout | packages/renderer/src/core/store/slices/__tests__/agentPlanSlice.test.ts > agentPlanSlice > updatePlanStep > should treat skipped as terminal
[AgentPlanSlice] New plan: "Test Plan" with 3 steps
[AgentPlanSlice] Plan "Test Plan" completed — all steps terminal

stdout | packages/renderer/src/core/store/slices/__tests__/agentPlanSlice.test.ts > agentPlanSlice > clearPlan > should clear the active plan
[AgentPlanSlice] New plan: "Test Plan" with 3 steps
[AgentPlanSlice] Clearing plan: "Test Plan"

stdout | packages/renderer/src/core/store/slices/__tests__/agentPlanSlice.test.ts > agentPlanSlice > clearPlan > should move active plan to history when clearing
[AgentPlanSlice] New plan: "Test Plan" with 3 steps
[AgentPlanSlice] Clearing plan: "Test Plan"

stdout | packages/renderer/src/core/store/slices/__tests__/agentPlanSlice.test.ts > agentPlanSlice > clearPlan > should not duplicate in history if already there
[AgentPlanSlice] New plan: "Test Plan" with 3 steps
[AgentPlanSlice] Plan "Test Plan" completed — all steps terminal
[AgentPlanSlice] Clearing plan: "Test Plan"

·················(node:9616) Warning: `--localstorage-file` was provided without a valid path
(Use `node --trace-warnings ...` to show where the warning was created)
stdout | packages/renderer/src/services/storage/repository_profile.test.ts > Profile Persistence > should load profile from storage
[Repository] Serving profile from Local Cache

········stdout | packages/renderer/src/services/image/__tests__/LensGeminiFlashPro.test.ts > Lens 🎥 - Gemini 3 Flash vs Pro Pipeline > should generate Flash image with low latency configuration
[ImageGen DEBUG] Entering generateImages { prompt: 'A quick sketch of a cat', model: 'fast' }

stdout | packages/renderer/src/services/image/__tests__/LensGeminiFlashPro.test.ts > Lens 🎥 - Gemini 3 Flash vs Pro Pipeline > should generate Flash image with low latency configuration
[ImageGen] Auth token refreshed successfully.

stdout | packages/renderer/src/services/image/__tests__/LensGeminiFlashPro.test.ts > Lens 🎥 - Gemini 3 Flash vs Pro Pipeline > should generate Flash image with low latency configuration
[ImageGen DEBUG] Quota check result: { allowed: true }
[ImageGen DEBUG] Calling generateImageV3
[ImageGen DEBUG] Full payload: {
  model: 'fast',
  aspectRatio: '1:1',
  imageSize: undefined,
  hasImages: false,
  hasThinking: false,
  hasGrounding: false,
  hasHistory: false
}

stdout | packages/renderer/src/services/image/__tests__/LensGeminiFlashPro.test.ts > Lens 🎥 - Gemini 3 Flash vs Pro Pipeline > should generate Flash image with low latency configuration
[ImageGen DEBUG] generateImageV3 returned: { data: { images: [ [Object] ] } }

stdout | packages/renderer/src/services/image/__tests__/LensGeminiFlashPro.test.ts > Lens 🎥 - Gemini 3 Flash vs Pro Pipeline > should generate Flash image with low latency configuration
[MetadataPersistence] ✅ Saved image to users/lens-tester/generated_images/mock-doc-id

stdout | packages/renderer/src/services/image/__tests__/LensGeminiFlashPro.test.ts > Lens 🎥 - Gemini 3 Flash vs Pro Pipeline > should generate Pro image with high fidelity configuration
[ImageGen DEBUG] Entering generateImages { prompt: 'A masterpiece painting of a cat', model: 'pro' }

stdout | packages/renderer/src/services/image/__tests__/LensGeminiFlashPro.test.ts > Lens 🎥 - Gemini 3 Flash vs Pro Pipeline > should generate Pro image with high fidelity configuration
[ImageGen] Auth token refreshed successfully.

stdout | packages/renderer/src/services/image/__tests__/LensGeminiFlashPro.test.ts > Lens 🎥 - Gemini 3 Flash vs Pro Pipeline > should generate Pro image with high fidelity configuration
[ImageGen DEBUG] Quota check result: { allowed: true }
[ImageGen DEBUG] Calling generateImageV3
[ImageGen DEBUG] Full payload: {
  model: 'pro',
  aspectRatio: '1:1',
  imageSize: undefined,
  hasImages: false,
  hasThinking: false,
  hasGrounding: false,
  hasHistory: false
}

stdout | packages/renderer/src/services/image/__tests__/LensGeminiFlashPro.test.ts > Lens 🎥 - Gemini 3 Flash vs Pro Pipeline > should generate Pro image with high fidelity configuration
[ImageGen DEBUG] generateImageV3 returned: { data: { images: [ [Object] ] } }

stdout | packages/renderer/src/services/image/__tests__/LensGeminiFlashPro.test.ts > Lens 🎥 - Gemini 3 Flash vs Pro Pipeline > should generate Pro image with high fidelity configuration
[MetadataPersistence] ✅ Saved image to users/lens-tester/generated_images/mock-doc-id

stdout | packages/renderer/src/services/image/__tests__/LensGeminiFlashPro.test.ts > Lens 🎥 - Gemini 3 Flash vs Pro Pipeline > should support iterative Upscale workflow (Flash -> Pro)
[ImageGen DEBUG] Entering generateImages { prompt: 'Concept art of a futuristic city', model: 'fast' }

stdout | packages/renderer/src/services/image/__tests__/LensGeminiFlashPro.test.ts > Lens 🎥 - Gemini 3 Flash vs Pro Pipeline > should support iterative Upscale workflow (Flash -> Pro)
[ImageGen] Auth token refreshed successfully.

stdout | packages/renderer/src/services/image/__tests__/LensGeminiFlashPro.test.ts > Lens 🎥 - Gemini 3 Flash vs Pro Pipeline > should support iterative Upscale workflow (Flash -> Pro)
[ImageGen DEBUG] Quota check result: { allowed: true }
[ImageGen DEBUG] Calling generateImageV3
[ImageGen DEBUG] Full payload: {
  model: 'fast',
  aspectRatio: '1:1',
  imageSize: undefined,
  hasImages: false,
  hasThinking: false,
  hasGrounding: false,
  hasHistory: false
}

stdout | packages/renderer/src/services/image/__tests__/LensGeminiFlashPro.test.ts > Lens 🎥 - Gemini 3 Flash vs Pro Pipeline > should support iterative Upscale workflow (Flash -> Pro)
[ImageGen DEBUG] generateImageV3 returned: { data: { images: [ [Object] ] } }

stdout | packages/renderer/src/services/image/__tests__/LensGeminiFlashPro.test.ts > Lens 🎥 - Gemini 3 Flash vs Pro Pipeline > should support iterative Upscale workflow (Flash -> Pro)
[MetadataPersistence] ✅ Saved image to users/lens-tester/generated_images/mock-doc-id

stdout | packages/renderer/src/services/image/__tests__/LensGeminiFlashPro.test.ts > Lens 🎥 - Gemini 3 Flash vs Pro Pipeline > should support iterative Upscale workflow (Flash -> Pro)
[ImageGen DEBUG] Entering generateImages { prompt: 'Concept art of a futuristic city', model: 'pro' }

stdout | packages/renderer/src/services/image/__tests__/LensGeminiFlashPro.test.ts > Lens 🎥 - Gemini 3 Flash vs Pro Pipeline > should support iterative Upscale workflow (Flash -> Pro)
[ImageGen] Auth token refreshed successfully.

stdout | packages/renderer/src/services/image/__tests__/LensGeminiFlashPro.test.ts > Lens 🎥 - Gemini 3 Flash vs Pro Pipeline > should support iterative Upscale workflow (Flash -> Pro)
[ImageGen DEBUG] Quota check result: { allowed: true }
[ImageGen DEBUG] Calling generateImageV3
[ImageGen DEBUG] Full payload: {
  model: 'pro',
  aspectRatio: '1:1',
  imageSize: undefined,
  hasImages: false,
  hasThinking: false,
  hasGrounding: false,
  hasHistory: false
}

stdout | packages/renderer/src/services/image/__tests__/LensGeminiFlashPro.test.ts > Lens 🎥 - Gemini 3 Flash vs Pro Pipeline > should support iterative Upscale workflow (Flash -> Pro)
[ImageGen DEBUG] generateImageV3 returned: { data: { images: [ [Object] ] } }

stdout | packages/renderer/src/services/image/__tests__/LensGeminiFlashPro.test.ts > Lens 🎥 - Gemini 3 Flash vs Pro Pipeline > should support iterative Upscale workflow (Flash -> Pro)
[MetadataPersistence] ✅ Saved image to users/lens-tester/generated_images/mock-doc-id

stdout | packages/renderer/src/services/image/__tests__/LensGeminiFlashPro.test.ts > Lens 🎥 - Gemini 3 Flash vs Pro Pipeline > should gracefully handle Gemini 3 param overrides (stripped by service)
[ImageGen DEBUG] Entering generateImages { prompt: 'A news event', useGrounding: true, thinking: true }

stdout | packages/renderer/src/services/image/__tests__/LensGeminiFlashPro.test.ts > Lens 🎥 - Gemini 3 Flash vs Pro Pipeline > should gracefully handle Gemini 3 param overrides (stripped by service)
[ImageGen] Auth token refreshed successfully.

stdout | packages/renderer/src/services/image/__tests__/LensGeminiFlashPro.test.ts > Lens 🎥 - Gemini 3 Flash vs Pro Pipeline > should gracefully handle Gemini 3 param overrides (stripped by service)
[ImageGen DEBUG] Quota check result: { allowed: true }
[ImageGen DEBUG] Calling generateImageV3
[ImageGen DEBUG] Full payload: {
  model: 'fast',
  aspectRatio: '1:1',
  imageSize: undefined,
  hasImages: false,
  hasThinking: false,
  hasGrounding: false,
  hasHistory: false
}

stdout | packages/renderer/src/services/image/__tests__/LensGeminiFlashPro.test.ts > Lens 🎥 - Gemini 3 Flash vs Pro Pipeline > should gracefully handle Gemini 3 param overrides (stripped by service)
[ImageGen DEBUG] generateImageV3 returned: { data: { images: [ [Object] ] } }

stdout | packages/renderer/src/services/image/__tests__/LensGeminiFlashPro.test.ts > Lens 🎥 - Gemini 3 Flash vs Pro Pipeline > should gracefully handle Gemini 3 param overrides (stripped by service)
[MetadataPersistence] ✅ Saved image to users/lens-tester/generated_images/mock-doc-id

····(node:9614) Warning: `--localstorage-file` was provided without a valid path
(Use `node --trace-warnings ...` to show where the warning was created)
stdout | packages/renderer/src/services/RevenueService.test.ts > RevenueService (Production Logic) > recordSale should add document to "revenue" collection
[RevenueService] Sale recorded successfully

····(node:9615) Warning: `--localstorage-file` was provided without a valid path
(Use `node --trace-warnings ...` to show where the warning was created)
··(node:9619) Warning: `--localstorage-file` was provided without a valid path
(Use `node --trace-warnings ...` to show where the warning was created)
(node:9617) Warning: `--localstorage-file` was provided without a valid path
(Use `node --trace-warnings ...` to show where the warning was created)
stdout | packages/renderer/src/services/agent/agent_restore.test.ts > indii Conductor Restoration > request_approval tool should return approved message
[CoreTools] Requesting approval for: Post this? (type: default)

········stdout | packages/renderer/src/services/distribution/adapters/DistributionAdapters.test.ts > Distribution Adapters > SymphonicAdapter > should return delivery unavailable when SFTP is not configured
[SymphonicAdapter] Attempting real connection...
[SymphonicAdapter] Connected successfully.

stderr | packages/renderer/src/services/distribution/adapters/DistributionAdapters.test.ts > Distribution Adapters > SymphonicAdapter > should return delivery unavailable when SFTP is not configured
[Symphonic] SFTP credentials required. Configure them in Settings > Integrations.

stdout | packages/renderer/src/services/distribution/adapters/DistributionAdapters.test.ts > Distribution Adapters > SymphonicAdapter > should return delivery unavailable when SFTP is not configured
[Symphonic] Initiating release delivery: Unit Test Track

stdout | packages/renderer/src/services/distribution/adapters/DistributionAdapters.test.ts > Distribution Adapters > DistroKidAdapter > should return connection error when SFTP is not configured
[DistroKidAdapter] Attempting real connection...
[DistroKidAdapter] Connected successfully.

stderr | packages/renderer/src/services/distribution/adapters/DistributionAdapters.test.ts > Distribution Adapters > DistroKidAdapter > should return connection error when SFTP is not configured
[DistroKid] SFTP unavailable or credentials missing.

stdout | packages/renderer/src/services/distribution/adapters/DistributionAdapters.test.ts > Distribution Adapters > TuneCoreAdapter (REST API) > should simulate API delivery success
[TuneCoreAdapter] Attempting real connection...
[TuneCoreAdapter] Connected successfully.

stderr | packages/renderer/src/services/distribution/adapters/DistributionAdapters.test.ts > Distribution Adapters > TuneCoreAdapter (REST API) > should simulate API delivery success
[TuneCore] HTTP API delivery failed, returning ERN-ready status: Error: Network unavailable in tests
    at /Volumes/X SSD 2025/Users/narrowchannel/indiiOS-Clean/packages/renderer/src/services/distribution/adapters/DistributionAdapters.test.ts:67:50
    at processTicksAndRejections (node:internal/process/task_queues:104:5)
    at VitestModuleEvaluator._runInlinedModule (file:///Volumes/X%20SSD%202025/Users/narrowchannel/indiiOS-Clean/node_modules/vitest/dist/module-evaluator.js:206:4)
    at VitestModuleRunner.directRequest (file:///Volumes/X%20SSD%202025/Users/narrowchannel/indiiOS-Clean/node_modules/vite/dist/node/module-runner.js:1284:61)
    at VitestModuleRunner.cachedRequest (file:///Volumes/X%20SSD%202025/Users/narrowchannel/indiiOS-Clean/node_modules/vite/dist/node/module-runner.js:1180:76)
    at VitestModuleRunner.import (file:///Volumes/X%20SSD%202025/Users/narrowchannel/indiiOS-Clean/node_modules/vite/dist/node/module-runner.js:1117:12)
    at file:///Volumes/X%20SSD%202025/Users/narrowchannel/indiiOS-Clean/node_modules/@vitest/runner/dist/chunk-artifact.js:2457:5
    at collectTests (file:///Volumes/X%20SSD%202025/Users/narrowchannel/indiiOS-Clean/node_modules/@vitest/runner/dist/chunk-artifact.js:2433:3)
    at startTests (file:///Volumes/X%20SSD%202025/Users/narrowchannel/indiiOS-Clean/node_modules/@vitest/runner/dist/chunk-artifact.js:3277:17)
    at file:///Volumes/X%20SSD%202025/Users/narrowchannel/indiiOS-Clean/node_modules/vitest/dist/chunks/base.RR7zL1h0.js:90:5

stdout | packages/renderer/src/services/distribution/adapters/DistributionAdapters.test.ts > Distribution Adapters > CDBabyAdapter (DDEX) > should successfully build DDEX package and simulate upload
[CDBabyAdapter] Attempting real connection...
[CDBabyAdapter] Connected successfully.

stdout | packages/renderer/src/services/distribution/adapters/DistributionAdapters.test.ts > Distribution Adapters > CDBabyAdapter (DDEX) > should successfully build DDEX package and simulate upload
[CDBaby] Staging release files...

stdout | packages/renderer/src/services/distribution/adapters/DistributionAdapters.test.ts > Distribution Adapters > CDBabyAdapter (DDEX) > should successfully build DDEX package and simulate upload
[CDBaby] Files staged at /tmp/package.

·········(node:9625) Warning: `--localstorage-file` was provided without a valid path
(Use `node --trace-warnings ...` to show where the warning was created)
·······(node:9623) Warning: `--localstorage-file` was provided without a valid path
(Use `node --trace-warnings ...` to show where the warning was created)
stdout | packages/renderer/src/services/agent/tools/__tests__/NotificationTools.test.ts > NotificationTools > send_notification > should send a notification successfully
[NotificationTools] Sent [info] notification: "Test Alert" (desktop: true)

stderr | packages/renderer/src/services/agent/tools/__tests__/NotificationTools.test.ts > NotificationTools > send_notification > should handle denied notification permission
[NotificationTools] Notification permission denied by user

stdout | packages/renderer/src/services/agent/tools/__tests__/NotificationTools.test.ts > NotificationTools > send_notification > should handle denied notification permission
[NotificationTools] Sent [info] notification: "Denied Test" (desktop: false)

stdout | packages/renderer/src/services/agent/tools/__tests__/NotificationTools.test.ts > NotificationTools > send_notification > should include action_url in response when provided
[NotificationTools] Sent [info] notification: "Navigate" (desktop: true)

·····(node:9630) Warning: `--localstorage-file` was provided without a valid path
(Use `node --trace-warnings ...` to show where the warning was created)
(node:9643) Warning: `--localstorage-file` was provided without a valid path
(Use `node --trace-warnings ...` to show where the warning was created)
(node:9628) Warning: `--localstorage-file` was provided without a valid path
(Use `node --trace-warnings ...` to show where the warning was created)
···(node:9644) Warning: `--localstorage-file` was provided without a valid path
(Use `node --trace-warnings ...` to show where the warning was created)
(node:9633) Warning: `--localstorage-file` was provided without a valid path
(Use `node --trace-warnings ...` to show where the warning was created)
(node:9636) Warning: `--localstorage-file` was provided without a valid path
(Use `node --trace-warnings ...` to show where the warning was created)
·················(node:9634) Warning: `--localstorage-file` was provided without a valid path
(Use `node --trace-warnings ...` to show where the warning was created)
(node:9638) Warning: `--localstorage-file` was provided without a valid path
(Use `node --trace-warnings ...` to show where the warning was created)
(node:9635) Warning: `--localstorage-file` was provided without a valid path
(Use `node --trace-warnings ...` to show where the warning was created)
(node:9647) Warning: `--localstorage-file` was provided without a valid path
(Use `node --trace-warnings ...` to show where the warning was created)
(node:9646) Warning: `--localstorage-file` was provided without a valid path
(Use `node --trace-warnings ...` to show where the warning was created)
(node:9631) Warning: `--localstorage-file` was provided without a valid path
(Use `node --trace-warnings ...` to show where the warning was created)
(node:9639) Warning: `--localstorage-file` was provided without a valid path
(Use `node --trace-warnings ...` to show where the warning was created)
····stdout | packages/renderer/src/services/agent/Phase3.test.ts > Phase 3: Architectural Improvements > Transaction Management > should start a transaction and snapshot state
[StateManager] Snapshot captured for tx-1f50f4ee-f17a-43c9-97ad-e32f83400503

stdout | packages/renderer/src/services/agent/Phase3.test.ts > Phase 3: Architectural Improvements > Transaction Management > should commit a transaction (clearing snapshot)
[StateManager] Snapshot captured for tx-329428e6-b6cb-41dc-a3b1-2dc9b18c49b7

stdout | packages/renderer/src/services/agent/Phase3.test.ts > Phase 3: Architectural Improvements > Transaction Management > should commit a transaction (clearing snapshot)
[StateManager] Snapshot discarded (committed) for tx-329428e6-b6cb-41dc-a3b1-2dc9b18c49b7

stdout | packages/renderer/src/services/agent/Phase3.test.ts > Phase 3: Architectural Improvements > Transaction Management > should rollback a transaction (restoring state)
[StateManager] Snapshot captured for tx-04a8aa91-a6b6-4f8a-bb4c-f1aeefd9ed34

stderr | packages/renderer/src/services/agent/Phase3.test.ts > Phase 3: Architectural Improvements > Transaction Management > should rollback a transaction (restoring state)
[StateManager] Restoring snapshot for tx-04a8aa91-a6b6-4f8a-bb4c-f1aeefd9ed34

stdout | packages/renderer/src/services/agent/Phase3.test.ts > Phase 3: Architectural Improvements > AgentExecutionContext > should commit changes to the store
[ExecutionContext] Committed 1 modifications for agent test-agent

stdout | packages/renderer/src/services/agent/Phase3.test.ts > Phase 3: Architectural Improvements > AgentExecutionContext > should rollback changes and discard them
[ExecutionContext] Rolling back 1 modifications for agent test-agent

··············(node:9637) Warning: `--localstorage-file` was provided without a valid path
(Use `node --trace-warnings ...` to show where the warning was created)
(node:9640) Warning: `--localstorage-file` was provided without a valid path
(Use `node --trace-warnings ...` to show where the warning was created)
(node:9650) Warning: `--localstorage-file` was provided without a valid path
(Use `node --trace-warnings ...` to show where the warning was created)
(node:9632) Warning: `--localstorage-file` was provided without a valid path
(Use `node --trace-warnings ...` to show where the warning was created)
·····································(node:9648) Warning: `--localstorage-file` was provided without a valid path
(Use `node --trace-warnings ...` to show where the warning was created)
stdout | packages/renderer/src/services/video/__tests__/RenderService.test.ts > RenderService > should call renderMedia with correct parameters
[RenderService] Starting local render for TestComp...

stdout | packages/renderer/src/services/video/__tests__/RenderService.test.ts > RenderService > should call renderMedia with correct parameters
[RenderService] Render complete: /tmp/output.mp4

stdout | packages/renderer/src/services/video/__tests__/RenderService.test.ts > RenderService > should throw error when renderMedia fails
[RenderService] Starting local render for FailComp...

stderr | packages/renderer/src/services/video/__tests__/RenderService.test.ts > RenderService > should throw error when renderMedia fails
[RenderService] Render failed: Error: Render error
    at /Volumes/X SSD 2025/Users/narrowchannel/indiiOS-Clean/packages/renderer/src/services/video/__tests__/RenderService.test.ts:51:66
    at file:///Volumes/X%20SSD%202025/Users/narrowchannel/indiiOS-Clean/node_modules/@vitest/runner/dist/chunk-artifact.js:302:11
    at file:///Volumes/X%20SSD%202025/Users/narrowchannel/indiiOS-Clean/node_modules/@vitest/runner/dist/chunk-artifact.js:1903:26
    at file:///Volumes/X%20SSD%202025/Users/narrowchannel/indiiOS-Clean/node_modules/@vitest/runner/dist/chunk-artifact.js:2326:20
    at new Promise (<anonymous>)
    at runWithCancel (file:///Volumes/X%20SSD%202025/Users/narrowchannel/indiiOS-Clean/node_modules/@vitest/runner/dist/chunk-artifact.js:2323:10)
    at file:///Volumes/X%20SSD%202025/Users/narrowchannel/indiiOS-Clean/node_modules/@vitest/runner/dist/chunk-artifact.js:2305:20
    at new Promise (<anonymous>)
    at runWithTimeout (file:///Volumes/X%20SSD%202025/Users/narrowchannel/indiiOS-Clean/node_modules/@vitest/runner/dist/chunk-artifact.js:2272:10)
    at file:///Volumes/X%20SSD%202025/Users/narrowchannel/indiiOS-Clean/node_modules/@vitest/runner/dist/chunk-artifact.js:2955:64

(node:9652) Warning: `--localstorage-file` was provided without a valid path
(Use `node --trace-warnings ...` to show where the warning was created)
stdout | packages/renderer/src/services/security/FraudDetectionService.test.ts > FraudDetectionService > Broad Spectrum ACR > should flag "sped up" / nightcore content
[FraudDetection] Running Broad Spectrum analysis...

stdout | packages/renderer/src/services/security/FraudDetectionService.test.ts > FraudDetectionService > Broad Spectrum ACR > should flag "slowed" content
[FraudDetection] Running Broad Spectrum analysis...

stdout | packages/renderer/src/services/security/FraudDetectionService.test.ts > FraudDetectionService > Broad Spectrum ACR > should pass standard files
[FraudDetection] Running Broad Spectrum analysis...

·····stderr | packages/renderer/src/services/ai/context/Keeper_TokenBudget.test.ts > 📚 Keeper: Token Budget & Context Integrity > should account for System Instruction tokens
[ContextManager] Context over limit (1071/1000) after 0 drops. Recent messages are too large.
[ContextManager] Context over limit (1071/1000) after 1 drops. Recent messages are too large.

·····stdout | packages/renderer/src/services/finance/RoyaltyService.test.ts > RoyaltyService > should calculate splits correctly and apply recoupment
[RoyaltyService] Recooped 100 for release_123. Remaining: 0

·(node:9649) Warning: `--localstorage-file` was provided without a valid path
(Use `node --trace-warnings ...` to show where the warning was created)
··(node:9653) Warning: `--localstorage-file` was provided without a valid path
(Use `node --trace-warnings ...` to show where the warning was created)
(node:9651) Warning: `--localstorage-file` was provided without a valid path
(Use `node --trace-warnings ...` to show where the warning was created)
···················stdout | packages/main/src/handlers/sftp_security.test.ts
18:01:23.450 › [AccessControl] Initialized

··(node:9659) Warning: `--localstorage-file` was provided without a valid path
(Use `node --trace-warnings ...` to show where the warning was created)
··stderr | packages/renderer/src/services/ai/utils/InputSanitizer.test.ts > InputSanitizer > sanitize > should truncate extremely long input
[InputSanitizer] Input truncated from 100005 to 100000

·································stderr | packages/main/src/handlers/sftp_security.test.ts > 🛡️ Shield: SFTP Security Integration Test > should BLOCK upload from unauthorized system directories (Sandbox Escape Attempt)
18:01:23.621 › [AccessControl] Access denied: /etc
18:01:23.622 › [Security] Blocked SFTP upload from unauthorized path: /etc
18:01:23.625 › SFTP Upload Failed: Error: Security: Access Denied. Cannot upload from this directory.
    at /Volumes/X SSD 2025/Users/narrowchannel/indiiOS-Clean/packages/main/src/handlers/sftp.ts:81:23
    at invokeHandler (/Volumes/X SSD 2025/Users/narrowchannel/indiiOS-Clean/packages/main/src/handlers/sftp_security.test.ts:104:16)
    at /Volumes/X SSD 2025/Users/narrowchannel/indiiOS-Clean/packages/main/src/handlers/sftp_security.test.ts:112:30
    at file:///Volumes/X%20SSD%202025/Users/narrowchannel/indiiOS-Clean/node_modules/@vitest/runner/dist/chunk-artifact.js:302:11
    at file:///Volumes/X%20SSD%202025/Users/narrowchannel/indiiOS-Clean/node_modules/@vitest/runner/dist/chunk-artifact.js:1903:26
    at file:///Volumes/X%20SSD%202025/Users/narrowchannel/indiiOS-Clean/node_modules/@vitest/runner/dist/chunk-artifact.js:2326:20
    at new Promise (<anonymous>)
    at runWithCancel (file:///Volumes/X%20SSD%202025/Users/narrowchannel/indiiOS-Clean/node_modules/@vitest/runner/dist/chunk-artifact.js:2323:10)
    at file:///Volumes/X%20SSD%202025/Users/narrowchannel/indiiOS-Clean/node_modules/@vitest/runner/dist/chunk-artifact.js:2305:20
    at new Promise (<anonymous>)

stderr | packages/main/src/handlers/sftp_security.test.ts > 🛡️ Shield: SFTP Security Integration Test > should BLOCK Path Traversal attempting to escape safe directory
18:01:23.628 › SFTP Upload Failed: ZodError: [
  {
    "code": "custom",
    "message": "Path traversal detected in local or remote path",
    "path": []
  }
]
    at Object.get error [as error] (file:///Volumes/X%20SSD%202025/Users/narrowchannel/indiiOS-Clean/node_modules/zod/v3/types.js:39:31)
    at ZodEffects.parse (file:///Volumes/X%20SSD%202025/Users/narrowchannel/indiiOS-Clean/node_modules/zod/v3/types.js:114:22)
    at /Volumes/X SSD 2025/Users/narrowchannel/indiiOS-Clean/packages/main/src/handlers/sftp.ts:66:48
    at invokeHandler (/Volumes/X SSD 2025/Users/narrowchannel/indiiOS-Clean/packages/main/src/handlers/sftp_security.test.ts:104:16)
    at /Volumes/X SSD 2025/Users/narrowchannel/indiiOS-Clean/packages/main/src/handlers/sftp_security.test.ts:124:30
    at file:///Volumes/X%20SSD%202025/Users/narrowchannel/indiiOS-Clean/node_modules/@vitest/runner/dist/chunk-artifact.js:302:11
    at file:///Volumes/X%20SSD%202025/Users/narrowchannel/indiiOS-Clean/node_modules/@vitest/runner/dist/chunk-artifact.js:1903:26
    at file:///Volumes/X%20SSD%202025/Users/narrowchannel/indiiOS-Clean/node_modules/@vitest/runner/dist/chunk-artifact.js:2326:20
    at new Promise (<anonymous>)
    at runWithCancel (file:///Volumes/X%20SSD%202025/Users/narrowchannel/indiiOS-Clean/node_modules/@vitest/runner/dist/chunk-artifact.js:2323:10)

stderr | packages/main/src/handlers/sftp_security.test.ts > 🛡️ Shield: SFTP Security Integration Test > should BLOCK execution from untrusted IPC sender
18:01:23.630 › SFTP Upload Failed: Error: Security: Unauthorized sender URL: https://evil.com/exploit.html
    at validateSender (/Volumes/X SSD 2025/Users/narrowchannel/indiiOS-Clean/packages/main/src/utils/ipc-security.ts:62:11)
    at /Volumes/X SSD 2025/Users/narrowchannel/indiiOS-Clean/packages/main/src/handlers/sftp.ts:63:13
    at /Volumes/X SSD 2025/Users/narrowchannel/indiiOS-Clean/packages/main/src/handlers/sftp_security.test.ts:162:30
    at file:///Volumes/X%20SSD%202025/Users/narrowchannel/indiiOS-Clean/node_modules/@vitest/runner/dist/chunk-artifact.js:302:11
    at file:///Volumes/X%20SSD%202025/Users/narrowchannel/indiiOS-Clean/node_modules/@vitest/runner/dist/chunk-artifact.js:1903:26
    at file:///Volumes/X%20SSD%202025/Users/narrowchannel/indiiOS-Clean/node_modules/@vitest/runner/dist/chunk-artifact.js:2326:20
    at new Promise (<anonymous>)
    at runWithCancel (file:///Volumes/X%20SSD%202025/Users/narrowchannel/indiiOS-Clean/node_modules/@vitest/runner/dist/chunk-artifact.js:2323:10)
    at file:///Volumes/X%20SSD%202025/Users/narrowchannel/indiiOS-Clean/node_modules/@vitest/runner/dist/chunk-artifact.js:2305:20
    at new Promise (<anonymous>)

·····(node:9658) Warning: `--localstorage-file` was provided without a valid path
(Use `node --trace-warnings ...` to show where the warning was created)
(node:9657) Warning: `--localstorage-file` was provided without a valid path
(Use `node --trace-warnings ...` to show where the warning was created)
stdout | packages/renderer/src/services/agent/tools/DevOpsTools.security.test.ts > 🛡️ Shield: DevOps Tools Security Sandbox > restart_service (Destructive Action) > should ALLOW execution when User APPROVES (Authorized)
[DevOps] Restarting instance: prod-db-primary in us-central1-a

stdout | packages/renderer/src/services/agent/tools/DevOpsTools.security.test.ts > 🛡️ Shield: DevOps Tools Security Sandbox > Safe Read-Only Operations > should NOT require approval for listing instances
[DevOps] Listing GCE instances

·····stdout | packages/renderer/src/services/agent/tools/__tests__/MarketingTools.test.ts > MarketingTools > create_campaign_brief calls AI
[MarketingTools] Campaign brief persisted: Test

·(node:9654) Warning: `--localstorage-file` was provided without a valid path
(Use `node --trace-warnings ...` to show where the warning was created)
··(node:9660) Warning: `--localstorage-file` was provided without a valid path
(Use `node --trace-warnings ...` to show where the warning was created)
(node:9662) Warning: `--localstorage-file` was provided without a valid path
(Use `node --trace-warnings ...` to show where the warning was created)
stdout | packages/firebase/src/__tests__/video_generation_metadata.test.ts > Video Generation Metadata > should persist Veo 3.1 metadata to Firestore on completion
[Inngest] Starting video generation for Job: job-123 (Thinking: false)
[Inngest] Updating status to processing for job-123

stdout | packages/firebase/src/__tests__/video_generation_metadata.test.ts > Video Generation Metadata > should persist Veo 3.1 metadata to Firestore on completion
[Inngest] Status updated to processing for job-123

stdout | packages/firebase/src/__tests__/video_generation_metadata.test.ts > Video Generation Metadata > should persist Veo 3.1 metadata to Firestore on completion
[Inngest] Operation started: projects/123/locations/us-central1/operations/op-123

stdout | packages/firebase/src/__tests__/video_generation_metadata.test.ts > Video Generation Metadata > should persist Veo 3.1 metadata to Firestore on completion
[Inngest] Final Result from Google AI: {
  "done": true,
  "response": {
    "generateVideoResponse": {
      "generatedSamples": [
        {
          "video": {
            "uri": "gs://bucket/video.mp4"
          },
          "videoMetadata": {
            "duration": "5s",
            "mimeType": "video/mp4"
          }
        }
      ]
    }
  }
}
[Inngest] Found video URI: gs://bucket/video.mp4

··(node:9665) Warning: `--localstorage-file` was provided without a valid path
(Use `node --trace-warnings ...` to show where the warning was created)
·(node:9661) Warning: `--localstorage-file` was provided without a valid path
(Use `node --trace-warnings ...` to show where the warning was created)
··(node:9669) Warning: `--localstorage-file` was provided without a valid path
(Use `node --trace-warnings ...` to show where the warning was created)
(node:9707) Warning: `--localstorage-file` was provided without a valid path
(Use `node --trace-warnings ...` to show where the warning was created)
··stderr | packages/renderer/src/services/agent/tools/__tests__/ProjectTools.test.ts > ProjectTools > create_project > should handle creation errors
[Tool:create_project] execution failed: Error: Database error
    at /Volumes/X SSD 2025/Users/narrowchannel/indiiOS-Clean/packages/renderer/src/services/agent/tools/__tests__/ProjectTools.test.ts:57:63
    at file:///Volumes/X%20SSD%202025/Users/narrowchannel/indiiOS-Clean/node_modules/@vitest/runner/dist/chunk-artifact.js:302:11
    at file:///Volumes/X%20SSD%202025/Users/narrowchannel/indiiOS-Clean/node_modules/@vitest/runner/dist/chunk-artifact.js:1903:26
    at file:///Volumes/X%20SSD%202025/Users/narrowchannel/indiiOS-Clean/node_modules/@vitest/runner/dist/chunk-artifact.js:2326:20
    at new Promise (<anonymous>)
    at runWithCancel (file:///Volumes/X%20SSD%202025/Users/narrowchannel/indiiOS-Clean/node_modules/@vitest/runner/dist/chunk-artifact.js:2323:10)
    at file:///Volumes/X%20SSD%202025/Users/narrowchannel/indiiOS-Clean/node_modules/@vitest/runner/dist/chunk-artifact.js:2305:20
    at new Promise (<anonymous>)
    at runWithTimeout (file:///Volumes/X%20SSD%202025/Users/narrowchannel/indiiOS-Clean/node_modules/@vitest/runner/dist/chunk-artifact.js:2272:10)
    at file:///Volumes/X%20SSD%202025/Users/narrowchannel/indiiOS-Clean/node_modules/@vitest/runner/dist/chunk-artifact.js:2955:64

(node:9667) Warning: `--localstorage-file` was provided without a valid path
(Use `node --trace-warnings ...` to show where the warning was created)
(node:9668) Warning: `--localstorage-file` was provided without a valid path
(Use `node --trace-warnings ...` to show where the warning was created)
·············(node:9666) Warning: `--localstorage-file` was provided without a valid path
(Use `node --trace-warnings ...` to show where the warning was created)
····(node:9672) Warning: `--localstorage-file` was provided without a valid path
(Use `node --trace-warnings ...` to show where the warning was created)
stderr | packages/renderer/src/services/security/BiometricService.test.ts > BiometricService > isAvailable > returns false when availability check throws
[BiometricService] Availability check failed: Error: Failed
    at /Volumes/X SSD 2025/Users/narrowchannel/indiiOS-Clean/packages/renderer/src/services/security/BiometricService.test.ts:62:90
    at file:///Volumes/X%20SSD%202025/Users/narrowchannel/indiiOS-Clean/node_modules/@vitest/runner/dist/chunk-artifact.js:302:11
    at file:///Volumes/X%20SSD%202025/Users/narrowchannel/indiiOS-Clean/node_modules/@vitest/runner/dist/chunk-artifact.js:1903:26
    at file:///Volumes/X%20SSD%202025/Users/narrowchannel/indiiOS-Clean/node_modules/@vitest/runner/dist/chunk-artifact.js:2326:20
    at new Promise (<anonymous>)
    at runWithCancel (file:///Volumes/X%20SSD%202025/Users/narrowchannel/indiiOS-Clean/node_modules/@vitest/runner/dist/chunk-artifact.js:2323:10)
    at file:///Volumes/X%20SSD%202025/Users/narrowchannel/indiiOS-Clean/node_modules/@vitest/runner/dist/chunk-artifact.js:2305:20
    at new Promise (<anonymous>)
    at runWithTimeout (file:///Volumes/X%20SSD%202025/Users/narrowchannel/indiiOS-Clean/node_modules/@vitest/runner/dist/chunk-artifact.js:2272:10)
    at file:///Volumes/X%20SSD%202025/Users/narrowchannel/indiiOS-Clean/node_modules/@vitest/runner/dist/chunk-artifact.js:2955:64

stderr | packages/renderer/src/services/security/BiometricService.test.ts > BiometricService > register > returns false when credential creation fails
[BiometricService] Registration failed: Error: User cancelled
    at /Volumes/X SSD 2025/Users/narrowchannel/indiiOS-Clean/packages/renderer/src/services/security/BiometricService.test.ts:128:55
    at file:///Volumes/X%20SSD%202025/Users/narrowchannel/indiiOS-Clean/node_modules/@vitest/runner/dist/chunk-artifact.js:302:11
    at file:///Volumes/X%20SSD%202025/Users/narrowchannel/indiiOS-Clean/node_modules/@vitest/runner/dist/chunk-artifact.js:1903:26
    at file:///Volumes/X%20SSD%202025/Users/narrowchannel/indiiOS-Clean/node_modules/@vitest/runner/dist/chunk-artifact.js:2326:20
    at new Promise (<anonymous>)
    at runWithCancel (file:///Volumes/X%20SSD%202025/Users/narrowchannel/indiiOS-Clean/node_modules/@vitest/runner/dist/chunk-artifact.js:2323:10)
    at file:///Volumes/X%20SSD%202025/Users/narrowchannel/indiiOS-Clean/node_modules/@vitest/runner/dist/chunk-artifact.js:2305:20
    at new Promise (<anonymous>)
    at runWithTimeout (file:///Volumes/X%20SSD%202025/Users/narrowchannel/indiiOS-Clean/node_modules/@vitest/runner/dist/chunk-artifact.js:2272:10)
    at file:///Volumes/X%20SSD%202025/Users/narrowchannel/indiiOS-Clean/node_modules/@vitest/runner/dist/chunk-artifact.js:2955:64

stderr | packages/renderer/src/services/security/BiometricService.test.ts > BiometricService > verify > returns false when user cancels or verification fails
[BiometricService] Verification failed or cancelled: Error: User cancelled biometric verification
    at /Volumes/X SSD 2025/Users/narrowchannel/indiiOS-Clean/packages/renderer/src/services/security/BiometricService.test.ts:191:52
    at file:///Volumes/X%20SSD%202025/Users/narrowchannel/indiiOS-Clean/node_modules/@vitest/runner/dist/chunk-artifact.js:302:11
    at file:///Volumes/X%20SSD%202025/Users/narrowchannel/indiiOS-Clean/node_modules/@vitest/runner/dist/chunk-artifact.js:1903:26
    at file:///Volumes/X%20SSD%202025/Users/narrowchannel/indiiOS-Clean/node_modules/@vitest/runner/dist/chunk-artifact.js:2326:20
    at new Promise (<anonymous>)
    at runWithCancel (file:///Volumes/X%20SSD%202025/Users/narrowchannel/indiiOS-Clean/node_modules/@vitest/runner/dist/chunk-artifact.js:2323:10)
    at file:///Volumes/X%20SSD%202025/Users/narrowchannel/indiiOS-Clean/node_modules/@vitest/runner/dist/chunk-artifact.js:2305:20
    at new Promise (<anonymous>)
    at runWithTimeout (file:///Volumes/X%20SSD%202025/Users/narrowchannel/indiiOS-Clean/node_modules/@vitest/runner/dist/chunk-artifact.js:2272:10)
    at file:///Volumes/X%20SSD%202025/Users/narrowchannel/indiiOS-Clean/node_modules/@vitest/runner/dist/chunk-artifact.js:2955:64

············(node:9720) Warning: `--localstorage-file` was provided without a valid path
(Use `node --trace-warnings ...` to show where the warning was created)
(node:9674) Warning: `--localstorage-file` was provided without a valid path
(Use `node --trace-warnings ...` to show where the warning was created)
(node:9721) Warning: `--localstorage-file` was provided without a valid path
(Use `node --trace-warnings ...` to show where the warning was created)
stdout | packages/renderer/src/services/agent/tools/__tests__/CoreTools.test.ts > CoreTools > request_approval > should handle approved request
[CoreTools] Requesting approval for: Post this tweet (type: default)

stdout | packages/renderer/src/services/agent/tools/__tests__/CoreTools.test.ts > CoreTools > request_approval > should handle rejected request
[CoreTools] Requesting approval for: Dangerous action (type: default)

·······stdout | packages/renderer/src/services/MembershipService.ledger_approval.test.ts > MembershipService (Ledger Approval Gates) > 💸 "Micro-Transaction": allows small charges without approval
   ✅ Micro-transaction ($0.1) approved automatically.

stdout | packages/renderer/src/services/MembershipService.ledger_approval.test.ts > MembershipService (Ledger Approval Gates) > 💸 "Major Purchase": flags expensive charges for user approval
   ⚠️ Major purchase ($0.6) flagged for user approval.

stdout | packages/renderer/src/services/MembershipService.ledger_approval.test.ts > MembershipService (Ledger Approval Gates) > 💸 "Ledger Logic": Ensures approval is flagged even if budget permits
   ⚠️ High-value transaction ($5) requires sign-off despite sufficient funds.

······(node:9690) Warning: `--localstorage-file` was provided without a valid path
(Use `node --trace-warnings ...` to show where the warning was created)
(node:9689) Warning: `--localstorage-file` was provided without a valid path
(Use `node --trace-warnings ...` to show where the warning was created)
(node:9693) Warning: `--localstorage-file` was provided without a valid path
(Use `node --trace-warnings ...` to show where the warning was created)
(node:9697) Warning: `--localstorage-file` was provided without a valid path
(Use `node --trace-warnings ...` to show where the warning was created)
(node:9699) Warning: `--localstorage-file` was provided without a valid path
(Use `node --trace-warnings ...` to show where the warning was created)
(node:9677) Warning: `--localstorage-file` was provided without a valid path
(Use `node --trace-warnings ...` to show where the warning was created)
··(node:9696) Warning: `--localstorage-file` was provided without a valid path
(Use `node --trace-warnings ...` to show where the warning was created)
(node:9688) Warning: `--localstorage-file` was provided without a valid path
(Use `node --trace-warnings ...` to show where the warning was created)
(node:9692) Warning: `--localstorage-file` was provided without a valid path
(Use `node --trace-warnings ...` to show where the warning was created)
·······(node:9700) Warning: `--localstorage-file` was provided without a valid path
(Use `node --trace-warnings ...` to show where the warning was created)
··stderr | packages/renderer/src/services/distribution/DeliveryService.integration.test.ts > DeliveryService Integration > should handle missing asset source files gracefully (warn but proceed)
[DeliveryService] Asset file not found: /missing/audio.wav

···(node:9704) Warning: `--localstorage-file` was provided without a valid path
(Use `node --trace-warnings ...` to show where the warning was created)
····················stdout | packages/renderer/src/services/ddex/DSRService.test.ts
[DistributorService] Registered adapter: DistroKid
[DistributorService] Registered adapter: TuneCore
[DistributorService] Registered adapter: CDBaby
[DistributorService] Registered adapter: Symphonic

···············(node:9687) Warning: `--localstorage-file` was provided without a valid path
(Use `node --trace-warnings ...` to show where the warning was created)
(node:9705) Warning: `--localstorage-file` was provided without a valid path
(Use `node --trace-warnings ...` to show where the warning was created)
(node:9695) Warning: `--localstorage-file` was provided without a valid path
(Use `node --trace-warnings ...` to show where the warning was created)
(node:9694) Warning: `--localstorage-file` was provided without a valid path
(Use `node --trace-warnings ...` to show where the warning was created)
···········(node:9709) Warning: `--localstorage-file` was provided without a valid path
(Use `node --trace-warnings ...` to show where the warning was created)
(node:9714) Warning: `--localstorage-file` was provided without a valid path
(Use `node --trace-warnings ...` to show where the warning was created)
(node:9701) Warning: `--localstorage-file` was provided without a valid path
(Use `node --trace-warnings ...` to show where the warning was created)
stdout | packages/renderer/src/services/subscription/__tests__/LedgerQuota.test.ts > Ledger's "Circuit Breaker" Test 💸 > should halt execution EXACTLY when the hard limit is breached
Ledger Report: Paid for 10 loops. Circuit breaker tripped: true

·stdout | packages/renderer/src/services/subscription/SubscriptionService.token_circuit_breaker.test.ts > SubscriptionService (Token Circuit Breaker) > 💸 "Token Circuit Breaker": Detects sudden high token usage and immediately blocks next request
💸 [Ledger] Initial Check. Used: 0/10000

··stdout | packages/renderer/src/services/subscription/SubscriptionService.token_circuit_breaker.test.ts > SubscriptionService (Token Circuit Breaker) > 💸 "Token Circuit Breaker": Detects sudden high token usage and immediately blocks next request
💸 [Ledger] Injecting FAKE HIGH USAGE spike...
💸 [Ledger] Post-Spike Check. Used: 12000/10000

stdout | packages/renderer/src/services/subscription/SubscriptionService.token_circuit_breaker.test.ts > SubscriptionService (Token Circuit Breaker) > 💸 "Token Circuit Breaker": Detects sudden high token usage and immediately blocks next request
   🛑 STOP SWITCH ACTIVATED! Reason: AI chat token quota exceeded. Upgrade to continue using AI chat.

·(node:9713) Warning: `--localstorage-file` was provided without a valid path
(Use `node --trace-warnings ...` to show where the warning was created)
(node:9691) Warning: `--localstorage-file` was provided without a valid path
(Use `node --trace-warnings ...` to show where the warning was created)
·····(node:9702) Warning: `--localstorage-file` was provided without a valid path
(Use `node --trace-warnings ...` to show where the warning was created)
(node:9706) Warning: `--localstorage-file` was provided without a valid path
(Use `node --trace-warnings ...` to show where the warning was created)
(node:9698) Warning: `--localstorage-file` was provided without a valid path
(Use `node --trace-warnings ...` to show where the warning was created)
······························stdout | packages/renderer/src/services/MembershipService.cost_predictor.test.ts > MembershipService (Ledger's Cost Predictor Integration) > 💸 "The Predictive Stop": Blocks Veo 3.1 generation if predicted cost exceeds budget
💸 [Ledger] Predicted Cost: $0.05 | Budget: $0.02
   🛑 STOP SWITCH ACTIVATED! User cannot afford Veo 3.1.

stderr | packages/renderer/src/services/image/__tests__/ImageResolutionNormalization.test.ts > Image Resolution Normalization > Edge cases > defaults unknown value "ULTRA" to "1k"
[ImageGen] Unknown resolution "ULTRA", defaulting to 1k

·················(node:9716) Warning: `--localstorage-file` was provided without a valid path
(Use `node --trace-warnings ...` to show where the warning was created)
(node:9703) Warning: `--localstorage-file` was provided without a valid path
(Use `node --trace-warnings ...` to show where the warning was created)
(node:9708) Warning: `--localstorage-file` was provided without a valid path
(Use `node --trace-warnings ...` to show where the warning was created)
·····stdout | packages/renderer/src/services/agent/SchemaDiagnostic.test.ts > Schema Diagnostic > should have correct required parameters for BrandAgent in AGENT_CONFIGS
AGENT_CONFIGS BrandAgent required: ["content","type"]

stdout | packages/renderer/src/services/agent/SchemaDiagnostic.test.ts > Schema Diagnostic > should have correct required parameters for direct BrandAgent import
Direct BrandAgent required: ["content","type"]

··(node:9712) Warning: `--localstorage-file` was provided without a valid path
(Use `node --trace-warnings ...` to show where the warning was created)
·(node:9715) Warning: `--localstorage-file` was provided without a valid path
(Use `node --trace-warnings ...` to show where the warning was created)
(node:9719) Warning: `--localstorage-file` was provided without a valid path
(Use `node --trace-warnings ...` to show where the warning was created)
·······(node:9752) Warning: `--localstorage-file` was provided without a valid path
(Use `node --trace-warnings ...` to show where the warning was created)
stdout | packages/renderer/src/services/agent/benchmark_clearAllMemories.test.ts > UserMemoryService Benchmark > measures performance of clearAllMemories
[UserMemoryService] Cleared all memories for user test_user

stdout | packages/renderer/src/services/agent/benchmark_clearAllMemories.test.ts > UserMemoryService Benchmark > measures performance of clearAllMemories
Time taken: 0.82ms
Deletes called: 0
DeleteMany called: 1

·(node:9717) Warning: `--localstorage-file` was provided without a valid path
(Use `node --trace-warnings ...` to show where the warning was created)
··(node:9718) Warning: `--localstorage-file` was provided without a valid path
(Use `node --trace-warnings ...` to show where the warning was created)
stdout | packages/renderer/src/services/agent/__tests__/AgentRegistry.test.ts > AgentRegistry > should lazy load an agent
[AgentRegistry] Loading agent 'test-agent'...

stdout | packages/renderer/src/services/agent/__tests__/AgentRegistry.test.ts > AgentRegistry > should lazy load an agent
[AgentRegistry] Agent 'test-agent' loaded successfully

(node:9724) Warning: `--localstorage-file` was provided without a valid path
(Use `node --trace-warnings ...` to show where the warning was created)
········(node:9725) Warning: `--localstorage-file` was provided without a valid path
(Use `node --trace-warnings ...` to show where the warning was created)
(node:9728) Warning: `--localstorage-file` was provided without a valid path
(Use `node --trace-warnings ...` to show where the warning was created)
···········(node:9726) Warning: `--localstorage-file` was provided without a valid path
(Use `node --trace-warnings ...` to show where the warning was created)
stderr | packages/renderer/src/services/ai/context/Keeper_SmartContext.test.ts > 📚 Keeper: Smart Context Window > should preserve system instructions (priority #1)
[ContextManager] Context over limit (14/10) after 0 drops. Recent messages are too large.

···(node:9727) Warning: `--localstorage-file` was provided without a valid path
(Use `node --trace-warnings ...` to show where the warning was created)
···(node:9738) Warning: `--localstorage-file` was provided without a valid path
(Use `node --trace-warnings ...` to show where the warning was created)
(node:9750) Warning: `--localstorage-file` was provided without a valid path
(Use `node --trace-warnings ...` to show where the warning was created)
·················(node:9739) Warning: `--localstorage-file` was provided without a valid path
(Use `node --trace-warnings ...` to show where the warning was created)
(node:9745) Warning: `--localstorage-file` was provided without a valid path
(Use `node --trace-warnings ...` to show where the warning was created)
·····

 Test Files  148 passed (148)
      Tests  833 passed (833)
   Start at  17:59:40
   Duration  109.68s (transform 53.44s, setup 83.17s, import 144.60s, tests 66.59s, environment 540.75s)

····(node:9743) Warning: `--localstorage-file` was provided without a valid path
(Use `node --trace-warnings ...` to show where the warning was created)
··(node:9751) Warning: `--localstorage-file` was provided without a valid path
(Use `node --trace-warnings ...` to show where the warning was created)
(node:9746) Warning: `--localstorage-file` was provided without a valid path
(Use `node --trace-warnings ...` to show where the warning was created)
(node:9742) Warning: `--localstorage-file` was provided without a valid path
(Use `node --trace-warnings ...` to show where the warning was created)
···(node:9755) Warning: `--localstorage-file` was provided without a valid path
(Use `node --trace-warnings ...` to show where the warning was created)
(node:9740) Warning: `--localstorage-file` was provided without a valid path
(Use `node --trace-warnings ...` to show where the warning was created)
····stdout | packages/renderer/src/services/video/VideoGenerationService.ledger.test.ts > VideoGenerationService (Ledger Circuit Breaker) > 💸 "Cost Circuit Breaker": Halts generation when quota is exceeded

💸 [Ledger] Testing Service Layer Circuit Breaker...
[VideoGeneration] 🎬 generateVideo() called: {
  promptPreview: 'A cinematic shot of a ledger book closing firmly.',
  model: 'veo-3.1-generate-preview',
  duration: 4,
  aspectRatio: '16:9',
  hasFirstFrame: false,
  hasLastFrame: false,
  hasReferenceImages: false,
  userId: 'ledger-test-user'
}

(node:9753) Warning: `--localstorage-file` was provided without a valid path
(Use `node --trace-warnings ...` to show where the warning was created)
stdout | packages/renderer/src/services/video/VideoGenerationService.ledger.test.ts > VideoGenerationService (Ledger Circuit Breaker) > 💸 "Cost Circuit Breaker": Halts generation when quota is exceeded
   ✅ Circuit Breaker tripped successfully.
   ✅ "Spend" Button (Cloud Function) was NOT pressed.

········

 Test Files  148 passed (148)
      Tests  838 passed (838)
   Start at  17:59:40
   Duration  109.88s (transform 62.60s, setup 84.57s, import 128.46s, tests 80.74s, environment 528.24s)

····(node:9756) Warning: `--localstorage-file` was provided without a valid path
(Use `node --trace-warnings ...` to show where the warning was created)
stdout | packages/renderer/src/services/MembershipService.ledger_alerts.test.ts > MembershipService (Ledger Alerts) > 💸 "High Usage Injection": Triggers Stop Switch when Token Usage spikes

💸 [Ledger] Starting "High Usage" Simulation...

stdout | packages/renderer/src/services/MembershipService.ledger_alerts.test.ts > MembershipService (Ledger Alerts) > 💸 "High Usage Injection": Triggers Stop Switch when Token Usage spikes
   ✅ Initial Status: Green Light (Budget: $1.00)
   💸 Injecting "Deep Think" Cost: $0.98...

stdout | packages/renderer/src/services/MembershipService.ledger_alerts.test.ts > MembershipService (Ledger Alerts) > 💸 "High Usage Injection": Triggers Stop Switch when Token Usage spikes
   ✅ Wallet Updated: Spent $0.98
   💸 Attempting followup task (Cost: $0.05)...

stdout | packages/renderer/src/services/MembershipService.ledger_alerts.test.ts > MembershipService (Ledger Alerts) > 💸 "High Usage Injection": Triggers Stop Switch when Token Usage spikes
   🛑 STOP SWITCH ACTIVATED! Remaining: $0.02
   ✅ Test Passed: Ledger successfully blocked debt.

stdout | packages/renderer/src/services/MembershipService.ledger_alerts.test.ts > MembershipService (Ledger Alerts) > 💸 "Budget Alert": Detects "Near Limit" state correctly
   ⚠️ BUDGET ALERT: Low Funds! Only $0.10 left.

····(node:9754) Warning: `--localstorage-file` was provided without a valid path
(Use `node --trace-warnings ...` to show where the warning was created)
(node:9757) Warning: `--localstorage-file` was provided without a valid path
(Use `node --trace-warnings ...` to show where the warning was created)
stdout | packages/renderer/src/services/memory/PersistentMemoryService.test.ts > PersistentMemoryService > Scratchpad Layer > should write and read from scratchpad
[PersistentMemory] Wrote to scratchpad/test-key

·····(node:9759) Warning: `--localstorage-file` was provided without a valid path
(Use `node --trace-warnings ...` to show where the warning was created)
(node:9758) Warning: `--localstorage-file` was provided without a valid path
(Use `node --trace-warnings ...` to show where the warning was created)
---------·(node:9763) Warning: `--localstorage-file` was provided without a valid path
(Use `node --trace-warnings ...` to show where the warning was created)
(node:9760) Warning: `--localstorage-file` was provided without a valid path
(Use `node --trace-warnings ...` to show where the warning was created)
·············(node:9764) Warning: `--localstorage-file` was provided without a valid path
(Use `node --trace-warnings ...` to show where the warning was created)
···········(node:9765) Warning: `--localstorage-file` was provided without a valid path
(Use `node --trace-warnings ...` to show where the warning was created)
········(node:9768) Warning: `--localstorage-file` was provided without a valid path
(Use `node --trace-warnings ...` to show where the warning was created)
·········(node:9772) Warning: `--localstorage-file` was provided without a valid path
(Use `node --trace-warnings ...` to show where the warning was created)
(node:9770) Warning: `--localstorage-file` was provided without a valid path
(Use `node --trace-warnings ...` to show where the warning was created)
(node:9771) Warning: `--localstorage-file` was provided without a valid path
(Use `node --trace-warnings ...` to show where the warning was created)
·(node:9773) Warning: `--localstorage-file` was provided without a valid path
(Use `node --trace-warnings ...` to show where the warning was created)
stdout | packages/renderer/src/services/ddex/DSRService_Fee.test.ts
[DistributorService] Registered adapter: DistroKid
[DistributorService] Registered adapter: TuneCore
[DistributorService] Registered adapter: CDBaby
[DistributorService] Registered adapter: Symphonic

·····(node:9774) Warning: `--localstorage-file` was provided without a valid path
(Use `node --trace-warnings ...` to show where the warning was created)
···(node:9777) Warning: `--localstorage-file` was provided without a valid path
(Use `node --trace-warnings ...` to show where the warning was created)
(node:9775) Warning: `--localstorage-file` was provided without a valid path
(Use `node --trace-warnings ...` to show where the warning was created)
(node:9776) Warning: `--localstorage-file` was provided without a valid path
(Use `node --trace-warnings ...` to show where the warning was created)
stdout | packages/renderer/src/test/env.diagnostic.test.ts > Environment Diagnostic > should log all relevant environment indicators
--- ENV DIAGNOSTIC ---
import.meta.env.MODE: test
process.env.VITEST: true
process.env.NODE_ENV: test
process.env.VITEST_WORKER_ID: 147
----------------------

······

 Test Files  148 passed (148)
      Tests  905 passed | 9 todo (914)
   Start at  17:59:40
   Duration  111.24s (transform 115.36s, setup 73.51s, import 206.39s, tests 100.07s, environment 480.66s)

·

 Test Files  147 passed (147)
      Tests  1024 passed | 1 skipped (1025)
   Start at  17:59:40
   Duration  111.28s (transform 76.55s, setup 87.69s, import 171.37s, tests 81.39s, environment 509.09s)

✅ All CI checks passed successfully! Ready to push.
