
> indii-os@0.1.0-beta.2 test
> vitest --run src/modules/video/components/VideoDaisychain.interaction.test.tsx


[1m[46m RUN [49m[22m [36mv4.0.18 [39m[90m/Volumes/X SSD 2025/Users/narrowchannel/Desktop/indiiOS-Alpha-Electron[39m

 [31m❯[39m src/modules/video/components/VideoDaisychain.interaction.test.tsx [2m([22m[2m1 test[22m[2m | [22m[31m1 failed[39m[2m)[22m[32m 59[2mms[22m[39m
[31m     [31m×[31m successfully completes a 5-step video production daisychain[39m[32m 58[2mms[22m[39m

[31m⎯⎯⎯⎯⎯⎯⎯[39m[1m[41m Failed Tests 1 [49m[22m[31m⎯⎯⎯⎯⎯⎯⎯[39m

[41m[1m FAIL [22m[49m src/modules/video/components/VideoDaisychain.interaction.test.tsx[2m > [22m🖱️ Click: Video Production Daisychain[2m > [22msuccessfully completes a 5-step video production daisychain
[31m[1mTestingLibraryElementError[22m: Unable to find an element by: [data-testid="daisy-chain-toggle"]

Ignored nodes: comments, script, style
[36m<body>[31m
  [36m<div>[31m
    [36m<div[31m
      [33mclass[31m=[32m"flex flex-col h-full w-full bg-background selection:bg-dept-creative/30"[31m
    [36m>[31m
      [36m<div[31m
        [33mdata-testid[31m=[32m"creative-navbar"[31m
      [36m>[31m
        [36m<button[31m
          [33mdata-testid[31m=[32m"gallery-view-btn"[31m
        [36m>[31m
          [0mGallery[0m
        [36m</button>[31m
        [36m<button[31m
          [33mdata-testid[31m=[32m"director-view-btn"[31m
        [36m>[31m
          [0mDirector[0m
        [36m</button>[31m
      [36m</div>[31m
      [36m<div[31m
        [33mclass[31m=[32m"md:hidden flex border-b border-white/10 bg-background flex-shrink-0"[31m
      [36m>[31m
        [36m<button[31m
          [33mclass[31m=[32m"flex-1 py-3 text-xs font-bold uppercase tracking-wider transition-colors text-muted-foreground"[31m
          [33mdata-testid[31m=[32m"mobile-tab-controls"[31m
        [36m>[31m
          [0mControls[0m
        [36m</button>[31m
        [36m<button[31m
          [33mclass[31m=[32m"flex-1 py-3 text-xs font-bold uppercase tracking-wider transition-colors text-dept-creative border-b-2 border-dept-creative bg-white/5"[31m
          [33mdata-testid[31m=[32m"mobile-tab-studio"[31m
        [36m>[31m
          [0mStudio[0m
        [36m</button>[31m
      [36m</div>[31m
      [36m<div[31m
        [33mclass[31m=[32m"flex-1 flex overflow-hidden relative"[31m
      [36m>[31m
        [36m<div[31m
          [33mclass[31m=[32m"hidden md:hidden flex-1 flex-col overflow-y-auto bg-[#0f0f0f]"[31m
        [36m>[31m
          [36m<div[31m
            [33mclass[31m=[32m"flex items-center justify-center h-full text-gray-500"[31m
          [36m>[31m
            [0mLoading controls...[0m
          [36m</div>[31m
        [36m</div>[31m
        [36m<div[31m
          [33mclass[31m=[32m"flex md:flex flex-1 flex-col relative min-w-0 bg-[#0f0f0f]"[31m
        [36m>[31m
          [36m<div[31m
            [33mdata-testid[31m=[32m"creative-gallery"[31m
          [36m>[31m
            [36m<button[31m
              [33mdata-testid[31m=[32m"set-first-frame-btn"[31m
            [36m>[31m
              [0mFirst Frame[0m
            [36m</button>[31m
            [36m<button[31m
              [33mdata-testid[31m=[32m"set-last-frame-btn"[31m
            [36m>[31m
              [0mLast Frame[0m
            [36m</button>[31m
          [36m</div>[31m
        [36m</div>[31m
      [36m</div>[31m
    [36m</div>[31m
  [36m</div>[31m
[36m</body>[31m[39m
[90m [2m❯[22m Object.getElementError node_modules/@testing-library/dom/dist/config.js:[2m37:19[22m[39m
[90m [2m❯[22m node_modules/@testing-library/dom/dist/query-helpers.js:[2m76:38[22m[39m
[90m [2m❯[22m node_modules/@testing-library/dom/dist/query-helpers.js:[2m52:17[22m[39m
[90m [2m❯[22m node_modules/@testing-library/dom/dist/query-helpers.js:[2m95:19[22m[39m
[36m [2m❯[22m src/modules/video/components/VideoDaisychain.interaction.test.tsx:[2m242:36[22m[39m
    [90m240| [39m
    [90m241| [39m        [90m// --- STEP 3: Toggle Daisy Chain ---[39m
    [90m242| [39m        [35mconst[39m daisyToggle [33m=[39m screen[33m.[39m[34mgetByTestId[39m([32m'daisy-chain-toggle'[39m)[33m;[39m
    [90m   | [39m                                   [31m^[39m
    [90m243| [39m        fireEvent[33m.[39m[34mclick[39m(daisyToggle)[33m;[39m
    [90m244| [39m

[31m[2m⎯⎯⎯⎯⎯⎯⎯⎯⎯⎯⎯⎯⎯⎯⎯⎯⎯⎯⎯⎯⎯⎯⎯⎯[1/1]⎯[22m[39m


[2m Test Files [22m [1m[31m1 failed[39m[22m[90m (1)[39m
[2m      Tests [22m [1m[31m1 failed[39m[22m[90m (1)[39m
[2m   Start at [22m 20:57:38
[2m   Duration [22m 2.75s[2m (transform 901ms, setup 233ms, import 1.58s, tests 59ms, environment 693ms)[22m


::error file=/Volumes/X SSD 2025/Users/narrowchannel/Desktop/indiiOS-Alpha-Electron/src/modules/video/components/VideoDaisychain.interaction.test.tsx,title=src/modules/video/components/VideoDaisychain.interaction.test.tsx > 🖱️ Click%3A Video Production Daisychain > successfully completes a 5-step video production daisychain,line=242,column=36::TestingLibraryElementError: Unable to find an element by: [data-testid="daisy-chain-toggle"]%0A%0AIgnored nodes: comments, script, style%0A<body>%0A  <div>%0A    <div%0A      class="flex flex-col h-full w-full bg-background selection:bg-dept-creative/30"%0A    >%0A      <div%0A        data-testid="creative-navbar"%0A      >%0A        <button%0A          data-testid="gallery-view-btn"%0A        >%0A          Gallery%0A        </button>%0A        <button%0A          data-testid="director-view-btn"%0A        >%0A          Director%0A        </button>%0A      </div>%0A      <div%0A        class="md:hidden flex border-b border-white/10 bg-background flex-shrink-0"%0A      >%0A        <button%0A          class="flex-1 py-3 text-xs font-bold uppercase tracking-wider transition-colors text-muted-foreground"%0A          data-testid="mobile-tab-controls"%0A        >%0A          Controls%0A        </button>%0A        <button%0A          class="flex-1 py-3 text-xs font-bold uppercase tracking-wider transition-colors text-dept-creative border-b-2 border-dept-creative bg-white/5"%0A          data-testid="mobile-tab-studio"%0A        >%0A          Studio%0A        </button>%0A      </div>%0A      <div%0A        class="flex-1 flex overflow-hidden relative"%0A      >%0A        <div%0A          class="hidden md:hidden flex-1 flex-col overflow-y-auto bg-[#0f0f0f]"%0A        >%0A          <div%0A            class="flex items-center justify-center h-full text-gray-500"%0A          >%0A            Loading controls...%0A          </div>%0A        </div>%0A        <div%0A          class="flex md:flex flex-1 flex-col relative min-w-0 bg-[#0f0f0f]"%0A        >%0A          <div%0A            data-testid="creative-gallery"%0A          >%0A            <button%0A              data-testid="set-first-frame-btn"%0A            >%0A              First Frame%0A            </button>%0A            <button%0A              data-testid="set-last-frame-btn"%0A            >%0A              Last Frame%0A            </button>%0A          </div>%0A        </div>%0A      </div>%0A    </div>%0A  </div>%0A</body>%0A ❯ Object.getElementError node_modules/@testing-library/dom/dist/config.js:37:19%0A ❯ node_modules/@testing-library/dom/dist/query-helpers.js:76:38%0A ❯ node_modules/@testing-library/dom/dist/query-helpers.js:52:17%0A ❯ node_modules/@testing-library/dom/dist/query-helpers.js:95:19%0A ❯ src/modules/video/components/VideoDaisychain.interaction.test.tsx:242:36%0A%0A
